Copyright 1986-2020 Xilinx, Inc. All Rights Reserved.
--------------------------------------------------------------------------------------------------------------------------------------------------------------------------------------
| Tool Version : Vivado v.2020.2 (lin64) Build 3064766 Wed Nov 18 09:12:47 MST 2020
| Date         : Thu Sep  3 17:15:11 2026
| Host         : glen-HP-ZBook-15u-G3 running 64-bit Ubuntu 24.04.4 LTS
| Command      : report_methodology -file design_1_wrapper_methodology_drc_routed.rpt -pb design_1_wrapper_methodology_drc_routed.pb -rpx design_1_wrapper_methodology_drc_routed.rpx
| Design       : design_1_wrapper
| Device       : xc7z007sclg400-1
| Speed File   : -1
| Design State : Fully Routed
--------------------------------------------------------------------------------------------------------------------------------------------------------------------------------------

Report Methodology

Table of Contents
-----------------
1. REPORT SUMMARY
2. REPORT DETAILS

1. REPORT SUMMARY
-----------------
            Netlist: netlist
          Floorplan: design_1
      Design limits: <entire design considered>
             Max violations: <unlimited>
             Violations found: 3
+--------+----------+--------------------------------------------------------+------------+
| Rule   | Severity | Description                                            | Violations |
+--------+----------+--------------------------------------------------------+------------+
| XDCC-1 | Warning  | Scoped Clock constraint overwritten with the same name | 3          |
+--------+----------+--------------------------------------------------------+------------+

2. REPORT DETAILS
-----------------
XDCC-1#1 Warning
Scoped Clock constraint overwritten with the same name  
A new clock constraint create_clock overrides a previous scoped clock constraint with the same name. It is not recommended to override a scoped (typically an IP) clock constraint and could result in unexpected behaviors.
New: create_clock -period 8.000 -name sys_clk_pin -waveform {0.000 4.000} -add [get_ports -scoped_to_current_instance CLK_I] (Source: /home/glen/Documents/AJC-Expleo/Travaux/Projet_CronerDetection/Architectures/TPG_VGA_3/TPG_VGA_3.gen/sources_1/bd/design_1/ip/design_1_TPG_0_0/src/Cora-Z7-07S-Master.xdc (Line: 8))
Previous: create_clock -period 8.000 -name sys_clk_pin -waveform {0.000 4.000} -add [get_ports -scoped_to_current_instance CLK_I] (Source: /home/glen/Documents/AJC-Expleo/Travaux/Projet_CronerDetection/Architectures/TPG_VGA_3/TPG_VGA_3.gen/sources_1/bd/design_1/ip/src/Cora-Z7-07S-Master.xdc (Line: 8))
Related violations: <none>

XDCC-1#2 Warning
Scoped Clock constraint overwritten with the same name  
A new clock constraint create_clock overrides a previous scoped clock constraint with the same name. It is not recommended to override a scoped (typically an IP) clock constraint and could result in unexpected behaviors.
New: create_clock -period 8.000 -name sys_clk_pin -waveform {0.000 4.000} -add [get_ports -scoped_to_current_instance CLK_I] (Source: /home/glen/Documents/AJC-Expleo/Travaux/Projet_CronerDetection/Architectures/TPG_VGA_3/TPG_VGA_3.gen/sources_1/bd/design_1/ip/src/Cora-Z7-07S-Master.xdc (Line: 8))
Previous: create_clock -period 8.000 -name sys_clk_pin -waveform {0.000 4.000} -add [get_ports -scoped_to_current_instance CLK_I] (Source: /home/glen/Documents/AJC-Expleo/Travaux/Projet_CronerDetection/Architectures/TPG_VGA_3/TPG_VGA_3.gen/sources_1/bd/design_1/ip/design_1_ControleurVGA_0_0/src/Cora-Z7-07S-Master.xdc (Line: 8))
Related violations: <none>

XDCC-1#3 Warning
Scoped Clock constraint overwritten with the same name  
A new clock constraint create_clock overrides a previous scoped clock constraint with the same name. It is not recommended to override a scoped (typically an IP) clock constraint and could result in unexpected behaviors.
New: create_clock -period 8.000 -name sys_clk_pin -waveform {0.000 4.000} -add [get_ports CLK_I] (Source: /home/glen/Documents/AJC-Expleo/Travaux/Projet_CronerDetection/Architectures/src/Cora-Z7-07S-Master.xdc (Line: 8))
Previous: create_clock -period 8.000 -name sys_clk_pin -waveform {0.000 4.000} -add [get_ports -scoped_to_current_instance CLK_I] (Source: /home/glen/Documents/AJC-Expleo/Travaux/Projet_CronerDetection/Architectures/TPG_VGA_3/TPG_VGA_3.gen/sources_1/bd/design_1/ip/design_1_TPG_0_0/src/Cora-Z7-07S-Master.xdc (Line: 8))
Related violations: <none>


