

================================================================
== Vitis HLS Report for 'DMA24b_mm2s_fetch'
================================================================
* Date:           Fri Sep 11 11:21:28 2026

* Version:        2024.2 (Build 5238294 on Nov  8 2024)
* Project:        DMA24b_mm2s_prj
* Solution:       solution1 (Vivado IP Flow Target)
* Product family: zynq
* Target device:  xc7z020-clg400-1


================================================================
== Performance Estimates
================================================================
+ Timing: 
    * Summary: 
    +--------+---------+----------+------------+
    |  Clock |  Target | Estimated| Uncertainty|
    +--------+---------+----------+------------+
    |ap_clk  |  6.66 ns|  5.579 ns|     1.80 ns|
    +--------+---------+----------+------------+

+ Latency: 
    * Summary: 
    +---------+---------+-----------+-----------+-----+---------+---------+
    |  Latency (cycles) |   Latency (absolute)  |    Interval   | Pipeline|
    |   min   |   max   |    min    |    max    | min |   max   |   Type  |
    +---------+---------+-----------+-----------+-----+---------+---------+
    |       11|  3112220|  73.260 ns|  20.727 ms|   11|  3112220|       no|
    +---------+---------+-----------+-----------+-----+---------+---------+

    + Detail: 
        * Instance: 
        +----------------------------------------------------------------------+-----------------------------------------------------------+---------+---------+-----------+-----------+-----+---------+------------------------------------------------+
        |                                                                      |                                                           |  Latency (cycles) |   Latency (absolute)  |    Interval   |                    Pipeline                    |
        |                               Instance                               |                           Module                          |   min   |   max   |    min    |    max    | min |   max   |                      Type                      |
        +----------------------------------------------------------------------+-----------------------------------------------------------+---------+---------+-----------+-----------+-----+---------+------------------------------------------------+
        |grp_DMA24b_mm2s_fetch_Pipeline_line_loop_burst_loop_beat_loop_fu_116  |DMA24b_mm2s_fetch_Pipeline_line_loop_burst_loop_beat_loop  |        4|  3112213|  26.640 ns|  20.727 ms|    1|  3112201|  loop auto-rewind stp (delay=0 clock cycles(s))|
        +----------------------------------------------------------------------+-----------------------------------------------------------+---------+---------+-----------+-----------+-----+---------+------------------------------------------------+

        * Loop: 
        N/A



================================================================
== Utilization Estimates
================================================================
* Summary: 
+-----------------+---------+-----+--------+-------+-----+
|       Name      | BRAM_18K| DSP |   FF   |  LUT  | URAM|
+-----------------+---------+-----+--------+-------+-----+
|DSP              |        -|    -|       -|      -|    -|
|Expression       |        -|    -|       0|     63|    -|
|FIFO             |        -|    -|       -|      -|    -|
|Instance         |        -|    2|     472|    435|    -|
|Memory           |        -|    -|       -|      -|    -|
|Multiplexer      |        -|    -|       0|     84|    -|
|Register         |        -|    -|     147|      -|    -|
+-----------------+---------+-----+--------+-------+-----+
|Total            |        0|    2|     619|    582|    0|
+-----------------+---------+-----+--------+-------+-----+
|Available        |      280|  220|  106400|  53200|    0|
+-----------------+---------+-----+--------+-------+-----+
|Utilization (%)  |        0|   ~0|      ~0|      1|    0|
+-----------------+---------+-----+--------+-------+-----+

+ Detail: 
    * Instance: 
    +----------------------------------------------------------------------+-----------------------------------------------------------+---------+----+-----+-----+-----+
    |                               Instance                               |                           Module                          | BRAM_18K| DSP|  FF | LUT | URAM|
    +----------------------------------------------------------------------+-----------------------------------------------------------+---------+----+-----+-----+-----+
    |grp_DMA24b_mm2s_fetch_Pipeline_line_loop_burst_loop_beat_loop_fu_116  |DMA24b_mm2s_fetch_Pipeline_line_loop_burst_loop_beat_loop  |        0|   0|  370|  431|    0|
    |mul_10ns_12ns_21_2_1_U7                                               |mul_10ns_12ns_21_2_1                                       |        0|   1|   51|    2|    0|
    |mul_12ns_11ns_22_2_1_U8                                               |mul_12ns_11ns_22_2_1                                       |        0|   1|   51|    2|    0|
    +----------------------------------------------------------------------+-----------------------------------------------------------+---------+----+-----+-----+-----+
    |Total                                                                 |                                                           |        0|   2|  472|  435|    0|
    +----------------------------------------------------------------------+-----------------------------------------------------------+---------+----+-----+-----+-----+

    * DSP: 
    N/A

    * Memory: 
    N/A

    * FIFO: 
    N/A

    * Expression: 
    +--------------------------+----------+----+---+----+------------+------------+
    |       Variable Name      | Operation| DSP| FF| LUT| Bitwidth P0| Bitwidth P1|
    +--------------------------+----------+----+---+----+------------+------------+
    |bound_fu_232_p2           |         +|   0|  0|  12|          11|          11|
    |mul_ln14_fu_211_p2        |         +|   0|  0|  13|          10|          10|
    |beats_per_line_fu_151_p2  |         -|   0|  0|  13|          10|          10|
    |cmp32_fu_166_p2           |      icmp|   0|  0|  13|          10|           6|
    |ap_block_state1           |        or|   0|  0|   2|           1|           1|
    |empty_fu_217_p3           |    select|   0|  0|  10|           1|          10|
    +--------------------------+----------+----+---+----+------------+------------+
    |Total                     |          |   0|  0|  63|          43|          48|
    +--------------------------+----------+----+---+----+------------+------------+

    * Multiplexer: 
    +-----------------+----+-----------+-----+-----------+
    |       Name      | LUT| Input Size| Bits| Total Bits|
    +-----------------+----+-----------+-----+-----------+
    |ap_NS_fsm        |  48|          9|    1|          9|
    |ap_done          |   9|          2|    1|          2|
    |image_h_c_blk_n  |   9|          2|    1|          2|
    |image_w_c_blk_n  |   9|          2|    1|          2|
    |real_start       |   9|          2|    1|          2|
    +-----------------+----+-----------+-----+-----------+
    |Total            |  84|         17|    5|         17|
    +-----------------+----+-----------+-----+-----------+

    * Register: 
    +-----------------------------------------------------------------------------------+----+----+-----+-----------+
    |                                        Name                                       | FF | LUT| Bits| Const Bits|
    +-----------------------------------------------------------------------------------+----+----+-----+-----------+
    |ap_CS_fsm                                                                          |   8|   0|    8|          0|
    |ap_done_reg                                                                        |   1|   0|    1|          0|
    |beats_per_line_reg_259                                                             |  10|   0|   10|          0|
    |bound4_reg_306                                                                     |  22|   0|   22|          0|
    |bound_reg_286                                                                      |   8|   0|   11|          3|
    |cmp32_reg_270                                                                      |   1|   0|    1|          0|
    |empty_56_reg_291                                                                   |   7|   0|   10|          3|
    |empty_reg_281                                                                      |   7|   0|   10|          3|
    |grp_DMA24b_mm2s_fetch_Pipeline_line_loop_burst_loop_beat_loop_fu_116_ap_start_reg  |   1|   0|    1|          0|
    |img_h_read_reg_254                                                                 |  12|   0|   12|          0|
    |mm_buffer_read_reg_311                                                             |  64|   0|   64|          0|
    |start_once_reg                                                                     |   1|   0|    1|          0|
    |tmp_1_reg_275                                                                      |   5|   0|    5|          0|
    +-----------------------------------------------------------------------------------+----+----+-----+-----------+
    |Total                                                                              | 147|   0|  156|          9|
    +-----------------------------------------------------------------------------------+----+----+-----+-----------+



================================================================
== Interface
================================================================
* Summary: 
+--------------------------+-----+-----+------------+-------------------+--------------+
|         RTL Ports        | Dir | Bits|  Protocol  |   Source Object   |    C Type    |
+--------------------------+-----+-----+------------+-------------------+--------------+
|ap_clk                    |   in|    1|  ap_ctrl_hs|  DMA24b_mm2s_fetch|  return value|
|ap_rst                    |   in|    1|  ap_ctrl_hs|  DMA24b_mm2s_fetch|  return value|
|ap_start                  |   in|    1|  ap_ctrl_hs|  DMA24b_mm2s_fetch|  return value|
|start_full_n              |   in|    1|  ap_ctrl_hs|  DMA24b_mm2s_fetch|  return value|
|ap_done                   |  out|    1|  ap_ctrl_hs|  DMA24b_mm2s_fetch|  return value|
|ap_continue               |   in|    1|  ap_ctrl_hs|  DMA24b_mm2s_fetch|  return value|
|ap_idle                   |  out|    1|  ap_ctrl_hs|  DMA24b_mm2s_fetch|  return value|
|ap_ready                  |  out|    1|  ap_ctrl_hs|  DMA24b_mm2s_fetch|  return value|
|start_out                 |  out|    1|  ap_ctrl_hs|  DMA24b_mm2s_fetch|  return value|
|start_write               |  out|    1|  ap_ctrl_hs|  DMA24b_mm2s_fetch|  return value|
|m_axi_gmem_0_AWVALID      |  out|    1|       m_axi|               gmem|       pointer|
|m_axi_gmem_0_AWREADY      |   in|    1|       m_axi|               gmem|       pointer|
|m_axi_gmem_0_AWADDR       |  out|   64|       m_axi|               gmem|       pointer|
|m_axi_gmem_0_AWID         |  out|    1|       m_axi|               gmem|       pointer|
|m_axi_gmem_0_AWLEN        |  out|   32|       m_axi|               gmem|       pointer|
|m_axi_gmem_0_AWSIZE       |  out|    3|       m_axi|               gmem|       pointer|
|m_axi_gmem_0_AWBURST      |  out|    2|       m_axi|               gmem|       pointer|
|m_axi_gmem_0_AWLOCK       |  out|    2|       m_axi|               gmem|       pointer|
|m_axi_gmem_0_AWCACHE      |  out|    4|       m_axi|               gmem|       pointer|
|m_axi_gmem_0_AWPROT       |  out|    3|       m_axi|               gmem|       pointer|
|m_axi_gmem_0_AWQOS        |  out|    4|       m_axi|               gmem|       pointer|
|m_axi_gmem_0_AWREGION     |  out|    4|       m_axi|               gmem|       pointer|
|m_axi_gmem_0_AWUSER       |  out|    1|       m_axi|               gmem|       pointer|
|m_axi_gmem_0_WVALID       |  out|    1|       m_axi|               gmem|       pointer|
|m_axi_gmem_0_WREADY       |   in|    1|       m_axi|               gmem|       pointer|
|m_axi_gmem_0_WDATA        |  out|  128|       m_axi|               gmem|       pointer|
|m_axi_gmem_0_WSTRB        |  out|   16|       m_axi|               gmem|       pointer|
|m_axi_gmem_0_WLAST        |  out|    1|       m_axi|               gmem|       pointer|
|m_axi_gmem_0_WID          |  out|    1|       m_axi|               gmem|       pointer|
|m_axi_gmem_0_WUSER        |  out|    1|       m_axi|               gmem|       pointer|
|m_axi_gmem_0_ARVALID      |  out|    1|       m_axi|               gmem|       pointer|
|m_axi_gmem_0_ARREADY      |   in|    1|       m_axi|               gmem|       pointer|
|m_axi_gmem_0_ARADDR       |  out|   64|       m_axi|               gmem|       pointer|
|m_axi_gmem_0_ARID         |  out|    1|       m_axi|               gmem|       pointer|
|m_axi_gmem_0_ARLEN        |  out|   32|       m_axi|               gmem|       pointer|
|m_axi_gmem_0_ARSIZE       |  out|    3|       m_axi|               gmem|       pointer|
|m_axi_gmem_0_ARBURST      |  out|    2|       m_axi|               gmem|       pointer|
|m_axi_gmem_0_ARLOCK       |  out|    2|       m_axi|               gmem|       pointer|
|m_axi_gmem_0_ARCACHE      |  out|    4|       m_axi|               gmem|       pointer|
|m_axi_gmem_0_ARPROT       |  out|    3|       m_axi|               gmem|       pointer|
|m_axi_gmem_0_ARQOS        |  out|    4|       m_axi|               gmem|       pointer|
|m_axi_gmem_0_ARREGION     |  out|    4|       m_axi|               gmem|       pointer|
|m_axi_gmem_0_ARUSER       |  out|    1|       m_axi|               gmem|       pointer|
|m_axi_gmem_0_RVALID       |   in|    1|       m_axi|               gmem|       pointer|
|m_axi_gmem_0_RREADY       |  out|    1|       m_axi|               gmem|       pointer|
|m_axi_gmem_0_RDATA        |   in|  128|       m_axi|               gmem|       pointer|
|m_axi_gmem_0_RLAST        |   in|    1|       m_axi|               gmem|       pointer|
|m_axi_gmem_0_RID          |   in|    1|       m_axi|               gmem|       pointer|
|m_axi_gmem_0_RFIFONUM     |   in|   11|       m_axi|               gmem|       pointer|
|m_axi_gmem_0_RUSER        |   in|    1|       m_axi|               gmem|       pointer|
|m_axi_gmem_0_RRESP        |   in|    2|       m_axi|               gmem|       pointer|
|m_axi_gmem_0_BVALID       |   in|    1|       m_axi|               gmem|       pointer|
|m_axi_gmem_0_BREADY       |  out|    1|       m_axi|               gmem|       pointer|
|m_axi_gmem_0_BRESP        |   in|    2|       m_axi|               gmem|       pointer|
|m_axi_gmem_0_BID          |   in|    1|       m_axi|               gmem|       pointer|
|m_axi_gmem_0_BUSER        |   in|    1|       m_axi|               gmem|       pointer|
|mm_buffer                 |   in|   64|     ap_none|          mm_buffer|        scalar|
|mm_fifo_din               |  out|  128|     ap_fifo|            mm_fifo|       pointer|
|mm_fifo_full_n            |   in|    1|     ap_fifo|            mm_fifo|       pointer|
|mm_fifo_write             |  out|    1|     ap_fifo|            mm_fifo|       pointer|
|mm_fifo_num_data_valid    |   in|    9|     ap_fifo|            mm_fifo|       pointer|
|mm_fifo_fifo_cap          |   in|    9|     ap_fifo|            mm_fifo|       pointer|
|img_w                     |   in|   12|     ap_none|              img_w|        scalar|
|img_h                     |   in|   12|     ap_none|              img_h|        scalar|
|image_w_c_din             |  out|   12|     ap_fifo|          image_w_c|       pointer|
|image_w_c_full_n          |   in|    1|     ap_fifo|          image_w_c|       pointer|
|image_w_c_write           |  out|    1|     ap_fifo|          image_w_c|       pointer|
|image_w_c_num_data_valid  |   in|    3|     ap_fifo|          image_w_c|       pointer|
|image_w_c_fifo_cap        |   in|    3|     ap_fifo|          image_w_c|       pointer|
|image_h_c_din             |  out|   12|     ap_fifo|          image_h_c|       pointer|
|image_h_c_full_n          |   in|    1|     ap_fifo|          image_h_c|       pointer|
|image_h_c_write           |  out|    1|     ap_fifo|          image_h_c|       pointer|
|image_h_c_num_data_valid  |   in|    3|     ap_fifo|          image_h_c|       pointer|
|image_h_c_fifo_cap        |   in|    3|     ap_fifo|          image_h_c|       pointer|
+--------------------------+-----+-----+------------+-------------------+--------------+

