

================================================================
== Vitis HLS Report for 'DMA24b_mm2s_streamout'
================================================================
* Date:           Fri Sep 11 11:21:28 2026

* Version:        2024.2 (Build 5238294 on Nov  8 2024)
* Project:        DMA24b_mm2s_prj
* Solution:       solution1 (Vivado IP Flow Target)
* Product family: zynq
* Target device:  xc7z020-clg400-1


================================================================
== Performance Estimates
================================================================
+ Timing: 
    * Summary: 
    +--------+---------+----------+------------+
    |  Clock |  Target | Estimated| Uncertainty|
    +--------+---------+----------+------------+
    |ap_clk  |  6.66 ns|  4.751 ns|     1.80 ns|
    +--------+---------+----------+------------+

+ Latency: 
    * Summary: 
    +---------+----------+-----------+-----------+-----+----------+---------+
    |  Latency (cycles)  |   Latency (absolute)  |    Interval    | Pipeline|
    |   min   |    max   |    min    |    max    | min |    max   |   Type  |
    +---------+----------+-----------+-----------+-----+----------+---------+
    |        5|  16707605|  33.300 ns|  0.111 sec|    5|  16707605|       no|
    +---------+----------+-----------+-----------+-----+----------+---------+

    + Detail: 
        * Instance: 
        +---------------------------------------------------------------+-----------------------------------------------------+---------+----------+-----------+-----------+-----+----------+------------------------------------------------+
        |                                                               |                                                     |  Latency (cycles)  |   Latency (absolute)  |    Interval    |                    Pipeline                    |
        |                            Instance                           |                        Module                       |   min   |    max   |    min    |    max    | min |    max   |                      Type                      |
        +---------------------------------------------------------------+-----------------------------------------------------+---------+----------+-----------+-----------+-----+----------+------------------------------------------------+
        |grp_DMA24b_mm2s_streamout_Pipeline_line_loop_group_loop_fu_72  |DMA24b_mm2s_streamout_Pipeline_line_loop_group_loop  |        2|  16707602|  13.320 ns|  0.111 sec|    1|  16707601|  loop auto-rewind stp (delay=0 clock cycles(s))|
        +---------------------------------------------------------------+-----------------------------------------------------+---------+----------+-----------+-----------+-----+----------+------------------------------------------------+

        * Loop: 
        N/A



================================================================
== Utilization Estimates
================================================================
* Summary: 
+-----------------+---------+-----+--------+-------+-----+
|       Name      | BRAM_18K| DSP |   FF   |  LUT  | URAM|
+-----------------+---------+-----+--------+-------+-----+
|DSP              |        -|    -|       -|      -|    -|
|Expression       |        -|    -|       0|     18|    -|
|FIFO             |        -|    -|       -|      -|    -|
|Instance         |        -|    1|     288|    460|    -|
|Memory           |        -|    -|       -|      -|    -|
|Multiplexer      |        -|    -|       0|     97|    -|
|Register         |        -|    -|      87|      -|    -|
+-----------------+---------+-----+--------+-------+-----+
|Total            |        0|    1|     375|    575|    0|
+-----------------+---------+-----+--------+-------+-----+
|Available        |      280|  220|  106400|  53200|    0|
+-----------------+---------+-----+--------+-------+-----+
|Utilization (%)  |        0|   ~0|      ~0|      1|    0|
+-----------------+---------+-----+--------+-------+-----+

+ Detail: 
    * Instance: 
    +---------------------------------------------------------------+-----------------------------------------------------+---------+----+-----+-----+-----+
    |                            Instance                           |                        Module                       | BRAM_18K| DSP|  FF | LUT | URAM|
    +---------------------------------------------------------------+-----------------------------------------------------+---------+----+-----+-----+-----+
    |grp_DMA24b_mm2s_streamout_Pipeline_line_loop_group_loop_fu_72  |DMA24b_mm2s_streamout_Pipeline_line_loop_group_loop  |        0|   0|  237|  458|    0|
    |mul_12ns_8ns_20_2_1_U26                                        |mul_12ns_8ns_20_2_1                                  |        0|   1|   51|    2|    0|
    +---------------------------------------------------------------+-----------------------------------------------------+---------+----+-----+-----+-----+
    |Total                                                          |                                                     |        0|   1|  288|  460|    0|
    +---------------------------------------------------------------+-----------------------------------------------------+---------+----+-----+-----+-----+

    * DSP: 
    N/A

    * Memory: 
    N/A

    * FIFO: 
    N/A

    * Expression: 
    +------------------------------------------------------------------------------------+----------+----+---+----+------------+------------+
    |                                    Variable Name                                   | Operation| DSP| FF| LUT| Bitwidth P0| Bitwidth P1|
    +------------------------------------------------------------------------------------+----------+----+---+----+------------+------------+
    |last_i_fu_138_p2                                                                    |         +|   0|  0|  14|           9|           2|
    |grp_DMA24b_mm2s_streamout_Pipeline_line_loop_group_loop_fu_72_STR_video_out_TREADY  |       and|   0|  0|   2|           1|           1|
    |ap_block_state1                                                                     |        or|   0|  0|   2|           1|           1|
    +------------------------------------------------------------------------------------+----------+----+---+----+------------+------------+
    |Total                                                                               |          |   0|  0|  18|          11|           4|
    +------------------------------------------------------------------------------------+----------+----+---+----+------------+------------+

    * Multiplexer: 
    +---------------------+----+-----------+-----+-----------+
    |         Name        | LUT| Input Size| Bits| Total Bits|
    +---------------------+----+-----------+-----+-----------+
    |STR_video_out_TDATA  |   9|          2|   24|         48|
    |STR_video_out_TKEEP  |   9|          2|    3|          6|
    |STR_video_out_TLAST  |   9|          2|    1|          2|
    |STR_video_out_TSTRB  |   9|          2|    3|          6|
    |STR_video_out_TUSER  |   9|          2|    1|          2|
    |ap_NS_fsm            |  25|          5|    1|          5|
    |ap_done              |   9|          2|    1|          2|
    |img_h_blk_n          |   9|          2|    1|          2|
    |img_w_blk_n          |   9|          2|    1|          2|
    +---------------------+----+-----------+-----+-----------+
    |Total                |  97|         21|   36|         75|
    +---------------------+----+-----------+-----+-----------+

    * Register: 
    +----------------------------------------------------------------------------+----+----+-----+-----------+
    |                                    Name                                    | FF | LUT| Bits| Const Bits|
    +----------------------------------------------------------------------------+----+----+-----+-----------+
    |STR_video_out_TDATA_reg                                                     |  24|   0|   24|          0|
    |STR_video_out_TKEEP_reg                                                     |   3|   0|    3|          0|
    |STR_video_out_TLAST_reg                                                     |   1|   0|    1|          0|
    |STR_video_out_TSTRB_reg                                                     |   3|   0|    3|          0|
    |STR_video_out_TUSER_reg                                                     |   1|   0|    1|          0|
    |ap_CS_fsm                                                                   |   4|   0|    4|          0|
    |ap_done_reg                                                                 |   1|   0|    1|          0|
    |bound_reg_171                                                               |  20|   0|   20|          0|
    |grp_DMA24b_mm2s_streamout_Pipeline_line_loop_group_loop_fu_72_ap_start_reg  |   1|   0|    1|          0|
    |img_h_1_reg_145                                                             |  12|   0|   12|          0|
    |last_i_reg_166                                                              |   9|   0|    9|          0|
    |tmp_s_reg_150                                                               |   8|   0|    8|          0|
    +----------------------------------------------------------------------------+----+----+-----+-----------+
    |Total                                                                       |  87|   0|   87|          0|
    +----------------------------------------------------------------------------+----+----+-----+-----------+



================================================================
== Interface
================================================================
* Summary: 
+------------------------+-----+-----+------------+------------------------+--------------+
|        RTL Ports       | Dir | Bits|  Protocol  |      Source Object     |    C Type    |
+------------------------+-----+-----+------------+------------------------+--------------+
|ap_clk                  |   in|    1|  ap_ctrl_hs|   DMA24b_mm2s_streamout|  return value|
|ap_rst                  |   in|    1|  ap_ctrl_hs|   DMA24b_mm2s_streamout|  return value|
|ap_start                |   in|    1|  ap_ctrl_hs|   DMA24b_mm2s_streamout|  return value|
|ap_done                 |  out|    1|  ap_ctrl_hs|   DMA24b_mm2s_streamout|  return value|
|ap_continue             |   in|    1|  ap_ctrl_hs|   DMA24b_mm2s_streamout|  return value|
|ap_idle                 |  out|    1|  ap_ctrl_hs|   DMA24b_mm2s_streamout|  return value|
|ap_ready                |  out|    1|  ap_ctrl_hs|   DMA24b_mm2s_streamout|  return value|
|STR_video_out_TDATA     |  out|   24|        axis|  STR_video_out_V_data_V|       pointer|
|STR_video_out_TVALID    |  out|    1|        axis|  STR_video_out_V_last_V|       pointer|
|STR_video_out_TREADY    |   in|    1|        axis|  STR_video_out_V_last_V|       pointer|
|STR_video_out_TLAST     |  out|    1|        axis|  STR_video_out_V_last_V|       pointer|
|STR_video_out_TKEEP     |  out|    3|        axis|  STR_video_out_V_keep_V|       pointer|
|STR_video_out_TSTRB     |  out|    3|        axis|  STR_video_out_V_strb_V|       pointer|
|STR_video_out_TUSER     |  out|    1|        axis|  STR_video_out_V_user_V|       pointer|
|mm_fifo_dout            |   in|  128|     ap_fifo|                 mm_fifo|       pointer|
|mm_fifo_empty_n         |   in|    1|     ap_fifo|                 mm_fifo|       pointer|
|mm_fifo_read            |  out|    1|     ap_fifo|                 mm_fifo|       pointer|
|mm_fifo_num_data_valid  |   in|    9|     ap_fifo|                 mm_fifo|       pointer|
|mm_fifo_fifo_cap        |   in|    9|     ap_fifo|                 mm_fifo|       pointer|
|img_w_dout              |   in|   12|     ap_fifo|                   img_w|       pointer|
|img_w_empty_n           |   in|    1|     ap_fifo|                   img_w|       pointer|
|img_w_read              |  out|    1|     ap_fifo|                   img_w|       pointer|
|img_w_num_data_valid    |   in|    3|     ap_fifo|                   img_w|       pointer|
|img_w_fifo_cap          |   in|    3|     ap_fifo|                   img_w|       pointer|
|img_h_dout              |   in|   12|     ap_fifo|                   img_h|       pointer|
|img_h_empty_n           |   in|    1|     ap_fifo|                   img_h|       pointer|
|img_h_read              |  out|    1|     ap_fifo|                   img_h|       pointer|
|img_h_num_data_valid    |   in|    3|     ap_fifo|                   img_h|       pointer|
|img_h_fifo_cap          |   in|    3|     ap_fifo|                   img_h|       pointer|
+------------------------+-----+-----+------------+------------------------+--------------+

