

================================================================
== Vitis HLS Report for 'DMA24b_mm2s_streamout_Pipeline_line_loop_group_loop'
================================================================
* Date:           Fri Sep 11 11:21:28 2026

* Version:        2024.2 (Build 5238294 on Nov  8 2024)
* Project:        DMA24b_mm2s_prj
* Solution:       solution1 (Vivado IP Flow Target)
* Product family: zynq
* Target device:  xc7z020-clg400-1


================================================================
== Performance Estimates
================================================================
+ Timing: 
    * Summary: 
    +--------+---------+----------+------------+
    |  Clock |  Target | Estimated| Uncertainty|
    +--------+---------+----------+------------+
    |ap_clk  |  6.66 ns|  4.751 ns|     1.80 ns|
    +--------+---------+----------+------------+

+ Latency: 
    * Summary: 
    +---------+----------+-----------+-----------+-----+----------+------------------------------------------------+
    |  Latency (cycles)  |   Latency (absolute)  |    Interval    |                    Pipeline                    |
    |   min   |    max   |    min    |    max    | min |    max   |                      Type                      |
    +---------+----------+-----------+-----------+-----+----------+------------------------------------------------+
    |        2|  16707602|  13.320 ns|  0.111 sec|    1|  16707601|  loop auto-rewind stp (delay=0 clock cycles(s))|
    +---------+----------+-----------+-----------+-----+----------+------------------------------------------------+

    + Detail: 
        * Instance: 
        N/A

        * Loop: 
        +------------------------+---------+----------+----------+-----------+-----------+-------------+----------+
        |                        |  Latency (cycles)  | Iteration|  Initiation Interval  |     Trip    |          |
        |        Loop Name       |   min   |    max   |  Latency |  achieved |   target  |    Count    | Pipelined|
        +------------------------+---------+----------+----------+-----------+-----------+-------------+----------+
        |- line_loop_group_loop  |        0|  16707600|        17|         16|         16|  0 ~ 1044225|       yes|
        +------------------------+---------+----------+----------+-----------+-----------+-------------+----------+



================================================================
== Utilization Estimates
================================================================
* Summary: 
+-----------------+---------+-----+--------+-------+-----+
|       Name      | BRAM_18K| DSP |   FF   |  LUT  | URAM|
+-----------------+---------+-----+--------+-------+-----+
|DSP              |        -|    -|       -|      -|    -|
|Expression       |        -|    -|       0|    187|    -|
|FIFO             |        -|    -|       -|      -|    -|
|Instance         |        -|    -|       -|      -|    -|
|Memory           |        -|    -|       -|      -|    -|
|Multiplexer      |        -|    -|       0|    271|    -|
|Register         |        -|    -|     237|      -|    -|
+-----------------+---------+-----+--------+-------+-----+
|Total            |        0|    0|     237|    458|    0|
+-----------------+---------+-----+--------+-------+-----+
|Available        |      280|  220|  106400|  53200|    0|
+-----------------+---------+-----+--------+-------+-----+
|Utilization (%)  |        0|    0|      ~0|     ~0|    0|
+-----------------+---------+-----+--------+-------+-----+

+ Detail: 
    * Instance: 
    N/A

    * DSP: 
    N/A

    * Memory: 
    N/A

    * FIFO: 
    N/A

    * Expression: 
    +------------------------------------------+----------+----+---+----+------------+------------+
    |               Variable Name              | Operation| DSP| FF| LUT| Bitwidth P0| Bitwidth P1|
    +------------------------------------------+----------+----+---+----+------------+------------+
    |add_ln38_1_fu_447_p2                      |         +|   0|  0|  12|          12|           1|
    |add_ln38_fu_438_p2                        |         +|   0|  0|  27|          20|           1|
    |i_3_fu_523_p2                             |         +|   0|  0|  15|           8|           1|
    |ap_block_pp0_stage0_01001_grp15           |       and|   0|  0|   2|           1|           1|
    |ap_block_pp0_stage10_01001_grp9           |       and|   0|  0|   2|           1|           1|
    |ap_block_pp0_stage11_01001_grp10          |       and|   0|  0|   2|           1|           1|
    |ap_block_pp0_stage12_01001_grp11          |       and|   0|  0|   2|           1|           1|
    |ap_block_pp0_stage13_01001_grp12          |       and|   0|  0|   2|           1|           1|
    |ap_block_pp0_stage14_01001_grp13          |       and|   0|  0|   2|           1|           1|
    |ap_block_pp0_stage15_01001_grp14          |       and|   0|  0|   2|           1|           1|
    |ap_block_pp0_stage1_01001_grp16           |       and|   0|  0|   2|           1|           1|
    |ap_block_pp0_stage2_01001_grp1            |       and|   0|  0|   2|           1|           1|
    |ap_block_pp0_stage3_01001_grp2            |       and|   0|  0|   2|           1|           1|
    |ap_block_pp0_stage4_01001_grp3            |       and|   0|  0|   2|           1|           1|
    |ap_block_pp0_stage5_01001_grp4            |       and|   0|  0|   2|           1|           1|
    |ap_block_pp0_stage6_01001_grp5            |       and|   0|  0|   2|           1|           1|
    |ap_block_pp0_stage7_01001_grp6            |       and|   0|  0|   2|           1|           1|
    |ap_block_pp0_stage8_01001_grp7            |       and|   0|  0|   2|           1|           1|
    |ap_block_pp0_stage9_01001_grp8            |       and|   0|  0|   2|           1|           1|
    |ap_block_state10_pp0_stage9_iter0_grp8    |       and|   0|  0|   2|           1|           1|
    |icmp_ln38_fu_433_p2                       |      icmp|   0|  0|  27|          20|          20|
    |icmp_ln39_fu_428_p2                       |      icmp|   0|  0|  14|           9|           9|
    |video_elt_out_last_fu_472_p2              |      icmp|   0|  0|  14|           9|           9|
    |video_elt_out_user_fu_516_p2              |      icmp|   0|  0|  12|          12|           1|
    |ap_block_state13_pp0_stage12_iter0_grp11  |        or|   0|  0|   2|           1|           1|
    |or_ln51_fu_492_p2                         |        or|   0|  0|   8|           8|           8|
    |select_ln38_1_fu_463_p3                   |    select|   0|  0|  12|           1|          12|
    |select_ln38_fu_453_p3                     |    select|   0|  0|   8|           1|           1|
    |ap_enable_pp0                             |       xor|   0|  0|   2|           1|           2|
    +------------------------------------------+----------+----+---+----+------------+------------+
    |Total                                     |          |   0|  0| 187|         119|          83|
    +------------------------------------------+----------+----+---+----+------------+------------+

    * Multiplexer: 
    +-----------------------------+----+-----------+-----+-----------+
    |             Name            | LUT| Input Size| Bits| Total Bits|
    +-----------------------------+----+-----------+-----+-----------+
    |STR_video_out_TDATA          |  81|         17|   24|        408|
    |STR_video_out_TDATA_blk_n    |   9|          2|    1|          2|
    |STR_video_out_TLAST          |  14|          3|    1|          3|
    |STR_video_out_TUSER          |  14|          3|    1|          3|
    |ap_NS_fsm                    |  81|         17|    1|         17|
    |ap_done_int                  |   9|          2|    1|          2|
    |ap_enable_reg_pp0_iter0      |   9|          2|    1|          2|
    |ap_enable_reg_pp0_iter0_reg  |   9|          2|    1|          2|
    |ap_enable_reg_pp0_iter1      |   9|          2|    1|          2|
    |i_fu_144                     |   9|          2|    8|         16|
    |indvar_flatten_fu_152        |   9|          2|   20|         40|
    |j_fu_148                     |   9|          2|   12|         24|
    |mm_fifo_blk_n                |   9|          2|    1|          2|
    +-----------------------------+----+-----------+-----+-----------+
    |Total                        | 271|         58|   73|        523|
    +-----------------------------+----+-----------+-----+-----------+

    * Register: 
    +-------------------------------------------+----+----+-----+-----------+
    |                    Name                   | FF | LUT| Bits| Const Bits|
    +-------------------------------------------+----+----+-----+-----------+
    |add_ln38_1_reg_772                         |  12|   0|   12|          0|
    |add_ln38_reg_762                           |  20|   0|   20|          0|
    |ap_CS_fsm                                  |  16|   0|   16|          0|
    |ap_block_pp0_stage0_subdone_grp0_done_reg  |   1|   0|    1|          0|
    |ap_block_pp0_stage1_subdone_grp0_done_reg  |   1|   0|    1|          0|
    |ap_block_pp0_stage2_subdone_grp0_done_reg  |   1|   0|    1|          0|
    |ap_done_reg                                |   1|   0|    1|          0|
    |ap_enable_reg_pp0_iter0_reg                |   1|   0|    1|          0|
    |ap_enable_reg_pp0_iter1                    |   1|   0|    1|          0|
    |i_2_reg_747                                |   8|   0|    8|          0|
    |i_fu_144                                   |   8|   0|    8|          0|
    |icmp_ln38_reg_758                          |   1|   0|    1|          0|
    |icmp_ln39_reg_752                          |   1|   0|    1|          0|
    |indvar_flatten_fu_152                      |  20|   0|   20|          0|
    |j_fu_148                                   |  12|   0|   12|          0|
    |j_load_reg_767                             |  12|   0|   12|          0|
    |reg_347                                    |   8|   0|    8|          0|
    |reg_351                                    |   8|   0|    8|          0|
    |reg_355                                    |   8|   0|    8|          0|
    |reg_359                                    |   8|   0|    8|          0|
    |reg_363                                    |   8|   0|    8|          0|
    |reg_367                                    |   8|   0|    8|          0|
    |reg_371                                    |   8|   0|    8|          0|
    |reg_375                                    |   8|   0|    8|          0|
    |reg_379                                    |   8|   0|    8|          0|
    |reg_383                                    |   8|   0|    8|          0|
    |reg_387                                    |   8|   0|    8|          0|
    |reg_391                                    |   8|   0|    8|          0|
    |reg_395                                    |   8|   0|    8|          0|
    |reg_399                                    |   8|   0|    8|          0|
    |tmp_31_reg_782                             |   8|   0|    8|          0|
    |video_elt_out_last_reg_777                 |   1|   0|    1|          0|
    +-------------------------------------------+----+----+-----+-----------+
    |Total                                      | 237|   0|  237|          0|
    +-------------------------------------------+----+----+-----+-----------+



================================================================
== Interface
================================================================
* Summary: 
+------------------------+-----+-----+------------+-----------------------------------------------------+--------------+
|        RTL Ports       | Dir | Bits|  Protocol  |                    Source Object                    |    C Type    |
+------------------------+-----+-----+------------+-----------------------------------------------------+--------------+
|ap_clk                  |   in|    1|  ap_ctrl_hs|  DMA24b_mm2s_streamout_Pipeline_line_loop_group_loop|  return value|
|ap_rst                  |   in|    1|  ap_ctrl_hs|  DMA24b_mm2s_streamout_Pipeline_line_loop_group_loop|  return value|
|ap_start                |   in|    1|  ap_ctrl_hs|  DMA24b_mm2s_streamout_Pipeline_line_loop_group_loop|  return value|
|ap_done                 |  out|    1|  ap_ctrl_hs|  DMA24b_mm2s_streamout_Pipeline_line_loop_group_loop|  return value|
|ap_idle                 |  out|    1|  ap_ctrl_hs|  DMA24b_mm2s_streamout_Pipeline_line_loop_group_loop|  return value|
|ap_ready                |  out|    1|  ap_ctrl_hs|  DMA24b_mm2s_streamout_Pipeline_line_loop_group_loop|  return value|
|STR_video_out_TREADY    |   in|    1|        axis|                               STR_video_out_V_data_V|       pointer|
|STR_video_out_TDATA     |  out|   24|        axis|                               STR_video_out_V_data_V|       pointer|
|mm_fifo_dout            |   in|  128|     ap_fifo|                                              mm_fifo|       pointer|
|mm_fifo_empty_n         |   in|    1|     ap_fifo|                                              mm_fifo|       pointer|
|mm_fifo_read            |  out|    1|     ap_fifo|                                              mm_fifo|       pointer|
|mm_fifo_num_data_valid  |   in|    9|     ap_fifo|                                              mm_fifo|       pointer|
|mm_fifo_fifo_cap        |   in|    9|     ap_fifo|                                              mm_fifo|       pointer|
|last_i                  |   in|    9|     ap_none|                                               last_i|        scalar|
|bound                   |   in|   20|     ap_none|                                                bound|        scalar|
|STR_video_out_TVALID    |  out|    1|        axis|                               STR_video_out_V_last_V|       pointer|
|STR_video_out_TLAST     |  out|    1|        axis|                               STR_video_out_V_last_V|       pointer|
|STR_video_out_TKEEP     |  out|    3|        axis|                               STR_video_out_V_keep_V|       pointer|
|STR_video_out_TSTRB     |  out|    3|        axis|                               STR_video_out_V_strb_V|       pointer|
|STR_video_out_TUSER     |  out|    1|        axis|                               STR_video_out_V_user_V|       pointer|
+------------------------+-----+-----+------------+-----------------------------------------------------+--------------+

