#
# An unexpected error has occurred (11)
#
Stack:
/media/glen/Crucial/Logiciels/Vivado/Vivado/2020.2/tps/lnx64/jre11.0.2/lib//server/libjvm.so(+0xc04c3b) [0x75966ba04c3b]
/media/glen/Crucial/Logiciels/Vivado/Vivado/2020.2/tps/lnx64/jre11.0.2/lib//server/libjvm.so(JVM_handle_linux_signal+0x14e) [0x75966ba098de]
/media/glen/Crucial/Logiciels/Vivado/Vivado/2020.2/tps/lnx64/jre11.0.2/lib//server/libjvm.so(+0xbfd538) [0x75966b9fd538]
/lib/x86_64-linux-gnu/libc.so.6(+0x45330) [0x7596c9c45330]
/media/glen/Crucial/Logiciels/Vivado/Vivado/2020.2/lib/lnx64.o/librdi_simbridge_kernel.so(SimBridge::CArray::empty() const+0) [0x759673657a00]
/media/glen/Crucial/Logiciels/Vivado/Vivado/2020.2/lib/lnx64.o/librdi_simbridge_kernel.so(SimBridge::WdbEventBlock::addBlock(SimBridge::WdbIBlockManager&, unsigned int&) const+0x1c) [0x7596736580dc]
/media/glen/Crucial/Logiciels/Vivado/Vivado/2020.2/lib/lnx64.o/librdi_simbridge_kernel.so(SimBridge::WdbMultipleBucketEventDatabase::getEventBlockDatabaseIterator(std::vector<SimBridge::WdbScalarBTree*, std::allocator<SimBridge::WdbScalarBTree*> > const&, std::vector<boost::shared_ptr<SimBridge::WdbIEventBlockIterator>, std::allocator<boost::shared_ptr<SimBridge::WdbIEventBlockIterator> > >&, std::vector<std::vector<SimBridge::WdbScalarBTree*, std::allocator<SimBridge::WdbScalarBTree*> >, std::allocator<std::vector<SimBridge::WdbScalarBTree*, std::allocator<SimBridge::WdbScalarBTree*> > > >&) const+0x691) [0x759673672071]
/media/glen/Crucial/Logiciels/Vivado/Vivado/2020.2/lib/lnx64.o/librdi_simbridge_kernel.so(SimBridge::WdbAddressBTreeManager::scanWdbDatabaseMultiThread(std::vector<SimBridge::WdbScalarBTree*, std::allocator<SimBridge::WdbScalarBTree*> > const&, ISIM::IGuiStatus*)+0xf0) [0x75967364eee0]
/media/glen/Crucial/Logiciels/Vivado/Vivado/2020.2/lib/lnx64.o/librdi_wavedata.so(SimBridge::DataObjMgr::createDrawingBTree(std::vector<SimBridge::IDataObj const*, std::allocator<SimBridge::IDataObj const*> > const&, ISIM::IGuiStatus*, bool)+0x32a) [0x75968062058a]
/media/glen/Crucial/Logiciels/Vivado/Vivado/2020.2/lib/lnx64.o/librdi_wavedata.so(+0x2df6b2) [0x7596806df6b2]
/media/glen/Crucial/Logiciels/Vivado/Vivado/2020.2/lib/lnx64.o/librdi_wavedata.so(+0x2df95c) [0x7596806df95c]
/media/glen/Crucial/Logiciels/Vivado/Vivado/2020.2/lib/lnx64.o/librdi_wavedata.so(SG_Model::ModelImp::updateData(SG_Model::WVDataObject*, bool)+0x30f) [0x7596806d990f]
/media/glen/Crucial/Logiciels/Vivado/Vivado/2020.2/lib/lnx64.o/librdi_wavedata.so(SG_Model::ModelImp::updateData(SG_Model::WVDataObject*, bool)+0x18f) [0x7596806d978f]
/media/glen/Crucial/Logiciels/Vivado/Vivado/2020.2/lib/lnx64.o/librdi_wavedata.so(SG_Model::ModelImp::updateData()+0x96b) [0x7596806da5fb]
/media/glen/Crucial/Logiciels/Vivado/Vivado/2020.2/lib/lnx64.o/librdi_wavedata.so(SG_Model::Model::read(std::__cxx11::basic_string<char, std::char_traits<char>, std::allocator<char> > const&, SG_Model::IReporter&, ISIM::IGuiStatus*)+0x20d) [0x7596806dbd8d]
/media/glen/Crucial/Logiciels/Vivado/Vivado/2020.2/lib/lnx64.o/librdi_wavedata.so(WVDAppInterface::WVDWindowManager::openWcfg(std::__cxx11::basic_string<char, std::char_traits<char>, std::allocator<char> > const&, SG_Model::IDesignManager::ConnectMode, ISIM::IGuiStatus*)+0x143) [0x7596805a3e03]
/media/glen/Crucial/Logiciels/Vivado/Vivado/2020.2/lib/lnx64.o/librdi_wavedatatasks.so(+0xa2ad3) [0x759632ca2ad3]
/media/glen/Crucial/Logiciels/Vivado/Vivado/2020.2/lib/lnx64.o/librdi_common.so(+0x9cfb1d) [0x7596cb5cfb1d]
/media/glen/Crucial/Logiciels/Vivado/Vivado/2020.2/lib/lnx64.o/libtcl8.5.so(+0x3356f) [0x7596c3a3356f]
/media/glen/Crucial/Logiciels/Vivado/Vivado/2020.2/lib/lnx64.o/libtcl8.5.so(Tcl_EvalObjv+0x32) [0x7596c3a336a2]
/media/glen/Crucial/Logiciels/Vivado/Vivado/2020.2/lib/lnx64.o/libtcl8.5.so(TclEvalObjEx+0x322) [0x7596c3a354c2]
/media/glen/Crucial/Logiciels/Vivado/Vivado/2020.2/lib/lnx64.o/librdi_common.so(hdi::tcltasks::task_manager::eval_in_tcl(Tcl_Interp*, Tcl_Obj*, char const*, bool)+0xb59) [0x7596cb5d1929]
/media/glen/Crucial/Logiciels/Vivado/Vivado/2020.2/lib/lnx64.o/librdi_simtcltasks.so(+0x13b056) [0x75963713b056]
/media/glen/Crucial/Logiciels/Vivado/Vivado/2020.2/lib/lnx64.o/librdi_common.so(+0x9cfb1d) [0x7596cb5cfb1d]
/media/glen/Crucial/Logiciels/Vivado/Vivado/2020.2/lib/lnx64.o/libtcl8.5.so(+0x3356f) [0x7596c3a3356f]
/media/glen/Crucial/Logiciels/Vivado/Vivado/2020.2/lib/lnx64.o/libtcl8.5.so(+0x34bf8) [0x7596c3a34bf8]
/media/glen/Crucial/Logiciels/Vivado/Vivado/2020.2/lib/lnx64.o/libtcl8.5.so(Tcl_EvalEx+0x13) [0x7596c3a35163]
/media/glen/Crucial/Logiciels/Vivado/Vivado/2020.2/lib/lnx64.o/libtcl8.5.so(TclEvalObjEx+0x1e0) [0x7596c3a35380]
/media/glen/Crucial/Logiciels/Vivado/Vivado/2020.2/lib/lnx64.o/libtcl8.5.so(+0x3b445) [0x7596c3a3b445]
/media/glen/Crucial/Logiciels/Vivado/Vivado/2020.2/lib/lnx64.o/libtcl8.5.so(+0x3356f) [0x7596c3a3356f]
/media/glen/Crucial/Logiciels/Vivado/Vivado/2020.2/lib/lnx64.o/libtcl8.5.so(+0x76945) [0x7596c3a76945]
/media/glen/Crucial/Logiciels/Vivado/Vivado/2020.2/lib/lnx64.o/libtcl8.5.so(+0x7e0f9) [0x7596c3a7e0f9]
/media/glen/Crucial/Logiciels/Vivado/Vivado/2020.2/lib/lnx64.o/libtcl8.5.so(TclEvalObjEx+0x76) [0x7596c3a35216]
/media/glen/Crucial/Logiciels/Vivado/Vivado/2020.2/lib/lnx64.o/librdi_commontasks.so(+0x1dba74) [0x7596bbfdba74]
/media/glen/Crucial/Logiciels/Vivado/Vivado/2020.2/lib/lnx64.o/libtcl8.5.so(+0x3356f) [0x7596c3a3356f]
/media/glen/Crucial/Logiciels/Vivado/Vivado/2020.2/lib/lnx64.o/libtcl8.5.so(+0x76945) [0x7596c3a76945]
/media/glen/Crucial/Logiciels/Vivado/Vivado/2020.2/lib/lnx64.o/libtcl8.5.so(TclObjInterpProcCore+0x420) [0x7596c3ab7ed0]
/media/glen/Crucial/Logiciels/Vivado/Vivado/2020.2/lib/lnx64.o/libtcl8.5.so(+0x3356f) [0x7596c3a3356f]
/media/glen/Crucial/Logiciels/Vivado/Vivado/2020.2/lib/lnx64.o/libtcl8.5.so(Tcl_EvalObjv+0x32) [0x7596c3a336a2]
/media/glen/Crucial/Logiciels/Vivado/Vivado/2020.2/lib/lnx64.o/libtcl8.5.so(TclEvalObjEx+0x322) [0x7596c3a354c2]
/media/glen/Crucial/Logiciels/Vivado/Vivado/2020.2/lib/lnx64.o/librdi_tcltasks.so(SimUtils::detail::execStep(Tcl_Interp*, std::__cxx11::basic_ostringstream<char, std::char_traits<char>, std::allocator<char> >&, std::__cxx11::basic_string<char, std::char_traits<char>, std::allocator<char> > const&, std::__cxx11::basic_string<char, std::char_traits<char>, std::allocator<char> > const&, std::__cxx11::basic_string<char, std::char_traits<char>, std::allocator<char> >&, bool&)+0x1ee) [0x7596b9b811fe]
/media/glen/Crucial/Logiciels/Vivado/Vivado/2020.2/lib/lnx64.o/librdi_tcltasks.so(SimUtils::detail::execSimStep(Tcl_Interp*, std::__cxx11::basic_ostringstream<char, std::char_traits<char>, std::allocator<char> >&, HAPUFSimulator*, HAPUFSimulator::TclProc, std::__cxx11::basic_string<char, std::char_traits<char>, std::allocator<char> > const&, bool, HADAFileSet*, std::__cxx11::basic_string<char, std::char_traits<char>, std::allocator<char> > const&, HAPUFSimulator::SimulationStep, bool, HDGUIStatus*)+0x75) [0x7596b9b81435]
/media/glen/Crucial/Logiciels/Vivado/Vivado/2020.2/lib/lnx64.o/librdi_tcltasks.so(HTCSimUtils::executeStep(Tcl_Interp*, HADAFileSet*, HADAFileSet*, HAPUFSimulator*, HDGUIStatus*, std::__cxx11::basic_string<char, std::char_traits<char>, std::allocator<char> > const&, std::__cxx11::basic_string<char, std::char_traits<char>, std::allocator<char> > const&, std::__cxx11::basic_string<char, std::char_traits<char>, std::allocator<char> > const&, bool, bool, bool, std::__cxx11::basic_ostringstream<char, std::char_traits<char>, std::allocator<char> >&)+0x4b7) [0x7596b9b81a97]
/media/glen/Crucial/Logiciels/Vivado/Vivado/2020.2/lib/lnx64.o/librdi_tcltasks.so(+0x1927eec) [0x7596b9b27eec]
/media/glen/Crucial/Logiciels/Vivado/Vivado/2020.2/lib/lnx64.o/librdi_common.so(+0x9cfb1d) [0x7596cb5cfb1d]
/media/glen/Crucial/Logiciels/Vivado/Vivado/2020.2/lib/lnx64.o/libtcl8.5.so(+0x3356f) [0x7596c3a3356f]
/media/glen/Crucial/Logiciels/Vivado/Vivado/2020.2/lib/lnx64.o/libtcl8.5.so(+0x76945) [0x7596c3a76945]
/media/glen/Crucial/Logiciels/Vivado/Vivado/2020.2/lib/lnx64.o/libtcl8.5.so(+0x7e0f9) [0x7596c3a7e0f9]
/media/glen/Crucial/Logiciels/Vivado/Vivado/2020.2/lib/lnx64.o/libtcl8.5.so(TclEvalObjEx+0x76) [0x7596c3a35216]
/media/glen/Crucial/Logiciels/Vivado/Vivado/2020.2/lib/lnx64.o/librdi_common.so(+0x9ce041) [0x7596cb5ce041]
/media/glen/Crucial/Logiciels/Vivado/Vivado/2020.2/lib/lnx64.o/libtcl8.5.so(Tcl_ServiceEvent+0x7f) [0x7596c3aa7bef]
/media/glen/Crucial/Logiciels/Vivado/Vivado/2020.2/lib/lnx64.o/libtcl8.5.so(Tcl_DoOneEvent+0x154) [0x7596c3aa7f24]
/media/glen/Crucial/Logiciels/Vivado/Vivado/2020.2/lib/lnx64.o/librdi_commontasks.so(+0x23caa5) [0x7596bc03caa5]
/media/glen/Crucial/Logiciels/Vivado/Vivado/2020.2/lib/lnx64.o/librdi_commontasks.so(+0x23fbb5) [0x7596bc03fbb5]
/media/glen/Crucial/Logiciels/Vivado/Vivado/2020.2/lib/lnx64.o/librdi_commontasks.so(+0x240bde) [0x7596bc040bde]
/media/glen/Crucial/Logiciels/Vivado/Vivado/2020.2/lib/lnx64.o/librdi_common.so(+0x9cfb1d) [0x7596cb5cfb1d]
/media/glen/Crucial/Logiciels/Vivado/Vivado/2020.2/lib/lnx64.o/libtcl8.5.so(+0x3356f) [0x7596c3a3356f]
/media/glen/Crucial/Logiciels/Vivado/Vivado/2020.2/lib/lnx64.o/libtcl8.5.so(+0x76945) [0x7596c3a76945]
/media/glen/Crucial/Logiciels/Vivado/Vivado/2020.2/lib/lnx64.o/libtcl8.5.so(+0x7e0f9) [0x7596c3a7e0f9]
/media/glen/Crucial/Logiciels/Vivado/Vivado/2020.2/lib/lnx64.o/libtcl8.5.so(TclEvalObjEx+0x76) [0x7596c3a35216]
/media/glen/Crucial/Logiciels/Vivado/Vivado/2020.2/lib/lnx64.o/librdi_commonmain.so(+0xad53) [0x7596ca80ad53]
/media/glen/Crucial/Logiciels/Vivado/Vivado/2020.2/lib/lnx64.o/libtcl8.5.so(Tcl_Main+0x1d0) [0x7596c3aa02f0]
/media/glen/Crucial/Logiciels/Vivado/Vivado/2020.2/lib/lnx64.o/librdi_common.so(+0xa1442b) [0x7596cb61442b]
/lib/x86_64-linux-gnu/libc.so.6(+0x9cb84) [0x7596c9c9cb84]
/lib/x86_64-linux-gnu/libc.so.6(+0x129ecc) [0x7596c9d29ecc]
