
*** Running vivado
    with args -log design_1_Commandes_0_0.vds -m64 -product Vivado -mode batch -messageDb vivado.pb -notrace -source design_1_Commandes_0_0.tcl


****** Vivado v2020.2 (64-bit)
  **** SW Build 3064766 on Wed Nov 18 09:12:47 MST 2020
  **** IP Build 3064653 on Wed Nov 18 14:17:31 MST 2020
    ** Copyright 1986-2020 Xilinx, Inc. All Rights Reserved.

source design_1_Commandes_0_0.tcl -notrace
INFO: [IP_Flow 19-234] Refreshing IP repositories
INFO: [IP_Flow 19-1700] Loaded user IP repository '/home/glen/Documents/AJC-Expleo/Travaux/Projet_CronerDetection/IP'.
INFO: [IP_Flow 19-2313] Loaded Vivado IP repository '/media/glen/Crucial/Logiciels/Vivado/Vivado/2020.2/data/ip'.
WARNING: [IP_Flow 19-1663] Duplicate IP found for 'user.org:user:Commandes:1.0'. The one found in IP location '/home/glen/Documents/AJC-Expleo/Travaux/Projet_CronerDetection/IP/Commandes' will take precedence over the same IP in location /home/glen/Documents/AJC-Expleo/Travaux/Projet_CronerDetection/IP/Commandes/Commandes_1.0
Command: synth_design -top design_1_Commandes_0_0 -part xc7z007sclg400-1 -mode out_of_context
Starting synth_design
Attempting to get a license for feature 'Synthesis' and/or device 'xc7z007s'
INFO: [Common 17-349] Got license for feature 'Synthesis' and/or device 'xc7z007s'
INFO: [Device 21-403] Loading part xc7z007sclg400-1
INFO: [Synth 8-7079] Multithreading enabled for synth_design using a maximum of 4 processes.
INFO: [Synth 8-7078] Launching helper process for spawning children vivado processes
INFO: [Synth 8-7075] Helper process launched with PID 150101
---------------------------------------------------------------------------------
Starting RTL Elaboration : Time (s): cpu = 00:00:05 ; elapsed = 00:00:06 . Memory (MB): peak = 2394.797 ; gain = 0.000 ; free physical = 1446 ; free virtual = 8749
---------------------------------------------------------------------------------
INFO: [Synth 8-638] synthesizing module 'design_1_Commandes_0_0' [/home/glen/Documents/AJC-Expleo/Travaux/Projet_CronerDetection/Architectures/Demo/SoCora/SoCora.gen/sources_1/bd/design_1/ip/design_1_Commandes_0_0/synth/design_1_Commandes_0_0.vhd:83]
	Parameter C_S00_AXI_DATA_WIDTH bound to: 32 - type: integer 
	Parameter C_S00_AXI_ADDR_WIDTH bound to: 4 - type: integer 
INFO: [Synth 8-3491] module 'Commandes_v1_0' declared at '/home/glen/Documents/AJC-Expleo/Travaux/Projet_CronerDetection/Architectures/Demo/SoCora/SoCora.gen/sources_1/bd/design_1/ipshared/eec2/Commandes_1.0/hdl/Commandes_v1_0.vhd:5' bound to instance 'U0' of component 'Commandes_v1_0' [/home/glen/Documents/AJC-Expleo/Travaux/Projet_CronerDetection/Architectures/Demo/SoCora/SoCora.gen/sources_1/bd/design_1/ip/design_1_Commandes_0_0/synth/design_1_Commandes_0_0.vhd:150]
INFO: [Synth 8-638] synthesizing module 'Commandes_v1_0' [/home/glen/Documents/AJC-Expleo/Travaux/Projet_CronerDetection/Architectures/Demo/SoCora/SoCora.gen/sources_1/bd/design_1/ipshared/eec2/Commandes_1.0/hdl/Commandes_v1_0.vhd:49]
	Parameter C_S00_AXI_DATA_WIDTH bound to: 32 - type: integer 
	Parameter C_S00_AXI_ADDR_WIDTH bound to: 4 - type: integer 
	Parameter C_S_AXI_DATA_WIDTH bound to: 32 - type: integer 
	Parameter C_S_AXI_ADDR_WIDTH bound to: 4 - type: integer 
INFO: [Synth 8-3491] module 'Commandes_v1_0_S00_AXI' declared at '/home/glen/Documents/AJC-Expleo/Travaux/Projet_CronerDetection/Architectures/Demo/SoCora/SoCora.gen/sources_1/bd/design_1/ipshared/eec2/Commandes_1.0/hdl/Commandes_v1_0_S00_AXI.vhd:5' bound to instance 'Commandes_v1_0_S00_AXI_inst' of component 'Commandes_v1_0_S00_AXI' [/home/glen/Documents/AJC-Expleo/Travaux/Projet_CronerDetection/Architectures/Demo/SoCora/SoCora.gen/sources_1/bd/design_1/ipshared/eec2/Commandes_1.0/hdl/Commandes_v1_0.vhd:86]
INFO: [Synth 8-638] synthesizing module 'Commandes_v1_0_S00_AXI' [/home/glen/Documents/AJC-Expleo/Travaux/Projet_CronerDetection/Architectures/Demo/SoCora/SoCora.gen/sources_1/bd/design_1/ipshared/eec2/Commandes_1.0/hdl/Commandes_v1_0_S00_AXI.vhd:87]
	Parameter C_S_AXI_DATA_WIDTH bound to: 32 - type: integer 
	Parameter C_S_AXI_ADDR_WIDTH bound to: 4 - type: integer 
INFO: [Synth 8-226] default block is never used [/home/glen/Documents/AJC-Expleo/Travaux/Projet_CronerDetection/Architectures/Demo/SoCora/SoCora.gen/sources_1/bd/design_1/ipshared/eec2/Commandes_1.0/hdl/Commandes_v1_0_S00_AXI.vhd:225]
INFO: [Synth 8-226] default block is never used [/home/glen/Documents/AJC-Expleo/Travaux/Projet_CronerDetection/Architectures/Demo/SoCora/SoCora.gen/sources_1/bd/design_1/ipshared/eec2/Commandes_1.0/hdl/Commandes_v1_0_S00_AXI.vhd:355]
INFO: [Synth 8-256] done synthesizing module 'Commandes_v1_0_S00_AXI' (1#1) [/home/glen/Documents/AJC-Expleo/Travaux/Projet_CronerDetection/Architectures/Demo/SoCora/SoCora.gen/sources_1/bd/design_1/ipshared/eec2/Commandes_1.0/hdl/Commandes_v1_0_S00_AXI.vhd:87]
INFO: [Synth 8-256] done synthesizing module 'Commandes_v1_0' (2#1) [/home/glen/Documents/AJC-Expleo/Travaux/Projet_CronerDetection/Architectures/Demo/SoCora/SoCora.gen/sources_1/bd/design_1/ipshared/eec2/Commandes_1.0/hdl/Commandes_v1_0.vhd:49]
INFO: [Synth 8-256] done synthesizing module 'design_1_Commandes_0_0' (3#1) [/home/glen/Documents/AJC-Expleo/Travaux/Projet_CronerDetection/Architectures/Demo/SoCora/SoCora.gen/sources_1/bd/design_1/ip/design_1_Commandes_0_0/synth/design_1_Commandes_0_0.vhd:83]
---------------------------------------------------------------------------------
Finished RTL Elaboration : Time (s): cpu = 00:00:06 ; elapsed = 00:00:08 . Memory (MB): peak = 2394.797 ; gain = 0.000 ; free physical = 1804 ; free virtual = 9108
---------------------------------------------------------------------------------
---------------------------------------------------------------------------------
Start Handling Custom Attributes
---------------------------------------------------------------------------------
---------------------------------------------------------------------------------
Finished Handling Custom Attributes : Time (s): cpu = 00:00:07 ; elapsed = 00:00:09 . Memory (MB): peak = 2394.797 ; gain = 0.000 ; free physical = 1806 ; free virtual = 9110
---------------------------------------------------------------------------------
---------------------------------------------------------------------------------
Finished RTL Optimization Phase 1 : Time (s): cpu = 00:00:07 ; elapsed = 00:00:09 . Memory (MB): peak = 2394.797 ; gain = 0.000 ; free physical = 1806 ; free virtual = 9110
---------------------------------------------------------------------------------
Netlist sorting complete. Time (s): cpu = 00:00:00 ; elapsed = 00:00:00.01 . Memory (MB): peak = 2394.797 ; gain = 0.000 ; free physical = 1806 ; free virtual = 9110
INFO: [Project 1-570] Preparing netlist for logic optimization

Processing XDC Constraints
Initializing timing engine
Completed Processing XDC Constraints

Netlist sorting complete. Time (s): cpu = 00:00:00 ; elapsed = 00:00:00 . Memory (MB): peak = 2483.652 ; gain = 0.000 ; free physical = 1798 ; free virtual = 9102
INFO: [Project 1-111] Unisim Transformation Summary:
No Unisim elements were transformed.

Constraint Validation Runtime : Time (s): cpu = 00:00:00.03 ; elapsed = 00:00:00.03 . Memory (MB): peak = 2483.652 ; gain = 0.000 ; free physical = 1798 ; free virtual = 9102
---------------------------------------------------------------------------------
Finished Constraint Validation : Time (s): cpu = 00:00:13 ; elapsed = 00:00:16 . Memory (MB): peak = 2483.652 ; gain = 88.855 ; free physical = 1273 ; free virtual = 8577
---------------------------------------------------------------------------------
---------------------------------------------------------------------------------
Start Loading Part and Timing Information
---------------------------------------------------------------------------------
Loading part: xc7z007sclg400-1
---------------------------------------------------------------------------------
Finished Loading Part and Timing Information : Time (s): cpu = 00:00:13 ; elapsed = 00:00:16 . Memory (MB): peak = 2483.652 ; gain = 88.855 ; free physical = 1265 ; free virtual = 8569
---------------------------------------------------------------------------------
---------------------------------------------------------------------------------
Start Applying 'set_property' XDC Constraints
---------------------------------------------------------------------------------
---------------------------------------------------------------------------------
Finished applying 'set_property' XDC Constraints : Time (s): cpu = 00:00:13 ; elapsed = 00:00:16 . Memory (MB): peak = 2483.652 ; gain = 88.855 ; free physical = 1265 ; free virtual = 8569
---------------------------------------------------------------------------------
---------------------------------------------------------------------------------
Finished RTL Optimization Phase 2 : Time (s): cpu = 00:00:13 ; elapsed = 00:00:16 . Memory (MB): peak = 2483.652 ; gain = 88.855 ; free physical = 1155 ; free virtual = 8459
---------------------------------------------------------------------------------
---------------------------------------------------------------------------------
Start RTL Component Statistics 
---------------------------------------------------------------------------------
Detailed RTL Component Info : 
+---Registers : 
	               32 Bit    Registers := 5     
	                4 Bit    Registers := 2     
	                2 Bit    Registers := 2     
	                1 Bit    Registers := 6     
+---Muxes : 
	   2 Input   32 Bit        Muxes := 4     
	   4 Input   32 Bit        Muxes := 5     
	   2 Input    1 Bit        Muxes := 5     
---------------------------------------------------------------------------------
Finished RTL Component Statistics 
---------------------------------------------------------------------------------
---------------------------------------------------------------------------------
Start Part Resource Summary
---------------------------------------------------------------------------------
Part Resources:
DSPs: 66 (col length:40)
BRAMs: 100 (col length: RAMB18 40 RAMB36 20)
---------------------------------------------------------------------------------
Finished Part Resource Summary
---------------------------------------------------------------------------------
---------------------------------------------------------------------------------
Start Cross Boundary and Area Optimization
---------------------------------------------------------------------------------
---------------------------------------------------------------------------------
Finished Cross Boundary and Area Optimization : Time (s): cpu = 00:00:14 ; elapsed = 00:00:17 . Memory (MB): peak = 2483.652 ; gain = 88.855 ; free physical = 930 ; free virtual = 8237
---------------------------------------------------------------------------------
---------------------------------------------------------------------------------
Start Applying XDC Timing Constraints
---------------------------------------------------------------------------------
---------------------------------------------------------------------------------
Finished Applying XDC Timing Constraints : Time (s): cpu = 00:00:20 ; elapsed = 00:00:23 . Memory (MB): peak = 2483.652 ; gain = 88.855 ; free physical = 1562 ; free virtual = 8870
---------------------------------------------------------------------------------
---------------------------------------------------------------------------------
Start Timing Optimization
---------------------------------------------------------------------------------
---------------------------------------------------------------------------------
Finished Timing Optimization : Time (s): cpu = 00:00:20 ; elapsed = 00:00:23 . Memory (MB): peak = 2483.652 ; gain = 88.855 ; free physical = 1562 ; free virtual = 8870
---------------------------------------------------------------------------------
---------------------------------------------------------------------------------
Start Technology Mapping
---------------------------------------------------------------------------------
---------------------------------------------------------------------------------
Finished Technology Mapping : Time (s): cpu = 00:00:20 ; elapsed = 00:00:24 . Memory (MB): peak = 2483.652 ; gain = 88.855 ; free physical = 1546 ; free virtual = 8854
---------------------------------------------------------------------------------
---------------------------------------------------------------------------------
Start IO Insertion
---------------------------------------------------------------------------------
---------------------------------------------------------------------------------
Start Flattening Before IO Insertion
---------------------------------------------------------------------------------
---------------------------------------------------------------------------------
Finished Flattening Before IO Insertion
---------------------------------------------------------------------------------
---------------------------------------------------------------------------------
Start Final Netlist Cleanup
---------------------------------------------------------------------------------
---------------------------------------------------------------------------------
Finished Final Netlist Cleanup
---------------------------------------------------------------------------------
---------------------------------------------------------------------------------
Finished IO Insertion : Time (s): cpu = 00:00:23 ; elapsed = 00:00:27 . Memory (MB): peak = 2483.652 ; gain = 88.855 ; free physical = 1558 ; free virtual = 8866
---------------------------------------------------------------------------------
---------------------------------------------------------------------------------
Start Renaming Generated Instances
---------------------------------------------------------------------------------
---------------------------------------------------------------------------------
Finished Renaming Generated Instances : Time (s): cpu = 00:00:23 ; elapsed = 00:00:27 . Memory (MB): peak = 2483.652 ; gain = 88.855 ; free physical = 1558 ; free virtual = 8866
---------------------------------------------------------------------------------
---------------------------------------------------------------------------------
Start Rebuilding User Hierarchy
---------------------------------------------------------------------------------
---------------------------------------------------------------------------------
Finished Rebuilding User Hierarchy : Time (s): cpu = 00:00:23 ; elapsed = 00:00:27 . Memory (MB): peak = 2483.652 ; gain = 88.855 ; free physical = 1558 ; free virtual = 8866
---------------------------------------------------------------------------------
---------------------------------------------------------------------------------
Start Renaming Generated Ports
---------------------------------------------------------------------------------
---------------------------------------------------------------------------------
Finished Renaming Generated Ports : Time (s): cpu = 00:00:23 ; elapsed = 00:00:27 . Memory (MB): peak = 2483.652 ; gain = 88.855 ; free physical = 1558 ; free virtual = 8866
---------------------------------------------------------------------------------
---------------------------------------------------------------------------------
Start Handling Custom Attributes
---------------------------------------------------------------------------------
---------------------------------------------------------------------------------
Finished Handling Custom Attributes : Time (s): cpu = 00:00:23 ; elapsed = 00:00:27 . Memory (MB): peak = 2483.652 ; gain = 88.855 ; free physical = 1558 ; free virtual = 8866
---------------------------------------------------------------------------------
---------------------------------------------------------------------------------
Start Renaming Generated Nets
---------------------------------------------------------------------------------
---------------------------------------------------------------------------------
Finished Renaming Generated Nets : Time (s): cpu = 00:00:23 ; elapsed = 00:00:27 . Memory (MB): peak = 2483.652 ; gain = 88.855 ; free physical = 1558 ; free virtual = 8866
---------------------------------------------------------------------------------
---------------------------------------------------------------------------------
Start Writing Synthesis Report
---------------------------------------------------------------------------------

Report BlackBoxes: 
+-+--------------+----------+
| |BlackBox name |Instances |
+-+--------------+----------+
+-+--------------+----------+

Report Cell Usage: 
+------+-----+------+
|      |Cell |Count |
+------+-----+------+
|1     |LUT1 |     1|
|2     |LUT2 |     1|
|3     |LUT3 |     1|
|4     |LUT4 |    22|
|5     |LUT6 |    36|
|6     |FDRE |   167|
|7     |FDSE |     3|
+------+-----+------+
---------------------------------------------------------------------------------
Finished Writing Synthesis Report : Time (s): cpu = 00:00:23 ; elapsed = 00:00:27 . Memory (MB): peak = 2483.652 ; gain = 88.855 ; free physical = 1558 ; free virtual = 8866
---------------------------------------------------------------------------------
Synthesis finished with 0 errors, 0 critical warnings and 0 warnings.
Synthesis Optimization Runtime : Time (s): cpu = 00:00:22 ; elapsed = 00:00:25 . Memory (MB): peak = 2483.652 ; gain = 0.000 ; free physical = 1601 ; free virtual = 8908
Synthesis Optimization Complete : Time (s): cpu = 00:00:23 ; elapsed = 00:00:27 . Memory (MB): peak = 2483.660 ; gain = 88.855 ; free physical = 1601 ; free virtual = 8908
INFO: [Project 1-571] Translating synthesized netlist
Netlist sorting complete. Time (s): cpu = 00:00:00 ; elapsed = 00:00:00.01 . Memory (MB): peak = 2483.660 ; gain = 0.000 ; free physical = 1632 ; free virtual = 8940
INFO: [Project 1-570] Preparing netlist for logic optimization
INFO: [Opt 31-138] Pushed 0 inverter(s) to 0 load pin(s).
Netlist sorting complete. Time (s): cpu = 00:00:00 ; elapsed = 00:00:00 . Memory (MB): peak = 2483.660 ; gain = 0.000 ; free physical = 1578 ; free virtual = 8886
INFO: [Project 1-111] Unisim Transformation Summary:
No Unisim elements were transformed.

INFO: [Common 17-83] Releasing license: Synthesis
25 Infos, 1 Warnings, 0 Critical Warnings and 0 Errors encountered.
synth_design completed successfully
synth_design: Time (s): cpu = 00:00:35 ; elapsed = 00:00:33 . Memory (MB): peak = 2483.660 ; gain = 88.863 ; free physical = 1593 ; free virtual = 8901
INFO: [Common 17-1381] The checkpoint '/home/glen/Documents/AJC-Expleo/Travaux/Projet_CronerDetection/Architectures/Demo/SoCora/SoCora.runs/design_1_Commandes_0_0_synth_1/design_1_Commandes_0_0.dcp' has been generated.
WARNING: [Common 17-576] 'use_project_ipc' is deprecated. This option is deprecated and no longer used.
INFO: [Coretcl 2-1648] Added synthesis output to IP cache for IP design_1_Commandes_0_0, cache-ID = 4f5160079c5568b4
INFO: [Coretcl 2-1174] Renamed 2 cell refs.
INFO: [Common 17-1381] The checkpoint '/home/glen/Documents/AJC-Expleo/Travaux/Projet_CronerDetection/Architectures/Demo/SoCora/SoCora.runs/design_1_Commandes_0_0_synth_1/design_1_Commandes_0_0.dcp' has been generated.
INFO: [runtcl-4] Executing : report_utilization -file design_1_Commandes_0_0_utilization_synth.rpt -pb design_1_Commandes_0_0_utilization_synth.pb
INFO: [Common 17-206] Exiting Vivado at Mon Oct  5 18:03:23 2026...
