
*** Running vivado
    with args -log AXI4_stream_Master.vds -m64 -product Vivado -mode batch -messageDb vivado.pb -notrace -source AXI4_stream_Master.tcl


****** Vivado v2020.2 (64-bit)
  **** SW Build 3064766 on Wed Nov 18 09:12:47 MST 2020
  **** IP Build 3064653 on Wed Nov 18 14:17:31 MST 2020
    ** Copyright 1986-2020 Xilinx, Inc. All Rights Reserved.

source AXI4_stream_Master.tcl -notrace
Command: synth_design -top AXI4_stream_Master -part xc7z007sclg400-1
Starting synth_design
Attempting to get a license for feature 'Synthesis' and/or device 'xc7z007s'
INFO: [Common 17-349] Got license for feature 'Synthesis' and/or device 'xc7z007s'
INFO: [Device 21-403] Loading part xc7z007sclg400-1
INFO: [Synth 8-7079] Multithreading enabled for synth_design using a maximum of 4 processes.
INFO: [Synth 8-7078] Launching helper process for spawning children vivado processes
INFO: [Synth 8-7075] Helper process launched with PID 33617
---------------------------------------------------------------------------------
Starting RTL Elaboration : Time (s): cpu = 00:00:04 ; elapsed = 00:00:05 . Memory (MB): peak = 2394.789 ; gain = 0.000 ; free physical = 3421 ; free virtual = 11838
---------------------------------------------------------------------------------
INFO: [Synth 8-638] synthesizing module 'AXI4_stream_Master' [/home/glen/Documents/AJC-Expleo/Travaux/Projet_CronerDetection/IP/AXI4_stream_Master/src/AXI4_stream_Master_24b.vhd:42]
	Parameter nb_colone bound to: 640 - type: integer 
	Parameter nb_ligne bound to: 480 - type: integer 
INFO: [Synth 8-3491] module 'fifo_generator_0' declared at '/home/glen/Documents/AJC-Expleo/Travaux/Projet_CronerDetection/IP/AXI4_stream_Master/AXI4_stream_Master_24b/AXI4_stream_Master_24b.runs/synth_1/.Xil/Vivado-33554-glen-HP-ZBook-15u-G3/realtime/fifo_generator_0_stub.v:6' bound to instance 'fifo' of component 'fifo_generator_0' [/home/glen/Documents/AJC-Expleo/Travaux/Projet_CronerDetection/IP/AXI4_stream_Master/src/AXI4_stream_Master_24b.vhd:71]
INFO: [Synth 8-6157] synthesizing module 'fifo_generator_0' [/home/glen/Documents/AJC-Expleo/Travaux/Projet_CronerDetection/IP/AXI4_stream_Master/AXI4_stream_Master_24b/AXI4_stream_Master_24b.runs/synth_1/.Xil/Vivado-33554-glen-HP-ZBook-15u-G3/realtime/fifo_generator_0_stub.v:6]
INFO: [Synth 8-6155] done synthesizing module 'fifo_generator_0' (1#1) [/home/glen/Documents/AJC-Expleo/Travaux/Projet_CronerDetection/IP/AXI4_stream_Master/AXI4_stream_Master_24b/AXI4_stream_Master_24b.runs/synth_1/.Xil/Vivado-33554-glen-HP-ZBook-15u-G3/realtime/fifo_generator_0_stub.v:6]
INFO: [Synth 8-256] done synthesizing module 'AXI4_stream_Master' (2#1) [/home/glen/Documents/AJC-Expleo/Travaux/Projet_CronerDetection/IP/AXI4_stream_Master/src/AXI4_stream_Master_24b.vhd:42]
---------------------------------------------------------------------------------
Finished RTL Elaboration : Time (s): cpu = 00:00:05 ; elapsed = 00:00:06 . Memory (MB): peak = 2394.789 ; gain = 0.000 ; free physical = 3845 ; free virtual = 12263
---------------------------------------------------------------------------------
---------------------------------------------------------------------------------
Start Handling Custom Attributes
---------------------------------------------------------------------------------
---------------------------------------------------------------------------------
Finished Handling Custom Attributes : Time (s): cpu = 00:00:06 ; elapsed = 00:00:07 . Memory (MB): peak = 2394.789 ; gain = 0.000 ; free physical = 3861 ; free virtual = 12279
---------------------------------------------------------------------------------
---------------------------------------------------------------------------------
Finished RTL Optimization Phase 1 : Time (s): cpu = 00:00:06 ; elapsed = 00:00:07 . Memory (MB): peak = 2394.789 ; gain = 0.000 ; free physical = 3861 ; free virtual = 12279
---------------------------------------------------------------------------------
Netlist sorting complete. Time (s): cpu = 00:00:00 ; elapsed = 00:00:00 . Memory (MB): peak = 2394.789 ; gain = 0.000 ; free physical = 3861 ; free virtual = 12279
INFO: [Project 1-570] Preparing netlist for logic optimization

Processing XDC Constraints
Initializing timing engine
Parsing XDC File [/home/glen/Documents/AJC-Expleo/Travaux/Projet_CronerDetection/IP/AXI4_stream_Master/AXI4_stream_Master_24b/AXI4_stream_Master_24b.gen/sources_1/ip/fifo_generator_0/fifo_generator_0/fifo_generator_0_in_context.xdc] for cell 'fifo'
Finished Parsing XDC File [/home/glen/Documents/AJC-Expleo/Travaux/Projet_CronerDetection/IP/AXI4_stream_Master/AXI4_stream_Master_24b/AXI4_stream_Master_24b.gen/sources_1/ip/fifo_generator_0/fifo_generator_0/fifo_generator_0_in_context.xdc] for cell 'fifo'
Completed Processing XDC Constraints

Netlist sorting complete. Time (s): cpu = 00:00:00 ; elapsed = 00:00:00 . Memory (MB): peak = 2459.645 ; gain = 0.000 ; free physical = 3873 ; free virtual = 12290
INFO: [Project 1-111] Unisim Transformation Summary:
No Unisim elements were transformed.

Constraint Validation Runtime : Time (s): cpu = 00:00:00 ; elapsed = 00:00:00 . Memory (MB): peak = 2459.645 ; gain = 0.000 ; free physical = 3873 ; free virtual = 12290
---------------------------------------------------------------------------------
Finished Constraint Validation : Time (s): cpu = 00:00:11 ; elapsed = 00:00:13 . Memory (MB): peak = 2459.645 ; gain = 64.855 ; free physical = 3947 ; free virtual = 12365
---------------------------------------------------------------------------------
---------------------------------------------------------------------------------
Start Loading Part and Timing Information
---------------------------------------------------------------------------------
Loading part: xc7z007sclg400-1
---------------------------------------------------------------------------------
Finished Loading Part and Timing Information : Time (s): cpu = 00:00:11 ; elapsed = 00:00:13 . Memory (MB): peak = 2459.645 ; gain = 64.855 ; free physical = 3947 ; free virtual = 12365
---------------------------------------------------------------------------------
---------------------------------------------------------------------------------
Start Applying 'set_property' XDC Constraints
---------------------------------------------------------------------------------
Applied set_property KEEP_HIERARCHY = SOFT for fifo. (constraint file  auto generated constraint).
---------------------------------------------------------------------------------
Finished applying 'set_property' XDC Constraints : Time (s): cpu = 00:00:11 ; elapsed = 00:00:14 . Memory (MB): peak = 2459.645 ; gain = 64.855 ; free physical = 3947 ; free virtual = 12365
---------------------------------------------------------------------------------
---------------------------------------------------------------------------------
Finished RTL Optimization Phase 2 : Time (s): cpu = 00:00:11 ; elapsed = 00:00:14 . Memory (MB): peak = 2459.645 ; gain = 64.855 ; free physical = 3956 ; free virtual = 12375
---------------------------------------------------------------------------------
---------------------------------------------------------------------------------
Start RTL Component Statistics 
---------------------------------------------------------------------------------
Detailed RTL Component Info : 
+---Adders : 
	   2 Input   31 Bit       Adders := 2     
+---Registers : 
	               31 Bit    Registers := 2     
+---Muxes : 
	   2 Input   31 Bit        Muxes := 2     
---------------------------------------------------------------------------------
Finished RTL Component Statistics 
---------------------------------------------------------------------------------
---------------------------------------------------------------------------------
Start Part Resource Summary
---------------------------------------------------------------------------------
Part Resources:
DSPs: 66 (col length:40)
BRAMs: 100 (col length: RAMB18 40 RAMB36 20)
---------------------------------------------------------------------------------
Finished Part Resource Summary
---------------------------------------------------------------------------------
---------------------------------------------------------------------------------
Start Cross Boundary and Area Optimization
---------------------------------------------------------------------------------
---------------------------------------------------------------------------------
Finished Cross Boundary and Area Optimization : Time (s): cpu = 00:00:13 ; elapsed = 00:00:15 . Memory (MB): peak = 2459.645 ; gain = 64.855 ; free physical = 3973 ; free virtual = 12395
---------------------------------------------------------------------------------
---------------------------------------------------------------------------------
Start Applying XDC Timing Constraints
---------------------------------------------------------------------------------
---------------------------------------------------------------------------------
Finished Applying XDC Timing Constraints : Time (s): cpu = 00:00:19 ; elapsed = 00:00:22 . Memory (MB): peak = 2459.645 ; gain = 64.855 ; free physical = 3989 ; free virtual = 12411
---------------------------------------------------------------------------------
---------------------------------------------------------------------------------
Start Timing Optimization
---------------------------------------------------------------------------------
---------------------------------------------------------------------------------
Finished Timing Optimization : Time (s): cpu = 00:00:19 ; elapsed = 00:00:22 . Memory (MB): peak = 2459.645 ; gain = 64.855 ; free physical = 3989 ; free virtual = 12411
---------------------------------------------------------------------------------
---------------------------------------------------------------------------------
Start Technology Mapping
---------------------------------------------------------------------------------
---------------------------------------------------------------------------------
Finished Technology Mapping : Time (s): cpu = 00:00:19 ; elapsed = 00:00:22 . Memory (MB): peak = 2459.645 ; gain = 64.855 ; free physical = 3966 ; free virtual = 12388
---------------------------------------------------------------------------------
---------------------------------------------------------------------------------
Start IO Insertion
---------------------------------------------------------------------------------
---------------------------------------------------------------------------------
Start Flattening Before IO Insertion
---------------------------------------------------------------------------------
---------------------------------------------------------------------------------
Finished Flattening Before IO Insertion
---------------------------------------------------------------------------------
---------------------------------------------------------------------------------
Start Final Netlist Cleanup
---------------------------------------------------------------------------------
---------------------------------------------------------------------------------
Finished Final Netlist Cleanup
---------------------------------------------------------------------------------
---------------------------------------------------------------------------------
Finished IO Insertion : Time (s): cpu = 00:00:22 ; elapsed = 00:00:25 . Memory (MB): peak = 2459.645 ; gain = 64.855 ; free physical = 4004 ; free virtual = 12426
---------------------------------------------------------------------------------
---------------------------------------------------------------------------------
Start Renaming Generated Instances
---------------------------------------------------------------------------------
---------------------------------------------------------------------------------
Finished Renaming Generated Instances : Time (s): cpu = 00:00:22 ; elapsed = 00:00:25 . Memory (MB): peak = 2459.645 ; gain = 64.855 ; free physical = 4004 ; free virtual = 12426
---------------------------------------------------------------------------------
---------------------------------------------------------------------------------
Start Rebuilding User Hierarchy
---------------------------------------------------------------------------------
---------------------------------------------------------------------------------
Finished Rebuilding User Hierarchy : Time (s): cpu = 00:00:22 ; elapsed = 00:00:25 . Memory (MB): peak = 2459.645 ; gain = 64.855 ; free physical = 4004 ; free virtual = 12426
---------------------------------------------------------------------------------
---------------------------------------------------------------------------------
Start Renaming Generated Ports
---------------------------------------------------------------------------------
---------------------------------------------------------------------------------
Finished Renaming Generated Ports : Time (s): cpu = 00:00:22 ; elapsed = 00:00:25 . Memory (MB): peak = 2459.645 ; gain = 64.855 ; free physical = 4004 ; free virtual = 12426
---------------------------------------------------------------------------------
---------------------------------------------------------------------------------
Start Handling Custom Attributes
---------------------------------------------------------------------------------
---------------------------------------------------------------------------------
Finished Handling Custom Attributes : Time (s): cpu = 00:00:22 ; elapsed = 00:00:25 . Memory (MB): peak = 2459.645 ; gain = 64.855 ; free physical = 4004 ; free virtual = 12426
---------------------------------------------------------------------------------
---------------------------------------------------------------------------------
Start Renaming Generated Nets
---------------------------------------------------------------------------------
---------------------------------------------------------------------------------
Finished Renaming Generated Nets : Time (s): cpu = 00:00:22 ; elapsed = 00:00:25 . Memory (MB): peak = 2459.645 ; gain = 64.855 ; free physical = 4004 ; free virtual = 12426
---------------------------------------------------------------------------------
---------------------------------------------------------------------------------
Start Writing Synthesis Report
---------------------------------------------------------------------------------

Report BlackBoxes: 
+------+-----------------+----------+
|      |BlackBox name    |Instances |
+------+-----------------+----------+
|1     |fifo_generator_0 |         1|
+------+-----------------+----------+

Report Cell Usage: 
+------+---------------+------+
|      |Cell           |Count |
+------+---------------+------+
|1     |fifo_generator |     1|
|2     |BUFG           |     1|
|3     |CARRY4         |    16|
|4     |LUT1           |     3|
|5     |LUT2           |     1|
|6     |LUT3           |     1|
|7     |LUT4           |    70|
|8     |LUT5           |     5|
|9     |LUT6           |     3|
|10    |FDCE           |    62|
|11    |IBUF           |    28|
|12    |OBUF           |    27|
+------+---------------+------+
---------------------------------------------------------------------------------
Finished Writing Synthesis Report : Time (s): cpu = 00:00:22 ; elapsed = 00:00:25 . Memory (MB): peak = 2459.645 ; gain = 64.855 ; free physical = 4004 ; free virtual = 12426
---------------------------------------------------------------------------------
Synthesis finished with 0 errors, 0 critical warnings and 0 warnings.
Synthesis Optimization Runtime : Time (s): cpu = 00:00:20 ; elapsed = 00:00:23 . Memory (MB): peak = 2459.645 ; gain = 0.000 ; free physical = 4053 ; free virtual = 12475
Synthesis Optimization Complete : Time (s): cpu = 00:00:22 ; elapsed = 00:00:25 . Memory (MB): peak = 2459.652 ; gain = 64.855 ; free physical = 4053 ; free virtual = 12475
INFO: [Project 1-571] Translating synthesized netlist
Netlist sorting complete. Time (s): cpu = 00:00:00 ; elapsed = 00:00:00 . Memory (MB): peak = 2459.652 ; gain = 0.000 ; free physical = 4134 ; free virtual = 12556
INFO: [Netlist 29-17] Analyzing 16 Unisim elements for replacement
INFO: [Netlist 29-28] Unisim Transformation completed in 0 CPU seconds
INFO: [Project 1-570] Preparing netlist for logic optimization
INFO: [Opt 31-138] Pushed 0 inverter(s) to 0 load pin(s).
Netlist sorting complete. Time (s): cpu = 00:00:00 ; elapsed = 00:00:00 . Memory (MB): peak = 2465.582 ; gain = 0.000 ; free physical = 4085 ; free virtual = 12507
INFO: [Project 1-111] Unisim Transformation Summary:
No Unisim elements were transformed.

INFO: [Common 17-83] Releasing license: Synthesis
19 Infos, 0 Warnings, 0 Critical Warnings and 0 Errors encountered.
synth_design completed successfully
synth_design: Time (s): cpu = 00:00:32 ; elapsed = 00:00:31 . Memory (MB): peak = 2465.582 ; gain = 70.793 ; free physical = 4161 ; free virtual = 12583
INFO: [Common 17-1381] The checkpoint '/home/glen/Documents/AJC-Expleo/Travaux/Projet_CronerDetection/IP/AXI4_stream_Master/AXI4_stream_Master_24b/AXI4_stream_Master_24b.runs/synth_1/AXI4_stream_Master.dcp' has been generated.
INFO: [runtcl-4] Executing : report_utilization -file AXI4_stream_Master_utilization_synth.rpt -pb AXI4_stream_Master_utilization_synth.pb
INFO: [Common 17-206] Exiting Vivado at Mon Sep  7 12:03:42 2026...
