
*** Running vivado
    with args -log design_1_ControleurVGA_v3_0_3.vds -m64 -product Vivado -mode batch -messageDb vivado.pb -notrace -source design_1_ControleurVGA_v3_0_3.tcl


****** Vivado v2020.2 (64-bit)
  **** SW Build 3064766 on Wed Nov 18 09:12:47 MST 2020
  **** IP Build 3064653 on Wed Nov 18 14:17:31 MST 2020
    ** Copyright 1986-2020 Xilinx, Inc. All Rights Reserved.

source design_1_ControleurVGA_v3_0_3.tcl -notrace
INFO: [IP_Flow 19-234] Refreshing IP repositories
INFO: [IP_Flow 19-1700] Loaded user IP repository '/home/glen/Documents/AJC-Expleo/Travaux/Projet_CronerDetection/IP'.
INFO: [IP_Flow 19-2313] Loaded Vivado IP repository '/media/glen/Crucial/Logiciels/Vivado/Vivado/2020.2/data/ip'.
WARNING: [IP_Flow 19-1663] Duplicate IP found for 'user.org:user:Commandes:1.0'. The one found in IP location '/home/glen/Documents/AJC-Expleo/Travaux/Projet_CronerDetection/IP/Commandes' will take precedence over the same IP in location /home/glen/Documents/AJC-Expleo/Travaux/Projet_CronerDetection/IP/Commandes/Commandes_1.0
Command: synth_design -top design_1_ControleurVGA_v3_0_3 -part xc7z007sclg400-1 -mode out_of_context
Starting synth_design
Attempting to get a license for feature 'Synthesis' and/or device 'xc7z007s'
INFO: [Common 17-349] Got license for feature 'Synthesis' and/or device 'xc7z007s'
INFO: [Device 21-403] Loading part xc7z007sclg400-1
INFO: [Synth 8-7079] Multithreading enabled for synth_design using a maximum of 4 processes.
INFO: [Synth 8-7078] Launching helper process for spawning children vivado processes
INFO: [Synth 8-7075] Helper process launched with PID 126281
---------------------------------------------------------------------------------
Starting RTL Elaboration : Time (s): cpu = 00:00:05 ; elapsed = 00:00:07 . Memory (MB): peak = 2379.887 ; gain = 0.000 ; free physical = 258 ; free virtual = 8933
---------------------------------------------------------------------------------
INFO: [Synth 8-638] synthesizing module 'design_1_ControleurVGA_v3_0_3' [/home/glen/Documents/AJC-Expleo/Travaux/Projet_CronerDetection/Architectures/TPG_RGBtoGray/TPG_RGBtoGray.gen/sources_1/bd/design_1/ip/design_1_ControleurVGA_v3_0_3/synth/design_1_ControleurVGA_v3_0_3.vhd:73]
INFO: [Synth 8-3491] module 'ControleurVGA' declared at '/home/glen/Documents/AJC-Expleo/Travaux/Projet_CronerDetection/Architectures/TPG_RGBtoGray/TPG_RGBtoGray.gen/sources_1/bd/design_1/ipshared/795b/src/ControleurVGA_v3.vhd:27' bound to instance 'U0' of component 'ControleurVGA' [/home/glen/Documents/AJC-Expleo/Travaux/Projet_CronerDetection/Architectures/TPG_RGBtoGray/TPG_RGBtoGray.gen/sources_1/bd/design_1/ip/design_1_ControleurVGA_v3_0_3/synth/design_1_ControleurVGA_v3_0_3.vhd:111]
INFO: [Synth 8-638] synthesizing module 'ControleurVGA' [/home/glen/Documents/AJC-Expleo/Travaux/Projet_CronerDetection/Architectures/TPG_RGBtoGray/TPG_RGBtoGray.gen/sources_1/bd/design_1/ipshared/795b/src/ControleurVGA_v3.vhd:45]
INFO: [Synth 8-256] done synthesizing module 'ControleurVGA' (1#1) [/home/glen/Documents/AJC-Expleo/Travaux/Projet_CronerDetection/Architectures/TPG_RGBtoGray/TPG_RGBtoGray.gen/sources_1/bd/design_1/ipshared/795b/src/ControleurVGA_v3.vhd:45]
INFO: [Synth 8-256] done synthesizing module 'design_1_ControleurVGA_v3_0_3' (2#1) [/home/glen/Documents/AJC-Expleo/Travaux/Projet_CronerDetection/Architectures/TPG_RGBtoGray/TPG_RGBtoGray.gen/sources_1/bd/design_1/ip/design_1_ControleurVGA_v3_0_3/synth/design_1_ControleurVGA_v3_0_3.vhd:73]
---------------------------------------------------------------------------------
Finished RTL Elaboration : Time (s): cpu = 00:00:06 ; elapsed = 00:00:08 . Memory (MB): peak = 2379.887 ; gain = 0.000 ; free physical = 898 ; free virtual = 9572
---------------------------------------------------------------------------------
---------------------------------------------------------------------------------
Start Handling Custom Attributes
---------------------------------------------------------------------------------
---------------------------------------------------------------------------------
Finished Handling Custom Attributes : Time (s): cpu = 00:00:07 ; elapsed = 00:00:09 . Memory (MB): peak = 2379.887 ; gain = 0.000 ; free physical = 888 ; free virtual = 9572
---------------------------------------------------------------------------------
---------------------------------------------------------------------------------
Finished RTL Optimization Phase 1 : Time (s): cpu = 00:00:07 ; elapsed = 00:00:09 . Memory (MB): peak = 2379.887 ; gain = 0.000 ; free physical = 888 ; free virtual = 9572
---------------------------------------------------------------------------------
Netlist sorting complete. Time (s): cpu = 00:00:00 ; elapsed = 00:00:00 . Memory (MB): peak = 2379.887 ; gain = 0.000 ; free physical = 888 ; free virtual = 9572
INFO: [Project 1-570] Preparing netlist for logic optimization

Processing XDC Constraints
Initializing timing engine
Completed Processing XDC Constraints

Netlist sorting complete. Time (s): cpu = 00:00:00 ; elapsed = 00:00:00 . Memory (MB): peak = 2467.742 ; gain = 0.000 ; free physical = 928 ; free virtual = 9604
INFO: [Project 1-111] Unisim Transformation Summary:
No Unisim elements were transformed.

Constraint Validation Runtime : Time (s): cpu = 00:00:00.02 ; elapsed = 00:00:00.03 . Memory (MB): peak = 2467.742 ; gain = 0.000 ; free physical = 928 ; free virtual = 9604
---------------------------------------------------------------------------------
Finished Constraint Validation : Time (s): cpu = 00:00:13 ; elapsed = 00:00:17 . Memory (MB): peak = 2467.742 ; gain = 87.855 ; free physical = 926 ; free virtual = 9659
---------------------------------------------------------------------------------
---------------------------------------------------------------------------------
Start Loading Part and Timing Information
---------------------------------------------------------------------------------
Loading part: xc7z007sclg400-1
---------------------------------------------------------------------------------
Finished Loading Part and Timing Information : Time (s): cpu = 00:00:13 ; elapsed = 00:00:17 . Memory (MB): peak = 2467.742 ; gain = 87.855 ; free physical = 925 ; free virtual = 9659
---------------------------------------------------------------------------------
---------------------------------------------------------------------------------
Start Applying 'set_property' XDC Constraints
---------------------------------------------------------------------------------
---------------------------------------------------------------------------------
Finished applying 'set_property' XDC Constraints : Time (s): cpu = 00:00:13 ; elapsed = 00:00:17 . Memory (MB): peak = 2467.742 ; gain = 87.855 ; free physical = 925 ; free virtual = 9661
---------------------------------------------------------------------------------
---------------------------------------------------------------------------------
Finished RTL Optimization Phase 2 : Time (s): cpu = 00:00:14 ; elapsed = 00:00:17 . Memory (MB): peak = 2467.742 ; gain = 87.855 ; free physical = 926 ; free virtual = 9690
---------------------------------------------------------------------------------
---------------------------------------------------------------------------------
Start RTL Component Statistics 
---------------------------------------------------------------------------------
Detailed RTL Component Info : 
+---Registers : 
	                4 Bit    Registers := 3     
	                1 Bit    Registers := 6     
+---Muxes : 
	   2 Input    4 Bit        Muxes := 3     
	   2 Input    1 Bit        Muxes := 2     
---------------------------------------------------------------------------------
Finished RTL Component Statistics 
---------------------------------------------------------------------------------
---------------------------------------------------------------------------------
Start Part Resource Summary
---------------------------------------------------------------------------------
Part Resources:
DSPs: 66 (col length:40)
BRAMs: 100 (col length: RAMB18 40 RAMB36 20)
---------------------------------------------------------------------------------
Finished Part Resource Summary
---------------------------------------------------------------------------------
---------------------------------------------------------------------------------
Start Cross Boundary and Area Optimization
---------------------------------------------------------------------------------
---------------------------------------------------------------------------------
Finished Cross Boundary and Area Optimization : Time (s): cpu = 00:00:15 ; elapsed = 00:00:18 . Memory (MB): peak = 2467.742 ; gain = 87.855 ; free physical = 978 ; free virtual = 9702
---------------------------------------------------------------------------------
---------------------------------------------------------------------------------
Start Applying XDC Timing Constraints
---------------------------------------------------------------------------------
---------------------------------------------------------------------------------
Finished Applying XDC Timing Constraints : Time (s): cpu = 00:00:22 ; elapsed = 00:00:26 . Memory (MB): peak = 2467.742 ; gain = 87.855 ; free physical = 692 ; free virtual = 9367
---------------------------------------------------------------------------------
---------------------------------------------------------------------------------
Start Timing Optimization
---------------------------------------------------------------------------------
---------------------------------------------------------------------------------
Finished Timing Optimization : Time (s): cpu = 00:00:22 ; elapsed = 00:00:26 . Memory (MB): peak = 2467.742 ; gain = 87.855 ; free physical = 692 ; free virtual = 9367
---------------------------------------------------------------------------------
---------------------------------------------------------------------------------
Start Technology Mapping
---------------------------------------------------------------------------------
---------------------------------------------------------------------------------
Finished Technology Mapping : Time (s): cpu = 00:00:22 ; elapsed = 00:00:26 . Memory (MB): peak = 2467.742 ; gain = 87.855 ; free physical = 659 ; free virtual = 9334
---------------------------------------------------------------------------------
---------------------------------------------------------------------------------
Start IO Insertion
---------------------------------------------------------------------------------
---------------------------------------------------------------------------------
Start Flattening Before IO Insertion
---------------------------------------------------------------------------------
---------------------------------------------------------------------------------
Finished Flattening Before IO Insertion
---------------------------------------------------------------------------------
---------------------------------------------------------------------------------
Start Final Netlist Cleanup
---------------------------------------------------------------------------------
---------------------------------------------------------------------------------
Finished Final Netlist Cleanup
---------------------------------------------------------------------------------
---------------------------------------------------------------------------------
Finished IO Insertion : Time (s): cpu = 00:00:26 ; elapsed = 00:00:30 . Memory (MB): peak = 2467.742 ; gain = 87.855 ; free physical = 787 ; free virtual = 9474
---------------------------------------------------------------------------------
---------------------------------------------------------------------------------
Start Renaming Generated Instances
---------------------------------------------------------------------------------
---------------------------------------------------------------------------------
Finished Renaming Generated Instances : Time (s): cpu = 00:00:26 ; elapsed = 00:00:30 . Memory (MB): peak = 2467.742 ; gain = 87.855 ; free physical = 787 ; free virtual = 9474
---------------------------------------------------------------------------------
---------------------------------------------------------------------------------
Start Rebuilding User Hierarchy
---------------------------------------------------------------------------------
---------------------------------------------------------------------------------
Finished Rebuilding User Hierarchy : Time (s): cpu = 00:00:26 ; elapsed = 00:00:30 . Memory (MB): peak = 2467.742 ; gain = 87.855 ; free physical = 787 ; free virtual = 9474
---------------------------------------------------------------------------------
---------------------------------------------------------------------------------
Start Renaming Generated Ports
---------------------------------------------------------------------------------
---------------------------------------------------------------------------------
Finished Renaming Generated Ports : Time (s): cpu = 00:00:26 ; elapsed = 00:00:30 . Memory (MB): peak = 2467.742 ; gain = 87.855 ; free physical = 787 ; free virtual = 9474
---------------------------------------------------------------------------------
---------------------------------------------------------------------------------
Start Handling Custom Attributes
---------------------------------------------------------------------------------
---------------------------------------------------------------------------------
Finished Handling Custom Attributes : Time (s): cpu = 00:00:26 ; elapsed = 00:00:30 . Memory (MB): peak = 2467.742 ; gain = 87.855 ; free physical = 787 ; free virtual = 9474
---------------------------------------------------------------------------------
---------------------------------------------------------------------------------
Start Renaming Generated Nets
---------------------------------------------------------------------------------
---------------------------------------------------------------------------------
Finished Renaming Generated Nets : Time (s): cpu = 00:00:26 ; elapsed = 00:00:30 . Memory (MB): peak = 2467.742 ; gain = 87.855 ; free physical = 787 ; free virtual = 9474
---------------------------------------------------------------------------------
---------------------------------------------------------------------------------
Start Writing Synthesis Report
---------------------------------------------------------------------------------

Report BlackBoxes: 
+-+--------------+----------+
| |BlackBox name |Instances |
+-+--------------+----------+
+-+--------------+----------+

Report Cell Usage: 
+------+-------+------+
|      |Cell   |Count |
+------+-------+------+
|1     |CARRY4 |    16|
|2     |LUT1   |     7|
|3     |LUT2   |    77|
|4     |LUT3   |     1|
|5     |LUT4   |    16|
|6     |LUT5   |     1|
|7     |LUT6   |     3|
|8     |FDCE   |    40|
|9     |FDPE   |     2|
+------+-------+------+
---------------------------------------------------------------------------------
Finished Writing Synthesis Report : Time (s): cpu = 00:00:26 ; elapsed = 00:00:30 . Memory (MB): peak = 2467.742 ; gain = 87.855 ; free physical = 787 ; free virtual = 9474
---------------------------------------------------------------------------------
Synthesis finished with 0 errors, 0 critical warnings and 0 warnings.
Synthesis Optimization Runtime : Time (s): cpu = 00:00:24 ; elapsed = 00:00:28 . Memory (MB): peak = 2467.742 ; gain = 0.000 ; free physical = 803 ; free virtual = 9489
Synthesis Optimization Complete : Time (s): cpu = 00:00:26 ; elapsed = 00:00:30 . Memory (MB): peak = 2467.750 ; gain = 87.855 ; free physical = 803 ; free virtual = 9489
INFO: [Project 1-571] Translating synthesized netlist
Netlist sorting complete. Time (s): cpu = 00:00:00.01 ; elapsed = 00:00:00 . Memory (MB): peak = 2467.750 ; gain = 0.000 ; free physical = 896 ; free virtual = 9582
INFO: [Netlist 29-17] Analyzing 16 Unisim elements for replacement
INFO: [Netlist 29-28] Unisim Transformation completed in 0 CPU seconds
INFO: [Project 1-570] Preparing netlist for logic optimization
INFO: [Opt 31-138] Pushed 0 inverter(s) to 0 load pin(s).
Netlist sorting complete. Time (s): cpu = 00:00:00 ; elapsed = 00:00:00 . Memory (MB): peak = 2467.750 ; gain = 0.000 ; free physical = 892 ; free virtual = 9580
INFO: [Project 1-111] Unisim Transformation Summary:
No Unisim elements were transformed.

INFO: [Common 17-83] Releasing license: Synthesis
22 Infos, 1 Warnings, 0 Critical Warnings and 0 Errors encountered.
synth_design completed successfully
synth_design: Time (s): cpu = 00:00:38 ; elapsed = 00:00:37 . Memory (MB): peak = 2467.750 ; gain = 87.863 ; free physical = 955 ; free virtual = 9635
INFO: [Common 17-1381] The checkpoint '/home/glen/Documents/AJC-Expleo/Travaux/Projet_CronerDetection/Architectures/TPG_RGBtoGray/TPG_RGBtoGray.runs/design_1_ControleurVGA_v3_0_3_synth_1/design_1_ControleurVGA_v3_0_3.dcp' has been generated.
WARNING: [Common 17-576] 'use_project_ipc' is deprecated. This option is deprecated and no longer used.
INFO: [Coretcl 2-1648] Added synthesis output to IP cache for IP design_1_ControleurVGA_v3_0_3, cache-ID = 339f620c45a950b4
INFO: [Common 17-1381] The checkpoint '/home/glen/Documents/AJC-Expleo/Travaux/Projet_CronerDetection/Architectures/TPG_RGBtoGray/TPG_RGBtoGray.runs/design_1_ControleurVGA_v3_0_3_synth_1/design_1_ControleurVGA_v3_0_3.dcp' has been generated.
INFO: [runtcl-4] Executing : report_utilization -file design_1_ControleurVGA_v3_0_3_utilization_synth.rpt -pb design_1_ControleurVGA_v3_0_3_utilization_synth.pb
INFO: [Common 17-206] Exiting Vivado at Mon Oct  5 16:50:46 2026...
