

================================================================
== Vitis HLS Report for 'DMA24b_mm2s_fetch'
================================================================
* Date:           Fri Sep 11 11:21:27 2026

* Version:        2024.2 (Build 5238294 on Nov  8 2024)
* Project:        DMA24b_mm2s_prj
* Solution:       solution1 (Vivado IP Flow Target)
* Product family: zynq
* Target device:  xc7z020-clg400-1


================================================================
== Performance Estimates
================================================================
+ Timing: 
    * Summary: 
    +--------+---------+----------+------------+
    |  Clock |  Target | Estimated| Uncertainty|
    +--------+---------+----------+------------+
    |ap_clk  |  6.66 ns|  5.579 ns|     1.80 ns|
    +--------+---------+----------+------------+

+ Latency: 
    * Summary: 
    +---------+---------+-----------+-----------+-----+---------+---------+
    |  Latency (cycles) |   Latency (absolute)  |    Interval   | Pipeline|
    |   min   |   max   |    min    |    max    | min |   max   |   Type  |
    +---------+---------+-----------+-----------+-----+---------+---------+
    |       11|  3112220|  73.260 ns|  20.727 ms|   11|  3112220|       no|
    +---------+---------+-----------+-----------+-----+---------+---------+

    + Detail: 
        * Instance: 
        N/A

        * Loop: 
        N/A

============================================================
+ Verbose Summary: Synthesis Manager
============================================================
InlineROM: 1
ExposeGlobal: 0
============================================================
+ Verbose Summary: CDFG Model
============================================================
IsTopModel: 0
ResetActiveHigh: 1
IsCombinational: 2
IsDatapathOnly: 0
HasWiredReturn: 1
HasMFsm: 0
HasVarLatency: 1
IsPipeline: 0
IsRtlPipelined: 0
IsInstanceOverlapped: 0
IsDontTouch: 0
HasImplIP: 0
IsGatedGlobalClock: 0


============================================================
+ Verbose Summary: Schedule
============================================================
* Number of FSM states : 8
* Pipeline : 0
* Dataflow Pipeline: 0

* FSM state transitions: 
1 --> 2 
2 --> 3 
3 --> 4 
4 --> 5 
5 --> 6 
6 --> 7 
7 --> 8 
8 --> 

* FSM state operations: 

State 1 <SV = 0> <Delay = 2.43>
ST_1 : Operation 9 [1/1] (0.00ns)   --->   "%img_h_read = read i12 @_ssdm_op_Read.ap_auto.i12, i12 %img_h"   --->   Operation 9 'read' 'img_h_read' <Predicate = true> <Delay = 0.00>
ST_1 : Operation 10 [1/1] (0.00ns)   --->   "%img_w_read = read i12 @_ssdm_op_Read.ap_auto.i12, i12 %img_w"   --->   Operation 10 'read' 'img_w_read' <Predicate = true> <Delay = 0.00>
ST_1 : Operation 11 [1/1] ( I:2.43ns O:2.43ns )   --->   "%write_ln0 = write void @_ssdm_op_Write.ap_fifo.i12P0A, i12 %image_h_c, i12 %img_h_read"   --->   Operation 11 'write' 'write_ln0' <Predicate = true> <Delay = 2.43> <CoreInst = "FIFO_SRL">   --->   Core 80 'FIFO_SRL' <Latency = 0> <II = 1> <Delay = 3.63> <Storage> <Opcode : 'read' 'write' 'nbread' 'nbwrite'> <Ports = 0> <Width = 12> <Depth = 2> <FIFO>
ST_1 : Operation 12 [1/1] ( I:2.43ns O:2.43ns )   --->   "%write_ln0 = write void @_ssdm_op_Write.ap_fifo.i12P0A, i12 %image_w_c, i12 %img_w_read"   --->   Operation 12 'write' 'write_ln0' <Predicate = true> <Delay = 2.43> <CoreInst = "FIFO_SRL">   --->   Core 80 'FIFO_SRL' <Latency = 0> <II = 1> <Delay = 3.63> <Storage> <Opcode : 'read' 'write' 'nbread' 'nbwrite'> <Ports = 0> <Width = 12> <Depth = 2> <FIFO>
ST_1 : Operation 13 [1/1] (0.00ns)   --->   "%tmp = partselect i8 @_ssdm_op_PartSelect.i8.i12.i32.i32, i12 %img_w_read, i32 4, i32 11" [../src/DMA24b_mm2s.cpp:12]   --->   Operation 13 'partselect' 'tmp' <Predicate = true> <Delay = 0.00>
ST_1 : Operation 14 [1/1] (0.00ns)   --->   "%zext_ln12 = zext i8 %tmp" [../src/DMA24b_mm2s.cpp:12]   --->   Operation 14 'zext' 'zext_ln12' <Predicate = true> <Delay = 0.00>
ST_1 : Operation 15 [1/1] (0.00ns)   --->   "%p_shl = bitconcatenate i10 @_ssdm_op_BitConcatenate.i10.i8.i2, i8 %tmp, i2 0" [../src/DMA24b_mm2s.cpp:12]   --->   Operation 15 'bitconcatenate' 'p_shl' <Predicate = true> <Delay = 0.00>
ST_1 : Operation 16 [1/1] (1.73ns)   --->   "%beats_per_line = sub i10 %p_shl, i10 %zext_ln12" [../src/DMA24b_mm2s.cpp:12]   --->   Operation 16 'sub' 'beats_per_line' <Predicate = true> <Delay = 1.73> <CoreInst = "Adder">   --->   Core 1 'Adder' <Latency = 0> <II = 1> <Delay = 1.73> <FuncUnit> <Opcode : 'add' 'sub'> <InPorts = 2> <OutPorts = 1>

State 2 <SV = 1> <Delay = 3.34>
ST_2 : Operation 17 [1/1] (0.00ns)   --->   "%zext_ln13 = zext i10 %beats_per_line" [../src/DMA24b_mm2s.cpp:13]   --->   Operation 17 'zext' 'zext_ln13' <Predicate = true> <Delay = 0.00>
ST_2 : Operation 18 [2/2] (3.34ns)   --->   "%mul_ln13 = mul i21 %zext_ln13, i21 1639" [../src/DMA24b_mm2s.cpp:13]   --->   Operation 18 'mul' 'mul_ln13' <Predicate = true> <Delay = 3.34> <CoreInst = "Multiplier">   --->   Core 3 'Multiplier' <Latency = 1> <II = 1> <Delay = 3.34> <FuncUnit> <Opcode : 'mul'> <InPorts = 2> <OutPorts = 1>
ST_2 : Operation 19 [1/1] (1.73ns)   --->   "%cmp32 = icmp_ugt  i10 %beats_per_line, i10 39" [../src/DMA24b_mm2s.cpp:12]   --->   Operation 19 'icmp' 'cmp32' <Predicate = true> <Delay = 1.73> <CoreInst = "Cmp">   --->   Core 9 'Cmp' <Latency = 0> <II = 1> <Delay = 1.73> <FuncUnit> <Opcode : 'seteq' 'setne' 'setle' 'setge' 'setlt' 'setgt'> <InPorts = 2> <OutPorts = 1>
ST_2 : Operation 20 [1/1] (0.00ns)   --->   "%fence_ln14 = fence void @_ssdm_op_Fence, i12 %image_h_c, i12 %image_w_c, i32 4294967295, i128 %mm_fifo" [../src/DMA24b_mm2s.cpp:14]   --->   Operation 20 'fence' 'fence_ln14' <Predicate = true> <Delay = 0.00>

State 3 <SV = 2> <Delay = 3.34>
ST_3 : Operation 21 [1/2] (3.34ns)   --->   "%mul_ln13 = mul i21 %zext_ln13, i21 1639" [../src/DMA24b_mm2s.cpp:13]   --->   Operation 21 'mul' 'mul_ln13' <Predicate = true> <Delay = 3.34> <CoreInst = "Multiplier">   --->   Core 3 'Multiplier' <Latency = 1> <II = 1> <Delay = 3.34> <FuncUnit> <Opcode : 'mul'> <InPorts = 2> <OutPorts = 1>
ST_3 : Operation 22 [1/1] (0.00ns)   --->   "%tmp_1 = partselect i5 @_ssdm_op_PartSelect.i5.i21.i32.i32, i21 %mul_ln13, i32 16, i32 20" [../src/DMA24b_mm2s.cpp:13]   --->   Operation 22 'partselect' 'tmp_1' <Predicate = true> <Delay = 0.00>

State 4 <SV = 3> <Delay = 2.41>
ST_4 : Operation 23 [1/1] (0.00ns)   --->   "%p_shl1 = bitconcatenate i10 @_ssdm_op_BitConcatenate.i10.i5.i5, i5 %tmp_1, i5 0" [../src/DMA24b_mm2s.cpp:13]   --->   Operation 23 'bitconcatenate' 'p_shl1' <Predicate = true> <Delay = 0.00>
ST_4 : Operation 24 [1/1] (0.00ns)   --->   "%tmp_2 = bitconcatenate i8 @_ssdm_op_BitConcatenate.i8.i5.i3, i5 %tmp_1, i3 0" [../src/DMA24b_mm2s.cpp:13]   --->   Operation 24 'bitconcatenate' 'tmp_2' <Predicate = true> <Delay = 0.00>
ST_4 : Operation 25 [1/1] (0.00ns)   --->   "%p_shl38 = zext i8 %tmp_2" [../src/DMA24b_mm2s.cpp:13]   --->   Operation 25 'zext' 'p_shl38' <Predicate = (cmp32)> <Delay = 0.00>
ST_4 : Operation 26 [1/1] (1.73ns)   --->   "%mul_ln14 = add i10 %p_shl1, i10 %p_shl38" [../src/DMA24b_mm2s.cpp:13]   --->   Operation 26 'add' 'mul_ln14' <Predicate = (cmp32)> <Delay = 1.73> <CoreInst = "Adder">   --->   Core 1 'Adder' <Latency = 0> <II = 1> <Delay = 1.73> <FuncUnit> <Opcode : 'add' 'sub'> <InPorts = 2> <OutPorts = 1>
ST_4 : Operation 27 [1/1] (0.68ns)   --->   "%empty = select i1 %cmp32, i10 %mul_ln14, i10 0" [../src/DMA24b_mm2s.cpp:12]   --->   Operation 27 'select' 'empty' <Predicate = true> <Delay = 0.68> <CoreInst = "Sel">   --->   Core 73 'Sel' <Latency = 0> <II = 1> <Delay = 0.68> <FuncUnit> <Opcode : 'select'> <InPorts = 3> <OutPorts = 1>
ST_4 : Operation 28 [1/1] (0.00ns)   --->   "%p_shl35 = zext i10 %p_shl1" [../src/DMA24b_mm2s.cpp:13]   --->   Operation 28 'zext' 'p_shl35' <Predicate = true> <Delay = 0.00>
ST_4 : Operation 29 [1/1] (0.00ns)   --->   "%p_shl36 = zext i8 %tmp_2" [../src/DMA24b_mm2s.cpp:13]   --->   Operation 29 'zext' 'p_shl36' <Predicate = true> <Delay = 0.00>
ST_4 : Operation 30 [1/1] (1.73ns)   --->   "%bound = add i11 %p_shl35, i11 %p_shl36" [../src/DMA24b_mm2s.cpp:13]   --->   Operation 30 'add' 'bound' <Predicate = true> <Delay = 1.73> <CoreInst = "Adder">   --->   Core 1 'Adder' <Latency = 0> <II = 1> <Delay = 1.73> <FuncUnit> <Opcode : 'add' 'sub'> <InPorts = 2> <OutPorts = 1>
ST_4 : Operation 31 [1/1] (0.00ns)   --->   "%empty_56 = trunc i11 %bound" [../src/DMA24b_mm2s.cpp:13]   --->   Operation 31 'trunc' 'empty_56' <Predicate = true> <Delay = 0.00>

State 5 <SV = 4> <Delay = 3.34>
ST_5 : Operation 32 [1/1] (0.00ns)   --->   "%img_h_cast = zext i12 %img_h_read"   --->   Operation 32 'zext' 'img_h_cast' <Predicate = true> <Delay = 0.00>
ST_5 : Operation 33 [1/1] (0.00ns)   --->   "%mul_ln14_1_cast = zext i11 %bound" [../src/DMA24b_mm2s.cpp:13]   --->   Operation 33 'zext' 'mul_ln14_1_cast' <Predicate = true> <Delay = 0.00>
ST_5 : Operation 34 [2/2] (3.34ns)   --->   "%bound4 = mul i22 %img_h_cast, i22 %mul_ln14_1_cast" [../src/DMA24b_mm2s.cpp:13]   --->   Operation 34 'mul' 'bound4' <Predicate = true> <Delay = 3.34> <CoreInst = "Multiplier">   --->   Core 3 'Multiplier' <Latency = 1> <II = 1> <Delay = 3.34> <FuncUnit> <Opcode : 'mul'> <InPorts = 2> <OutPorts = 1>

State 6 <SV = 5> <Delay = 3.34>
ST_6 : Operation 35 [1/2] (3.34ns)   --->   "%bound4 = mul i22 %img_h_cast, i22 %mul_ln14_1_cast" [../src/DMA24b_mm2s.cpp:13]   --->   Operation 35 'mul' 'bound4' <Predicate = true> <Delay = 3.34> <CoreInst = "Multiplier">   --->   Core 3 'Multiplier' <Latency = 1> <II = 1> <Delay = 3.34> <FuncUnit> <Opcode : 'mul'> <InPorts = 2> <OutPorts = 1>

State 7 <SV = 6> <Delay = 3.84>
ST_7 : Operation 36 [1/1] (0.00ns)   --->   "%mm_buffer_read = read i64 @_ssdm_op_Read.ap_auto.i64, i64 %mm_buffer"   --->   Operation 36 'read' 'mm_buffer_read' <Predicate = true> <Delay = 0.00>
ST_7 : Operation 37 [2/2] (3.84ns)   --->   "%call_ln13 = call void @DMA24b_mm2s_fetch_Pipeline_line_loop_burst_loop_beat_loop, i22 %bound4, i128 %mm_fifo, i10 %empty, i10 %empty_56, i64 %mm_buffer_read, i128 %gmem" [../src/DMA24b_mm2s.cpp:13]   --->   Operation 37 'call' 'call_ln13' <Predicate = true> <Delay = 3.84> <CoreType = "Generic">   --->   Generic Core

State 8 <SV = 7> <Delay = 0.00>
ST_8 : Operation 38 [1/1] (0.00ns)   --->   "%specinterface_ln0 = specinterface void @_ssdm_op_SpecInterface, i12 %image_h_c, void @ap_fifo_str, i32 0, i32 0, void @p_str, i32 0, i32 0, void @p_str, void @p_str, void @p_str, i32 2, i32 2, i32 16, i32 16, void @p_str, void @ScalarProp_str, i32 4294967295, i32 0, i32 0"   --->   Operation 38 'specinterface' 'specinterface_ln0' <Predicate = true> <Delay = 0.00>
ST_8 : Operation 39 [1/1] (0.00ns)   --->   "%specinterface_ln0 = specinterface void @_ssdm_op_SpecInterface, i12 %image_w_c, void @ap_fifo_str, i32 0, i32 0, void @p_str, i32 0, i32 0, void @p_str, void @p_str, void @p_str, i32 2, i32 2, i32 16, i32 16, void @p_str, void @ScalarProp_str, i32 4294967295, i32 0, i32 0"   --->   Operation 39 'specinterface' 'specinterface_ln0' <Predicate = true> <Delay = 0.00>
ST_8 : Operation 40 [1/1] (0.00ns)   --->   "%specinterface_ln0 = specinterface void @_ssdm_op_SpecInterface, i128 %mm_fifo, void @empty_2, i32 0, i32 0, void @empty_4, i32 0, i32 0, void @empty_4, void @empty_4, void @empty_4, i32 0, i32 0, i32 0, i32 0, void @empty_4, void @empty_4, i32 4294967295, i32 0, i32 0"   --->   Operation 40 'specinterface' 'specinterface_ln0' <Predicate = true> <Delay = 0.00>
ST_8 : Operation 41 [1/1] (0.00ns)   --->   "%specinterface_ln0 = specinterface void @_ssdm_op_SpecInterface, i128 %gmem, void @empty_0, i32 0, i32 0, void @empty_4, i32 0, i32 57600, void @empty_8, void @empty_7, void @empty_4, i32 16, i32 16, i32 64, i32 16, void @empty_4, void @empty_4, i32 4294967295, i32 0, i32 0"   --->   Operation 41 'specinterface' 'specinterface_ln0' <Predicate = true> <Delay = 0.00>
ST_8 : Operation 42 [1/2] (0.00ns)   --->   "%call_ln13 = call void @DMA24b_mm2s_fetch_Pipeline_line_loop_burst_loop_beat_loop, i22 %bound4, i128 %mm_fifo, i10 %empty, i10 %empty_56, i64 %mm_buffer_read, i128 %gmem" [../src/DMA24b_mm2s.cpp:13]   --->   Operation 42 'call' 'call_ln13' <Predicate = true> <Delay = 0.00> <CoreType = "Generic">   --->   Generic Core
ST_8 : Operation 43 [1/1] (0.00ns)   --->   "%ret_ln23 = ret" [../src/DMA24b_mm2s.cpp:23]   --->   Operation 43 'ret' 'ret_ln23' <Predicate = true> <Delay = 0.00>


============================================================
+ Verbose Summary: Timing violations
============================================================
Target clock period: 6.660ns, clock uncertainty: 1.798ns.

 <State 1>: 2.431ns
The critical path consists of the following:
	wire read operation ('img_h_read') on port 'img_h' [9]  (0.000 ns)
	fifo write operation ('write_ln0') on port 'image_h_c' [12]  (2.431 ns)

 <State 2>: 3.349ns
The critical path consists of the following:
	'mul' operation 21 bit ('mul_ln13', ../src/DMA24b_mm2s.cpp:13) [22]  (3.349 ns)

 <State 3>: 3.349ns
The critical path consists of the following:
	'mul' operation 21 bit ('mul_ln13', ../src/DMA24b_mm2s.cpp:13) [22]  (3.349 ns)

 <State 4>: 2.418ns
The critical path consists of the following:
	'add' operation 10 bit ('mul_ln14', ../src/DMA24b_mm2s.cpp:13) [28]  (1.731 ns)
	'select' operation 10 bit ('empty', ../src/DMA24b_mm2s.cpp:12) [29]  (0.687 ns)

 <State 5>: 3.349ns
The critical path consists of the following:
	'mul' operation 22 bit ('bound4', ../src/DMA24b_mm2s.cpp:13) [36]  (3.349 ns)

 <State 6>: 3.349ns
The critical path consists of the following:
	'mul' operation 22 bit ('bound4', ../src/DMA24b_mm2s.cpp:13) [36]  (3.349 ns)

 <State 7>: 3.843ns
The critical path consists of the following:
	wire read operation ('mm_buffer_read') on port 'mm_buffer' [11]  (0.000 ns)
	'call' operation 0 bit ('call_ln13', ../src/DMA24b_mm2s.cpp:13) to 'DMA24b_mm2s_fetch_Pipeline_line_loop_burst_loop_beat_loop' [38]  (3.843 ns)

 <State 8>: 0.000ns
The critical path consists of the following:


============================================================
+ Verbose Summary: Binding
============================================================
N/A
* FSMD analyzer results:
  - Output states:
 - Input state : 
  - Chain level:
	State 1
	State 2
	State 3
	State 4
	State 5
	State 6
	State 7
	State 8


============================================================
+ Verbose Summary: Datapath Resource usage 
============================================================
N/A
