

================================================================
== Vitis HLS Report for 'DMA24b_mm2s_streamout'
================================================================
* Date:           Fri Sep 11 11:21:28 2026

* Version:        2024.2 (Build 5238294 on Nov  8 2024)
* Project:        DMA24b_mm2s_prj
* Solution:       solution1 (Vivado IP Flow Target)
* Product family: zynq
* Target device:  xc7z020-clg400-1


================================================================
== Performance Estimates
================================================================
+ Timing: 
    * Summary: 
    +--------+---------+----------+------------+
    |  Clock |  Target | Estimated| Uncertainty|
    +--------+---------+----------+------------+
    |ap_clk  |  6.66 ns|  4.751 ns|     1.80 ns|
    +--------+---------+----------+------------+

+ Latency: 
    * Summary: 
    +---------+----------+-----------+-----------+-----+----------+---------+
    |  Latency (cycles)  |   Latency (absolute)  |    Interval    | Pipeline|
    |   min   |    max   |    min    |    max    | min |    max   |   Type  |
    +---------+----------+-----------+-----------+-----+----------+---------+
    |        5|  16707605|  33.300 ns|  0.111 sec|    5|  16707605|       no|
    +---------+----------+-----------+-----------+-----+----------+---------+

    + Detail: 
        * Instance: 
        N/A

        * Loop: 
        N/A

============================================================
+ Verbose Summary: Synthesis Manager
============================================================
InlineROM: 1
ExposeGlobal: 0
============================================================
+ Verbose Summary: CDFG Model
============================================================
IsTopModel: 0
ResetActiveHigh: 1
IsCombinational: 2
IsDatapathOnly: 0
HasWiredReturn: 1
HasMFsm: 0
HasVarLatency: 1
IsPipeline: 0
IsRtlPipelined: 0
IsInstanceOverlapped: 0
IsDontTouch: 0
HasImplIP: 0
IsGatedGlobalClock: 0


============================================================
+ Verbose Summary: Schedule
============================================================
* Number of FSM states : 4
* Pipeline : 0
* Dataflow Pipeline: 0

* FSM state transitions: 
1 --> 2 
2 --> 3 
3 --> 4 
4 --> 

* FSM state operations: 

State 1 <SV = 0> <Delay = 2.43>
ST_1 : Operation 5 [1/1] ( I:2.43ns O:2.43ns )   --->   "%img_h_1 = read i12 @_ssdm_op_Read.ap_fifo.i12P0A, i12 %img_h"   --->   Operation 5 'read' 'img_h_1' <Predicate = true> <Delay = 2.43> <CoreInst = "FIFO_SRL">   --->   Core 80 'FIFO_SRL' <Latency = 0> <II = 1> <Delay = 3.63> <Storage> <Opcode : 'read' 'write' 'nbread' 'nbwrite'> <Ports = 0> <Width = 12> <Depth = 2> <FIFO>
ST_1 : Operation 6 [1/1] ( I:2.43ns O:2.43ns )   --->   "%img_w_1 = read i12 @_ssdm_op_Read.ap_fifo.i12P0A, i12 %img_w"   --->   Operation 6 'read' 'img_w_1' <Predicate = true> <Delay = 2.43> <CoreInst = "FIFO_SRL">   --->   Core 80 'FIFO_SRL' <Latency = 0> <II = 1> <Delay = 3.63> <Storage> <Opcode : 'read' 'write' 'nbread' 'nbwrite'> <Ports = 0> <Width = 12> <Depth = 2> <FIFO>
ST_1 : Operation 7 [1/1] (0.00ns)   --->   "%tmp_s = partselect i8 @_ssdm_op_PartSelect.i8.i12.i32.i32, i12 %img_w_1, i32 4, i32 11" [../src/DMA24b_mm2s.cpp:37]   --->   Operation 7 'partselect' 'tmp_s' <Predicate = true> <Delay = 0.00>

State 2 <SV = 1> <Delay = 3.34>
ST_2 : Operation 8 [1/1] (0.00ns)   --->   "%img_h_1_cast = zext i12 %img_h_1"   --->   Operation 8 'zext' 'img_h_1_cast' <Predicate = true> <Delay = 0.00>
ST_2 : Operation 9 [1/1] (0.00ns)   --->   "%tmp_48_cast = zext i8 %tmp_s" [../src/DMA24b_mm2s.cpp:37]   --->   Operation 9 'zext' 'tmp_48_cast' <Predicate = true> <Delay = 0.00>
ST_2 : Operation 10 [2/2] (3.34ns)   --->   "%bound = mul i20 %img_h_1_cast, i20 %tmp_48_cast" [../src/DMA24b_mm2s.cpp:37]   --->   Operation 10 'mul' 'bound' <Predicate = true> <Delay = 3.34> <CoreInst = "Multiplier">   --->   Core 3 'Multiplier' <Latency = 1> <II = 1> <Delay = 3.34> <FuncUnit> <Opcode : 'mul'> <InPorts = 2> <OutPorts = 1>
ST_2 : Operation 11 [1/1] (0.00ns)   --->   "%fence_ln38 = fence void @_ssdm_op_Fence, i12 %img_h, i12 %img_w, i32 4294967295, i128 %mm_fifo, i24 %STR_video_out_V_data_V, i3 %STR_video_out_V_keep_V, i3 %STR_video_out_V_strb_V, i1 %STR_video_out_V_user_V, i1 %STR_video_out_V_last_V" [../src/DMA24b_mm2s.cpp:38]   --->   Operation 11 'fence' 'fence_ln38' <Predicate = true> <Delay = 0.00>

State 3 <SV = 2> <Delay = 3.34>
ST_3 : Operation 12 [1/1] (0.00ns)   --->   "%zext_ln37 = zext i8 %tmp_s" [../src/DMA24b_mm2s.cpp:37]   --->   Operation 12 'zext' 'zext_ln37' <Predicate = true> <Delay = 0.00>
ST_3 : Operation 13 [1/1] (1.91ns)   --->   "%last_i = add i9 %zext_ln37, i9 511" [../src/DMA24b_mm2s.cpp:37]   --->   Operation 13 'add' 'last_i' <Predicate = true> <Delay = 1.91> <CoreInst = "Adder">   --->   Core 1 'Adder' <Latency = 0> <II = 1> <Delay = 1.91> <FuncUnit> <Opcode : 'add' 'sub'> <InPorts = 2> <OutPorts = 1>
ST_3 : Operation 14 [1/2] (3.34ns)   --->   "%bound = mul i20 %img_h_1_cast, i20 %tmp_48_cast" [../src/DMA24b_mm2s.cpp:37]   --->   Operation 14 'mul' 'bound' <Predicate = true> <Delay = 3.34> <CoreInst = "Multiplier">   --->   Core 3 'Multiplier' <Latency = 1> <II = 1> <Delay = 3.34> <FuncUnit> <Opcode : 'mul'> <InPorts = 2> <OutPorts = 1>
ST_3 : Operation 15 [2/2] (0.00ns)   --->   "%call_ln37 = call void @DMA24b_mm2s_streamout_Pipeline_line_loop_group_loop, i9 %last_i, i20 %bound, i128 %mm_fifo, i24 %STR_video_out_V_data_V, i3 %STR_video_out_V_keep_V, i3 %STR_video_out_V_strb_V, i1 %STR_video_out_V_user_V, i1 %STR_video_out_V_last_V" [../src/DMA24b_mm2s.cpp:37]   --->   Operation 15 'call' 'call_ln37' <Predicate = true> <Delay = 0.00> <CoreType = "Generic">   --->   Generic Core

State 4 <SV = 3> <Delay = 4.06>
ST_4 : Operation 16 [1/1] (0.00ns)   --->   "%specinterface_ln0 = specinterface void @_ssdm_op_SpecInterface, i12 %img_h, void @ap_fifo_str, i32 0, i32 0, void @p_str, i32 0, i32 0, void @p_str, void @p_str, void @p_str, i32 2, i32 2, i32 16, i32 16, void @p_str, void @ScalarProp_str, i32 4294967295, i32 0, i32 0"   --->   Operation 16 'specinterface' 'specinterface_ln0' <Predicate = true> <Delay = 0.00>
ST_4 : Operation 17 [1/1] (0.00ns)   --->   "%specinterface_ln0 = specinterface void @_ssdm_op_SpecInterface, i12 %img_w, void @ap_fifo_str, i32 0, i32 0, void @p_str, i32 0, i32 0, void @p_str, void @p_str, void @p_str, i32 2, i32 2, i32 16, i32 16, void @p_str, void @ScalarProp_str, i32 4294967295, i32 0, i32 0"   --->   Operation 17 'specinterface' 'specinterface_ln0' <Predicate = true> <Delay = 0.00>
ST_4 : Operation 18 [1/1] (0.00ns)   --->   "%specaxissidechannel_ln0 = specaxissidechannel void @_ssdm_op_SpecAXISSideChannel, i24 %STR_video_out_V_data_V, i3 %STR_video_out_V_keep_V, i3 %STR_video_out_V_strb_V, i1 %STR_video_out_V_user_V, i1 %STR_video_out_V_last_V, i1 0, i1 0, void @empty_1"   --->   Operation 18 'specaxissidechannel' 'specaxissidechannel_ln0' <Predicate = true> <Delay = 0.00>
ST_4 : Operation 19 [1/1] (0.00ns)   --->   "%specinterface_ln0 = specinterface void @_ssdm_op_SpecInterface, i128 %mm_fifo, void @empty_2, i32 0, i32 0, void @empty_4, i32 0, i32 0, void @empty_4, void @empty_4, void @empty_4, i32 0, i32 0, i32 0, i32 0, void @empty_4, void @empty_4, i32 4294967295, i32 0, i32 0"   --->   Operation 19 'specinterface' 'specinterface_ln0' <Predicate = true> <Delay = 0.00>
ST_4 : Operation 20 [1/1] (0.00ns)   --->   "%specinterface_ln0 = specinterface void @_ssdm_op_SpecInterface, i24 %STR_video_out_V_data_V, i3 %STR_video_out_V_keep_V, i3 %STR_video_out_V_strb_V, i1 %STR_video_out_V_user_V, i1 %STR_video_out_V_last_V, void @empty_9, i32 0, i32 0, void @empty_5, i32 0, i32 0, void @empty_4, void @empty_4, void @empty_4, i32 0, i32 0, i32 0, i32 0, void @empty_4, void @empty_4, i32 4294967295, i32 0, i32 0"   --->   Operation 20 'specinterface' 'specinterface_ln0' <Predicate = true> <Delay = 0.00>
ST_4 : Operation 21 [1/2] (4.06ns)   --->   "%call_ln37 = call void @DMA24b_mm2s_streamout_Pipeline_line_loop_group_loop, i9 %last_i, i20 %bound, i128 %mm_fifo, i24 %STR_video_out_V_data_V, i3 %STR_video_out_V_keep_V, i3 %STR_video_out_V_strb_V, i1 %STR_video_out_V_user_V, i1 %STR_video_out_V_last_V" [../src/DMA24b_mm2s.cpp:37]   --->   Operation 21 'call' 'call_ln37' <Predicate = true> <Delay = 4.06> <CoreType = "Generic">   --->   Generic Core
ST_4 : Operation 22 [1/1] (0.00ns)   --->   "%ret_ln56 = ret" [../src/DMA24b_mm2s.cpp:56]   --->   Operation 22 'ret' 'ret_ln56' <Predicate = true> <Delay = 0.00>


============================================================
+ Verbose Summary: Timing violations
============================================================
Target clock period: 6.660ns, clock uncertainty: 1.798ns.

 <State 1>: 2.431ns
The critical path consists of the following:
	fifo read operation ('img_h') on port 'img_h' [10]  (2.431 ns)

 <State 2>: 3.349ns
The critical path consists of the following:
	'mul' operation 20 bit ('bound', ../src/DMA24b_mm2s.cpp:37) [21]  (3.349 ns)

 <State 3>: 3.349ns
The critical path consists of the following:
	'mul' operation 20 bit ('bound', ../src/DMA24b_mm2s.cpp:37) [21]  (3.349 ns)

 <State 4>: 4.060ns
The critical path consists of the following:
	'call' operation 0 bit ('call_ln37', ../src/DMA24b_mm2s.cpp:37) to 'DMA24b_mm2s_streamout_Pipeline_line_loop_group_loop' [23]  (4.060 ns)


============================================================
+ Verbose Summary: Binding
============================================================
N/A
* FSMD analyzer results:
  - Output states:
 - Input state : 
  - Chain level:
	State 1
	State 2
	State 3
	State 4


============================================================
+ Verbose Summary: Datapath Resource usage 
============================================================
N/A
