

================================================================
== Vitis HLS Report for 'DMA24b_mm2s_fetch'
================================================================
* Date:           Fri Sep 11 11:21:27 2026

* Version:        2024.2 (Build 5238294 on Nov  8 2024)
* Project:        DMA24b_mm2s_prj
* Solution:       solution1 (Vivado IP Flow Target)
* Product family: zynq
* Target device:  xc7z020-clg400-1


================================================================
== Performance Estimates
================================================================
+ Timing: 
    * Summary: 
    +--------+---------+----------+------------+
    |  Clock |  Target | Estimated| Uncertainty|
    +--------+---------+----------+------------+
    |ap_clk  |  6.66 ns|  5.579 ns|     1.80 ns|
    +--------+---------+----------+------------+

+ Latency: 
    * Summary: 
    +---------+---------+-----------+-----------+-----+---------+---------+
    |  Latency (cycles) |   Latency (absolute)  |    Interval   | Pipeline|
    |   min   |   max   |    min    |    max    | min |   max   |   Type  |
    +---------+---------+-----------+-----------+-----+---------+---------+
    |       11|  3112220|  73.260 ns|  20.727 ms|   11|  3112220|       no|
    +---------+---------+-----------+-----------+-----+---------+---------+

    + Detail: 
        * Instance: 
        +----------------------------------------------------------------------+-----------------------------------------------------------+---------+---------+-----------+-----------+-----+---------+------------------------------------------------+
        |                                                                      |                                                           |  Latency (cycles) |   Latency (absolute)  |    Interval   |                    Pipeline                    |
        |                               Instance                               |                           Module                          |   min   |   max   |    min    |    max    | min |   max   |                      Type                      |
        +----------------------------------------------------------------------+-----------------------------------------------------------+---------+---------+-----------+-----------+-----+---------+------------------------------------------------+
        |grp_DMA24b_mm2s_fetch_Pipeline_line_loop_burst_loop_beat_loop_fu_116  |DMA24b_mm2s_fetch_Pipeline_line_loop_burst_loop_beat_loop  |        4|  3112213|  26.640 ns|  20.727 ms|    1|  3112201|  loop auto-rewind stp (delay=0 clock cycles(s))|
        +----------------------------------------------------------------------+-----------------------------------------------------------+---------+---------+-----------+-----------+-----+---------+------------------------------------------------+

        * Loop: 
        N/A

============================================================
+ Verbose Summary: Synthesis Manager
============================================================
InlineROM: 1
ExposeGlobal: 0
============================================================
+ Verbose Summary: CDFG Model
============================================================
IsTopModel: 0
ResetActiveHigh: 1
IsCombinational: 2
IsDatapathOnly: 0
HasWiredReturn: 1
HasMFsm: 0
HasVarLatency: 1
IsPipeline: 0
IsRtlPipelined: 0
IsInstanceOverlapped: 0
IsDontTouch: 0
HasImplIP: 0
IsGatedGlobalClock: 0


============================================================
+ Verbose Summary: Schedule
============================================================
* Number of FSM states : 8
* Pipeline : 0
* Dataflow Pipeline: 0

* FSM state transitions: 
1 --> 2 
2 --> 3 
3 --> 4 
4 --> 5 
5 --> 6 
6 --> 7 
7 --> 8 
8 --> 

* FSM state operations: 

State 1 <SV = 0> <Delay = 2.43>
ST_1 : Operation 9 [1/1] (0.00ns)   --->   "%img_h_read = read i12 @_ssdm_op_Read.ap_auto.i12, i12 %img_h"   --->   Operation 9 'read' 'img_h_read' <Predicate = true> <Delay = 0.00>
ST_1 : Operation 10 [1/1] (0.00ns)   --->   "%img_w_read = read i12 @_ssdm_op_Read.ap_auto.i12, i12 %img_w"   --->   Operation 10 'read' 'img_w_read' <Predicate = true> <Delay = 0.00>
ST_1 : Operation 11 [1/1] ( I:2.43ns O:2.43ns )   --->   "%write_ln0 = write void @_ssdm_op_Write.ap_fifo.i12P0A, i12 %image_h_c, i12 %img_h_read"   --->   Operation 11 'write' 'write_ln0' <Predicate = true> <Delay = 2.43> <CoreInst = "FIFO_SRL">   --->   Core 80 'FIFO_SRL' <Latency = 0> <II = 1> <Delay = 3.63> <Storage> <Opcode : 'read' 'write' 'nbread' 'nbwrite'> <Ports = 0> <Width = 12> <Depth = 2> <FIFO>
ST_1 : Operation 12 [1/1] ( I:2.43ns O:2.43ns )   --->   "%write_ln0 = write void @_ssdm_op_Write.ap_fifo.i12P0A, i12 %image_w_c, i12 %img_w_read"   --->   Operation 12 'write' 'write_ln0' <Predicate = true> <Delay = 2.43> <CoreInst = "FIFO_SRL">   --->   Core 80 'FIFO_SRL' <Latency = 0> <II = 1> <Delay = 3.63> <Storage> <Opcode : 'read' 'write' 'nbread' 'nbwrite'> <Ports = 0> <Width = 12> <Depth = 2> <FIFO>
ST_1 : Operation 13 [1/1] (0.00ns)   --->   "%tmp = partselect i8 @_ssdm_op_PartSelect.i8.i12.i32.i32, i12 %img_w_read, i32 4, i32 11" [../src/DMA24b_mm2s.cpp:12]   --->   Operation 13 'partselect' 'tmp' <Predicate = true> <Delay = 0.00>
ST_1 : Operation 14 [1/1] (0.00ns)   --->   "%zext_ln12 = zext i8 %tmp" [../src/DMA24b_mm2s.cpp:12]   --->   Operation 14 'zext' 'zext_ln12' <Predicate = true> <Delay = 0.00>
ST_1 : Operation 15 [1/1] (0.00ns)   --->   "%p_shl = bitconcatenate i10 @_ssdm_op_BitConcatenate.i10.i8.i2, i8 %tmp, i2 0" [../src/DMA24b_mm2s.cpp:12]   --->   Operation 15 'bitconcatenate' 'p_shl' <Predicate = true> <Delay = 0.00>
ST_1 : Operation 16 [1/1] (1.73ns)   --->   "%beats_per_line = sub i10 %p_shl, i10 %zext_ln12" [../src/DMA24b_mm2s.cpp:12]   --->   Operation 16 'sub' 'beats_per_line' <Predicate = true> <Delay = 1.73> <CoreInst = "Adder">   --->   Core 1 'Adder' <Latency = 0> <II = 1> <Delay = 1.73> <FuncUnit> <Opcode : 'add' 'sub'> <InPorts = 2> <OutPorts = 1>

State 2 <SV = 1> <Delay = 3.34>
ST_2 : Operation 17 [1/1] (0.00ns)   --->   "%zext_ln13 = zext i10 %beats_per_line" [../src/DMA24b_mm2s.cpp:13]   --->   Operation 17 'zext' 'zext_ln13' <Predicate = true> <Delay = 0.00>
ST_2 : Operation 18 [2/2] (3.34ns)   --->   "%mul_ln13 = mul i21 %zext_ln13, i21 1639" [../src/DMA24b_mm2s.cpp:13]   --->   Operation 18 'mul' 'mul_ln13' <Predicate = true> <Delay = 3.34> <CoreInst = "Multiplier">   --->   Core 3 'Multiplier' <Latency = 1> <II = 1> <Delay = 3.34> <FuncUnit> <Opcode : 'mul'> <InPorts = 2> <OutPorts = 1>
ST_2 : Operation 19 [1/1] (1.73ns)   --->   "%cmp32 = icmp_ugt  i10 %beats_per_line, i10 39" [../src/DMA24b_mm2s.cpp:12]   --->   Operation 19 'icmp' 'cmp32' <Predicate = true> <Delay = 1.73> <CoreInst = "Cmp">   --->   Core 9 'Cmp' <Latency = 0> <II = 1> <Delay = 1.73> <FuncUnit> <Opcode : 'seteq' 'setne' 'setle' 'setge' 'setlt' 'setgt'> <InPorts = 2> <OutPorts = 1>
ST_2 : Operation 20 [1/1] (0.00ns)   --->   "%fence_ln14 = fence void @_ssdm_op_Fence, i12 %image_h_c, i12 %image_w_c, i32 4294967295, i128 %mm_fifo" [../src/DMA24b_mm2s.cpp:14]   --->   Operation 20 'fence' 'fence_ln14' <Predicate = true> <Delay = 0.00>

State 3 <SV = 2> <Delay = 3.34>
ST_3 : Operation 21 [1/2] (3.34ns)   --->   "%mul_ln13 = mul i21 %zext_ln13, i21 1639" [../src/DMA24b_mm2s.cpp:13]   --->   Operation 21 'mul' 'mul_ln13' <Predicate = true> <Delay = 3.34> <CoreInst = "Multiplier">   --->   Core 3 'Multiplier' <Latency = 1> <II = 1> <Delay = 3.34> <FuncUnit> <Opcode : 'mul'> <InPorts = 2> <OutPorts = 1>
ST_3 : Operation 22 [1/1] (0.00ns)   --->   "%tmp_1 = partselect i5 @_ssdm_op_PartSelect.i5.i21.i32.i32, i21 %mul_ln13, i32 16, i32 20" [../src/DMA24b_mm2s.cpp:13]   --->   Operation 22 'partselect' 'tmp_1' <Predicate = true> <Delay = 0.00>

State 4 <SV = 3> <Delay = 2.41>
ST_4 : Operation 23 [1/1] (0.00ns)   --->   "%p_shl1 = bitconcatenate i10 @_ssdm_op_BitConcatenate.i10.i5.i5, i5 %tmp_1, i5 0" [../src/DMA24b_mm2s.cpp:13]   --->   Operation 23 'bitconcatenate' 'p_shl1' <Predicate = true> <Delay = 0.00>
ST_4 : Operation 24 [1/1] (0.00ns)   --->   "%tmp_2 = bitconcatenate i8 @_ssdm_op_BitConcatenate.i8.i5.i3, i5 %tmp_1, i3 0" [../src/DMA24b_mm2s.cpp:13]   --->   Operation 24 'bitconcatenate' 'tmp_2' <Predicate = true> <Delay = 0.00>
ST_4 : Operation 25 [1/1] (0.00ns)   --->   "%p_shl38 = zext i8 %tmp_2" [../src/DMA24b_mm2s.cpp:13]   --->   Operation 25 'zext' 'p_shl38' <Predicate = (cmp32)> <Delay = 0.00>
ST_4 : Operation 26 [1/1] (1.73ns)   --->   "%mul_ln14 = add i10 %p_shl1, i10 %p_shl38" [../src/DMA24b_mm2s.cpp:13]   --->   Operation 26 'add' 'mul_ln14' <Predicate = (cmp32)> <Delay = 1.73> <CoreInst = "Adder">   --->   Core 1 'Adder' <Latency = 0> <II = 1> <Delay = 1.73> <FuncUnit> <Opcode : 'add' 'sub'> <InPorts = 2> <OutPorts = 1>
ST_4 : Operation 27 [1/1] (0.68ns)   --->   "%empty = select i1 %cmp32, i10 %mul_ln14, i10 0" [../src/DMA24b_mm2s.cpp:12]   --->   Operation 27 'select' 'empty' <Predicate = true> <Delay = 0.68> <CoreInst = "Sel">   --->   Core 73 'Sel' <Latency = 0> <II = 1> <Delay = 0.68> <FuncUnit> <Opcode : 'select'> <InPorts = 3> <OutPorts = 1>
ST_4 : Operation 28 [1/1] (0.00ns)   --->   "%p_shl35 = zext i10 %p_shl1" [../src/DMA24b_mm2s.cpp:13]   --->   Operation 28 'zext' 'p_shl35' <Predicate = true> <Delay = 0.00>
ST_4 : Operation 29 [1/1] (0.00ns)   --->   "%p_shl36 = zext i8 %tmp_2" [../src/DMA24b_mm2s.cpp:13]   --->   Operation 29 'zext' 'p_shl36' <Predicate = true> <Delay = 0.00>
ST_4 : Operation 30 [1/1] (1.73ns)   --->   "%bound = add i11 %p_shl35, i11 %p_shl36" [../src/DMA24b_mm2s.cpp:13]   --->   Operation 30 'add' 'bound' <Predicate = true> <Delay = 1.73> <CoreInst = "Adder">   --->   Core 1 'Adder' <Latency = 0> <II = 1> <Delay = 1.73> <FuncUnit> <Opcode : 'add' 'sub'> <InPorts = 2> <OutPorts = 1>
ST_4 : Operation 31 [1/1] (0.00ns)   --->   "%empty_56 = trunc i11 %bound" [../src/DMA24b_mm2s.cpp:13]   --->   Operation 31 'trunc' 'empty_56' <Predicate = true> <Delay = 0.00>

State 5 <SV = 4> <Delay = 3.34>
ST_5 : Operation 32 [1/1] (0.00ns)   --->   "%img_h_cast = zext i12 %img_h_read"   --->   Operation 32 'zext' 'img_h_cast' <Predicate = true> <Delay = 0.00>
ST_5 : Operation 33 [1/1] (0.00ns)   --->   "%mul_ln14_1_cast = zext i11 %bound" [../src/DMA24b_mm2s.cpp:13]   --->   Operation 33 'zext' 'mul_ln14_1_cast' <Predicate = true> <Delay = 0.00>
ST_5 : Operation 34 [2/2] (3.34ns)   --->   "%bound4 = mul i22 %img_h_cast, i22 %mul_ln14_1_cast" [../src/DMA24b_mm2s.cpp:13]   --->   Operation 34 'mul' 'bound4' <Predicate = true> <Delay = 3.34> <CoreInst = "Multiplier">   --->   Core 3 'Multiplier' <Latency = 1> <II = 1> <Delay = 3.34> <FuncUnit> <Opcode : 'mul'> <InPorts = 2> <OutPorts = 1>

State 6 <SV = 5> <Delay = 3.34>
ST_6 : Operation 35 [1/2] (3.34ns)   --->   "%bound4 = mul i22 %img_h_cast, i22 %mul_ln14_1_cast" [../src/DMA24b_mm2s.cpp:13]   --->   Operation 35 'mul' 'bound4' <Predicate = true> <Delay = 3.34> <CoreInst = "Multiplier">   --->   Core 3 'Multiplier' <Latency = 1> <II = 1> <Delay = 3.34> <FuncUnit> <Opcode : 'mul'> <InPorts = 2> <OutPorts = 1>

State 7 <SV = 6> <Delay = 3.84>
ST_7 : Operation 36 [1/1] (0.00ns)   --->   "%mm_buffer_read = read i64 @_ssdm_op_Read.ap_auto.i64, i64 %mm_buffer"   --->   Operation 36 'read' 'mm_buffer_read' <Predicate = true> <Delay = 0.00>
ST_7 : Operation 37 [2/2] (3.84ns)   --->   "%call_ln13 = call void @DMA24b_mm2s_fetch_Pipeline_line_loop_burst_loop_beat_loop, i22 %bound4, i128 %mm_fifo, i10 %empty, i10 %empty_56, i64 %mm_buffer_read, i128 %gmem" [../src/DMA24b_mm2s.cpp:13]   --->   Operation 37 'call' 'call_ln13' <Predicate = true> <Delay = 3.84> <CoreType = "Generic">   --->   Generic Core

State 8 <SV = 7> <Delay = 0.00>
ST_8 : Operation 38 [1/1] (0.00ns)   --->   "%specinterface_ln0 = specinterface void @_ssdm_op_SpecInterface, i12 %image_h_c, void @ap_fifo_str, i32 0, i32 0, void @p_str, i32 0, i32 0, void @p_str, void @p_str, void @p_str, i32 2, i32 2, i32 16, i32 16, void @p_str, void @ScalarProp_str, i32 4294967295, i32 0, i32 0"   --->   Operation 38 'specinterface' 'specinterface_ln0' <Predicate = true> <Delay = 0.00>
ST_8 : Operation 39 [1/1] (0.00ns)   --->   "%specinterface_ln0 = specinterface void @_ssdm_op_SpecInterface, i12 %image_w_c, void @ap_fifo_str, i32 0, i32 0, void @p_str, i32 0, i32 0, void @p_str, void @p_str, void @p_str, i32 2, i32 2, i32 16, i32 16, void @p_str, void @ScalarProp_str, i32 4294967295, i32 0, i32 0"   --->   Operation 39 'specinterface' 'specinterface_ln0' <Predicate = true> <Delay = 0.00>
ST_8 : Operation 40 [1/1] (0.00ns)   --->   "%specinterface_ln0 = specinterface void @_ssdm_op_SpecInterface, i128 %mm_fifo, void @empty_2, i32 0, i32 0, void @empty_4, i32 0, i32 0, void @empty_4, void @empty_4, void @empty_4, i32 0, i32 0, i32 0, i32 0, void @empty_4, void @empty_4, i32 4294967295, i32 0, i32 0"   --->   Operation 40 'specinterface' 'specinterface_ln0' <Predicate = true> <Delay = 0.00>
ST_8 : Operation 41 [1/1] (0.00ns)   --->   "%specinterface_ln0 = specinterface void @_ssdm_op_SpecInterface, i128 %gmem, void @empty_0, i32 0, i32 0, void @empty_4, i32 0, i32 57600, void @empty_8, void @empty_7, void @empty_4, i32 16, i32 16, i32 64, i32 16, void @empty_4, void @empty_4, i32 4294967295, i32 0, i32 0"   --->   Operation 41 'specinterface' 'specinterface_ln0' <Predicate = true> <Delay = 0.00>
ST_8 : Operation 42 [1/2] (0.00ns)   --->   "%call_ln13 = call void @DMA24b_mm2s_fetch_Pipeline_line_loop_burst_loop_beat_loop, i22 %bound4, i128 %mm_fifo, i10 %empty, i10 %empty_56, i64 %mm_buffer_read, i128 %gmem" [../src/DMA24b_mm2s.cpp:13]   --->   Operation 42 'call' 'call_ln13' <Predicate = true> <Delay = 0.00> <CoreType = "Generic">   --->   Generic Core
ST_8 : Operation 43 [1/1] (0.00ns)   --->   "%ret_ln23 = ret" [../src/DMA24b_mm2s.cpp:23]   --->   Operation 43 'ret' 'ret_ln23' <Predicate = true> <Delay = 0.00>


============================================================
+ Verbose Summary: Binding
============================================================
STG Binding: 
---------------- STG Properties BEGIN ----------------
- Is combinational: 0
- Is one-state seq: 0
- Is datapath-only: 0
- Is pipelined: 0
- Is top level: 0
Port [ Return ] is wired: 1; IO mode=ap_ctrl_hs:ce=0
Port [ gmem]:  wired=1; compound=1; hidden=0; nouse=0; global=0; static=0; extern=0; dir=0; type=4; pingpong=0; private_global=0; IO mode=m_axi:ce=0
Port [ mm_buffer]:  wired=1; compound=0; hidden=0; nouse=0; global=0; static=0; extern=0; dir=0; type=0; pingpong=0; private_global=0; IO mode=ap_none:ce=0
Port [ mm_fifo]:  wired=1; compound=1; hidden=0; nouse=0; global=0; static=0; extern=0; dir=1; type=3; pingpong=0; private_global=0; IO mode=ap_fifo:ce=0
Port [ img_w]:  wired=1; compound=0; hidden=0; nouse=0; global=0; static=0; extern=0; dir=0; type=0; pingpong=0; private_global=0; IO mode=ap_none:ce=0
Port [ img_h]:  wired=1; compound=0; hidden=0; nouse=0; global=0; static=0; extern=0; dir=0; type=0; pingpong=0; private_global=0; IO mode=ap_none:ce=0
Port [ image_w_c]:  wired=1; compound=1; hidden=0; nouse=0; global=0; static=0; extern=0; dir=1; type=3; pingpong=0; private_global=0; IO mode=ap_fifo:ce=0
Port [ image_h_c]:  wired=1; compound=1; hidden=0; nouse=0; global=0; static=0; extern=0; dir=1; type=3; pingpong=0; private_global=0; IO mode=ap_fifo:ce=0
---------------- STG Properties END ------------------

---------------- Datapath Model BEGIN ----------------

<LifeTime>
<method=bitvector/>
img_h_read        (read          ) [ 001111000]
img_w_read        (read          ) [ 000000000]
write_ln0         (write         ) [ 000000000]
write_ln0         (write         ) [ 000000000]
tmp               (partselect    ) [ 000000000]
zext_ln12         (zext          ) [ 000000000]
p_shl             (bitconcatenate) [ 000000000]
beats_per_line    (sub           ) [ 001000000]
zext_ln13         (zext          ) [ 000100000]
cmp32             (icmp          ) [ 000110000]
fence_ln14        (fence         ) [ 000000000]
mul_ln13          (mul           ) [ 000000000]
tmp_1             (partselect    ) [ 000010000]
p_shl1            (bitconcatenate) [ 000000000]
tmp_2             (bitconcatenate) [ 000000000]
p_shl38           (zext          ) [ 000000000]
mul_ln14          (add           ) [ 000000000]
empty             (select        ) [ 000001111]
p_shl35           (zext          ) [ 000000000]
p_shl36           (zext          ) [ 000000000]
bound             (add           ) [ 000001000]
empty_56          (trunc         ) [ 000001111]
img_h_cast        (zext          ) [ 000000100]
mul_ln14_1_cast   (zext          ) [ 000000100]
bound4            (mul           ) [ 000000011]
mm_buffer_read    (read          ) [ 000000001]
specinterface_ln0 (specinterface ) [ 000000000]
specinterface_ln0 (specinterface ) [ 000000000]
specinterface_ln0 (specinterface ) [ 000000000]
specinterface_ln0 (specinterface ) [ 000000000]
call_ln13         (call          ) [ 000000000]
ret_ln23          (ret           ) [ 000000000]
</LifeTime>

<model>

<comp_list>
<comp id="0" class="1000" name="gmem">
<pin_list>
<pin id="1" dir="1" index="0" bw="1" slack="0"/>
</pin_list>
<bind>
<StgValue><ssdm name="gmem"/><MemPortTyVec>0 </MemPortTyVec>
</StgValue>
</bind>
</comp>

<comp id="2" class="1000" name="mm_buffer">
<pin_list>
<pin id="3" dir="1" index="0" bw="1" slack="0"/>
</pin_list>
<bind>
<StgValue><ssdm name="mm_buffer"/></StgValue>
</bind>
</comp>

<comp id="4" class="1000" name="mm_fifo">
<pin_list>
<pin id="5" dir="1" index="0" bw="1" slack="0"/>
</pin_list>
<bind>
<StgValue><ssdm name="mm_fifo"/></StgValue>
</bind>
</comp>

<comp id="6" class="1000" name="img_w">
<pin_list>
<pin id="7" dir="1" index="0" bw="1" slack="0"/>
</pin_list>
<bind>
<StgValue><ssdm name="img_w"/></StgValue>
</bind>
</comp>

<comp id="8" class="1000" name="img_h">
<pin_list>
<pin id="9" dir="1" index="0" bw="1" slack="0"/>
</pin_list>
<bind>
<StgValue><ssdm name="img_h"/></StgValue>
</bind>
</comp>

<comp id="10" class="1000" name="image_w_c">
<pin_list>
<pin id="11" dir="1" index="0" bw="1" slack="0"/>
</pin_list>
<bind>
<StgValue><ssdm name="image_w_c"/></StgValue>
</bind>
</comp>

<comp id="12" class="1000" name="image_h_c">
<pin_list>
<pin id="13" dir="1" index="0" bw="1" slack="0"/>
</pin_list>
<bind>
<StgValue><ssdm name="image_h_c"/></StgValue>
</bind>
</comp>

<comp id="14" class="1001" name="const_14">
<pin_list>
<pin id="15" dir="1" index="0" bw="1" slack="0"/>
</pin_list>
<bind>
<StgValue><ssdm name="_ssdm_op_Read.ap_auto.i12"/></StgValue>
</bind>
</comp>

<comp id="16" class="1001" name="const_16">
<pin_list>
<pin id="17" dir="1" index="0" bw="1" slack="0"/>
</pin_list>
<bind>
<StgValue><ssdm name="_ssdm_op_Write.ap_fifo.i12P0A"/></StgValue>
</bind>
</comp>

<comp id="18" class="1001" name="const_18">
<pin_list>
<pin id="19" dir="1" index="0" bw="1" slack="0"/>
</pin_list>
<bind>
<StgValue><ssdm name="_ssdm_op_PartSelect.i8.i12.i32.i32"/></StgValue>
</bind>
</comp>

<comp id="20" class="1001" name="const_20">
<pin_list>
<pin id="21" dir="1" index="0" bw="1" slack="0"/>
</pin_list>
<bind>
<StgValue><ssdm name=""/></StgValue>
</bind>
</comp>

<comp id="22" class="1001" name="const_22">
<pin_list>
<pin id="23" dir="1" index="0" bw="1" slack="0"/>
</pin_list>
<bind>
<StgValue><ssdm name=""/></StgValue>
</bind>
</comp>

<comp id="24" class="1001" name="const_24">
<pin_list>
<pin id="25" dir="1" index="0" bw="1" slack="0"/>
</pin_list>
<bind>
<StgValue><ssdm name="_ssdm_op_BitConcatenate.i10.i8.i2"/></StgValue>
</bind>
</comp>

<comp id="26" class="1001" name="const_26">
<pin_list>
<pin id="27" dir="1" index="0" bw="1" slack="0"/>
</pin_list>
<bind>
<StgValue><ssdm name=""/></StgValue>
</bind>
</comp>

<comp id="28" class="1001" name="const_28">
<pin_list>
<pin id="29" dir="1" index="0" bw="1" slack="0"/>
</pin_list>
<bind>
<StgValue><ssdm name=""/></StgValue>
</bind>
</comp>

<comp id="30" class="1001" name="const_30">
<pin_list>
<pin id="31" dir="1" index="0" bw="1" slack="0"/>
</pin_list>
<bind>
<StgValue><ssdm name=""/></StgValue>
</bind>
</comp>

<comp id="32" class="1001" name="const_32">
<pin_list>
<pin id="33" dir="1" index="0" bw="1" slack="0"/>
</pin_list>
<bind>
<StgValue><ssdm name="_ssdm_op_Fence"/></StgValue>
</bind>
</comp>

<comp id="34" class="1001" name="const_34">
<pin_list>
<pin id="35" dir="1" index="0" bw="1" slack="0"/>
</pin_list>
<bind>
<StgValue><ssdm name=""/></StgValue>
</bind>
</comp>

<comp id="36" class="1001" name="const_36">
<pin_list>
<pin id="37" dir="1" index="0" bw="1" slack="0"/>
</pin_list>
<bind>
<StgValue><ssdm name="_ssdm_op_PartSelect.i5.i21.i32.i32"/></StgValue>
</bind>
</comp>

<comp id="38" class="1001" name="const_38">
<pin_list>
<pin id="39" dir="1" index="0" bw="1" slack="0"/>
</pin_list>
<bind>
<StgValue><ssdm name=""/></StgValue>
</bind>
</comp>

<comp id="40" class="1001" name="const_40">
<pin_list>
<pin id="41" dir="1" index="0" bw="1" slack="0"/>
</pin_list>
<bind>
<StgValue><ssdm name=""/></StgValue>
</bind>
</comp>

<comp id="42" class="1001" name="const_42">
<pin_list>
<pin id="43" dir="1" index="0" bw="1" slack="0"/>
</pin_list>
<bind>
<StgValue><ssdm name="_ssdm_op_BitConcatenate.i10.i5.i5"/></StgValue>
</bind>
</comp>

<comp id="44" class="1001" name="const_44">
<pin_list>
<pin id="45" dir="1" index="0" bw="1" slack="0"/>
</pin_list>
<bind>
<StgValue><ssdm name=""/></StgValue>
</bind>
</comp>

<comp id="46" class="1001" name="const_46">
<pin_list>
<pin id="47" dir="1" index="0" bw="1" slack="0"/>
</pin_list>
<bind>
<StgValue><ssdm name="_ssdm_op_BitConcatenate.i8.i5.i3"/></StgValue>
</bind>
</comp>

<comp id="48" class="1001" name="const_48">
<pin_list>
<pin id="49" dir="1" index="0" bw="1" slack="0"/>
</pin_list>
<bind>
<StgValue><ssdm name=""/></StgValue>
</bind>
</comp>

<comp id="50" class="1001" name="const_50">
<pin_list>
<pin id="51" dir="1" index="0" bw="1" slack="0"/>
</pin_list>
<bind>
<StgValue><ssdm name=""/></StgValue>
</bind>
</comp>

<comp id="52" class="1001" name="const_52">
<pin_list>
<pin id="53" dir="1" index="0" bw="1" slack="0"/>
</pin_list>
<bind>
<StgValue><ssdm name="_ssdm_op_Read.ap_auto.i64"/></StgValue>
</bind>
</comp>

<comp id="54" class="1001" name="const_54">
<pin_list>
<pin id="55" dir="1" index="0" bw="1" slack="0"/>
</pin_list>
<bind>
<StgValue><ssdm name="DMA24b_mm2s_fetch_Pipeline_line_loop_burst_loop_beat_loop"/></StgValue>
</bind>
</comp>

<comp id="56" class="1001" name="const_56">
<pin_list>
<pin id="57" dir="1" index="0" bw="1" slack="2147483647"/>
</pin_list>
<bind>
<StgValue><ssdm name="_ssdm_op_SpecInterface"/></StgValue>
</bind>
</comp>

<comp id="58" class="1001" name="const_58">
<pin_list>
<pin id="59" dir="1" index="0" bw="1" slack="2147483647"/>
</pin_list>
<bind>
<StgValue><ssdm name="ap_fifo_str"/></StgValue>
</bind>
</comp>

<comp id="60" class="1001" name="const_60">
<pin_list>
<pin id="61" dir="1" index="0" bw="1" slack="2147483647"/>
</pin_list>
<bind>
<StgValue><ssdm name=""/></StgValue>
</bind>
</comp>

<comp id="62" class="1001" name="const_62">
<pin_list>
<pin id="63" dir="1" index="0" bw="1" slack="2147483647"/>
</pin_list>
<bind>
<StgValue><ssdm name="p_str"/></StgValue>
</bind>
</comp>

<comp id="64" class="1001" name="const_64">
<pin_list>
<pin id="65" dir="1" index="0" bw="1" slack="2147483647"/>
</pin_list>
<bind>
<StgValue><ssdm name=""/></StgValue>
</bind>
</comp>

<comp id="66" class="1001" name="const_66">
<pin_list>
<pin id="67" dir="1" index="0" bw="1" slack="2147483647"/>
</pin_list>
<bind>
<StgValue><ssdm name="ScalarProp_str"/></StgValue>
</bind>
</comp>

<comp id="68" class="1001" name="const_68">
<pin_list>
<pin id="69" dir="1" index="0" bw="1" slack="2147483647"/>
</pin_list>
<bind>
<StgValue><ssdm name="empty_2"/></StgValue>
</bind>
</comp>

<comp id="70" class="1001" name="const_70">
<pin_list>
<pin id="71" dir="1" index="0" bw="1" slack="2147483647"/>
</pin_list>
<bind>
<StgValue><ssdm name="empty_4"/></StgValue>
</bind>
</comp>

<comp id="72" class="1001" name="const_72">
<pin_list>
<pin id="73" dir="1" index="0" bw="1" slack="2147483647"/>
</pin_list>
<bind>
<StgValue><ssdm name="empty_0"/></StgValue>
</bind>
</comp>

<comp id="74" class="1001" name="const_74">
<pin_list>
<pin id="75" dir="1" index="0" bw="1" slack="2147483647"/>
</pin_list>
<bind>
<StgValue><ssdm name=""/></StgValue>
</bind>
</comp>

<comp id="76" class="1001" name="const_76">
<pin_list>
<pin id="77" dir="1" index="0" bw="1" slack="2147483647"/>
</pin_list>
<bind>
<StgValue><ssdm name="empty_8"/></StgValue>
</bind>
</comp>

<comp id="78" class="1001" name="const_78">
<pin_list>
<pin id="79" dir="1" index="0" bw="1" slack="2147483647"/>
</pin_list>
<bind>
<StgValue><ssdm name="empty_7"/></StgValue>
</bind>
</comp>

<comp id="80" class="1001" name="const_80">
<pin_list>
<pin id="81" dir="1" index="0" bw="1" slack="2147483647"/>
</pin_list>
<bind>
<StgValue><ssdm name=""/></StgValue>
</bind>
</comp>

<comp id="82" class="1004" name="img_h_read_read_fu_82">
<pin_list>
<pin id="83" dir="0" index="0" bw="12" slack="0"/>
<pin id="84" dir="0" index="1" bw="12" slack="0"/>
<pin id="85" dir="1" index="2" bw="12" slack="0"/>
</pin_list>
<bind>
<opcode="read(1150) " fcode="read"/>
<opset="img_h_read/1 "/>
</bind>
</comp>

<comp id="88" class="1004" name="img_w_read_read_fu_88">
<pin_list>
<pin id="89" dir="0" index="0" bw="12" slack="0"/>
<pin id="90" dir="0" index="1" bw="12" slack="0"/>
<pin id="91" dir="1" index="2" bw="12" slack="0"/>
</pin_list>
<bind>
<opcode="read(1150) " fcode="read"/>
<opset="img_w_read/1 "/>
</bind>
</comp>

<comp id="94" class="1004" name="write_ln0_write_fu_94">
<pin_list>
<pin id="95" dir="0" index="0" bw="0" slack="0"/>
<pin id="96" dir="0" index="1" bw="12" slack="0"/>
<pin id="97" dir="0" index="2" bw="12" slack="0"/>
<pin id="98" dir="1" index="3" bw="0" slack="2147483647"/>
</pin_list>
<bind>
<opcode="write(1151) " fcode="write"/>
<opset="write_ln0/1 "/>
</bind>
</comp>

<comp id="102" class="1004" name="write_ln0_write_fu_102">
<pin_list>
<pin id="103" dir="0" index="0" bw="0" slack="0"/>
<pin id="104" dir="0" index="1" bw="12" slack="0"/>
<pin id="105" dir="0" index="2" bw="12" slack="0"/>
<pin id="106" dir="1" index="3" bw="0" slack="2147483647"/>
</pin_list>
<bind>
<opcode="write(1151) " fcode="write"/>
<opset="write_ln0/1 "/>
</bind>
</comp>

<comp id="110" class="1004" name="mm_buffer_read_read_fu_110">
<pin_list>
<pin id="111" dir="0" index="0" bw="64" slack="0"/>
<pin id="112" dir="0" index="1" bw="64" slack="0"/>
<pin id="113" dir="1" index="2" bw="64" slack="0"/>
</pin_list>
<bind>
<opcode="read(1150) " fcode="read"/>
<opset="mm_buffer_read/7 "/>
</bind>
</comp>

<comp id="116" class="1004" name="grp_DMA24b_mm2s_fetch_Pipeline_line_loop_burst_loop_beat_loop_fu_116">
<pin_list>
<pin id="117" dir="0" index="0" bw="0" slack="0"/>
<pin id="118" dir="0" index="1" bw="22" slack="1"/>
<pin id="119" dir="0" index="2" bw="128" slack="0"/>
<pin id="120" dir="0" index="3" bw="10" slack="3"/>
<pin id="121" dir="0" index="4" bw="10" slack="3"/>
<pin id="122" dir="0" index="5" bw="64" slack="0"/>
<pin id="123" dir="0" index="6" bw="128" slack="0"/>
<pin id="124" dir="1" index="7" bw="0" slack="2147483647"/>
</pin_list>
<bind>
<opcode="call(48) " fcode="call"/>
<opset="call_ln13/7 "/>
</bind>
</comp>

<comp id="129" class="1004" name="tmp_fu_129">
<pin_list>
<pin id="130" dir="0" index="0" bw="8" slack="0"/>
<pin id="131" dir="0" index="1" bw="12" slack="0"/>
<pin id="132" dir="0" index="2" bw="4" slack="0"/>
<pin id="133" dir="0" index="3" bw="5" slack="0"/>
<pin id="134" dir="1" index="4" bw="8" slack="0"/>
</pin_list>
<bind>
<opcode="partselect(1002) " fcode="partselect"/>
<opset="tmp/1 "/>
</bind>
</comp>

<comp id="139" class="1004" name="zext_ln12_fu_139">
<pin_list>
<pin id="140" dir="0" index="0" bw="8" slack="0"/>
<pin id="141" dir="1" index="1" bw="10" slack="0"/>
</pin_list>
<bind>
<opcode="zext(34) " fcode="zext"/>
<opset="zext_ln12/1 "/>
</bind>
</comp>

<comp id="143" class="1004" name="p_shl_fu_143">
<pin_list>
<pin id="144" dir="0" index="0" bw="10" slack="0"/>
<pin id="145" dir="0" index="1" bw="8" slack="0"/>
<pin id="146" dir="0" index="2" bw="1" slack="0"/>
<pin id="147" dir="1" index="3" bw="10" slack="0"/>
</pin_list>
<bind>
<opcode="bitconcatenate(1004) " fcode="bitconcatenate"/>
<opset="p_shl/1 "/>
</bind>
</comp>

<comp id="151" class="1004" name="beats_per_line_fu_151">
<pin_list>
<pin id="152" dir="0" index="0" bw="10" slack="0"/>
<pin id="153" dir="0" index="1" bw="8" slack="0"/>
<pin id="154" dir="1" index="2" bw="10" slack="1"/>
</pin_list>
<bind>
<opcode="sub(10) " fcode="sub"/>
<opset="beats_per_line/1 "/>
</bind>
</comp>

<comp id="157" class="1004" name="zext_ln13_fu_157">
<pin_list>
<pin id="158" dir="0" index="0" bw="10" slack="1"/>
<pin id="159" dir="1" index="1" bw="21" slack="0"/>
</pin_list>
<bind>
<opcode="zext(34) " fcode="zext"/>
<opset="zext_ln13/2 "/>
</bind>
</comp>

<comp id="160" class="1004" name="grp_fu_160">
<pin_list>
<pin id="161" dir="0" index="0" bw="10" slack="0"/>
<pin id="162" dir="0" index="1" bw="12" slack="0"/>
<pin id="163" dir="1" index="2" bw="21" slack="0"/>
</pin_list>
<bind>
<opcode="mul(12) " fcode="mul"/>
<opset="mul_ln13/2 "/>
</bind>
</comp>

<comp id="166" class="1004" name="cmp32_fu_166">
<pin_list>
<pin id="167" dir="0" index="0" bw="10" slack="1"/>
<pin id="168" dir="0" index="1" bw="7" slack="0"/>
<pin id="169" dir="1" index="2" bw="1" slack="2"/>
</pin_list>
<bind>
<opcode="icmp(45) " fcode="icmp"/>
<opset="cmp32/2 "/>
</bind>
</comp>

<comp id="171" class="1004" name="fence_ln14_fu_171">
<pin_list>
<pin id="172" dir="0" index="0" bw="0" slack="0"/>
<pin id="173" dir="0" index="1" bw="12" slack="0"/>
<pin id="174" dir="0" index="2" bw="12" slack="0"/>
<pin id="175" dir="0" index="3" bw="1" slack="0"/>
<pin id="176" dir="0" index="4" bw="128" slack="0"/>
<pin id="177" dir="1" index="5" bw="0" slack="2147483647"/>
</pin_list>
<bind>
<opcode="fence(30) " fcode="fence"/>
<opset="fence_ln14/2 "/>
</bind>
</comp>

<comp id="183" class="1004" name="tmp_1_fu_183">
<pin_list>
<pin id="184" dir="0" index="0" bw="5" slack="0"/>
<pin id="185" dir="0" index="1" bw="21" slack="0"/>
<pin id="186" dir="0" index="2" bw="6" slack="0"/>
<pin id="187" dir="0" index="3" bw="6" slack="0"/>
<pin id="188" dir="1" index="4" bw="5" slack="1"/>
</pin_list>
<bind>
<opcode="partselect(1002) " fcode="partselect"/>
<opset="tmp_1/3 "/>
</bind>
</comp>

<comp id="193" class="1004" name="p_shl1_fu_193">
<pin_list>
<pin id="194" dir="0" index="0" bw="10" slack="0"/>
<pin id="195" dir="0" index="1" bw="5" slack="1"/>
<pin id="196" dir="0" index="2" bw="1" slack="0"/>
<pin id="197" dir="1" index="3" bw="10" slack="0"/>
</pin_list>
<bind>
<opcode="bitconcatenate(1004) " fcode="bitconcatenate"/>
<opset="p_shl1/4 "/>
</bind>
</comp>

<comp id="200" class="1004" name="tmp_2_fu_200">
<pin_list>
<pin id="201" dir="0" index="0" bw="8" slack="0"/>
<pin id="202" dir="0" index="1" bw="5" slack="1"/>
<pin id="203" dir="0" index="2" bw="1" slack="0"/>
<pin id="204" dir="1" index="3" bw="8" slack="0"/>
</pin_list>
<bind>
<opcode="bitconcatenate(1004) " fcode="bitconcatenate"/>
<opset="tmp_2/4 "/>
</bind>
</comp>

<comp id="207" class="1004" name="p_shl38_fu_207">
<pin_list>
<pin id="208" dir="0" index="0" bw="8" slack="0"/>
<pin id="209" dir="1" index="1" bw="10" slack="0"/>
</pin_list>
<bind>
<opcode="zext(34) " fcode="zext"/>
<opset="p_shl38/4 "/>
</bind>
</comp>

<comp id="211" class="1004" name="mul_ln14_fu_211">
<pin_list>
<pin id="212" dir="0" index="0" bw="10" slack="0"/>
<pin id="213" dir="0" index="1" bw="8" slack="0"/>
<pin id="214" dir="1" index="2" bw="10" slack="0"/>
</pin_list>
<bind>
<opcode="add(8) " fcode="add"/>
<opset="mul_ln14/4 "/>
</bind>
</comp>

<comp id="217" class="1004" name="empty_fu_217">
<pin_list>
<pin id="218" dir="0" index="0" bw="1" slack="2"/>
<pin id="219" dir="0" index="1" bw="10" slack="0"/>
<pin id="220" dir="0" index="2" bw="1" slack="0"/>
<pin id="221" dir="1" index="3" bw="10" slack="3"/>
</pin_list>
<bind>
<opcode="select(49) " fcode="select"/>
<opset="empty/4 "/>
</bind>
</comp>

<comp id="224" class="1004" name="p_shl35_fu_224">
<pin_list>
<pin id="225" dir="0" index="0" bw="10" slack="0"/>
<pin id="226" dir="1" index="1" bw="11" slack="0"/>
</pin_list>
<bind>
<opcode="zext(34) " fcode="zext"/>
<opset="p_shl35/4 "/>
</bind>
</comp>

<comp id="228" class="1004" name="p_shl36_fu_228">
<pin_list>
<pin id="229" dir="0" index="0" bw="8" slack="0"/>
<pin id="230" dir="1" index="1" bw="11" slack="0"/>
</pin_list>
<bind>
<opcode="zext(34) " fcode="zext"/>
<opset="p_shl36/4 "/>
</bind>
</comp>

<comp id="232" class="1004" name="bound_fu_232">
<pin_list>
<pin id="233" dir="0" index="0" bw="10" slack="0"/>
<pin id="234" dir="0" index="1" bw="8" slack="0"/>
<pin id="235" dir="1" index="2" bw="11" slack="0"/>
</pin_list>
<bind>
<opcode="add(8) " fcode="add"/>
<opset="bound/4 "/>
</bind>
</comp>

<comp id="238" class="1004" name="empty_56_fu_238">
<pin_list>
<pin id="239" dir="0" index="0" bw="11" slack="0"/>
<pin id="240" dir="1" index="1" bw="10" slack="3"/>
</pin_list>
<bind>
<opcode="trunc(33) " fcode="trunc"/>
<opset="empty_56/4 "/>
</bind>
</comp>

<comp id="242" class="1004" name="img_h_cast_fu_242">
<pin_list>
<pin id="243" dir="0" index="0" bw="12" slack="4"/>
<pin id="244" dir="1" index="1" bw="22" slack="0"/>
</pin_list>
<bind>
<opcode="zext(34) " fcode="zext"/>
<opset="img_h_cast/5 "/>
</bind>
</comp>

<comp id="245" class="1004" name="mul_ln14_1_cast_fu_245">
<pin_list>
<pin id="246" dir="0" index="0" bw="11" slack="1"/>
<pin id="247" dir="1" index="1" bw="22" slack="0"/>
</pin_list>
<bind>
<opcode="zext(34) " fcode="zext"/>
<opset="mul_ln14_1_cast/5 "/>
</bind>
</comp>

<comp id="248" class="1004" name="grp_fu_248">
<pin_list>
<pin id="249" dir="0" index="0" bw="12" slack="0"/>
<pin id="250" dir="0" index="1" bw="11" slack="0"/>
<pin id="251" dir="1" index="2" bw="22" slack="1"/>
</pin_list>
<bind>
<opcode="mul(12) " fcode="mul"/>
<opset="bound4/5 "/>
</bind>
</comp>

<comp id="254" class="1005" name="img_h_read_reg_254">
<pin_list>
<pin id="255" dir="0" index="0" bw="12" slack="4"/>
<pin id="256" dir="1" index="1" bw="12" slack="4"/>
</pin_list>
<bind>
<opset="img_h_read "/>
</bind>
</comp>

<comp id="259" class="1005" name="beats_per_line_reg_259">
<pin_list>
<pin id="260" dir="0" index="0" bw="10" slack="1"/>
<pin id="261" dir="1" index="1" bw="10" slack="1"/>
</pin_list>
<bind>
<opset="beats_per_line "/>
</bind>
</comp>

<comp id="265" class="1005" name="zext_ln13_reg_265">
<pin_list>
<pin id="266" dir="0" index="0" bw="21" slack="1"/>
<pin id="267" dir="1" index="1" bw="21" slack="1"/>
</pin_list>
<bind>
<opset="zext_ln13 "/>
</bind>
</comp>

<comp id="270" class="1005" name="cmp32_reg_270">
<pin_list>
<pin id="271" dir="0" index="0" bw="1" slack="2"/>
<pin id="272" dir="1" index="1" bw="1" slack="2"/>
</pin_list>
<bind>
<opset="cmp32 "/>
</bind>
</comp>

<comp id="275" class="1005" name="tmp_1_reg_275">
<pin_list>
<pin id="276" dir="0" index="0" bw="5" slack="1"/>
<pin id="277" dir="1" index="1" bw="5" slack="1"/>
</pin_list>
<bind>
<opset="tmp_1 "/>
</bind>
</comp>

<comp id="281" class="1005" name="empty_reg_281">
<pin_list>
<pin id="282" dir="0" index="0" bw="10" slack="3"/>
<pin id="283" dir="1" index="1" bw="10" slack="3"/>
</pin_list>
<bind>
<opset="empty "/>
</bind>
</comp>

<comp id="286" class="1005" name="bound_reg_286">
<pin_list>
<pin id="287" dir="0" index="0" bw="11" slack="1"/>
<pin id="288" dir="1" index="1" bw="11" slack="1"/>
</pin_list>
<bind>
<opset="bound "/>
</bind>
</comp>

<comp id="291" class="1005" name="empty_56_reg_291">
<pin_list>
<pin id="292" dir="0" index="0" bw="10" slack="3"/>
<pin id="293" dir="1" index="1" bw="10" slack="3"/>
</pin_list>
<bind>
<opset="empty_56 "/>
</bind>
</comp>

<comp id="296" class="1005" name="img_h_cast_reg_296">
<pin_list>
<pin id="297" dir="0" index="0" bw="22" slack="1"/>
<pin id="298" dir="1" index="1" bw="22" slack="1"/>
</pin_list>
<bind>
<opset="img_h_cast "/>
</bind>
</comp>

<comp id="301" class="1005" name="mul_ln14_1_cast_reg_301">
<pin_list>
<pin id="302" dir="0" index="0" bw="22" slack="1"/>
<pin id="303" dir="1" index="1" bw="22" slack="1"/>
</pin_list>
<bind>
<opset="mul_ln14_1_cast "/>
</bind>
</comp>

<comp id="306" class="1005" name="bound4_reg_306">
<pin_list>
<pin id="307" dir="0" index="0" bw="22" slack="1"/>
<pin id="308" dir="1" index="1" bw="22" slack="1"/>
</pin_list>
<bind>
<opset="bound4 "/>
</bind>
</comp>

<comp id="311" class="1005" name="mm_buffer_read_reg_311">
<pin_list>
<pin id="312" dir="0" index="0" bw="64" slack="1"/>
<pin id="313" dir="1" index="1" bw="64" slack="1"/>
</pin_list>
<bind>
<opset="mm_buffer_read "/>
</bind>
</comp>

</comp_list>

<net_list>
<net id="86"><net_src comp="14" pin="0"/><net_sink comp="82" pin=0"/></net>

<net id="87"><net_src comp="8" pin="0"/><net_sink comp="82" pin=1"/></net>

<net id="92"><net_src comp="14" pin="0"/><net_sink comp="88" pin=0"/></net>

<net id="93"><net_src comp="6" pin="0"/><net_sink comp="88" pin=1"/></net>

<net id="99"><net_src comp="16" pin="0"/><net_sink comp="94" pin=0"/></net>

<net id="100"><net_src comp="12" pin="0"/><net_sink comp="94" pin=1"/></net>

<net id="101"><net_src comp="82" pin="2"/><net_sink comp="94" pin=2"/></net>

<net id="107"><net_src comp="16" pin="0"/><net_sink comp="102" pin=0"/></net>

<net id="108"><net_src comp="10" pin="0"/><net_sink comp="102" pin=1"/></net>

<net id="109"><net_src comp="88" pin="2"/><net_sink comp="102" pin=2"/></net>

<net id="114"><net_src comp="52" pin="0"/><net_sink comp="110" pin=0"/></net>

<net id="115"><net_src comp="2" pin="0"/><net_sink comp="110" pin=1"/></net>

<net id="125"><net_src comp="54" pin="0"/><net_sink comp="116" pin=0"/></net>

<net id="126"><net_src comp="4" pin="0"/><net_sink comp="116" pin=2"/></net>

<net id="127"><net_src comp="110" pin="2"/><net_sink comp="116" pin=5"/></net>

<net id="128"><net_src comp="0" pin="0"/><net_sink comp="116" pin=6"/></net>

<net id="135"><net_src comp="18" pin="0"/><net_sink comp="129" pin=0"/></net>

<net id="136"><net_src comp="88" pin="2"/><net_sink comp="129" pin=1"/></net>

<net id="137"><net_src comp="20" pin="0"/><net_sink comp="129" pin=2"/></net>

<net id="138"><net_src comp="22" pin="0"/><net_sink comp="129" pin=3"/></net>

<net id="142"><net_src comp="129" pin="4"/><net_sink comp="139" pin=0"/></net>

<net id="148"><net_src comp="24" pin="0"/><net_sink comp="143" pin=0"/></net>

<net id="149"><net_src comp="129" pin="4"/><net_sink comp="143" pin=1"/></net>

<net id="150"><net_src comp="26" pin="0"/><net_sink comp="143" pin=2"/></net>

<net id="155"><net_src comp="143" pin="3"/><net_sink comp="151" pin=0"/></net>

<net id="156"><net_src comp="139" pin="1"/><net_sink comp="151" pin=1"/></net>

<net id="164"><net_src comp="157" pin="1"/><net_sink comp="160" pin=0"/></net>

<net id="165"><net_src comp="28" pin="0"/><net_sink comp="160" pin=1"/></net>

<net id="170"><net_src comp="30" pin="0"/><net_sink comp="166" pin=1"/></net>

<net id="178"><net_src comp="32" pin="0"/><net_sink comp="171" pin=0"/></net>

<net id="179"><net_src comp="12" pin="0"/><net_sink comp="171" pin=1"/></net>

<net id="180"><net_src comp="10" pin="0"/><net_sink comp="171" pin=2"/></net>

<net id="181"><net_src comp="34" pin="0"/><net_sink comp="171" pin=3"/></net>

<net id="182"><net_src comp="4" pin="0"/><net_sink comp="171" pin=4"/></net>

<net id="189"><net_src comp="36" pin="0"/><net_sink comp="183" pin=0"/></net>

<net id="190"><net_src comp="160" pin="2"/><net_sink comp="183" pin=1"/></net>

<net id="191"><net_src comp="38" pin="0"/><net_sink comp="183" pin=2"/></net>

<net id="192"><net_src comp="40" pin="0"/><net_sink comp="183" pin=3"/></net>

<net id="198"><net_src comp="42" pin="0"/><net_sink comp="193" pin=0"/></net>

<net id="199"><net_src comp="44" pin="0"/><net_sink comp="193" pin=2"/></net>

<net id="205"><net_src comp="46" pin="0"/><net_sink comp="200" pin=0"/></net>

<net id="206"><net_src comp="48" pin="0"/><net_sink comp="200" pin=2"/></net>

<net id="210"><net_src comp="200" pin="3"/><net_sink comp="207" pin=0"/></net>

<net id="215"><net_src comp="193" pin="3"/><net_sink comp="211" pin=0"/></net>

<net id="216"><net_src comp="207" pin="1"/><net_sink comp="211" pin=1"/></net>

<net id="222"><net_src comp="211" pin="2"/><net_sink comp="217" pin=1"/></net>

<net id="223"><net_src comp="50" pin="0"/><net_sink comp="217" pin=2"/></net>

<net id="227"><net_src comp="193" pin="3"/><net_sink comp="224" pin=0"/></net>

<net id="231"><net_src comp="200" pin="3"/><net_sink comp="228" pin=0"/></net>

<net id="236"><net_src comp="224" pin="1"/><net_sink comp="232" pin=0"/></net>

<net id="237"><net_src comp="228" pin="1"/><net_sink comp="232" pin=1"/></net>

<net id="241"><net_src comp="232" pin="2"/><net_sink comp="238" pin=0"/></net>

<net id="252"><net_src comp="242" pin="1"/><net_sink comp="248" pin=0"/></net>

<net id="253"><net_src comp="245" pin="1"/><net_sink comp="248" pin=1"/></net>

<net id="257"><net_src comp="82" pin="2"/><net_sink comp="254" pin=0"/></net>

<net id="258"><net_src comp="254" pin="1"/><net_sink comp="242" pin=0"/></net>

<net id="262"><net_src comp="151" pin="2"/><net_sink comp="259" pin=0"/></net>

<net id="263"><net_src comp="259" pin="1"/><net_sink comp="157" pin=0"/></net>

<net id="264"><net_src comp="259" pin="1"/><net_sink comp="166" pin=0"/></net>

<net id="268"><net_src comp="157" pin="1"/><net_sink comp="265" pin=0"/></net>

<net id="269"><net_src comp="265" pin="1"/><net_sink comp="160" pin=0"/></net>

<net id="273"><net_src comp="166" pin="2"/><net_sink comp="270" pin=0"/></net>

<net id="274"><net_src comp="270" pin="1"/><net_sink comp="217" pin=0"/></net>

<net id="278"><net_src comp="183" pin="4"/><net_sink comp="275" pin=0"/></net>

<net id="279"><net_src comp="275" pin="1"/><net_sink comp="193" pin=1"/></net>

<net id="280"><net_src comp="275" pin="1"/><net_sink comp="200" pin=1"/></net>

<net id="284"><net_src comp="217" pin="3"/><net_sink comp="281" pin=0"/></net>

<net id="285"><net_src comp="281" pin="1"/><net_sink comp="116" pin=3"/></net>

<net id="289"><net_src comp="232" pin="2"/><net_sink comp="286" pin=0"/></net>

<net id="290"><net_src comp="286" pin="1"/><net_sink comp="245" pin=0"/></net>

<net id="294"><net_src comp="238" pin="1"/><net_sink comp="291" pin=0"/></net>

<net id="295"><net_src comp="291" pin="1"/><net_sink comp="116" pin=4"/></net>

<net id="299"><net_src comp="242" pin="1"/><net_sink comp="296" pin=0"/></net>

<net id="300"><net_src comp="296" pin="1"/><net_sink comp="248" pin=0"/></net>

<net id="304"><net_src comp="245" pin="1"/><net_sink comp="301" pin=0"/></net>

<net id="305"><net_src comp="301" pin="1"/><net_sink comp="248" pin=1"/></net>

<net id="309"><net_src comp="248" pin="2"/><net_sink comp="306" pin=0"/></net>

<net id="310"><net_src comp="306" pin="1"/><net_sink comp="116" pin=1"/></net>

<net id="314"><net_src comp="110" pin="2"/><net_sink comp="311" pin=0"/></net>

<net id="315"><net_src comp="311" pin="1"/><net_sink comp="116" pin=5"/></net>

</net_list>

</model> 
---------------- Datapath Model END ------------------

* FSMD analyzer results:
  - Output states:
	Port: mm_fifo | {7 8 }
	Port: image_w_c | {1 }
	Port: image_h_c | {1 }
 - Input state : 
	Port: DMA24b_mm2s_fetch : gmem | {7 8 }
	Port: DMA24b_mm2s_fetch : mm_buffer | {7 }
	Port: DMA24b_mm2s_fetch : img_w | {1 }
	Port: DMA24b_mm2s_fetch : img_h | {1 }
  - Chain level:
	State 1
		zext_ln12 : 1
		p_shl : 1
		beats_per_line : 2
	State 2
		mul_ln13 : 1
	State 3
		tmp_1 : 1
	State 4
		p_shl38 : 1
		mul_ln14 : 2
		empty : 3
		p_shl35 : 1
		p_shl36 : 1
		bound : 2
		empty_56 : 3
	State 5
		bound4 : 1
	State 6
	State 7
	State 8


============================================================
+ Verbose Summary: Datapath Resource usage 
============================================================

* Functional unit list:
|----------|----------------------------------------------------------------------|---------|---------|---------|---------|
| Operation|                            Functional Unit                           |   DSP   |  Delay  |    FF   |   LUT   |
|----------|----------------------------------------------------------------------|---------|---------|---------|---------|
|   call   | grp_DMA24b_mm2s_fetch_Pipeline_line_loop_burst_loop_beat_loop_fu_116 |    0    |  3.176  |   535   |   277   |
|----------|----------------------------------------------------------------------|---------|---------|---------|---------|
|    mul   |                              grp_fu_160                              |    1    |    0    |    51   |    2    |
|          |                              grp_fu_248                              |    1    |    0    |    51   |    2    |
|----------|----------------------------------------------------------------------|---------|---------|---------|---------|
|    add   |                            mul_ln14_fu_211                           |    0    |    0    |    0    |    13   |
|          |                             bound_fu_232                             |    0    |    0    |    0    |    13   |
|----------|----------------------------------------------------------------------|---------|---------|---------|---------|
|    sub   |                         beats_per_line_fu_151                        |    0    |    0    |    0    |    13   |
|----------|----------------------------------------------------------------------|---------|---------|---------|---------|
|   icmp   |                             cmp32_fu_166                             |    0    |    0    |    0    |    13   |
|----------|----------------------------------------------------------------------|---------|---------|---------|---------|
|  select  |                             empty_fu_217                             |    0    |    0    |    0    |    10   |
|----------|----------------------------------------------------------------------|---------|---------|---------|---------|
|          |                         img_h_read_read_fu_82                        |    0    |    0    |    0    |    0    |
|   read   |                         img_w_read_read_fu_88                        |    0    |    0    |    0    |    0    |
|          |                      mm_buffer_read_read_fu_110                      |    0    |    0    |    0    |    0    |
|----------|----------------------------------------------------------------------|---------|---------|---------|---------|
|   write  |                         write_ln0_write_fu_94                        |    0    |    0    |    0    |    0    |
|          |                        write_ln0_write_fu_102                        |    0    |    0    |    0    |    0    |
|----------|----------------------------------------------------------------------|---------|---------|---------|---------|
|partselect|                              tmp_fu_129                              |    0    |    0    |    0    |    0    |
|          |                             tmp_1_fu_183                             |    0    |    0    |    0    |    0    |
|----------|----------------------------------------------------------------------|---------|---------|---------|---------|
|          |                           zext_ln12_fu_139                           |    0    |    0    |    0    |    0    |
|          |                           zext_ln13_fu_157                           |    0    |    0    |    0    |    0    |
|          |                            p_shl38_fu_207                            |    0    |    0    |    0    |    0    |
|   zext   |                            p_shl35_fu_224                            |    0    |    0    |    0    |    0    |
|          |                            p_shl36_fu_228                            |    0    |    0    |    0    |    0    |
|          |                           img_h_cast_fu_242                          |    0    |    0    |    0    |    0    |
|          |                        mul_ln14_1_cast_fu_245                        |    0    |    0    |    0    |    0    |
|----------|----------------------------------------------------------------------|---------|---------|---------|---------|
|          |                             p_shl_fu_143                             |    0    |    0    |    0    |    0    |
|bitconcatenate|                             p_shl1_fu_193                            |    0    |    0    |    0    |    0    |
|          |                             tmp_2_fu_200                             |    0    |    0    |    0    |    0    |
|----------|----------------------------------------------------------------------|---------|---------|---------|---------|
|   fence  |                           fence_ln14_fu_171                          |    0    |    0    |    0    |    0    |
|----------|----------------------------------------------------------------------|---------|---------|---------|---------|
|   trunc  |                            empty_56_fu_238                           |    0    |    0    |    0    |    0    |
|----------|----------------------------------------------------------------------|---------|---------|---------|---------|
|   Total  |                                                                      |    2    |  3.176  |   637   |   343   |
|----------|----------------------------------------------------------------------|---------|---------|---------|---------|

Memories:
N/A

* Register list:
+-----------------------+--------+
|                       |   FF   |
+-----------------------+--------+
| beats_per_line_reg_259|   10   |
|     bound4_reg_306    |   22   |
|     bound_reg_286     |   11   |
|     cmp32_reg_270     |    1   |
|    empty_56_reg_291   |   10   |
|     empty_reg_281     |   10   |
|   img_h_cast_reg_296  |   22   |
|   img_h_read_reg_254  |   12   |
| mm_buffer_read_reg_311|   64   |
|mul_ln14_1_cast_reg_301|   22   |
|     tmp_1_reg_275     |    5   |
|   zext_ln13_reg_265   |   21   |
+-----------------------+--------+
|         Total         |   210  |
+-----------------------+--------+

* Multiplexer (MUX) list: 
|----------------------------------------------------------------------|------|------|------|--------||---------||---------||---------|
|                                 Comp                                 |  Pin | Size |  BW  | S x BW ||  Delay  ||    FF   ||   LUT   |
|----------------------------------------------------------------------|------|------|------|--------||---------||---------||---------|
| grp_DMA24b_mm2s_fetch_Pipeline_line_loop_burst_loop_beat_loop_fu_116 |  p5  |   2  |  64  |   128  ||    0    ||    9    |
|                              grp_fu_160                              |  p0  |   2  |  10  |   20   ||    0    ||    9    |
|                              grp_fu_248                              |  p0  |   2  |  12  |   24   ||    0    ||    9    |
|                              grp_fu_248                              |  p1  |   2  |  11  |   22   ||    0    ||    9    |
|----------------------------------------------------------------------|------|------|------|--------||---------||---------||---------|
|                                 Total                                |      |      |      |   194  ||  6.352  ||    0    ||    36   |
|----------------------------------------------------------------------|------|------|------|--------||---------||---------||---------|



* Summary:
+-----------+--------+--------+--------+--------+
|           |   DSP  |  Delay |   FF   |   LUT  |
+-----------+--------+--------+--------+--------+
|  Function |    2   |    3   |   637  |   343  |
|   Memory  |    -   |    -   |    -   |    -   |
|Multiplexer|    -   |    6   |    0   |   36   |
|  Register |    -   |    -   |   210  |    -   |
+-----------+--------+--------+--------+--------+
|   Total   |    2   |    9   |   847  |   379  |
+-----------+--------+--------+--------+--------+
