

================================================================
== Vitis HLS Report for 'DMA24bUnit_mm2s'
================================================================
* Date:           Fri Sep 11 11:21:28 2026

* Version:        2024.2 (Build 5238294 on Nov  8 2024)
* Project:        DMA24b_mm2s_prj
* Solution:       solution1 (Vivado IP Flow Target)
* Product family: zynq
* Target device:  xc7z020-clg400-1


================================================================
== Performance Estimates
================================================================
+ Timing: 
    * Summary: 
    +--------+---------+----------+------------+
    |  Clock |  Target | Estimated| Uncertainty|
    +--------+---------+----------+------------+
    |ap_clk  |  6.66 ns|  5.579 ns|     1.80 ns|
    +--------+---------+----------+------------+

+ Latency: 
    * Summary: 
    +---------+----------+----------+-----------+-----+----------+---------+
    |  Latency (cycles)  |  Latency (absolute)  |    Interval    | Pipeline|
    |   min   |    max   |    min   |    max    | min |    max   |   Type  |
    +---------+----------+----------+-----------+-----+----------+---------+
    |       23|  16707623|  0.153 us|  0.111 sec|   24|  16707624|       no|
    +---------+----------+----------+-----------+-----+----------+---------+

    + Detail: 
        * Instance: 
        +-----------------------+-------------+---------+----------+----------+-----------+-----+----------+----------+
        |                       |             |  Latency (cycles)  |  Latency (absolute)  |    Interval    | Pipeline |
        |        Instance       |    Module   |   min   |    max   |    min   |    max    | min |    max   |   Type   |
        +-----------------------+-------------+---------+----------+----------+-----------+-----+----------+----------+
        |grp_DMA24b_mm2s_fu_86  |DMA24b_mm2s  |       21|  16707621|  0.140 us|  0.111 sec|   12|  16707606|  dataflow|
        +-----------------------+-------------+---------+----------+----------+-----------+-----+----------+----------+

        * Loop: 
        N/A



================================================================
== Utilization Estimates
================================================================
* Summary: 
+-----------------+---------+-----+--------+-------+-----+
|       Name      | BRAM_18K| DSP |   FF   |  LUT  | URAM|
+-----------------+---------+-----+--------+-------+-----+
|DSP              |        -|    -|       -|      -|    -|
|Expression       |        -|    -|       0|      4|    -|
|FIFO             |        -|    -|       -|      -|    -|
|Instance         |       16|    3|    2127|   2241|    -|
|Memory           |        -|    -|       -|      -|    -|
|Multiplexer      |        -|    -|       0|     83|    -|
|Register         |        -|    -|     126|      -|    -|
+-----------------+---------+-----+--------+-------+-----+
|Total            |       16|    3|    2253|   2328|    0|
+-----------------+---------+-----+--------+-------+-----+
|Available        |      280|  220|  106400|  53200|    0|
+-----------------+---------+-----+--------+-------+-----+
|Utilization (%)  |        5|    1|       2|      4|    0|
+-----------------+---------+-----+--------+-------+-----+

+ Detail: 
    * Instance: 
    +-----------------------+-------------+---------+----+------+------+-----+
    |        Instance       |    Module   | BRAM_18K| DSP|  FF  |  LUT | URAM|
    +-----------------------+-------------+---------+----+------+------+-----+
    |grp_DMA24b_mm2s_fu_86  |DMA24b_mm2s  |        8|   3|  1351|  1372|    0|
    |gmem_m_axi_U           |gmem_m_axi   |        8|   0|   776|   869|    0|
    +-----------------------+-------------+---------+----+------+------+-----+
    |Total                  |             |       16|   3|  2127|  2241|    0|
    +-----------------------+-------------+---------+----+------+------+-----+

    * DSP: 
    N/A

    * Memory: 
    N/A

    * FIFO: 
    N/A

    * Expression: 
    +--------------------------------------------+----------+----+---+----+------------+------------+
    |                Variable Name               | Operation| DSP| FF| LUT| Bitwidth P0| Bitwidth P1|
    +--------------------------------------------+----------+----+---+----+------------+------------+
    |grp_DMA24b_mm2s_fu_86_STR_video_out_TREADY  |       and|   0|  0|   2|           1|           1|
    |ap_sync_grp_DMA24b_mm2s_fu_86_ap_ready      |        or|   0|  0|   2|           1|           1|
    +--------------------------------------------+----------+----+---+----+------------+------------+
    |Total                                       |          |   0|  0|   4|           2|           2|
    +--------------------------------------------+----------+----+---+----+------------+------------+

    * Multiplexer: 
    +----------------------------------+----+-----------+-----+-----------+
    |               Name               | LUT| Input Size| Bits| Total Bits|
    +----------------------------------+----+-----------+-----+-----------+
    |STR_video_out_TDATA_int_regslice  |   9|          2|   24|         48|
    |STR_video_out_TKEEP_int_regslice  |   9|          2|    3|          6|
    |STR_video_out_TLAST_int_regslice  |   9|          2|    1|          2|
    |STR_video_out_TSTRB_int_regslice  |   9|          2|    3|          6|
    |STR_video_out_TUSER_int_regslice  |   9|          2|    1|          2|
    |ap_NS_fsm                         |  20|          4|    1|          4|
    |gmem_0_ARVALID                    |   9|          2|    1|          2|
    |gmem_0_RREADY                     |   9|          2|    1|          2|
    +----------------------------------+----+-----------+-----+-----------+
    |Total                             |  83|         18|   35|         72|
    +----------------------------------+----+-----------+-----+-----------+

    * Register: 
    +--------------------------------------------+----+----+-----+-----------+
    |                    Name                    | FF | LUT| Bits| Const Bits|
    +--------------------------------------------+----+----+-----+-----------+
    |STR_video_out_TDATA_reg                     |  24|   0|   24|          0|
    |STR_video_out_TKEEP_reg                     |   3|   0|    3|          0|
    |STR_video_out_TLAST_reg                     |   1|   0|    1|          0|
    |STR_video_out_TSTRB_reg                     |   3|   0|    3|          0|
    |STR_video_out_TUSER_reg                     |   1|   0|    1|          0|
    |ap_CS_fsm                                   |   3|   0|    3|          0|
    |ap_sync_reg_grp_DMA24b_mm2s_fu_86_ap_done   |   1|   0|    1|          0|
    |ap_sync_reg_grp_DMA24b_mm2s_fu_86_ap_ready  |   1|   0|    1|          0|
    |grp_DMA24b_mm2s_fu_86_ap_start_reg          |   1|   0|    1|          0|
    |image_h_read_reg_113                        |  12|   0|   12|          0|
    |image_in_read_reg_108                       |  64|   0|   64|          0|
    |image_w_read_reg_118                        |  12|   0|   12|          0|
    +--------------------------------------------+----+----+-----+-----------+
    |Total                                       | 126|   0|  126|          0|
    +--------------------------------------------+----+----+-----+-----------+



================================================================
== Interface
================================================================
* Summary: 
+----------------------+-----+-----+------------+------------------------+--------------+
|       RTL Ports      | Dir | Bits|  Protocol  |      Source Object     |    C Type    |
+----------------------+-----+-----+------------+------------------------+--------------+
|ap_clk                |   in|    1|  ap_ctrl_hs|         DMA24bUnit_mm2s|  return value|
|ap_rst_n              |   in|    1|  ap_ctrl_hs|         DMA24bUnit_mm2s|  return value|
|ap_start              |   in|    1|  ap_ctrl_hs|         DMA24bUnit_mm2s|  return value|
|ap_done               |  out|    1|  ap_ctrl_hs|         DMA24bUnit_mm2s|  return value|
|ap_idle               |  out|    1|  ap_ctrl_hs|         DMA24bUnit_mm2s|  return value|
|ap_ready              |  out|    1|  ap_ctrl_hs|         DMA24bUnit_mm2s|  return value|
|m_axi_gmem_AWVALID    |  out|    1|       m_axi|                    gmem|       pointer|
|m_axi_gmem_AWREADY    |   in|    1|       m_axi|                    gmem|       pointer|
|m_axi_gmem_AWADDR     |  out|   64|       m_axi|                    gmem|       pointer|
|m_axi_gmem_AWID       |  out|    1|       m_axi|                    gmem|       pointer|
|m_axi_gmem_AWLEN      |  out|    8|       m_axi|                    gmem|       pointer|
|m_axi_gmem_AWSIZE     |  out|    3|       m_axi|                    gmem|       pointer|
|m_axi_gmem_AWBURST    |  out|    2|       m_axi|                    gmem|       pointer|
|m_axi_gmem_AWLOCK     |  out|    2|       m_axi|                    gmem|       pointer|
|m_axi_gmem_AWCACHE    |  out|    4|       m_axi|                    gmem|       pointer|
|m_axi_gmem_AWPROT     |  out|    3|       m_axi|                    gmem|       pointer|
|m_axi_gmem_AWQOS      |  out|    4|       m_axi|                    gmem|       pointer|
|m_axi_gmem_AWREGION   |  out|    4|       m_axi|                    gmem|       pointer|
|m_axi_gmem_AWUSER     |  out|    1|       m_axi|                    gmem|       pointer|
|m_axi_gmem_WVALID     |  out|    1|       m_axi|                    gmem|       pointer|
|m_axi_gmem_WREADY     |   in|    1|       m_axi|                    gmem|       pointer|
|m_axi_gmem_WDATA      |  out|  128|       m_axi|                    gmem|       pointer|
|m_axi_gmem_WSTRB      |  out|   16|       m_axi|                    gmem|       pointer|
|m_axi_gmem_WLAST      |  out|    1|       m_axi|                    gmem|       pointer|
|m_axi_gmem_WID        |  out|    1|       m_axi|                    gmem|       pointer|
|m_axi_gmem_WUSER      |  out|    1|       m_axi|                    gmem|       pointer|
|m_axi_gmem_ARVALID    |  out|    1|       m_axi|                    gmem|       pointer|
|m_axi_gmem_ARREADY    |   in|    1|       m_axi|                    gmem|       pointer|
|m_axi_gmem_ARADDR     |  out|   64|       m_axi|                    gmem|       pointer|
|m_axi_gmem_ARID       |  out|    1|       m_axi|                    gmem|       pointer|
|m_axi_gmem_ARLEN      |  out|    8|       m_axi|                    gmem|       pointer|
|m_axi_gmem_ARSIZE     |  out|    3|       m_axi|                    gmem|       pointer|
|m_axi_gmem_ARBURST    |  out|    2|       m_axi|                    gmem|       pointer|
|m_axi_gmem_ARLOCK     |  out|    2|       m_axi|                    gmem|       pointer|
|m_axi_gmem_ARCACHE    |  out|    4|       m_axi|                    gmem|       pointer|
|m_axi_gmem_ARPROT     |  out|    3|       m_axi|                    gmem|       pointer|
|m_axi_gmem_ARQOS      |  out|    4|       m_axi|                    gmem|       pointer|
|m_axi_gmem_ARREGION   |  out|    4|       m_axi|                    gmem|       pointer|
|m_axi_gmem_ARUSER     |  out|    1|       m_axi|                    gmem|       pointer|
|m_axi_gmem_RVALID     |   in|    1|       m_axi|                    gmem|       pointer|
|m_axi_gmem_RREADY     |  out|    1|       m_axi|                    gmem|       pointer|
|m_axi_gmem_RDATA      |   in|  128|       m_axi|                    gmem|       pointer|
|m_axi_gmem_RLAST      |   in|    1|       m_axi|                    gmem|       pointer|
|m_axi_gmem_RID        |   in|    1|       m_axi|                    gmem|       pointer|
|m_axi_gmem_RUSER      |   in|    1|       m_axi|                    gmem|       pointer|
|m_axi_gmem_RRESP      |   in|    2|       m_axi|                    gmem|       pointer|
|m_axi_gmem_BVALID     |   in|    1|       m_axi|                    gmem|       pointer|
|m_axi_gmem_BREADY     |  out|    1|       m_axi|                    gmem|       pointer|
|m_axi_gmem_BRESP      |   in|    2|       m_axi|                    gmem|       pointer|
|m_axi_gmem_BID        |   in|    1|       m_axi|                    gmem|       pointer|
|m_axi_gmem_BUSER      |   in|    1|       m_axi|                    gmem|       pointer|
|STR_video_out_TDATA   |  out|   24|        axis|  STR_video_out_V_data_V|       pointer|
|STR_video_out_TVALID  |  out|    1|        axis|  STR_video_out_V_last_V|       pointer|
|STR_video_out_TREADY  |   in|    1|        axis|  STR_video_out_V_last_V|       pointer|
|STR_video_out_TLAST   |  out|    1|        axis|  STR_video_out_V_last_V|       pointer|
|STR_video_out_TKEEP   |  out|    3|        axis|  STR_video_out_V_keep_V|       pointer|
|STR_video_out_TSTRB   |  out|    3|        axis|  STR_video_out_V_strb_V|       pointer|
|STR_video_out_TUSER   |  out|    1|        axis|  STR_video_out_V_user_V|       pointer|
|image_w               |   in|   12|     ap_none|                 image_w|        scalar|
|image_h               |   in|   12|     ap_none|                 image_h|        scalar|
|image_in              |   in|   64|     ap_none|                image_in|        scalar|
+----------------------+-----+-----+------------+------------------------+--------------+

============================================================
+ Verbose Summary: Synthesis Manager
============================================================
InlineROM: 1
ExposeGlobal: 0
============================================================
+ Verbose Summary: CDFG Model
============================================================
IsTopModel: 1
ResetActiveHigh: 1
IsCombinational: 2
IsDatapathOnly: 2
HasWiredReturn: 1
HasMFsm: 0
HasVarLatency: 1
IsPipeline: 0
IsRtlPipelined: 0
IsInstanceOverlapped: 0
IsDontTouch: 0
HasImplIP: 0
IsGatedGlobalClock: 0


============================================================
+ Verbose Summary: Schedule
============================================================
* Number of FSM states : 3
* Pipeline : 0
* Dataflow Pipeline: 0

* FSM state transitions: 
1 --> 2 
2 --> 3 
3 --> 

* FSM state operations: 

State 1 <SV = 0> <Delay = 3.84>
ST_1 : Operation 4 [1/1] (0.00ns)   --->   "%image_in_read = read i64 @_ssdm_op_Read.ap_auto.i64, i64 %image_in" [../src/DMA24b_mm2s.cpp:58]   --->   Operation 4 'read' 'image_in_read' <Predicate = true> <Delay = 0.00>
ST_1 : Operation 5 [1/1] (0.00ns)   --->   "%image_h_read = read i12 @_ssdm_op_Read.ap_none.i12, i12 %image_h" [../src/DMA24b_mm2s.cpp:58]   --->   Operation 5 'read' 'image_h_read' <Predicate = true> <Delay = 0.00>
ST_1 : Operation 6 [1/1] (0.00ns)   --->   "%image_w_read = read i12 @_ssdm_op_Read.ap_none.i12, i12 %image_w" [../src/DMA24b_mm2s.cpp:58]   --->   Operation 6 'read' 'image_w_read' <Predicate = true> <Delay = 0.00>
ST_1 : Operation 7 [2/2] (3.84ns)   --->   "%call_ln64 = call void @DMA24b_mm2s, i24 %STR_video_out_V_data_V, i3 %STR_video_out_V_keep_V, i3 %STR_video_out_V_strb_V, i1 %STR_video_out_V_user_V, i1 %STR_video_out_V_last_V, i12 %image_w_read, i12 %image_h_read, i128 %gmem, i64 %image_in_read" [../src/DMA24b_mm2s.cpp:64]   --->   Operation 7 'call' 'call_ln64' <Predicate = true> <Delay = 3.84> <CoreType = "Generic">   --->   Generic Core

State 2 <SV = 1> <Delay = 0.00>
ST_2 : Operation 8 [1/2] (0.00ns)   --->   "%call_ln64 = call void @DMA24b_mm2s, i24 %STR_video_out_V_data_V, i3 %STR_video_out_V_keep_V, i3 %STR_video_out_V_strb_V, i1 %STR_video_out_V_user_V, i1 %STR_video_out_V_last_V, i12 %image_w_read, i12 %image_h_read, i128 %gmem, i64 %image_in_read" [../src/DMA24b_mm2s.cpp:64]   --->   Operation 8 'call' 'call_ln64' <Predicate = true> <Delay = 0.00> <CoreType = "Generic">   --->   Generic Core

State 3 <SV = 2> <Delay = 0.00>
ST_3 : Operation 9 [1/1] (0.00ns)   --->   "%spectopmodule_ln58 = spectopmodule void @_ssdm_op_SpecTopModule, void @empty_3" [../src/DMA24b_mm2s.cpp:58]   --->   Operation 9 'spectopmodule' 'spectopmodule_ln58' <Predicate = true> <Delay = 0.00>
ST_3 : Operation 10 [1/1] (0.00ns)   --->   "%specinterface_ln0 = specinterface void @_ssdm_op_SpecInterface, i128 %gmem, void @empty_0, i32 0, i32 0, void @empty_4, i32 0, i32 57600, void @empty_8, void @empty_7, void @empty_4, i32 16, i32 16, i32 64, i32 16, void @empty_4, void @empty_4, i32 4294967295, i32 0, i32 0"   --->   Operation 10 'specinterface' 'specinterface_ln0' <Predicate = true> <Delay = 0.00>
ST_3 : Operation 11 [1/1] (0.00ns)   --->   "%specbitsmap_ln0 = specbitsmap void @_ssdm_op_SpecBitsMap, i128 %gmem"   --->   Operation 11 'specbitsmap' 'specbitsmap_ln0' <Predicate = true> <Delay = 0.00>
ST_3 : Operation 12 [1/1] (0.00ns)   --->   "%specinterface_ln0 = specinterface void @_ssdm_op_SpecInterface, i24 %STR_video_out_V_data_V, i3 %STR_video_out_V_keep_V, i3 %STR_video_out_V_strb_V, i1 %STR_video_out_V_user_V, i1 %STR_video_out_V_last_V, void @empty_9, i32 1, i32 1, void @empty_5, i32 0, i32 0, void @empty_4, void @empty_4, void @empty_4, i32 0, i32 0, i32 0, i32 0, void @empty_4, void @empty_4, i32 4294967295, i32 0, i32 0"   --->   Operation 12 'specinterface' 'specinterface_ln0' <Predicate = true> <Delay = 0.00>
ST_3 : Operation 13 [1/1] (0.00ns)   --->   "%specbitsmap_ln0 = specbitsmap void @_ssdm_op_SpecBitsMap, i24 %STR_video_out_V_data_V"   --->   Operation 13 'specbitsmap' 'specbitsmap_ln0' <Predicate = true> <Delay = 0.00>
ST_3 : Operation 14 [1/1] (0.00ns)   --->   "%specbitsmap_ln0 = specbitsmap void @_ssdm_op_SpecBitsMap, i3 %STR_video_out_V_keep_V"   --->   Operation 14 'specbitsmap' 'specbitsmap_ln0' <Predicate = true> <Delay = 0.00>
ST_3 : Operation 15 [1/1] (0.00ns)   --->   "%specbitsmap_ln0 = specbitsmap void @_ssdm_op_SpecBitsMap, i3 %STR_video_out_V_strb_V"   --->   Operation 15 'specbitsmap' 'specbitsmap_ln0' <Predicate = true> <Delay = 0.00>
ST_3 : Operation 16 [1/1] (0.00ns)   --->   "%specbitsmap_ln0 = specbitsmap void @_ssdm_op_SpecBitsMap, i1 %STR_video_out_V_user_V"   --->   Operation 16 'specbitsmap' 'specbitsmap_ln0' <Predicate = true> <Delay = 0.00>
ST_3 : Operation 17 [1/1] (0.00ns)   --->   "%specbitsmap_ln0 = specbitsmap void @_ssdm_op_SpecBitsMap, i1 %STR_video_out_V_last_V"   --->   Operation 17 'specbitsmap' 'specbitsmap_ln0' <Predicate = true> <Delay = 0.00>
ST_3 : Operation 18 [1/1] (0.00ns)   --->   "%specbitsmap_ln0 = specbitsmap void @_ssdm_op_SpecBitsMap, i12 %image_w"   --->   Operation 18 'specbitsmap' 'specbitsmap_ln0' <Predicate = true> <Delay = 0.00>
ST_3 : Operation 19 [1/1] (0.00ns)   --->   "%specinterface_ln0 = specinterface void @_ssdm_op_SpecInterface, i12 %image_w, void @empty_10, i32 4294967295, i32 4294967295, void @empty_4, i32 0, i32 0, void @empty_4, void @empty_4, void @empty_4, i32 0, i32 0, i32 0, i32 0, void @empty_4, void @empty_4, i32 4294967295, i32 0, i32 0"   --->   Operation 19 'specinterface' 'specinterface_ln0' <Predicate = true> <Delay = 0.00>
ST_3 : Operation 20 [1/1] (0.00ns)   --->   "%specbitsmap_ln0 = specbitsmap void @_ssdm_op_SpecBitsMap, i12 %image_h"   --->   Operation 20 'specbitsmap' 'specbitsmap_ln0' <Predicate = true> <Delay = 0.00>
ST_3 : Operation 21 [1/1] (0.00ns)   --->   "%specinterface_ln0 = specinterface void @_ssdm_op_SpecInterface, i12 %image_h, void @empty_10, i32 4294967295, i32 4294967295, void @empty_4, i32 0, i32 0, void @empty_4, void @empty_4, void @empty_4, i32 0, i32 0, i32 0, i32 0, void @empty_4, void @empty_4, i32 4294967295, i32 0, i32 0"   --->   Operation 21 'specinterface' 'specinterface_ln0' <Predicate = true> <Delay = 0.00>
ST_3 : Operation 22 [1/1] (0.00ns)   --->   "%specinterface_ln0 = specinterface void @_ssdm_op_SpecInterface, i64 %image_in, void @empty_6, i32 0, i32 0, void @empty_4, i32 0, i32 0, void @empty_4, void @empty_4, void @empty_4, i32 0, i32 0, i32 0, i32 0, void @empty_4, void @empty, i32 4294967295, i32 0, i32 0"   --->   Operation 22 'specinterface' 'specinterface_ln0' <Predicate = true> <Delay = 0.00>
ST_3 : Operation 23 [1/1] (0.00ns)   --->   "%specaxissidechannel_ln65 = specaxissidechannel void @_ssdm_op_SpecAXISSideChannel, i24 %STR_video_out_V_data_V, i3 %STR_video_out_V_keep_V, i3 %STR_video_out_V_strb_V, i1 %STR_video_out_V_user_V, i1 %STR_video_out_V_last_V, i1 0, i1 0, void @empty_1" [../src/DMA24b_mm2s.cpp:65]   --->   Operation 23 'specaxissidechannel' 'specaxissidechannel_ln65' <Predicate = true> <Delay = 0.00>
ST_3 : Operation 24 [1/1] (0.00ns)   --->   "%ret_ln65 = ret" [../src/DMA24b_mm2s.cpp:65]   --->   Operation 24 'ret' 'ret_ln65' <Predicate = true> <Delay = 0.00>


============================================================
+ Verbose Summary: Binding
============================================================
STG Binding: 
---------------- STG Properties BEGIN ----------------
- Is combinational: 0
- Is one-state seq: 0
- Is datapath-only: 0
- Is pipelined: 0
- Is top level: 1
Port [ Return ] is wired: 1; IO mode=ap_ctrl_hs:ce=0
Port [ gmem]:  wired=1; compound=1; hidden=0; nouse=0; global=0; static=0; extern=0; dir=0; type=4; pingpong=0; private_global=0; IO mode=m_axi:ce=0
Port [ STR_video_out_V_data_V]:  wired=1; compound=1; hidden=0; nouse=0; global=0; static=0; extern=0; dir=1; type=0; pingpong=0; private_global=0; IO mode=axis:ce=0
Port [ STR_video_out_V_keep_V]:  wired=1; compound=1; hidden=0; nouse=0; global=0; static=0; extern=0; dir=1; type=0; pingpong=0; private_global=0; IO mode=axis:ce=0
Port [ STR_video_out_V_strb_V]:  wired=1; compound=1; hidden=0; nouse=0; global=0; static=0; extern=0; dir=1; type=0; pingpong=0; private_global=0; IO mode=axis:ce=0
Port [ STR_video_out_V_user_V]:  wired=1; compound=1; hidden=0; nouse=0; global=0; static=0; extern=0; dir=1; type=0; pingpong=0; private_global=0; IO mode=axis:ce=0
Port [ STR_video_out_V_last_V]:  wired=1; compound=1; hidden=0; nouse=0; global=0; static=0; extern=0; dir=1; type=0; pingpong=0; private_global=0; IO mode=axis:ce=0
Port [ image_w]:  wired=1; compound=0; hidden=0; nouse=0; global=0; static=0; extern=0; dir=0; type=0; pingpong=0; private_global=0; IO mode=ap_none:ce=0
Port [ image_h]:  wired=1; compound=0; hidden=0; nouse=0; global=0; static=0; extern=0; dir=0; type=0; pingpong=0; private_global=0; IO mode=ap_none:ce=0
Port [ image_in]:  wired=1; compound=0; hidden=0; nouse=0; global=0; static=0; extern=0; dir=0; type=0; pingpong=0; private_global=0; IO mode=ap_none:ce=0
---------------- STG Properties END ------------------

---------------- Datapath Model BEGIN ----------------

<LifeTime>
<method=bitvector/>
image_in_read            (read               ) [ 0010]
image_h_read             (read               ) [ 0010]
image_w_read             (read               ) [ 0010]
call_ln64                (call               ) [ 0000]
spectopmodule_ln58       (spectopmodule      ) [ 0000]
specinterface_ln0        (specinterface      ) [ 0000]
specbitsmap_ln0          (specbitsmap        ) [ 0000]
specinterface_ln0        (specinterface      ) [ 0000]
specbitsmap_ln0          (specbitsmap        ) [ 0000]
specbitsmap_ln0          (specbitsmap        ) [ 0000]
specbitsmap_ln0          (specbitsmap        ) [ 0000]
specbitsmap_ln0          (specbitsmap        ) [ 0000]
specbitsmap_ln0          (specbitsmap        ) [ 0000]
specbitsmap_ln0          (specbitsmap        ) [ 0000]
specinterface_ln0        (specinterface      ) [ 0000]
specbitsmap_ln0          (specbitsmap        ) [ 0000]
specinterface_ln0        (specinterface      ) [ 0000]
specinterface_ln0        (specinterface      ) [ 0000]
specaxissidechannel_ln65 (specaxissidechannel) [ 0000]
ret_ln65                 (ret                ) [ 0000]
</LifeTime>

<model>

<comp_list>
<comp id="0" class="1000" name="gmem">
<pin_list>
<pin id="1" dir="1" index="0" bw="1" slack="0"/>
</pin_list>
<bind>
<StgValue><ssdm name="gmem"/><MemPortTyVec>0 </MemPortTyVec>
</StgValue>
</bind>
</comp>

<comp id="2" class="1000" name="STR_video_out_V_data_V">
<pin_list>
<pin id="3" dir="1" index="0" bw="1" slack="0"/>
</pin_list>
<bind>
<StgValue><ssdm name="STR_video_out_V_data_V"/></StgValue>
</bind>
</comp>

<comp id="4" class="1000" name="STR_video_out_V_keep_V">
<pin_list>
<pin id="5" dir="1" index="0" bw="1" slack="0"/>
</pin_list>
<bind>
<StgValue><ssdm name="STR_video_out_V_keep_V"/></StgValue>
</bind>
</comp>

<comp id="6" class="1000" name="STR_video_out_V_strb_V">
<pin_list>
<pin id="7" dir="1" index="0" bw="1" slack="0"/>
</pin_list>
<bind>
<StgValue><ssdm name="STR_video_out_V_strb_V"/></StgValue>
</bind>
</comp>

<comp id="8" class="1000" name="STR_video_out_V_user_V">
<pin_list>
<pin id="9" dir="1" index="0" bw="1" slack="0"/>
</pin_list>
<bind>
<StgValue><ssdm name="STR_video_out_V_user_V"/></StgValue>
</bind>
</comp>

<comp id="10" class="1000" name="STR_video_out_V_last_V">
<pin_list>
<pin id="11" dir="1" index="0" bw="1" slack="0"/>
</pin_list>
<bind>
<StgValue><ssdm name="STR_video_out_V_last_V"/></StgValue>
</bind>
</comp>

<comp id="12" class="1000" name="image_w">
<pin_list>
<pin id="13" dir="1" index="0" bw="1" slack="0"/>
</pin_list>
<bind>
<StgValue><ssdm name="image_w"/></StgValue>
</bind>
</comp>

<comp id="14" class="1000" name="image_h">
<pin_list>
<pin id="15" dir="1" index="0" bw="1" slack="0"/>
</pin_list>
<bind>
<StgValue><ssdm name="image_h"/></StgValue>
</bind>
</comp>

<comp id="16" class="1000" name="image_in">
<pin_list>
<pin id="17" dir="1" index="0" bw="1" slack="0"/>
</pin_list>
<bind>
<StgValue><ssdm name="image_in"/></StgValue>
</bind>
</comp>

<comp id="18" class="1001" name="const_18">
<pin_list>
<pin id="19" dir="1" index="0" bw="1" slack="0"/>
</pin_list>
<bind>
<StgValue><ssdm name="_ssdm_op_Read.ap_auto.i64"/></StgValue>
</bind>
</comp>

<comp id="20" class="1001" name="const_20">
<pin_list>
<pin id="21" dir="1" index="0" bw="1" slack="0"/>
</pin_list>
<bind>
<StgValue><ssdm name="_ssdm_op_Read.ap_none.i12"/></StgValue>
</bind>
</comp>

<comp id="22" class="1001" name="const_22">
<pin_list>
<pin id="23" dir="1" index="0" bw="1" slack="0"/>
</pin_list>
<bind>
<StgValue><ssdm name="DMA24b_mm2s"/></StgValue>
</bind>
</comp>

<comp id="24" class="1001" name="const_24">
<pin_list>
<pin id="25" dir="1" index="0" bw="1" slack="2147483647"/>
</pin_list>
<bind>
<StgValue><ssdm name="_ssdm_op_SpecTopModule"/></StgValue>
</bind>
</comp>

<comp id="26" class="1001" name="const_26">
<pin_list>
<pin id="27" dir="1" index="0" bw="1" slack="2147483647"/>
</pin_list>
<bind>
<StgValue><ssdm name="empty_3"/></StgValue>
</bind>
</comp>

<comp id="28" class="1001" name="const_28">
<pin_list>
<pin id="29" dir="1" index="0" bw="1" slack="2147483647"/>
</pin_list>
<bind>
<StgValue><ssdm name="_ssdm_op_SpecInterface"/></StgValue>
</bind>
</comp>

<comp id="30" class="1001" name="const_30">
<pin_list>
<pin id="31" dir="1" index="0" bw="1" slack="2147483647"/>
</pin_list>
<bind>
<StgValue><ssdm name="empty_0"/></StgValue>
</bind>
</comp>

<comp id="32" class="1001" name="const_32">
<pin_list>
<pin id="33" dir="1" index="0" bw="1" slack="2147483647"/>
</pin_list>
<bind>
<StgValue><ssdm name=""/></StgValue>
</bind>
</comp>

<comp id="34" class="1001" name="const_34">
<pin_list>
<pin id="35" dir="1" index="0" bw="1" slack="2147483647"/>
</pin_list>
<bind>
<StgValue><ssdm name="empty_4"/></StgValue>
</bind>
</comp>

<comp id="36" class="1001" name="const_36">
<pin_list>
<pin id="37" dir="1" index="0" bw="1" slack="2147483647"/>
</pin_list>
<bind>
<StgValue><ssdm name=""/></StgValue>
</bind>
</comp>

<comp id="38" class="1001" name="const_38">
<pin_list>
<pin id="39" dir="1" index="0" bw="1" slack="2147483647"/>
</pin_list>
<bind>
<StgValue><ssdm name="empty_8"/></StgValue>
</bind>
</comp>

<comp id="40" class="1001" name="const_40">
<pin_list>
<pin id="41" dir="1" index="0" bw="1" slack="2147483647"/>
</pin_list>
<bind>
<StgValue><ssdm name="empty_7"/></StgValue>
</bind>
</comp>

<comp id="42" class="1001" name="const_42">
<pin_list>
<pin id="43" dir="1" index="0" bw="1" slack="2147483647"/>
</pin_list>
<bind>
<StgValue><ssdm name=""/></StgValue>
</bind>
</comp>

<comp id="44" class="1001" name="const_44">
<pin_list>
<pin id="45" dir="1" index="0" bw="1" slack="2147483647"/>
</pin_list>
<bind>
<StgValue><ssdm name=""/></StgValue>
</bind>
</comp>

<comp id="46" class="1001" name="const_46">
<pin_list>
<pin id="47" dir="1" index="0" bw="1" slack="2147483647"/>
</pin_list>
<bind>
<StgValue><ssdm name=""/></StgValue>
</bind>
</comp>

<comp id="48" class="1001" name="const_48">
<pin_list>
<pin id="49" dir="1" index="0" bw="1" slack="2147483647"/>
</pin_list>
<bind>
<StgValue><ssdm name="_ssdm_op_SpecBitsMap"/></StgValue>
</bind>
</comp>

<comp id="50" class="1001" name="const_50">
<pin_list>
<pin id="51" dir="1" index="0" bw="1" slack="2147483647"/>
</pin_list>
<bind>
<StgValue><ssdm name="empty_9"/></StgValue>
</bind>
</comp>

<comp id="52" class="1001" name="const_52">
<pin_list>
<pin id="53" dir="1" index="0" bw="1" slack="2147483647"/>
</pin_list>
<bind>
<StgValue><ssdm name=""/></StgValue>
</bind>
</comp>

<comp id="54" class="1001" name="const_54">
<pin_list>
<pin id="55" dir="1" index="0" bw="1" slack="2147483647"/>
</pin_list>
<bind>
<StgValue><ssdm name="empty_5"/></StgValue>
</bind>
</comp>

<comp id="56" class="1001" name="const_56">
<pin_list>
<pin id="57" dir="1" index="0" bw="1" slack="2147483647"/>
</pin_list>
<bind>
<StgValue><ssdm name="empty_10"/></StgValue>
</bind>
</comp>

<comp id="58" class="1001" name="const_58">
<pin_list>
<pin id="59" dir="1" index="0" bw="1" slack="2147483647"/>
</pin_list>
<bind>
<StgValue><ssdm name="empty_6"/></StgValue>
</bind>
</comp>

<comp id="60" class="1001" name="const_60">
<pin_list>
<pin id="61" dir="1" index="0" bw="1" slack="2147483647"/>
</pin_list>
<bind>
<StgValue><ssdm name="empty"/></StgValue>
</bind>
</comp>

<comp id="62" class="1001" name="const_62">
<pin_list>
<pin id="63" dir="1" index="0" bw="1" slack="2147483647"/>
</pin_list>
<bind>
<StgValue><ssdm name="_ssdm_op_SpecAXISSideChannel"/></StgValue>
</bind>
</comp>

<comp id="64" class="1001" name="const_64">
<pin_list>
<pin id="65" dir="1" index="0" bw="1" slack="2147483647"/>
</pin_list>
<bind>
<StgValue><ssdm name=""/></StgValue>
</bind>
</comp>

<comp id="66" class="1001" name="const_66">
<pin_list>
<pin id="67" dir="1" index="0" bw="1" slack="2147483647"/>
</pin_list>
<bind>
<StgValue><ssdm name="empty_1"/></StgValue>
</bind>
</comp>

<comp id="68" class="1004" name="image_in_read_read_fu_68">
<pin_list>
<pin id="69" dir="0" index="0" bw="64" slack="0"/>
<pin id="70" dir="0" index="1" bw="64" slack="0"/>
<pin id="71" dir="1" index="2" bw="64" slack="0"/>
</pin_list>
<bind>
<opcode="read(1150) " fcode="read"/>
<opset="image_in_read/1 "/>
</bind>
</comp>

<comp id="74" class="1004" name="image_h_read_read_fu_74">
<pin_list>
<pin id="75" dir="0" index="0" bw="12" slack="0"/>
<pin id="76" dir="0" index="1" bw="12" slack="0"/>
<pin id="77" dir="1" index="2" bw="12" slack="0"/>
</pin_list>
<bind>
<opcode="read(1150) " fcode="read"/>
<opset="image_h_read/1 "/>
</bind>
</comp>

<comp id="80" class="1004" name="image_w_read_read_fu_80">
<pin_list>
<pin id="81" dir="0" index="0" bw="12" slack="0"/>
<pin id="82" dir="0" index="1" bw="12" slack="0"/>
<pin id="83" dir="1" index="2" bw="12" slack="0"/>
</pin_list>
<bind>
<opcode="read(1150) " fcode="read"/>
<opset="image_w_read/1 "/>
</bind>
</comp>

<comp id="86" class="1004" name="grp_DMA24b_mm2s_fu_86">
<pin_list>
<pin id="87" dir="0" index="0" bw="0" slack="0"/>
<pin id="88" dir="0" index="1" bw="24" slack="0"/>
<pin id="89" dir="0" index="2" bw="3" slack="0"/>
<pin id="90" dir="0" index="3" bw="3" slack="0"/>
<pin id="91" dir="0" index="4" bw="1" slack="0"/>
<pin id="92" dir="0" index="5" bw="1" slack="0"/>
<pin id="93" dir="0" index="6" bw="12" slack="0"/>
<pin id="94" dir="0" index="7" bw="12" slack="0"/>
<pin id="95" dir="0" index="8" bw="128" slack="0"/>
<pin id="96" dir="0" index="9" bw="64" slack="0"/>
<pin id="97" dir="1" index="10" bw="0" slack="2147483647"/>
</pin_list>
<bind>
<opcode="call(48) " fcode="call"/>
<opset="call_ln64/1 "/>
</bind>
</comp>

<comp id="108" class="1005" name="image_in_read_reg_108">
<pin_list>
<pin id="109" dir="0" index="0" bw="64" slack="1"/>
<pin id="110" dir="1" index="1" bw="64" slack="1"/>
</pin_list>
<bind>
<opset="image_in_read "/>
</bind>
</comp>

<comp id="113" class="1005" name="image_h_read_reg_113">
<pin_list>
<pin id="114" dir="0" index="0" bw="12" slack="1"/>
<pin id="115" dir="1" index="1" bw="12" slack="1"/>
</pin_list>
<bind>
<opset="image_h_read "/>
</bind>
</comp>

<comp id="118" class="1005" name="image_w_read_reg_118">
<pin_list>
<pin id="119" dir="0" index="0" bw="12" slack="1"/>
<pin id="120" dir="1" index="1" bw="12" slack="1"/>
</pin_list>
<bind>
<opset="image_w_read "/>
</bind>
</comp>

</comp_list>

<net_list>
<net id="72"><net_src comp="18" pin="0"/><net_sink comp="68" pin=0"/></net>

<net id="73"><net_src comp="16" pin="0"/><net_sink comp="68" pin=1"/></net>

<net id="78"><net_src comp="20" pin="0"/><net_sink comp="74" pin=0"/></net>

<net id="79"><net_src comp="14" pin="0"/><net_sink comp="74" pin=1"/></net>

<net id="84"><net_src comp="20" pin="0"/><net_sink comp="80" pin=0"/></net>

<net id="85"><net_src comp="12" pin="0"/><net_sink comp="80" pin=1"/></net>

<net id="98"><net_src comp="22" pin="0"/><net_sink comp="86" pin=0"/></net>

<net id="99"><net_src comp="2" pin="0"/><net_sink comp="86" pin=1"/></net>

<net id="100"><net_src comp="4" pin="0"/><net_sink comp="86" pin=2"/></net>

<net id="101"><net_src comp="6" pin="0"/><net_sink comp="86" pin=3"/></net>

<net id="102"><net_src comp="8" pin="0"/><net_sink comp="86" pin=4"/></net>

<net id="103"><net_src comp="10" pin="0"/><net_sink comp="86" pin=5"/></net>

<net id="104"><net_src comp="80" pin="2"/><net_sink comp="86" pin=6"/></net>

<net id="105"><net_src comp="74" pin="2"/><net_sink comp="86" pin=7"/></net>

<net id="106"><net_src comp="0" pin="0"/><net_sink comp="86" pin=8"/></net>

<net id="107"><net_src comp="68" pin="2"/><net_sink comp="86" pin=9"/></net>

<net id="111"><net_src comp="68" pin="2"/><net_sink comp="108" pin=0"/></net>

<net id="112"><net_src comp="108" pin="1"/><net_sink comp="86" pin=9"/></net>

<net id="116"><net_src comp="74" pin="2"/><net_sink comp="113" pin=0"/></net>

<net id="117"><net_src comp="113" pin="1"/><net_sink comp="86" pin=7"/></net>

<net id="121"><net_src comp="80" pin="2"/><net_sink comp="118" pin=0"/></net>

<net id="122"><net_src comp="118" pin="1"/><net_sink comp="86" pin=6"/></net>

</net_list>

</model> 
---------------- Datapath Model END ------------------

* FSMD analyzer results:
  - Output states:
	Port: STR_video_out_V_data_V | {1 2 }
	Port: STR_video_out_V_keep_V | {1 2 }
	Port: STR_video_out_V_strb_V | {1 2 }
	Port: STR_video_out_V_user_V | {1 2 }
	Port: STR_video_out_V_last_V | {1 2 }
 - Input state : 
	Port: DMA24bUnit_mm2s : gmem | {1 2 }
	Port: DMA24bUnit_mm2s : image_w | {1 }
	Port: DMA24bUnit_mm2s : image_h | {1 }
	Port: DMA24bUnit_mm2s : image_in | {1 }
  - Chain level:
	State 1
	State 2
	State 3


============================================================
+ Verbose Summary: Datapath Resource usage 
============================================================

* Functional unit list:
|----------|--------------------------|---------|---------|---------|---------|
| Operation|      Functional Unit     |   DSP   |  Delay  |    FF   |   LUT   |
|----------|--------------------------|---------|---------|---------|---------|
|   call   |   grp_DMA24b_mm2s_fu_86  |    3    |  25.884 |   1471  |   691   |
|----------|--------------------------|---------|---------|---------|---------|
|          | image_in_read_read_fu_68 |    0    |    0    |    0    |    0    |
|   read   |  image_h_read_read_fu_74 |    0    |    0    |    0    |    0    |
|          |  image_w_read_read_fu_80 |    0    |    0    |    0    |    0    |
|----------|--------------------------|---------|---------|---------|---------|
|   Total  |                          |    3    |  25.884 |   1471  |   691   |
|----------|--------------------------|---------|---------|---------|---------|

Memories:
N/A

* Register list:
+---------------------+--------+
|                     |   FF   |
+---------------------+--------+
| image_h_read_reg_113|   12   |
|image_in_read_reg_108|   64   |
| image_w_read_reg_118|   12   |
+---------------------+--------+
|        Total        |   88   |
+---------------------+--------+

* Multiplexer (MUX) list: 
|-----------------------|------|------|------|--------||---------||---------||---------|
|          Comp         |  Pin | Size |  BW  | S x BW ||  Delay  ||    FF   ||   LUT   |
|-----------------------|------|------|------|--------||---------||---------||---------|
| grp_DMA24b_mm2s_fu_86 |  p6  |   2  |  12  |   24   ||    0    ||    9    |
| grp_DMA24b_mm2s_fu_86 |  p7  |   2  |  12  |   24   ||    0    ||    9    |
| grp_DMA24b_mm2s_fu_86 |  p9  |   2  |  64  |   128  ||    0    ||    9    |
|-----------------------|------|------|------|--------||---------||---------||---------|
|         Total         |      |      |      |   176  ||  4.764  ||    0    ||    27   |
|-----------------------|------|------|------|--------||---------||---------||---------|



* Summary:
+-----------+--------+--------+--------+--------+
|           |   DSP  |  Delay |   FF   |   LUT  |
+-----------+--------+--------+--------+--------+
|  Function |    3   |   25   |  1471  |   691  |
|   Memory  |    -   |    -   |    -   |    -   |
|Multiplexer|    -   |    4   |    0   |   27   |
|  Register |    -   |    -   |   88   |    -   |
+-----------+--------+--------+--------+--------+
|   Total   |    3   |   30   |  1559  |   718  |
+-----------+--------+--------+--------+--------+
