

================================================================
== Vitis HLS Report for 'DMA24b_mm2s_streamout'
================================================================
* Date:           Fri Sep 11 11:21:28 2026

* Version:        2024.2 (Build 5238294 on Nov  8 2024)
* Project:        DMA24b_mm2s_prj
* Solution:       solution1 (Vivado IP Flow Target)
* Product family: zynq
* Target device:  xc7z020-clg400-1


================================================================
== Performance Estimates
================================================================
+ Timing: 
    * Summary: 
    +--------+---------+----------+------------+
    |  Clock |  Target | Estimated| Uncertainty|
    +--------+---------+----------+------------+
    |ap_clk  |  6.66 ns|  4.751 ns|     1.80 ns|
    +--------+---------+----------+------------+

+ Latency: 
    * Summary: 
    +---------+----------+-----------+-----------+-----+----------+---------+
    |  Latency (cycles)  |   Latency (absolute)  |    Interval    | Pipeline|
    |   min   |    max   |    min    |    max    | min |    max   |   Type  |
    +---------+----------+-----------+-----------+-----+----------+---------+
    |        5|  16707605|  33.300 ns|  0.111 sec|    5|  16707605|       no|
    +---------+----------+-----------+-----------+-----+----------+---------+

    + Detail: 
        * Instance: 
        +---------------------------------------------------------------+-----------------------------------------------------+---------+----------+-----------+-----------+-----+----------+------------------------------------------------+
        |                                                               |                                                     |  Latency (cycles)  |   Latency (absolute)  |    Interval    |                    Pipeline                    |
        |                            Instance                           |                        Module                       |   min   |    max   |    min    |    max    | min |    max   |                      Type                      |
        +---------------------------------------------------------------+-----------------------------------------------------+---------+----------+-----------+-----------+-----+----------+------------------------------------------------+
        |grp_DMA24b_mm2s_streamout_Pipeline_line_loop_group_loop_fu_72  |DMA24b_mm2s_streamout_Pipeline_line_loop_group_loop  |        2|  16707602|  13.320 ns|  0.111 sec|    1|  16707601|  loop auto-rewind stp (delay=0 clock cycles(s))|
        +---------------------------------------------------------------+-----------------------------------------------------+---------+----------+-----------+-----------+-----+----------+------------------------------------------------+

        * Loop: 
        N/A



================================================================
== Utilization Estimates
================================================================
* Summary: 
+-----------------+---------+-----+--------+-------+-----+
|       Name      | BRAM_18K| DSP |   FF   |  LUT  | URAM|
+-----------------+---------+-----+--------+-------+-----+
|DSP              |        -|    -|       -|      -|    -|
|Expression       |        -|    -|       0|     18|    -|
|FIFO             |        -|    -|       -|      -|    -|
|Instance         |        -|    1|     288|    460|    -|
|Memory           |        -|    -|       -|      -|    -|
|Multiplexer      |        -|    -|       0|     97|    -|
|Register         |        -|    -|      87|      -|    -|
+-----------------+---------+-----+--------+-------+-----+
|Total            |        0|    1|     375|    575|    0|
+-----------------+---------+-----+--------+-------+-----+
|Available        |      280|  220|  106400|  53200|    0|
+-----------------+---------+-----+--------+-------+-----+
|Utilization (%)  |        0|   ~0|      ~0|      1|    0|
+-----------------+---------+-----+--------+-------+-----+

+ Detail: 
    * Instance: 
    +---------------------------------------------------------------+-----------------------------------------------------+---------+----+-----+-----+-----+
    |                            Instance                           |                        Module                       | BRAM_18K| DSP|  FF | LUT | URAM|
    +---------------------------------------------------------------+-----------------------------------------------------+---------+----+-----+-----+-----+
    |grp_DMA24b_mm2s_streamout_Pipeline_line_loop_group_loop_fu_72  |DMA24b_mm2s_streamout_Pipeline_line_loop_group_loop  |        0|   0|  237|  458|    0|
    |mul_12ns_8ns_20_2_1_U26                                        |mul_12ns_8ns_20_2_1                                  |        0|   1|   51|    2|    0|
    +---------------------------------------------------------------+-----------------------------------------------------+---------+----+-----+-----+-----+
    |Total                                                          |                                                     |        0|   1|  288|  460|    0|
    +---------------------------------------------------------------+-----------------------------------------------------+---------+----+-----+-----+-----+

    * DSP: 
    N/A

    * Memory: 
    N/A

    * FIFO: 
    N/A

    * Expression: 
    +------------------------------------------------------------------------------------+----------+----+---+----+------------+------------+
    |                                    Variable Name                                   | Operation| DSP| FF| LUT| Bitwidth P0| Bitwidth P1|
    +------------------------------------------------------------------------------------+----------+----+---+----+------------+------------+
    |last_i_fu_138_p2                                                                    |         +|   0|  0|  14|           9|           2|
    |grp_DMA24b_mm2s_streamout_Pipeline_line_loop_group_loop_fu_72_STR_video_out_TREADY  |       and|   0|  0|   2|           1|           1|
    |ap_block_state1                                                                     |        or|   0|  0|   2|           1|           1|
    +------------------------------------------------------------------------------------+----------+----+---+----+------------+------------+
    |Total                                                                               |          |   0|  0|  18|          11|           4|
    +------------------------------------------------------------------------------------+----------+----+---+----+------------+------------+

    * Multiplexer: 
    +---------------------+----+-----------+-----+-----------+
    |         Name        | LUT| Input Size| Bits| Total Bits|
    +---------------------+----+-----------+-----+-----------+
    |STR_video_out_TDATA  |   9|          2|   24|         48|
    |STR_video_out_TKEEP  |   9|          2|    3|          6|
    |STR_video_out_TLAST  |   9|          2|    1|          2|
    |STR_video_out_TSTRB  |   9|          2|    3|          6|
    |STR_video_out_TUSER  |   9|          2|    1|          2|
    |ap_NS_fsm            |  25|          5|    1|          5|
    |ap_done              |   9|          2|    1|          2|
    |img_h_blk_n          |   9|          2|    1|          2|
    |img_w_blk_n          |   9|          2|    1|          2|
    +---------------------+----+-----------+-----+-----------+
    |Total                |  97|         21|   36|         75|
    +---------------------+----+-----------+-----+-----------+

    * Register: 
    +----------------------------------------------------------------------------+----+----+-----+-----------+
    |                                    Name                                    | FF | LUT| Bits| Const Bits|
    +----------------------------------------------------------------------------+----+----+-----+-----------+
    |STR_video_out_TDATA_reg                                                     |  24|   0|   24|          0|
    |STR_video_out_TKEEP_reg                                                     |   3|   0|    3|          0|
    |STR_video_out_TLAST_reg                                                     |   1|   0|    1|          0|
    |STR_video_out_TSTRB_reg                                                     |   3|   0|    3|          0|
    |STR_video_out_TUSER_reg                                                     |   1|   0|    1|          0|
    |ap_CS_fsm                                                                   |   4|   0|    4|          0|
    |ap_done_reg                                                                 |   1|   0|    1|          0|
    |bound_reg_171                                                               |  20|   0|   20|          0|
    |grp_DMA24b_mm2s_streamout_Pipeline_line_loop_group_loop_fu_72_ap_start_reg  |   1|   0|    1|          0|
    |img_h_1_reg_145                                                             |  12|   0|   12|          0|
    |last_i_reg_166                                                              |   9|   0|    9|          0|
    |tmp_s_reg_150                                                               |   8|   0|    8|          0|
    +----------------------------------------------------------------------------+----+----+-----+-----------+
    |Total                                                                       |  87|   0|   87|          0|
    +----------------------------------------------------------------------------+----+----+-----+-----------+



================================================================
== Interface
================================================================
* Summary: 
+------------------------+-----+-----+------------+------------------------+--------------+
|        RTL Ports       | Dir | Bits|  Protocol  |      Source Object     |    C Type    |
+------------------------+-----+-----+------------+------------------------+--------------+
|ap_clk                  |   in|    1|  ap_ctrl_hs|   DMA24b_mm2s_streamout|  return value|
|ap_rst                  |   in|    1|  ap_ctrl_hs|   DMA24b_mm2s_streamout|  return value|
|ap_start                |   in|    1|  ap_ctrl_hs|   DMA24b_mm2s_streamout|  return value|
|ap_done                 |  out|    1|  ap_ctrl_hs|   DMA24b_mm2s_streamout|  return value|
|ap_continue             |   in|    1|  ap_ctrl_hs|   DMA24b_mm2s_streamout|  return value|
|ap_idle                 |  out|    1|  ap_ctrl_hs|   DMA24b_mm2s_streamout|  return value|
|ap_ready                |  out|    1|  ap_ctrl_hs|   DMA24b_mm2s_streamout|  return value|
|STR_video_out_TDATA     |  out|   24|        axis|  STR_video_out_V_data_V|       pointer|
|STR_video_out_TVALID    |  out|    1|        axis|  STR_video_out_V_last_V|       pointer|
|STR_video_out_TREADY    |   in|    1|        axis|  STR_video_out_V_last_V|       pointer|
|STR_video_out_TLAST     |  out|    1|        axis|  STR_video_out_V_last_V|       pointer|
|STR_video_out_TKEEP     |  out|    3|        axis|  STR_video_out_V_keep_V|       pointer|
|STR_video_out_TSTRB     |  out|    3|        axis|  STR_video_out_V_strb_V|       pointer|
|STR_video_out_TUSER     |  out|    1|        axis|  STR_video_out_V_user_V|       pointer|
|mm_fifo_dout            |   in|  128|     ap_fifo|                 mm_fifo|       pointer|
|mm_fifo_empty_n         |   in|    1|     ap_fifo|                 mm_fifo|       pointer|
|mm_fifo_read            |  out|    1|     ap_fifo|                 mm_fifo|       pointer|
|mm_fifo_num_data_valid  |   in|    9|     ap_fifo|                 mm_fifo|       pointer|
|mm_fifo_fifo_cap        |   in|    9|     ap_fifo|                 mm_fifo|       pointer|
|img_w_dout              |   in|   12|     ap_fifo|                   img_w|       pointer|
|img_w_empty_n           |   in|    1|     ap_fifo|                   img_w|       pointer|
|img_w_read              |  out|    1|     ap_fifo|                   img_w|       pointer|
|img_w_num_data_valid    |   in|    3|     ap_fifo|                   img_w|       pointer|
|img_w_fifo_cap          |   in|    3|     ap_fifo|                   img_w|       pointer|
|img_h_dout              |   in|   12|     ap_fifo|                   img_h|       pointer|
|img_h_empty_n           |   in|    1|     ap_fifo|                   img_h|       pointer|
|img_h_read              |  out|    1|     ap_fifo|                   img_h|       pointer|
|img_h_num_data_valid    |   in|    3|     ap_fifo|                   img_h|       pointer|
|img_h_fifo_cap          |   in|    3|     ap_fifo|                   img_h|       pointer|
+------------------------+-----+-----+------------+------------------------+--------------+

============================================================
+ Verbose Summary: Synthesis Manager
============================================================
InlineROM: 1
ExposeGlobal: 0
============================================================
+ Verbose Summary: CDFG Model
============================================================
IsTopModel: 0
ResetActiveHigh: 1
IsCombinational: 2
IsDatapathOnly: 0
HasWiredReturn: 1
HasMFsm: 0
HasVarLatency: 1
IsPipeline: 0
IsRtlPipelined: 0
IsInstanceOverlapped: 0
IsDontTouch: 0
HasImplIP: 0
IsGatedGlobalClock: 0


============================================================
+ Verbose Summary: Schedule
============================================================
* Number of FSM states : 4
* Pipeline : 0
* Dataflow Pipeline: 0

* FSM state transitions: 
1 --> 2 
2 --> 3 
3 --> 4 
4 --> 

* FSM state operations: 

State 1 <SV = 0> <Delay = 2.43>
ST_1 : Operation 5 [1/1] ( I:2.43ns O:2.43ns )   --->   "%img_h_1 = read i12 @_ssdm_op_Read.ap_fifo.i12P0A, i12 %img_h"   --->   Operation 5 'read' 'img_h_1' <Predicate = true> <Delay = 2.43> <CoreInst = "FIFO_SRL">   --->   Core 80 'FIFO_SRL' <Latency = 0> <II = 1> <Delay = 3.63> <Storage> <Opcode : 'read' 'write' 'nbread' 'nbwrite'> <Ports = 0> <Width = 12> <Depth = 2> <FIFO>
ST_1 : Operation 6 [1/1] ( I:2.43ns O:2.43ns )   --->   "%img_w_1 = read i12 @_ssdm_op_Read.ap_fifo.i12P0A, i12 %img_w"   --->   Operation 6 'read' 'img_w_1' <Predicate = true> <Delay = 2.43> <CoreInst = "FIFO_SRL">   --->   Core 80 'FIFO_SRL' <Latency = 0> <II = 1> <Delay = 3.63> <Storage> <Opcode : 'read' 'write' 'nbread' 'nbwrite'> <Ports = 0> <Width = 12> <Depth = 2> <FIFO>
ST_1 : Operation 7 [1/1] (0.00ns)   --->   "%tmp_s = partselect i8 @_ssdm_op_PartSelect.i8.i12.i32.i32, i12 %img_w_1, i32 4, i32 11" [../src/DMA24b_mm2s.cpp:37]   --->   Operation 7 'partselect' 'tmp_s' <Predicate = true> <Delay = 0.00>

State 2 <SV = 1> <Delay = 3.34>
ST_2 : Operation 8 [1/1] (0.00ns)   --->   "%img_h_1_cast = zext i12 %img_h_1"   --->   Operation 8 'zext' 'img_h_1_cast' <Predicate = true> <Delay = 0.00>
ST_2 : Operation 9 [1/1] (0.00ns)   --->   "%tmp_48_cast = zext i8 %tmp_s" [../src/DMA24b_mm2s.cpp:37]   --->   Operation 9 'zext' 'tmp_48_cast' <Predicate = true> <Delay = 0.00>
ST_2 : Operation 10 [2/2] (3.34ns)   --->   "%bound = mul i20 %img_h_1_cast, i20 %tmp_48_cast" [../src/DMA24b_mm2s.cpp:37]   --->   Operation 10 'mul' 'bound' <Predicate = true> <Delay = 3.34> <CoreInst = "Multiplier">   --->   Core 3 'Multiplier' <Latency = 1> <II = 1> <Delay = 3.34> <FuncUnit> <Opcode : 'mul'> <InPorts = 2> <OutPorts = 1>
ST_2 : Operation 11 [1/1] (0.00ns)   --->   "%fence_ln38 = fence void @_ssdm_op_Fence, i12 %img_h, i12 %img_w, i32 4294967295, i128 %mm_fifo, i24 %STR_video_out_V_data_V, i3 %STR_video_out_V_keep_V, i3 %STR_video_out_V_strb_V, i1 %STR_video_out_V_user_V, i1 %STR_video_out_V_last_V" [../src/DMA24b_mm2s.cpp:38]   --->   Operation 11 'fence' 'fence_ln38' <Predicate = true> <Delay = 0.00>

State 3 <SV = 2> <Delay = 3.34>
ST_3 : Operation 12 [1/1] (0.00ns)   --->   "%zext_ln37 = zext i8 %tmp_s" [../src/DMA24b_mm2s.cpp:37]   --->   Operation 12 'zext' 'zext_ln37' <Predicate = true> <Delay = 0.00>
ST_3 : Operation 13 [1/1] (1.91ns)   --->   "%last_i = add i9 %zext_ln37, i9 511" [../src/DMA24b_mm2s.cpp:37]   --->   Operation 13 'add' 'last_i' <Predicate = true> <Delay = 1.91> <CoreInst = "Adder">   --->   Core 1 'Adder' <Latency = 0> <II = 1> <Delay = 1.82> <FuncUnit> <Opcode : 'add' 'sub'> <InPorts = 2> <OutPorts = 1>
ST_3 : Operation 14 [1/2] (3.34ns)   --->   "%bound = mul i20 %img_h_1_cast, i20 %tmp_48_cast" [../src/DMA24b_mm2s.cpp:37]   --->   Operation 14 'mul' 'bound' <Predicate = true> <Delay = 3.34> <CoreInst = "Multiplier">   --->   Core 3 'Multiplier' <Latency = 1> <II = 1> <Delay = 3.34> <FuncUnit> <Opcode : 'mul'> <InPorts = 2> <OutPorts = 1>
ST_3 : Operation 15 [2/2] (0.00ns)   --->   "%call_ln37 = call void @DMA24b_mm2s_streamout_Pipeline_line_loop_group_loop, i9 %last_i, i20 %bound, i128 %mm_fifo, i24 %STR_video_out_V_data_V, i3 %STR_video_out_V_keep_V, i3 %STR_video_out_V_strb_V, i1 %STR_video_out_V_user_V, i1 %STR_video_out_V_last_V" [../src/DMA24b_mm2s.cpp:37]   --->   Operation 15 'call' 'call_ln37' <Predicate = true> <Delay = 0.00> <CoreType = "Generic">   --->   Generic Core

State 4 <SV = 3> <Delay = 4.06>
ST_4 : Operation 16 [1/1] (0.00ns)   --->   "%specinterface_ln0 = specinterface void @_ssdm_op_SpecInterface, i12 %img_h, void @ap_fifo_str, i32 0, i32 0, void @p_str, i32 0, i32 0, void @p_str, void @p_str, void @p_str, i32 2, i32 2, i32 16, i32 16, void @p_str, void @ScalarProp_str, i32 4294967295, i32 0, i32 0"   --->   Operation 16 'specinterface' 'specinterface_ln0' <Predicate = true> <Delay = 0.00>
ST_4 : Operation 17 [1/1] (0.00ns)   --->   "%specinterface_ln0 = specinterface void @_ssdm_op_SpecInterface, i12 %img_w, void @ap_fifo_str, i32 0, i32 0, void @p_str, i32 0, i32 0, void @p_str, void @p_str, void @p_str, i32 2, i32 2, i32 16, i32 16, void @p_str, void @ScalarProp_str, i32 4294967295, i32 0, i32 0"   --->   Operation 17 'specinterface' 'specinterface_ln0' <Predicate = true> <Delay = 0.00>
ST_4 : Operation 18 [1/1] (0.00ns)   --->   "%specaxissidechannel_ln0 = specaxissidechannel void @_ssdm_op_SpecAXISSideChannel, i24 %STR_video_out_V_data_V, i3 %STR_video_out_V_keep_V, i3 %STR_video_out_V_strb_V, i1 %STR_video_out_V_user_V, i1 %STR_video_out_V_last_V, i1 0, i1 0, void @empty_1"   --->   Operation 18 'specaxissidechannel' 'specaxissidechannel_ln0' <Predicate = true> <Delay = 0.00>
ST_4 : Operation 19 [1/1] (0.00ns)   --->   "%specinterface_ln0 = specinterface void @_ssdm_op_SpecInterface, i128 %mm_fifo, void @empty_2, i32 0, i32 0, void @empty_4, i32 0, i32 0, void @empty_4, void @empty_4, void @empty_4, i32 0, i32 0, i32 0, i32 0, void @empty_4, void @empty_4, i32 4294967295, i32 0, i32 0"   --->   Operation 19 'specinterface' 'specinterface_ln0' <Predicate = true> <Delay = 0.00>
ST_4 : Operation 20 [1/1] (0.00ns)   --->   "%specinterface_ln0 = specinterface void @_ssdm_op_SpecInterface, i24 %STR_video_out_V_data_V, i3 %STR_video_out_V_keep_V, i3 %STR_video_out_V_strb_V, i1 %STR_video_out_V_user_V, i1 %STR_video_out_V_last_V, void @empty_9, i32 0, i32 0, void @empty_5, i32 0, i32 0, void @empty_4, void @empty_4, void @empty_4, i32 0, i32 0, i32 0, i32 0, void @empty_4, void @empty_4, i32 4294967295, i32 0, i32 0"   --->   Operation 20 'specinterface' 'specinterface_ln0' <Predicate = true> <Delay = 0.00>
ST_4 : Operation 21 [1/2] (4.06ns)   --->   "%call_ln37 = call void @DMA24b_mm2s_streamout_Pipeline_line_loop_group_loop, i9 %last_i, i20 %bound, i128 %mm_fifo, i24 %STR_video_out_V_data_V, i3 %STR_video_out_V_keep_V, i3 %STR_video_out_V_strb_V, i1 %STR_video_out_V_user_V, i1 %STR_video_out_V_last_V" [../src/DMA24b_mm2s.cpp:37]   --->   Operation 21 'call' 'call_ln37' <Predicate = true> <Delay = 4.06> <CoreType = "Generic">   --->   Generic Core
ST_4 : Operation 22 [1/1] (0.00ns)   --->   "%ret_ln56 = ret" [../src/DMA24b_mm2s.cpp:56]   --->   Operation 22 'ret' 'ret_ln56' <Predicate = true> <Delay = 0.00>


============================================================
+ Verbose Summary: Binding
============================================================
STG Binding: 
---------------- STG Properties BEGIN ----------------
- Is combinational: 0
- Is one-state seq: 0
- Is datapath-only: 0
- Is pipelined: 0
- Is top level: 0
Port [ Return ] is wired: 1; IO mode=ap_ctrl_hs:ce=0
Port [ STR_video_out_V_data_V]:  wired=1; compound=1; hidden=0; nouse=0; global=0; static=0; extern=0; dir=1; type=0; pingpong=0; private_global=0; IO mode=axis:ce=0
Port [ STR_video_out_V_keep_V]:  wired=1; compound=1; hidden=0; nouse=0; global=0; static=0; extern=0; dir=1; type=0; pingpong=0; private_global=0; IO mode=axis:ce=0
Port [ STR_video_out_V_strb_V]:  wired=1; compound=1; hidden=0; nouse=0; global=0; static=0; extern=0; dir=1; type=0; pingpong=0; private_global=0; IO mode=axis:ce=0
Port [ STR_video_out_V_user_V]:  wired=1; compound=1; hidden=0; nouse=0; global=0; static=0; extern=0; dir=1; type=0; pingpong=0; private_global=0; IO mode=axis:ce=0
Port [ STR_video_out_V_last_V]:  wired=1; compound=1; hidden=0; nouse=0; global=0; static=0; extern=0; dir=1; type=0; pingpong=0; private_global=0; IO mode=axis:ce=0
Port [ mm_fifo]:  wired=1; compound=1; hidden=0; nouse=0; global=0; static=0; extern=0; dir=0; type=3; pingpong=0; private_global=0; IO mode=ap_fifo:ce=0
Port [ img_w]:  wired=1; compound=1; hidden=0; nouse=0; global=0; static=0; extern=0; dir=0; type=3; pingpong=0; private_global=0; IO mode=ap_fifo:ce=0
Port [ img_h]:  wired=1; compound=1; hidden=0; nouse=0; global=0; static=0; extern=0; dir=0; type=3; pingpong=0; private_global=0; IO mode=ap_fifo:ce=0
---------------- STG Properties END ------------------

---------------- Datapath Model BEGIN ----------------

<LifeTime>
<method=bitvector/>
img_h_1                 (read               ) [ 00100]
img_w_1                 (read               ) [ 00000]
tmp_s                   (partselect         ) [ 00110]
img_h_1_cast            (zext               ) [ 00010]
tmp_48_cast             (zext               ) [ 00010]
fence_ln38              (fence              ) [ 00000]
zext_ln37               (zext               ) [ 00000]
last_i                  (add                ) [ 00001]
bound                   (mul                ) [ 00001]
specinterface_ln0       (specinterface      ) [ 00000]
specinterface_ln0       (specinterface      ) [ 00000]
specaxissidechannel_ln0 (specaxissidechannel) [ 00000]
specinterface_ln0       (specinterface      ) [ 00000]
specinterface_ln0       (specinterface      ) [ 00000]
call_ln37               (call               ) [ 00000]
ret_ln56                (ret                ) [ 00000]
</LifeTime>

<model>

<comp_list>
<comp id="0" class="1000" name="STR_video_out_V_data_V">
<pin_list>
<pin id="1" dir="1" index="0" bw="1" slack="0"/>
</pin_list>
<bind>
<StgValue><ssdm name="STR_video_out_V_data_V"/></StgValue>
</bind>
</comp>

<comp id="2" class="1000" name="STR_video_out_V_keep_V">
<pin_list>
<pin id="3" dir="1" index="0" bw="1" slack="0"/>
</pin_list>
<bind>
<StgValue><ssdm name="STR_video_out_V_keep_V"/></StgValue>
</bind>
</comp>

<comp id="4" class="1000" name="STR_video_out_V_strb_V">
<pin_list>
<pin id="5" dir="1" index="0" bw="1" slack="0"/>
</pin_list>
<bind>
<StgValue><ssdm name="STR_video_out_V_strb_V"/></StgValue>
</bind>
</comp>

<comp id="6" class="1000" name="STR_video_out_V_user_V">
<pin_list>
<pin id="7" dir="1" index="0" bw="1" slack="0"/>
</pin_list>
<bind>
<StgValue><ssdm name="STR_video_out_V_user_V"/></StgValue>
</bind>
</comp>

<comp id="8" class="1000" name="STR_video_out_V_last_V">
<pin_list>
<pin id="9" dir="1" index="0" bw="1" slack="0"/>
</pin_list>
<bind>
<StgValue><ssdm name="STR_video_out_V_last_V"/></StgValue>
</bind>
</comp>

<comp id="10" class="1000" name="mm_fifo">
<pin_list>
<pin id="11" dir="1" index="0" bw="1" slack="0"/>
</pin_list>
<bind>
<StgValue><ssdm name="mm_fifo"/></StgValue>
</bind>
</comp>

<comp id="12" class="1000" name="img_w">
<pin_list>
<pin id="13" dir="1" index="0" bw="1" slack="0"/>
</pin_list>
<bind>
<StgValue><ssdm name="img_w"/></StgValue>
</bind>
</comp>

<comp id="14" class="1000" name="img_h">
<pin_list>
<pin id="15" dir="1" index="0" bw="1" slack="0"/>
</pin_list>
<bind>
<StgValue><ssdm name="img_h"/></StgValue>
</bind>
</comp>

<comp id="16" class="1001" name="const_16">
<pin_list>
<pin id="17" dir="1" index="0" bw="1" slack="0"/>
</pin_list>
<bind>
<StgValue><ssdm name="_ssdm_op_Read.ap_fifo.i12P0A"/></StgValue>
</bind>
</comp>

<comp id="18" class="1001" name="const_18">
<pin_list>
<pin id="19" dir="1" index="0" bw="1" slack="0"/>
</pin_list>
<bind>
<StgValue><ssdm name="_ssdm_op_PartSelect.i8.i12.i32.i32"/></StgValue>
</bind>
</comp>

<comp id="20" class="1001" name="const_20">
<pin_list>
<pin id="21" dir="1" index="0" bw="1" slack="0"/>
</pin_list>
<bind>
<StgValue><ssdm name=""/></StgValue>
</bind>
</comp>

<comp id="22" class="1001" name="const_22">
<pin_list>
<pin id="23" dir="1" index="0" bw="1" slack="0"/>
</pin_list>
<bind>
<StgValue><ssdm name=""/></StgValue>
</bind>
</comp>

<comp id="24" class="1001" name="const_24">
<pin_list>
<pin id="25" dir="1" index="0" bw="1" slack="0"/>
</pin_list>
<bind>
<StgValue><ssdm name="_ssdm_op_Fence"/></StgValue>
</bind>
</comp>

<comp id="26" class="1001" name="const_26">
<pin_list>
<pin id="27" dir="1" index="0" bw="1" slack="0"/>
</pin_list>
<bind>
<StgValue><ssdm name=""/></StgValue>
</bind>
</comp>

<comp id="28" class="1001" name="const_28">
<pin_list>
<pin id="29" dir="1" index="0" bw="1" slack="0"/>
</pin_list>
<bind>
<StgValue><ssdm name=""/></StgValue>
</bind>
</comp>

<comp id="30" class="1001" name="const_30">
<pin_list>
<pin id="31" dir="1" index="0" bw="1" slack="0"/>
</pin_list>
<bind>
<StgValue><ssdm name="DMA24b_mm2s_streamout_Pipeline_line_loop_group_loop"/></StgValue>
</bind>
</comp>

<comp id="32" class="1001" name="const_32">
<pin_list>
<pin id="33" dir="1" index="0" bw="1" slack="2147483647"/>
</pin_list>
<bind>
<StgValue><ssdm name="_ssdm_op_SpecInterface"/></StgValue>
</bind>
</comp>

<comp id="34" class="1001" name="const_34">
<pin_list>
<pin id="35" dir="1" index="0" bw="1" slack="2147483647"/>
</pin_list>
<bind>
<StgValue><ssdm name="ap_fifo_str"/></StgValue>
</bind>
</comp>

<comp id="36" class="1001" name="const_36">
<pin_list>
<pin id="37" dir="1" index="0" bw="1" slack="2147483647"/>
</pin_list>
<bind>
<StgValue><ssdm name=""/></StgValue>
</bind>
</comp>

<comp id="38" class="1001" name="const_38">
<pin_list>
<pin id="39" dir="1" index="0" bw="1" slack="2147483647"/>
</pin_list>
<bind>
<StgValue><ssdm name="p_str"/></StgValue>
</bind>
</comp>

<comp id="40" class="1001" name="const_40">
<pin_list>
<pin id="41" dir="1" index="0" bw="1" slack="2147483647"/>
</pin_list>
<bind>
<StgValue><ssdm name=""/></StgValue>
</bind>
</comp>

<comp id="42" class="1001" name="const_42">
<pin_list>
<pin id="43" dir="1" index="0" bw="1" slack="2147483647"/>
</pin_list>
<bind>
<StgValue><ssdm name=""/></StgValue>
</bind>
</comp>

<comp id="44" class="1001" name="const_44">
<pin_list>
<pin id="45" dir="1" index="0" bw="1" slack="2147483647"/>
</pin_list>
<bind>
<StgValue><ssdm name="ScalarProp_str"/></StgValue>
</bind>
</comp>

<comp id="46" class="1001" name="const_46">
<pin_list>
<pin id="47" dir="1" index="0" bw="1" slack="2147483647"/>
</pin_list>
<bind>
<StgValue><ssdm name="_ssdm_op_SpecAXISSideChannel"/></StgValue>
</bind>
</comp>

<comp id="48" class="1001" name="const_48">
<pin_list>
<pin id="49" dir="1" index="0" bw="1" slack="2147483647"/>
</pin_list>
<bind>
<StgValue><ssdm name=""/></StgValue>
</bind>
</comp>

<comp id="50" class="1001" name="const_50">
<pin_list>
<pin id="51" dir="1" index="0" bw="1" slack="2147483647"/>
</pin_list>
<bind>
<StgValue><ssdm name="empty_1"/></StgValue>
</bind>
</comp>

<comp id="52" class="1001" name="const_52">
<pin_list>
<pin id="53" dir="1" index="0" bw="1" slack="2147483647"/>
</pin_list>
<bind>
<StgValue><ssdm name="empty_2"/></StgValue>
</bind>
</comp>

<comp id="54" class="1001" name="const_54">
<pin_list>
<pin id="55" dir="1" index="0" bw="1" slack="2147483647"/>
</pin_list>
<bind>
<StgValue><ssdm name="empty_4"/></StgValue>
</bind>
</comp>

<comp id="56" class="1001" name="const_56">
<pin_list>
<pin id="57" dir="1" index="0" bw="1" slack="2147483647"/>
</pin_list>
<bind>
<StgValue><ssdm name="empty_9"/></StgValue>
</bind>
</comp>

<comp id="58" class="1001" name="const_58">
<pin_list>
<pin id="59" dir="1" index="0" bw="1" slack="2147483647"/>
</pin_list>
<bind>
<StgValue><ssdm name="empty_5"/></StgValue>
</bind>
</comp>

<comp id="60" class="1004" name="img_h_1_read_fu_60">
<pin_list>
<pin id="61" dir="0" index="0" bw="12" slack="0"/>
<pin id="62" dir="0" index="1" bw="12" slack="0"/>
<pin id="63" dir="1" index="2" bw="12" slack="1"/>
</pin_list>
<bind>
<opcode="read(1150) " fcode="read"/>
<opset="img_h_1/1 "/>
</bind>
</comp>

<comp id="66" class="1004" name="img_w_1_read_fu_66">
<pin_list>
<pin id="67" dir="0" index="0" bw="12" slack="0"/>
<pin id="68" dir="0" index="1" bw="12" slack="0"/>
<pin id="69" dir="1" index="2" bw="12" slack="0"/>
</pin_list>
<bind>
<opcode="read(1150) " fcode="read"/>
<opset="img_w_1/1 "/>
</bind>
</comp>

<comp id="72" class="1004" name="grp_DMA24b_mm2s_streamout_Pipeline_line_loop_group_loop_fu_72">
<pin_list>
<pin id="73" dir="0" index="0" bw="0" slack="0"/>
<pin id="74" dir="0" index="1" bw="9" slack="0"/>
<pin id="75" dir="0" index="2" bw="20" slack="0"/>
<pin id="76" dir="0" index="3" bw="128" slack="0"/>
<pin id="77" dir="0" index="4" bw="24" slack="0"/>
<pin id="78" dir="0" index="5" bw="3" slack="0"/>
<pin id="79" dir="0" index="6" bw="3" slack="0"/>
<pin id="80" dir="0" index="7" bw="1" slack="0"/>
<pin id="81" dir="0" index="8" bw="1" slack="0"/>
<pin id="82" dir="1" index="9" bw="0" slack="2147483647"/>
</pin_list>
<bind>
<opcode="call(48) " fcode="call"/>
<opset="call_ln37/3 "/>
</bind>
</comp>

<comp id="90" class="1004" name="tmp_s_fu_90">
<pin_list>
<pin id="91" dir="0" index="0" bw="8" slack="0"/>
<pin id="92" dir="0" index="1" bw="12" slack="0"/>
<pin id="93" dir="0" index="2" bw="4" slack="0"/>
<pin id="94" dir="0" index="3" bw="5" slack="0"/>
<pin id="95" dir="1" index="4" bw="8" slack="1"/>
</pin_list>
<bind>
<opcode="partselect(1002) " fcode="partselect"/>
<opset="tmp_s/1 "/>
</bind>
</comp>

<comp id="100" class="1004" name="img_h_1_cast_fu_100">
<pin_list>
<pin id="101" dir="0" index="0" bw="12" slack="1"/>
<pin id="102" dir="1" index="1" bw="20" slack="0"/>
</pin_list>
<bind>
<opcode="zext(34) " fcode="zext"/>
<opset="img_h_1_cast/2 "/>
</bind>
</comp>

<comp id="103" class="1004" name="tmp_48_cast_fu_103">
<pin_list>
<pin id="104" dir="0" index="0" bw="8" slack="1"/>
<pin id="105" dir="1" index="1" bw="20" slack="0"/>
</pin_list>
<bind>
<opcode="zext(34) " fcode="zext"/>
<opset="tmp_48_cast/2 "/>
</bind>
</comp>

<comp id="106" class="1004" name="grp_fu_106">
<pin_list>
<pin id="107" dir="0" index="0" bw="12" slack="0"/>
<pin id="108" dir="0" index="1" bw="8" slack="0"/>
<pin id="109" dir="1" index="2" bw="20" slack="0"/>
</pin_list>
<bind>
<opcode="mul(12) " fcode="mul"/>
<opset="bound/2 "/>
</bind>
</comp>

<comp id="113" class="1004" name="fence_ln38_fu_113">
<pin_list>
<pin id="114" dir="0" index="0" bw="0" slack="0"/>
<pin id="115" dir="0" index="1" bw="12" slack="0"/>
<pin id="116" dir="0" index="2" bw="12" slack="0"/>
<pin id="117" dir="0" index="3" bw="1" slack="0"/>
<pin id="118" dir="0" index="4" bw="128" slack="0"/>
<pin id="119" dir="0" index="5" bw="24" slack="0"/>
<pin id="120" dir="0" index="6" bw="3" slack="0"/>
<pin id="121" dir="0" index="7" bw="3" slack="0"/>
<pin id="122" dir="0" index="8" bw="1" slack="0"/>
<pin id="123" dir="0" index="9" bw="1" slack="0"/>
<pin id="124" dir="1" index="10" bw="0" slack="2147483647"/>
</pin_list>
<bind>
<opcode="fence(30) " fcode="fence"/>
<opset="fence_ln38/2 "/>
</bind>
</comp>

<comp id="135" class="1004" name="zext_ln37_fu_135">
<pin_list>
<pin id="136" dir="0" index="0" bw="8" slack="2"/>
<pin id="137" dir="1" index="1" bw="9" slack="0"/>
</pin_list>
<bind>
<opcode="zext(34) " fcode="zext"/>
<opset="zext_ln37/3 "/>
</bind>
</comp>

<comp id="138" class="1004" name="last_i_fu_138">
<pin_list>
<pin id="139" dir="0" index="0" bw="8" slack="0"/>
<pin id="140" dir="0" index="1" bw="1" slack="0"/>
<pin id="141" dir="1" index="2" bw="9" slack="0"/>
</pin_list>
<bind>
<opcode="add(8) " fcode="add"/>
<opset="last_i/3 "/>
</bind>
</comp>

<comp id="145" class="1005" name="img_h_1_reg_145">
<pin_list>
<pin id="146" dir="0" index="0" bw="12" slack="1"/>
<pin id="147" dir="1" index="1" bw="12" slack="1"/>
</pin_list>
<bind>
<opset="img_h_1 "/>
</bind>
</comp>

<comp id="150" class="1005" name="tmp_s_reg_150">
<pin_list>
<pin id="151" dir="0" index="0" bw="8" slack="1"/>
<pin id="152" dir="1" index="1" bw="8" slack="1"/>
</pin_list>
<bind>
<opset="tmp_s "/>
</bind>
</comp>

<comp id="156" class="1005" name="img_h_1_cast_reg_156">
<pin_list>
<pin id="157" dir="0" index="0" bw="20" slack="1"/>
<pin id="158" dir="1" index="1" bw="20" slack="1"/>
</pin_list>
<bind>
<opset="img_h_1_cast "/>
</bind>
</comp>

<comp id="161" class="1005" name="tmp_48_cast_reg_161">
<pin_list>
<pin id="162" dir="0" index="0" bw="20" slack="1"/>
<pin id="163" dir="1" index="1" bw="20" slack="1"/>
</pin_list>
<bind>
<opset="tmp_48_cast "/>
</bind>
</comp>

<comp id="166" class="1005" name="last_i_reg_166">
<pin_list>
<pin id="167" dir="0" index="0" bw="9" slack="1"/>
<pin id="168" dir="1" index="1" bw="9" slack="1"/>
</pin_list>
<bind>
<opset="last_i "/>
</bind>
</comp>

<comp id="171" class="1005" name="bound_reg_171">
<pin_list>
<pin id="172" dir="0" index="0" bw="20" slack="1"/>
<pin id="173" dir="1" index="1" bw="20" slack="1"/>
</pin_list>
<bind>
<opset="bound "/>
</bind>
</comp>

</comp_list>

<net_list>
<net id="64"><net_src comp="16" pin="0"/><net_sink comp="60" pin=0"/></net>

<net id="65"><net_src comp="14" pin="0"/><net_sink comp="60" pin=1"/></net>

<net id="70"><net_src comp="16" pin="0"/><net_sink comp="66" pin=0"/></net>

<net id="71"><net_src comp="12" pin="0"/><net_sink comp="66" pin=1"/></net>

<net id="83"><net_src comp="30" pin="0"/><net_sink comp="72" pin=0"/></net>

<net id="84"><net_src comp="10" pin="0"/><net_sink comp="72" pin=3"/></net>

<net id="85"><net_src comp="0" pin="0"/><net_sink comp="72" pin=4"/></net>

<net id="86"><net_src comp="2" pin="0"/><net_sink comp="72" pin=5"/></net>

<net id="87"><net_src comp="4" pin="0"/><net_sink comp="72" pin=6"/></net>

<net id="88"><net_src comp="6" pin="0"/><net_sink comp="72" pin=7"/></net>

<net id="89"><net_src comp="8" pin="0"/><net_sink comp="72" pin=8"/></net>

<net id="96"><net_src comp="18" pin="0"/><net_sink comp="90" pin=0"/></net>

<net id="97"><net_src comp="66" pin="2"/><net_sink comp="90" pin=1"/></net>

<net id="98"><net_src comp="20" pin="0"/><net_sink comp="90" pin=2"/></net>

<net id="99"><net_src comp="22" pin="0"/><net_sink comp="90" pin=3"/></net>

<net id="110"><net_src comp="106" pin="2"/><net_sink comp="72" pin=2"/></net>

<net id="111"><net_src comp="100" pin="1"/><net_sink comp="106" pin=0"/></net>

<net id="112"><net_src comp="103" pin="1"/><net_sink comp="106" pin=1"/></net>

<net id="125"><net_src comp="24" pin="0"/><net_sink comp="113" pin=0"/></net>

<net id="126"><net_src comp="14" pin="0"/><net_sink comp="113" pin=1"/></net>

<net id="127"><net_src comp="12" pin="0"/><net_sink comp="113" pin=2"/></net>

<net id="128"><net_src comp="26" pin="0"/><net_sink comp="113" pin=3"/></net>

<net id="129"><net_src comp="10" pin="0"/><net_sink comp="113" pin=4"/></net>

<net id="130"><net_src comp="0" pin="0"/><net_sink comp="113" pin=5"/></net>

<net id="131"><net_src comp="2" pin="0"/><net_sink comp="113" pin=6"/></net>

<net id="132"><net_src comp="4" pin="0"/><net_sink comp="113" pin=7"/></net>

<net id="133"><net_src comp="6" pin="0"/><net_sink comp="113" pin=8"/></net>

<net id="134"><net_src comp="8" pin="0"/><net_sink comp="113" pin=9"/></net>

<net id="142"><net_src comp="135" pin="1"/><net_sink comp="138" pin=0"/></net>

<net id="143"><net_src comp="28" pin="0"/><net_sink comp="138" pin=1"/></net>

<net id="144"><net_src comp="138" pin="2"/><net_sink comp="72" pin=1"/></net>

<net id="148"><net_src comp="60" pin="2"/><net_sink comp="145" pin=0"/></net>

<net id="149"><net_src comp="145" pin="1"/><net_sink comp="100" pin=0"/></net>

<net id="153"><net_src comp="90" pin="4"/><net_sink comp="150" pin=0"/></net>

<net id="154"><net_src comp="150" pin="1"/><net_sink comp="103" pin=0"/></net>

<net id="155"><net_src comp="150" pin="1"/><net_sink comp="135" pin=0"/></net>

<net id="159"><net_src comp="100" pin="1"/><net_sink comp="156" pin=0"/></net>

<net id="160"><net_src comp="156" pin="1"/><net_sink comp="106" pin=0"/></net>

<net id="164"><net_src comp="103" pin="1"/><net_sink comp="161" pin=0"/></net>

<net id="165"><net_src comp="161" pin="1"/><net_sink comp="106" pin=1"/></net>

<net id="169"><net_src comp="138" pin="2"/><net_sink comp="166" pin=0"/></net>

<net id="170"><net_src comp="166" pin="1"/><net_sink comp="72" pin=1"/></net>

<net id="174"><net_src comp="106" pin="2"/><net_sink comp="171" pin=0"/></net>

<net id="175"><net_src comp="171" pin="1"/><net_sink comp="72" pin=2"/></net>

</net_list>

</model> 
---------------- Datapath Model END ------------------

* FSMD analyzer results:
  - Output states:
	Port: STR_video_out_V_data_V | {3 4 }
	Port: STR_video_out_V_keep_V | {3 4 }
	Port: STR_video_out_V_strb_V | {3 4 }
	Port: STR_video_out_V_user_V | {3 4 }
	Port: STR_video_out_V_last_V | {3 4 }
 - Input state : 
	Port: DMA24b_mm2s_streamout : STR_video_out_V_data_V | {}
	Port: DMA24b_mm2s_streamout : STR_video_out_V_keep_V | {}
	Port: DMA24b_mm2s_streamout : STR_video_out_V_strb_V | {}
	Port: DMA24b_mm2s_streamout : STR_video_out_V_user_V | {}
	Port: DMA24b_mm2s_streamout : STR_video_out_V_last_V | {}
	Port: DMA24b_mm2s_streamout : mm_fifo | {3 4 }
	Port: DMA24b_mm2s_streamout : img_w | {1 }
	Port: DMA24b_mm2s_streamout : img_h | {1 }
  - Chain level:
	State 1
	State 2
		bound : 1
	State 3
		last_i : 1
		call_ln37 : 2
	State 4


============================================================
+ Verbose Summary: Datapath Resource usage 
============================================================

* Functional unit list:
|----------|---------------------------------------------------------------|---------|---------|---------|---------|
| Operation|                        Functional Unit                        |   DSP   |  Delay  |    FF   |   LUT   |
|----------|---------------------------------------------------------------|---------|---------|---------|---------|
|   call   | grp_DMA24b_mm2s_streamout_Pipeline_line_loop_group_loop_fu_72 |    0    |   5.24  |   244   |   232   |
|----------|---------------------------------------------------------------|---------|---------|---------|---------|
|    mul   |                           grp_fu_106                          |    1    |    0    |    51   |    2    |
|----------|---------------------------------------------------------------|---------|---------|---------|---------|
|    add   |                         last_i_fu_138                         |    0    |    0    |    0    |    15   |
|----------|---------------------------------------------------------------|---------|---------|---------|---------|
|   read   |                       img_h_1_read_fu_60                      |    0    |    0    |    0    |    0    |
|          |                       img_w_1_read_fu_66                      |    0    |    0    |    0    |    0    |
|----------|---------------------------------------------------------------|---------|---------|---------|---------|
|partselect|                          tmp_s_fu_90                          |    0    |    0    |    0    |    0    |
|----------|---------------------------------------------------------------|---------|---------|---------|---------|
|          |                      img_h_1_cast_fu_100                      |    0    |    0    |    0    |    0    |
|   zext   |                       tmp_48_cast_fu_103                      |    0    |    0    |    0    |    0    |
|          |                        zext_ln37_fu_135                       |    0    |    0    |    0    |    0    |
|----------|---------------------------------------------------------------|---------|---------|---------|---------|
|   fence  |                       fence_ln38_fu_113                       |    0    |    0    |    0    |    0    |
|----------|---------------------------------------------------------------|---------|---------|---------|---------|
|   Total  |                                                               |    1    |   5.24  |   295   |   249   |
|----------|---------------------------------------------------------------|---------|---------|---------|---------|

Memories:
N/A

* Register list:
+--------------------+--------+
|                    |   FF   |
+--------------------+--------+
|    bound_reg_171   |   20   |
|img_h_1_cast_reg_156|   20   |
|   img_h_1_reg_145  |   12   |
|   last_i_reg_166   |    9   |
| tmp_48_cast_reg_161|   20   |
|    tmp_s_reg_150   |    8   |
+--------------------+--------+
|        Total       |   89   |
+--------------------+--------+

* Multiplexer (MUX) list: 
|---------------------------------------------------------------|------|------|------|--------||---------||---------||---------|
|                              Comp                             |  Pin | Size |  BW  | S x BW ||  Delay  ||    FF   ||   LUT   |
|---------------------------------------------------------------|------|------|------|--------||---------||---------||---------|
| grp_DMA24b_mm2s_streamout_Pipeline_line_loop_group_loop_fu_72 |  p1  |   2  |   9  |   18   ||    0    ||    9    |
| grp_DMA24b_mm2s_streamout_Pipeline_line_loop_group_loop_fu_72 |  p2  |   2  |  20  |   40   ||    0    ||    9    |
|                           grp_fu_106                          |  p0  |   2  |  12  |   24   ||    0    ||    9    |
|                           grp_fu_106                          |  p1  |   2  |   8  |   16   ||    0    ||    9    |
|---------------------------------------------------------------|------|------|------|--------||---------||---------||---------|
|                             Total                             |      |      |      |   98   ||  6.352  ||    0    ||    36   |
|---------------------------------------------------------------|------|------|------|--------||---------||---------||---------|



* Summary:
+-----------+--------+--------+--------+--------+
|           |   DSP  |  Delay |   FF   |   LUT  |
+-----------+--------+--------+--------+--------+
|  Function |    1   |    5   |   295  |   249  |
|   Memory  |    -   |    -   |    -   |    -   |
|Multiplexer|    -   |    6   |    0   |   36   |
|  Register |    -   |    -   |   89   |    -   |
+-----------+--------+--------+--------+--------+
|   Total   |    1   |   11   |   384  |   285  |
+-----------+--------+--------+--------+--------+
