In file included from ../src/DMA24b_mm2s.cpp:1:
In file included from ../src/DMA24b_mm2s.h:4:
../src/DMA24b_mm2s_utils.h:56:9: warning: HLS pragma dump _XLX_SEP_ PragmaIsValid=1_XLX_SEP_ PragmaType=inline_XLX_SEP_ PragmaContext=_XLX_SEP_ PragmaFunction=DMA24b_mm2s_get_pixel_XLX_SEP_ PragmaOptions=_XLX_SEP_ [-Wdump-hls-pragmas]
#pragma HLS INLINE
        ^
../src/DMA24b_mm2s_utils.h:75:9: warning: HLS pragma dump _XLX_SEP_ PragmaIsValid=1_XLX_SEP_ PragmaType=inline_XLX_SEP_ PragmaContext=_XLX_SEP_ PragmaFunction=DMA24b_mm2s_set_pixel_XLX_SEP_ PragmaOptions=_XLX_SEP_ [-Wdump-hls-pragmas]
#pragma HLS INLINE
        ^
../src/DMA24b_mm2s.cpp:17:9: warning: HLS pragma dump _XLX_SEP_ PragmaIsValid=1_XLX_SEP_ PragmaType=pipeline_XLX_SEP_ PragmaContext=_XLX_SEP_ PragmaFunction=DMA24b_mm2s_fetch_XLX_SEP_ PragmaOptions=II = 1_XLX_SEP_ [-Wdump-hls-pragmas]
#pragma HLS PIPELINE II = 1
        ^
../src/DMA24b_mm2s.cpp:40:9: warning: HLS pragma dump _XLX_SEP_ PragmaIsValid=1_XLX_SEP_ PragmaType=pipeline_XLX_SEP_ PragmaContext=_XLX_SEP_ PragmaFunction=DMA24b_mm2s_streamout_XLX_SEP_ PragmaOptions=II = 16_XLX_SEP_ [-Wdump-hls-pragmas]
#pragma HLS PIPELINE II = 16
        ^
../src/DMA24b_mm2s.cpp:42:9: warning: HLS pragma dump _XLX_SEP_ PragmaIsValid=1_XLX_SEP_ PragmaType=unroll_XLX_SEP_ PragmaContext=_XLX_SEP_ PragmaFunction=DMA24b_mm2s_streamout_XLX_SEP_ PragmaOptions=_XLX_SEP_ [-Wdump-hls-pragmas]
#pragma HLS UNROLL
        ^
../src/DMA24b_mm2s.cpp:46:9: warning: HLS pragma dump _XLX_SEP_ PragmaIsValid=1_XLX_SEP_ PragmaType=unroll_XLX_SEP_ PragmaContext=_XLX_SEP_ PragmaFunction=DMA24b_mm2s_streamout_XLX_SEP_ PragmaOptions=_XLX_SEP_ [-Wdump-hls-pragmas]
#pragma HLS UNROLL
        ^
/home/glen/Documents/AJC-Expleo/Travaux/Projet_CronerDetection/Exemples/DMA_RGB24b__720__0/DMA_RGB24b/hls/run_hls.tcl:15:9: warning: HLS pragma dump _XLX_SEP_ PragmaIsValid=1_XLX_SEP_ PragmaType=top_XLX_SEP_ PragmaContext=directive_XLX_SEP_ PragmaFunction=DMA24bUnit_mm2s_XLX_SEP_ PragmaOptions=name=DMA24bUnit_mm2s_XLX_SEP_ [-Wdump-hls-pragmas]
#pragma HLSDIRECTIVE TOP name=DMA24bUnit_mm2s
        ^
../src/DMA24b_mm2s.cpp:59:9: warning: HLS pragma dump _XLX_SEP_ PragmaIsValid=1_XLX_SEP_ PragmaType=interface_XLX_SEP_ PragmaContext=_XLX_SEP_ PragmaFunction=DMA24bUnit_mm2s_XLX_SEP_ PragmaOptions=axis port = STR_video_out_XLX_SEP_ [-Wdump-hls-pragmas]
#pragma HLS INTERFACE axis port = STR_video_out
        ^
../src/DMA24b_mm2s.cpp:60:9: warning: HLS pragma dump _XLX_SEP_ PragmaIsValid=1_XLX_SEP_ PragmaType=interface_XLX_SEP_ PragmaContext=_XLX_SEP_ PragmaFunction=DMA24bUnit_mm2s_XLX_SEP_ PragmaOptions=ap_none port = image_w_XLX_SEP_ [-Wdump-hls-pragmas]
#pragma HLS INTERFACE ap_none port = image_w
        ^
../src/DMA24b_mm2s.cpp:61:9: warning: HLS pragma dump _XLX_SEP_ PragmaIsValid=1_XLX_SEP_ PragmaType=interface_XLX_SEP_ PragmaContext=_XLX_SEP_ PragmaFunction=DMA24bUnit_mm2s_XLX_SEP_ PragmaOptions=ap_none port = image_h_XLX_SEP_ [-Wdump-hls-pragmas]
#pragma HLS INTERFACE ap_none port = image_h
        ^
../src/DMA24b_mm2s.cpp:62:9: warning: HLS pragma dump _XLX_SEP_ PragmaIsValid=1_XLX_SEP_ PragmaType=interface_XLX_SEP_ PragmaContext=_XLX_SEP_ PragmaFunction=DMA24bUnit_mm2s_XLX_SEP_ PragmaOptions=m_axi port=image_in depth=DDR_SIZE offset=direct max_read_burst_length=64_XLX_SEP_ [-Wdump-hls-pragmas]
#pragma HLS INTERFACE m_axi port=image_in depth=DDR_SIZE offset=direct max_read_burst_length=64
        ^
../src/DMA24b_mm2s.cpp:69:9: warning: HLS pragma dump _XLX_SEP_ PragmaIsValid=1_XLX_SEP_ PragmaType=dataflow_XLX_SEP_ PragmaContext=_XLX_SEP_ PragmaFunction=DMA24b_mm2s_XLX_SEP_ PragmaOptions=_XLX_SEP_ [-Wdump-hls-pragmas]
#pragma HLS DATAFLOW
        ^
12 warnings generated.
