/home/glen/Documents/AJC-Expleo/Travaux/Projet_CronerDetection/Exemples/DMA_RGB24b__720__0/DMA_RGB24b/hls/DMA24b_mm2s_prj/solution1/.autopilot/db/DMA24b_mm2s.pp.0.cpp:2870:5: warning: Added loop label VITIS_LOOP_676_1:   [xilinx-label-all-loops]
    for (unsigned i = low; i != high+1; ++i) {
    ^~~
    VITIS_LOOP_676_1: 
/home/glen/Documents/AJC-Expleo/Travaux/Projet_CronerDetection/Exemples/DMA_RGB24b__720__0/DMA_RGB24b/hls/DMA24b_mm2s_prj/solution1/.autopilot/db/DMA24b_mm2s.pp.0.cpp:2870:5: note: FIX-IT applied suggested code changes
/home/glen/Documents/AJC-Expleo/Travaux/Projet_CronerDetection/Exemples/DMA_RGB24b__720__0/DMA_RGB24b/hls/DMA24b_mm2s_prj/solution1/.autopilot/db/DMA24b_mm2s.pp.0.cpp:2884:5: warning: Added loop label VITIS_LOOP_690_1:   [xilinx-label-all-loops]
    for (unsigned i = low; i != high+1; ++i) {
    ^~~
    VITIS_LOOP_690_1: 
/home/glen/Documents/AJC-Expleo/Travaux/Projet_CronerDetection/Exemples/DMA_RGB24b__720__0/DMA_RGB24b/hls/DMA24b_mm2s_prj/solution1/.autopilot/db/DMA24b_mm2s.pp.0.cpp:2884:5: note: FIX-IT applied suggested code changes
/home/glen/Documents/AJC-Expleo/Travaux/Projet_CronerDetection/Exemples/DMA_RGB24b__720__0/DMA_RGB24b/hls/DMA24b_mm2s_prj/solution1/.autopilot/db/DMA24b_mm2s.pp.0.cpp:2898:5: warning: Added loop label VITIS_LOOP_704_1:   [xilinx-label-all-loops]
    for (unsigned i = low; i != high+1; ++i) {
    ^~~
    VITIS_LOOP_704_1: 
/home/glen/Documents/AJC-Expleo/Travaux/Projet_CronerDetection/Exemples/DMA_RGB24b__720__0/DMA_RGB24b/hls/DMA24b_mm2s_prj/solution1/.autopilot/db/DMA24b_mm2s.pp.0.cpp:2898:5: note: FIX-IT applied suggested code changes
/home/glen/Documents/AJC-Expleo/Travaux/Projet_CronerDetection/Exemples/DMA_RGB24b__720__0/DMA_RGB24b/hls/DMA24b_mm2s_prj/solution1/.autopilot/db/DMA24b_mm2s.pp.0.cpp:4532:7: warning: Added loop label VITIS_LOOP_1248_1:   [xilinx-label-all-loops]
      for (i = 0; i < __N - 1; ++i) {
      ^~~
      VITIS_LOOP_1248_1: 
/home/glen/Documents/AJC-Expleo/Travaux/Projet_CronerDetection/Exemples/DMA_RGB24b__720__0/DMA_RGB24b/hls/DMA24b_mm2s_prj/solution1/.autopilot/db/DMA24b_mm2s.pp.0.cpp:4532:7: note: FIX-IT applied suggested code changes
