

================================================================
== Vitis HLS Report for 'DMA24b_mm2s_fetch_Pipeline_line_loop_burst_loop_beat_loop'
================================================================
* Date:           Fri Sep 11 11:21:27 2026

* Version:        2024.2 (Build 5238294 on Nov  8 2024)
* Project:        DMA24b_mm2s_prj
* Solution:       solution1 (Vivado IP Flow Target)
* Product family: zynq
* Target device:  xc7z020-clg400-1


================================================================
== Performance Estimates
================================================================
+ Timing: 
    * Summary: 
    +--------+---------+----------+------------+
    |  Clock |  Target | Estimated| Uncertainty|
    +--------+---------+----------+------------+
    |ap_clk  |  6.66 ns|  5.579 ns|     1.80 ns|
    +--------+---------+----------+------------+

+ Latency: 
    * Summary: 
    +---------+---------+-----------+-----------+-----+---------+------------------------------------------------+
    |  Latency (cycles) |   Latency (absolute)  |    Interval   |                    Pipeline                    |
    |   min   |   max   |    min    |    max    | min |   max   |                      Type                      |
    +---------+---------+-----------+-----------+-----+---------+------------------------------------------------+
    |        4|  3112213|  26.640 ns|  20.727 ms|    1|  3112201|  loop auto-rewind stp (delay=0 clock cycles(s))|
    +---------+---------+-----------+-----------+-----+---------+------------------------------------------------+

    + Detail: 
        * Instance: 
        N/A

        * Loop: 
        +----------------------------------+---------+---------+----------+-----------+-----------+-------------+----------+
        |                                  |  Latency (cycles) | Iteration|  Initiation Interval  |     Trip    |          |
        |             Loop Name            |   min   |   max   |  Latency |  achieved |   target  |    Count    | Pipelined|
        +----------------------------------+---------+---------+----------+-----------+-----------+-------------+----------+
        |- line_loop_burst_loop_beat_loop  |        2|  3112211|        13|          1|          1|  0 ~ 3112200|       yes|
        +----------------------------------+---------+---------+----------+-----------+-----------+-------------+----------+

============================================================
+ Verbose Summary: Synthesis Manager
============================================================
InlineROM: 1
ExposeGlobal: 0
============================================================
+ Verbose Summary: CDFG Model
============================================================
IsTopModel: 0
ResetActiveHigh: 1
IsCombinational: 0
IsDatapathOnly: 0
HasWiredReturn: 1
HasMFsm: 2
HasVarLatency: 1
IsPipeline: 0
IsRtlPipelined: 0
IsInstanceOverlapped: 0
IsDontTouch: 0
HasImplIP: 0
IsGatedGlobalClock: 0

+ Individual pipeline summary: 
  * Pipeline-0: initiation interval (II) = 1, depth = 13


============================================================
+ Verbose Summary: Schedule
============================================================
* Number of FSM states : 13
* Pipeline : 1
  Pipeline-0 : II = 1, D = 13, States = { 1 2 3 4 5 6 7 8 9 10 11 12 13 }
* Dataflow Pipeline: 0

* FSM state transitions: 
1 --> 2 
2 --> 3 
3 --> 4 
4 --> 5 
5 --> 6 
6 --> 7 
7 --> 8 
8 --> 9 
9 --> 10 
10 --> 11 
11 --> 12 
12 --> 13 
13 --> 

* FSM state operations: 

State 1 <SV = 0> <Delay = 5.43>
ST_1 : Operation 16 [1/1] (0.00ns)   --->   "%b = alloca i32 1" [../src/DMA24b_mm2s.cpp:16]   --->   Operation 16 'alloca' 'b' <Predicate = true> <Delay = 0.00>
ST_1 : Operation 17 [1/1] (0.00ns)   --->   "%indvar_flatten = alloca i32 1"   --->   Operation 17 'alloca' 'indvar_flatten' <Predicate = true> <Delay = 0.00>
ST_1 : Operation 18 [1/1] (0.00ns)   --->   "%j = alloca i32 1" [../src/DMA24b_mm2s.cpp:14]   --->   Operation 18 'alloca' 'j' <Predicate = true> <Delay = 0.00>
ST_1 : Operation 19 [1/1] (0.00ns)   --->   "%indvar_flatten12 = alloca i32 1"   --->   Operation 19 'alloca' 'indvar_flatten12' <Predicate = true> <Delay = 0.00>
ST_1 : Operation 20 [1/1] (0.00ns)   --->   "%mm_buffer_read = read i64 @_ssdm_op_Read.ap_auto.i64, i64 %mm_buffer"   --->   Operation 20 'read' 'mm_buffer_read' <Predicate = true> <Delay = 0.00>
ST_1 : Operation 21 [1/1] (0.00ns)   --->   "%bound_read = read i10 @_ssdm_op_Read.ap_auto.i10, i10 %bound"   --->   Operation 21 'read' 'bound_read' <Predicate = true> <Delay = 0.00>
ST_1 : Operation 22 [1/1] (0.00ns)   --->   "%p_cast_read = read i10 @_ssdm_op_Read.ap_auto.i10, i10 %p_cast"   --->   Operation 22 'read' 'p_cast_read' <Predicate = true> <Delay = 0.00>
ST_1 : Operation 23 [1/1] (0.00ns)   --->   "%bound4_read = read i22 @_ssdm_op_Read.ap_auto.i22, i22 %bound4"   --->   Operation 23 'read' 'bound4_read' <Predicate = true> <Delay = 0.00>
ST_1 : Operation 24 [1/1] (0.00ns)   --->   "%bound_cast = zext i10 %bound_read"   --->   Operation 24 'zext' 'bound_cast' <Predicate = true> <Delay = 0.00>
ST_1 : Operation 25 [1/1] (0.00ns)   --->   "%p_cast_cast = zext i10 %p_cast_read"   --->   Operation 25 'zext' 'p_cast_cast' <Predicate = true> <Delay = 0.00>
ST_1 : Operation 26 [1/1] (0.00ns)   --->   "%specinterface_ln0 = specinterface void @_ssdm_op_SpecInterface, i128 %gmem, void @empty_0, i32 0, i32 0, void @empty_4, i32 0, i32 57600, void @empty_8, void @empty_7, void @empty_4, i32 16, i32 16, i32 64, i32 16, void @empty_4, void @empty_4, i32 4294967295, i32 0, i32 0"   --->   Operation 26 'specinterface' 'specinterface_ln0' <Predicate = true> <Delay = 0.00>
ST_1 : Operation 27 [1/1] (0.00ns)   --->   "%specinterface_ln0 = specinterface void @_ssdm_op_SpecInterface, i128 %mm_fifo, void @empty_2, i32 0, i32 0, void @empty_4, i32 0, i32 0, void @empty_4, void @empty_4, void @empty_4, i32 0, i32 0, i32 0, i32 0, void @empty_4, void @empty_4, i32 4294967295, i32 0, i32 0"   --->   Operation 27 'specinterface' 'specinterface_ln0' <Predicate = true> <Delay = 0.00>
ST_1 : Operation 28 [1/1] (1.58ns)   --->   "%store_ln0 = store i22 0, i22 %indvar_flatten12"   --->   Operation 28 'store' 'store_ln0' <Predicate = true> <Delay = 1.58>
ST_1 : Operation 29 [1/1] (1.58ns)   --->   "%store_ln14 = store i12 0, i12 %j" [../src/DMA24b_mm2s.cpp:14]   --->   Operation 29 'store' 'store_ln14' <Predicate = true> <Delay = 1.58>
ST_1 : Operation 30 [1/1] (1.58ns)   --->   "%store_ln0 = store i11 0, i11 %indvar_flatten"   --->   Operation 30 'store' 'store_ln0' <Predicate = true> <Delay = 1.58>
ST_1 : Operation 31 [1/1] (1.58ns)   --->   "%store_ln16 = store i6 0, i6 %b" [../src/DMA24b_mm2s.cpp:16]   --->   Operation 31 'store' 'store_ln16' <Predicate = true> <Delay = 1.58>
ST_1 : Operation 32 [1/1] (1.58ns)   --->   "%br_ln0 = br void %for.inc"   --->   Operation 32 'br' 'br_ln0' <Predicate = true> <Delay = 1.58>
ST_1 : Operation 33 [1/1] (0.00ns)   --->   "%indvar_flatten12_load = load i22 %indvar_flatten12" [../src/DMA24b_mm2s.cpp:14]   --->   Operation 33 'load' 'indvar_flatten12_load' <Predicate = true> <Delay = 0.00>
ST_1 : Operation 34 [1/1] (2.25ns)   --->   "%icmp_ln14 = icmp_eq  i22 %indvar_flatten12_load, i22 %bound4_read" [../src/DMA24b_mm2s.cpp:14]   --->   Operation 34 'icmp' 'icmp_ln14' <Predicate = true> <Delay = 2.25> <CoreInst = "Cmp">   --->   Core 9 'Cmp' <Latency = 0> <II = 1> <Delay = 2.25> <FuncUnit> <Opcode : 'seteq' 'setne' 'setle' 'setge' 'setlt' 'setgt'> <InPorts = 2> <OutPorts = 1>
ST_1 : Operation 35 [1/1] (2.25ns)   --->   "%add_ln14 = add i22 %indvar_flatten12_load, i22 1" [../src/DMA24b_mm2s.cpp:14]   --->   Operation 35 'add' 'add_ln14' <Predicate = true> <Delay = 2.25> <CoreInst = "Adder">   --->   Core 1 'Adder' <Latency = 0> <II = 1> <Delay = 2.25> <FuncUnit> <Opcode : 'add' 'sub'> <InPorts = 2> <OutPorts = 1>
ST_1 : Operation 36 [1/1] (0.00ns)   --->   "%br_ln14 = br i1 %icmp_ln14, void %for.inc16.loopexit, void %for.end18.loopexit.exitStub" [../src/DMA24b_mm2s.cpp:14]   --->   Operation 36 'br' 'br_ln14' <Predicate = true> <Delay = 0.00>
ST_1 : Operation 37 [1/1] (1.58ns)   --->   "%store_ln14 = store i22 %add_ln14, i22 %indvar_flatten12" [../src/DMA24b_mm2s.cpp:14]   --->   Operation 37 'store' 'store_ln14' <Predicate = (!icmp_ln14)> <Delay = 1.58>
ST_1 : Operation 38 [1/1] (0.00ns)   --->   "%br_ln16 = br void %for.inc" [../src/DMA24b_mm2s.cpp:16]   --->   Operation 38 'br' 'br_ln16' <Predicate = (!icmp_ln14)> <Delay = 0.00>

State 2 <SV = 1> <Delay = 4.62>
ST_2 : Operation 39 [1/1] (0.00ns)   --->   "%indvar_flatten_load = load i11 %indvar_flatten" [../src/DMA24b_mm2s.cpp:15]   --->   Operation 39 'load' 'indvar_flatten_load' <Predicate = true> <Delay = 0.00>
ST_2 : Operation 40 [1/1] (0.00ns)   --->   "%j_load = load i12 %j" [../src/DMA24b_mm2s.cpp:14]   --->   Operation 40 'load' 'j_load' <Predicate = (!icmp_ln14)> <Delay = 0.00>
ST_2 : Operation 41 [1/1] (1.63ns)   --->   "%icmp_ln15 = icmp_eq  i11 %indvar_flatten_load, i11 %bound_cast" [../src/DMA24b_mm2s.cpp:15]   --->   Operation 41 'icmp' 'icmp_ln15' <Predicate = (!icmp_ln14)> <Delay = 1.63> <CoreInst = "Cmp">   --->   Core 9 'Cmp' <Latency = 0> <II = 1> <Delay = 1.63> <FuncUnit> <Opcode : 'seteq' 'setne' 'setle' 'setge' 'setlt' 'setgt'> <InPorts = 2> <OutPorts = 1>
ST_2 : Operation 42 [1/1] (1.54ns)   --->   "%add_ln14_1 = add i12 %j_load, i12 1" [../src/DMA24b_mm2s.cpp:14]   --->   Operation 42 'add' 'add_ln14_1' <Predicate = (!icmp_ln14)> <Delay = 1.54> <CoreInst = "Adder">   --->   Core 1 'Adder' <Latency = 0> <II = 1> <Delay = 1.54> <FuncUnit> <Opcode : 'add' 'sub'> <InPorts = 2> <OutPorts = 1>
ST_2 : Operation 43 [1/1] (0.69ns)   --->   "%select_ln14 = select i1 %icmp_ln15, i12 %add_ln14_1, i12 %j_load" [../src/DMA24b_mm2s.cpp:14]   --->   Operation 43 'select' 'select_ln14' <Predicate = (!icmp_ln14)> <Delay = 0.69> <CoreInst = "Sel">   --->   Core 73 'Sel' <Latency = 0> <II = 1> <Delay = 0.69> <FuncUnit> <Opcode : 'select'> <InPorts = 3> <OutPorts = 1>
ST_2 : Operation 44 [1/1] (0.00ns)   --->   "%p_shl = bitconcatenate i23 @_ssdm_op_BitConcatenate.i23.i12.i11, i12 %select_ln14, i11 0" [../src/DMA24b_mm2s.cpp:14]   --->   Operation 44 'bitconcatenate' 'p_shl' <Predicate = (!icmp_ln14)> <Delay = 0.00>
ST_2 : Operation 45 [1/1] (0.00ns)   --->   "%tmp = bitconcatenate i19 @_ssdm_op_BitConcatenate.i19.i12.i7, i12 %select_ln14, i7 0" [../src/DMA24b_mm2s.cpp:14]   --->   Operation 45 'bitconcatenate' 'tmp' <Predicate = (!icmp_ln14)> <Delay = 0.00>
ST_2 : Operation 46 [1/1] (0.00ns)   --->   "%p_shl9 = zext i19 %tmp" [../src/DMA24b_mm2s.cpp:14]   --->   Operation 46 'zext' 'p_shl9' <Predicate = (!icmp_ln14)> <Delay = 0.00>
ST_2 : Operation 47 [1/1] (2.28ns)   --->   "%empty_54 = sub i23 %p_shl, i23 %p_shl9" [../src/DMA24b_mm2s.cpp:14]   --->   Operation 47 'sub' 'empty_54' <Predicate = (!icmp_ln14)> <Delay = 2.28> <CoreInst = "Adder">   --->   Core 1 'Adder' <Latency = 0> <II = 1> <Delay = 2.28> <FuncUnit> <Opcode : 'add' 'sub'> <InPorts = 2> <OutPorts = 1>
ST_2 : Operation 48 [1/1] (1.63ns)   --->   "%add_ln15 = add i11 %indvar_flatten_load, i11 1" [../src/DMA24b_mm2s.cpp:15]   --->   Operation 48 'add' 'add_ln15' <Predicate = (!icmp_ln14)> <Delay = 1.63> <CoreInst = "Adder">   --->   Core 1 'Adder' <Latency = 0> <II = 1> <Delay = 1.63> <FuncUnit> <Opcode : 'add' 'sub'> <InPorts = 2> <OutPorts = 1>
ST_2 : Operation 49 [1/1] (0.69ns)   --->   "%select_ln15 = select i1 %icmp_ln15, i11 1, i11 %add_ln15" [../src/DMA24b_mm2s.cpp:15]   --->   Operation 49 'select' 'select_ln15' <Predicate = (!icmp_ln14)> <Delay = 0.69> <CoreInst = "Sel">   --->   Core 73 'Sel' <Latency = 0> <II = 1> <Delay = 0.69> <FuncUnit> <Opcode : 'select'> <InPorts = 3> <OutPorts = 1>
ST_2 : Operation 50 [1/1] (1.58ns)   --->   "%store_ln14 = store i12 %select_ln14, i12 %j" [../src/DMA24b_mm2s.cpp:14]   --->   Operation 50 'store' 'store_ln14' <Predicate = (!icmp_ln14)> <Delay = 1.58>
ST_2 : Operation 51 [1/1] (1.58ns)   --->   "%store_ln15 = store i11 %select_ln15, i11 %indvar_flatten" [../src/DMA24b_mm2s.cpp:15]   --->   Operation 51 'store' 'store_ln15' <Predicate = (!icmp_ln14)> <Delay = 1.58>

State 3 <SV = 2> <Delay = 5.57>
ST_3 : Operation 52 [1/1] (0.00ns)   --->   "%first_iter_1 = phi i1 1, void %newFuncRoot, i1 %or_ln15_1, void %for.inc.split" [../src/DMA24b_mm2s.cpp:15]   --->   Operation 52 'phi' 'first_iter_1' <Predicate = true> <Delay = 0.00>
ST_3 : Operation 53 [1/1] (0.00ns)   --->   "%first_iter_0 = phi i1 1, void %newFuncRoot, i1 0, void %for.inc.split"   --->   Operation 53 'phi' 'first_iter_0' <Predicate = true> <Delay = 0.00>
ST_3 : Operation 54 [1/1] (0.00ns)   --->   "%b_1 = load i6 %b" [../src/DMA24b_mm2s.cpp:16]   --->   Operation 54 'load' 'b_1' <Predicate = true> <Delay = 0.00>
ST_3 : Operation 55 [1/1] (0.00ns) (grouped into LUT with out node or_ln15)   --->   "%or_ln14 = or i1 %icmp_ln15, i1 %first_iter_0" [../src/DMA24b_mm2s.cpp:14]   --->   Operation 55 'or' 'or_ln14' <Predicate = (!icmp_ln14)> <Delay = 0.00> <CoreInst = "LogicGate">   --->   Core 74 'LogicGate' <Latency = 0> <II = 1> <Delay = 0.97> <FuncUnit> <Opcode : 'and' 'or' 'xor'> <InPorts = 2> <OutPorts = 1>
ST_3 : Operation 56 [1/1] (0.00ns) (grouped into LUT with out node and_ln14)   --->   "%xor_ln14 = xor i1 %icmp_ln15, i1 1" [../src/DMA24b_mm2s.cpp:14]   --->   Operation 56 'xor' 'xor_ln14' <Predicate = (!icmp_ln14)> <Delay = 0.00> <CoreInst = "LogicGate">   --->   Core 74 'LogicGate' <Latency = 0> <II = 1> <Delay = 0.97> <FuncUnit> <Opcode : 'and' 'or' 'xor'> <InPorts = 2> <OutPorts = 1>
ST_3 : Operation 57 [1/1] (1.82ns)   --->   "%icmp_ln16 = icmp_eq  i6 %b_1, i6 40" [../src/DMA24b_mm2s.cpp:16]   --->   Operation 57 'icmp' 'icmp_ln16' <Predicate = (!icmp_ln14)> <Delay = 1.82> <CoreInst = "Cmp">   --->   Core 9 'Cmp' <Latency = 0> <II = 1> <Delay = 1.82> <FuncUnit> <Opcode : 'seteq' 'setne' 'setle' 'setge' 'setlt' 'setgt'> <InPorts = 2> <OutPorts = 1>
ST_3 : Operation 58 [1/1] (0.97ns) (out node of the LUT)   --->   "%and_ln14 = and i1 %icmp_ln16, i1 %xor_ln14" [../src/DMA24b_mm2s.cpp:14]   --->   Operation 58 'and' 'and_ln14' <Predicate = (!icmp_ln14)> <Delay = 0.97> <CoreInst = "LogicGate">   --->   Core 74 'LogicGate' <Latency = 0> <II = 1> <Delay = 0.97> <FuncUnit> <Opcode : 'and' 'or' 'xor'> <InPorts = 2> <OutPorts = 1>
ST_3 : Operation 59 [1/1] (0.97ns) (out node of the LUT)   --->   "%or_ln15 = or i1 %and_ln14, i1 %or_ln14" [../src/DMA24b_mm2s.cpp:15]   --->   Operation 59 'or' 'or_ln15' <Predicate = (!icmp_ln14)> <Delay = 0.97> <CoreInst = "LogicGate">   --->   Core 74 'LogicGate' <Latency = 0> <II = 1> <Delay = 0.97> <FuncUnit> <Opcode : 'and' 'or' 'xor'> <InPorts = 2> <OutPorts = 1>
ST_3 : Operation 60 [1/1] (0.00ns) (grouped into LUT with out node or_ln15_1)   --->   "%xor_ln15 = xor i1 %icmp_ln16, i1 1" [../src/DMA24b_mm2s.cpp:15]   --->   Operation 60 'xor' 'xor_ln15' <Predicate = (!icmp_ln14)> <Delay = 0.00> <CoreInst = "LogicGate">   --->   Core 74 'LogicGate' <Latency = 0> <II = 1> <Delay = 0.97> <FuncUnit> <Opcode : 'and' 'or' 'xor'> <InPorts = 2> <OutPorts = 1>
ST_3 : Operation 61 [1/1] (0.00ns) (grouped into LUT with out node or_ln15_1)   --->   "%and_ln15 = and i1 %first_iter_1, i1 %xor_ln15" [../src/DMA24b_mm2s.cpp:15]   --->   Operation 61 'and' 'and_ln15' <Predicate = (!icmp_ln14)> <Delay = 0.00> <CoreInst = "LogicGate">   --->   Core 74 'LogicGate' <Latency = 0> <II = 1> <Delay = 0.97> <FuncUnit> <Opcode : 'and' 'or' 'xor'> <InPorts = 2> <OutPorts = 1>
ST_3 : Operation 62 [1/1] (0.97ns) (out node of the LUT)   --->   "%or_ln15_1 = or i1 %icmp_ln15, i1 %and_ln15" [../src/DMA24b_mm2s.cpp:15]   --->   Operation 62 'or' 'or_ln15_1' <Predicate = (!icmp_ln14)> <Delay = 0.97> <CoreInst = "LogicGate">   --->   Core 74 'LogicGate' <Latency = 0> <II = 1> <Delay = 0.97> <FuncUnit> <Opcode : 'and' 'or' 'xor'> <InPorts = 2> <OutPorts = 1>
ST_3 : Operation 63 [1/1] (0.00ns)   --->   "%p_cast3 = zext i23 %empty_54" [../src/DMA24b_mm2s.cpp:14]   --->   Operation 63 'zext' 'p_cast3' <Predicate = (!icmp_ln14)> <Delay = 0.00>
ST_3 : Operation 64 [1/1] (3.52ns)   --->   "%empty_55 = add i64 %p_cast3, i64 %mm_buffer_read" [../src/DMA24b_mm2s.cpp:14]   --->   Operation 64 'add' 'empty_55' <Predicate = (!icmp_ln14)> <Delay = 3.52> <CoreInst = "Adder">   --->   Core 1 'Adder' <Latency = 0> <II = 1> <Delay = 3.52> <FuncUnit> <Opcode : 'add' 'sub'> <InPorts = 2> <OutPorts = 1>
ST_3 : Operation 65 [1/1] (0.00ns)   --->   "%trunc_ln1 = partselect i60 @_ssdm_op_PartSelect.i60.i64.i32.i32, i64 %empty_55, i32 4, i32 63" [../src/DMA24b_mm2s.cpp:15]   --->   Operation 65 'partselect' 'trunc_ln1' <Predicate = (!icmp_ln14)> <Delay = 0.00>
ST_3 : Operation 66 [1/1] (0.00ns)   --->   "%br_ln16 = br i1 %or_ln15, void %for.inc.split, void %new.body.beat_loop" [../src/DMA24b_mm2s.cpp:16]   --->   Operation 66 'br' 'br_ln16' <Predicate = (!icmp_ln14)> <Delay = 0.00>
ST_3 : Operation 67 [1/1] (0.00ns)   --->   "%br_ln15 = br i1 %or_ln15_1, void %for.first.iter.for.inc, void %for.first.iter.beat_loop" [../src/DMA24b_mm2s.cpp:15]   --->   Operation 67 'br' 'br_ln15' <Predicate = (!icmp_ln14 & or_ln15)> <Delay = 0.00>
ST_3 : Operation 68 [1/1] (0.00ns)   --->   "%br_ln16 = br void %for.inc.split" [../src/DMA24b_mm2s.cpp:16]   --->   Operation 68 'br' 'br_ln16' <Predicate = (!icmp_ln14 & or_ln15)> <Delay = 0.00>
ST_3 : Operation 69 [1/1] (1.82ns)   --->   "%add_ln16 = add i6 %b_1, i6 1" [../src/DMA24b_mm2s.cpp:16]   --->   Operation 69 'add' 'add_ln16' <Predicate = (!icmp_ln14)> <Delay = 1.82> <CoreInst = "Adder">   --->   Core 1 'Adder' <Latency = 0> <II = 1> <Delay = 1.82> <FuncUnit> <Opcode : 'add' 'sub'> <InPorts = 2> <OutPorts = 1>
ST_3 : Operation 70 [1/1] (0.00ns) (grouped into LUT with out node select_ln16)   --->   "%or_ln16 = or i1 %and_ln14, i1 %icmp_ln15" [../src/DMA24b_mm2s.cpp:16]   --->   Operation 70 'or' 'or_ln16' <Predicate = (!icmp_ln14)> <Delay = 0.00> <CoreInst = "LogicGate">   --->   Core 74 'LogicGate' <Latency = 0> <II = 1> <Delay = 0.97> <FuncUnit> <Opcode : 'and' 'or' 'xor'> <InPorts = 2> <OutPorts = 1>
ST_3 : Operation 71 [1/1] (1.18ns) (out node of the LUT)   --->   "%select_ln16 = select i1 %or_ln16, i6 1, i6 %add_ln16" [../src/DMA24b_mm2s.cpp:16]   --->   Operation 71 'select' 'select_ln16' <Predicate = (!icmp_ln14)> <Delay = 1.18> <CoreInst = "Sel">   --->   Core 73 'Sel' <Latency = 0> <II = 1> <Delay = 1.18> <FuncUnit> <Opcode : 'select'> <InPorts = 3> <OutPorts = 1>
ST_3 : Operation 72 [1/1] (1.58ns)   --->   "%store_ln16 = store i6 %select_ln16, i6 %b" [../src/DMA24b_mm2s.cpp:16]   --->   Operation 72 'store' 'store_ln16' <Predicate = (!icmp_ln14)> <Delay = 1.58>

State 4 <SV = 3> <Delay = 4.86>
ST_4 : Operation 73 [1/1] (0.00ns)   --->   "%specloopname_ln0 = specloopname void @_ssdm_op_SpecLoopName, void @line_loop_burst_loop_beat_loop_str"   --->   Operation 73 'specloopname' 'specloopname_ln0' <Predicate = (!icmp_ln14)> <Delay = 0.00>
ST_4 : Operation 74 [1/1] (0.00ns)   --->   "%speclooptripcount_ln0 = speclooptripcount void @_ssdm_op_SpecLoopTripCount, i64 0, i64 3112200, i64 0"   --->   Operation 74 'speclooptripcount' 'speclooptripcount_ln0' <Predicate = (!icmp_ln14)> <Delay = 0.00>
ST_4 : Operation 75 [1/1] (0.00ns)   --->   "%sext_ln15 = sext i60 %trunc_ln1" [../src/DMA24b_mm2s.cpp:15]   --->   Operation 75 'sext' 'sext_ln15' <Predicate = (!icmp_ln14)> <Delay = 0.00>
ST_4 : Operation 76 [1/1] (0.00ns)   --->   "%gmem_addr = getelementptr i128 %gmem, i64 %sext_ln15" [../src/DMA24b_mm2s.cpp:15]   --->   Operation 76 'getelementptr' 'gmem_addr' <Predicate = (!icmp_ln14)> <Delay = 0.00>
ST_4 : Operation 77 [8/8] (4.86ns)   --->   "%empty = readreq i1 @_ssdm_op_ReadReq.m_axi.p1i128, i128 %gmem_addr, i64 %p_cast_cast" [../src/DMA24b_mm2s.cpp:15]   --->   Operation 77 'readreq' 'empty' <Predicate = (or_ln15 & or_ln15_1)> <Delay = 4.86> <CoreInst = "m_axi">   --->   Core 111 'm_axi' <Latency = 6> <II = 1> <Delay = 1.00> <Adapter> <Opcode : 'read' 'write' 'readreq' 'writereq' 'writeresp'>

State 5 <SV = 4> <Delay = 4.86>
ST_5 : Operation 78 [7/8] (4.86ns)   --->   "%empty = readreq i1 @_ssdm_op_ReadReq.m_axi.p1i128, i128 %gmem_addr, i64 %p_cast_cast" [../src/DMA24b_mm2s.cpp:15]   --->   Operation 78 'readreq' 'empty' <Predicate = (or_ln15 & or_ln15_1)> <Delay = 4.86> <CoreInst = "m_axi">   --->   Core 111 'm_axi' <Latency = 6> <II = 1> <Delay = 1.00> <Adapter> <Opcode : 'read' 'write' 'readreq' 'writereq' 'writeresp'>

State 6 <SV = 5> <Delay = 4.86>
ST_6 : Operation 79 [6/8] (4.86ns)   --->   "%empty = readreq i1 @_ssdm_op_ReadReq.m_axi.p1i128, i128 %gmem_addr, i64 %p_cast_cast" [../src/DMA24b_mm2s.cpp:15]   --->   Operation 79 'readreq' 'empty' <Predicate = (or_ln15 & or_ln15_1)> <Delay = 4.86> <CoreInst = "m_axi">   --->   Core 111 'm_axi' <Latency = 6> <II = 1> <Delay = 1.00> <Adapter> <Opcode : 'read' 'write' 'readreq' 'writereq' 'writeresp'>

State 7 <SV = 6> <Delay = 4.86>
ST_7 : Operation 80 [5/8] (4.86ns)   --->   "%empty = readreq i1 @_ssdm_op_ReadReq.m_axi.p1i128, i128 %gmem_addr, i64 %p_cast_cast" [../src/DMA24b_mm2s.cpp:15]   --->   Operation 80 'readreq' 'empty' <Predicate = (or_ln15 & or_ln15_1)> <Delay = 4.86> <CoreInst = "m_axi">   --->   Core 111 'm_axi' <Latency = 6> <II = 1> <Delay = 1.00> <Adapter> <Opcode : 'read' 'write' 'readreq' 'writereq' 'writeresp'>

State 8 <SV = 7> <Delay = 4.86>
ST_8 : Operation 81 [4/8] (4.86ns)   --->   "%empty = readreq i1 @_ssdm_op_ReadReq.m_axi.p1i128, i128 %gmem_addr, i64 %p_cast_cast" [../src/DMA24b_mm2s.cpp:15]   --->   Operation 81 'readreq' 'empty' <Predicate = (or_ln15 & or_ln15_1)> <Delay = 4.86> <CoreInst = "m_axi">   --->   Core 111 'm_axi' <Latency = 6> <II = 1> <Delay = 1.00> <Adapter> <Opcode : 'read' 'write' 'readreq' 'writereq' 'writeresp'>

State 9 <SV = 8> <Delay = 4.86>
ST_9 : Operation 82 [3/8] (4.86ns)   --->   "%empty = readreq i1 @_ssdm_op_ReadReq.m_axi.p1i128, i128 %gmem_addr, i64 %p_cast_cast" [../src/DMA24b_mm2s.cpp:15]   --->   Operation 82 'readreq' 'empty' <Predicate = (or_ln15 & or_ln15_1)> <Delay = 4.86> <CoreInst = "m_axi">   --->   Core 111 'm_axi' <Latency = 6> <II = 1> <Delay = 1.00> <Adapter> <Opcode : 'read' 'write' 'readreq' 'writereq' 'writeresp'>

State 10 <SV = 9> <Delay = 4.86>
ST_10 : Operation 83 [2/8] (4.86ns)   --->   "%empty = readreq i1 @_ssdm_op_ReadReq.m_axi.p1i128, i128 %gmem_addr, i64 %p_cast_cast" [../src/DMA24b_mm2s.cpp:15]   --->   Operation 83 'readreq' 'empty' <Predicate = (or_ln15 & or_ln15_1)> <Delay = 4.86> <CoreInst = "m_axi">   --->   Core 111 'm_axi' <Latency = 6> <II = 1> <Delay = 1.00> <Adapter> <Opcode : 'read' 'write' 'readreq' 'writereq' 'writeresp'>

State 11 <SV = 10> <Delay = 4.86>
ST_11 : Operation 84 [1/8] (4.86ns)   --->   "%empty = readreq i1 @_ssdm_op_ReadReq.m_axi.p1i128, i128 %gmem_addr, i64 %p_cast_cast" [../src/DMA24b_mm2s.cpp:15]   --->   Operation 84 'readreq' 'empty' <Predicate = (or_ln15 & or_ln15_1)> <Delay = 4.86> <CoreInst = "m_axi">   --->   Core 111 'm_axi' <Latency = 6> <II = 1> <Delay = 1.00> <Adapter> <Opcode : 'read' 'write' 'readreq' 'writereq' 'writeresp'>
ST_11 : Operation 85 [1/1] (0.00ns)   --->   "%br_ln15 = br void %for.first.iter.for.inc" [../src/DMA24b_mm2s.cpp:15]   --->   Operation 85 'br' 'br_ln15' <Predicate = (or_ln15 & or_ln15_1)> <Delay = 0.00>

State 12 <SV = 11> <Delay = 4.86>
ST_12 : Operation 86 [1/1] (4.86ns)   --->   "%data_mm_buffer = read i128 @_ssdm_op_Read.m_axi.p1i128, i128 %gmem_addr" [../src/DMA24b_mm2s.cpp:18]   --->   Operation 86 'read' 'data_mm_buffer' <Predicate = (!icmp_ln14)> <Delay = 4.86> <CoreInst = "m_axi">   --->   Core 111 'm_axi' <Latency = 3> <II = 1> <Delay = 1.00> <Adapter> <Opcode : 'read' 'write' 'readreq' 'writereq' 'writeresp'>
ST_12 : Operation 89 [1/1] (1.58ns)   --->   "%ret_ln0 = ret"   --->   Operation 89 'ret' 'ret_ln0' <Predicate = (icmp_ln14)> <Delay = 1.58>

State 13 <SV = 12> <Delay = 2.43>
ST_13 : Operation 87 [1/1] (0.00ns)   --->   "%specpipeline_ln17 = specpipeline void @_ssdm_op_SpecPipeline, i32 1, i32 0, i32 0, i32 0, void @empty_4" [../src/DMA24b_mm2s.cpp:17]   --->   Operation 87 'specpipeline' 'specpipeline_ln17' <Predicate = (!icmp_ln14)> <Delay = 0.00>
ST_13 : Operation 88 [1/1] ( I:2.43ns O:2.43ns )   --->   "%write_ln19 = write void @_ssdm_op_Write.ap_fifo.volatile.i128P0A, i128 %mm_fifo, i128 %data_mm_buffer" [../src/DMA24b_mm2s.cpp:19]   --->   Operation 88 'write' 'write_ln19' <Predicate = (!icmp_ln14)> <Delay = 2.43> <CoreInst = "FIFO">   --->   Core 77 'FIFO' <Latency = 0> <II = 1> <Delay = 3.53> <Storage> <Opcode : 'read' 'write' 'nbread' 'nbwrite'> <Ports = 0> <Width = 128> <Depth = 256> <FIFO>


============================================================
+ Verbose Summary: Timing violations
============================================================
Target clock period: 6.660ns, clock uncertainty: 1.798ns.

 <State 1>: 5.431ns
The critical path consists of the following:
	'store' operation 0 bit ('store_ln0') of constant 0 on local variable 'indvar_flatten12' [19]  (1.588 ns)
	'load' operation 22 bit ('indvar_flatten12_load', ../src/DMA24b_mm2s.cpp:14) on local variable 'indvar_flatten12' [29]  (0.000 ns)
	'icmp' operation 1 bit ('icmp_ln14', ../src/DMA24b_mm2s.cpp:14) [30]  (2.255 ns)
	'store' operation 0 bit ('store_ln14', ../src/DMA24b_mm2s.cpp:14) of variable 'add_ln14', ../src/DMA24b_mm2s.cpp:14 on local variable 'indvar_flatten12' [74]  (1.588 ns)

 <State 2>: 4.621ns
The critical path consists of the following:
	'load' operation 11 bit ('indvar_flatten_load', ../src/DMA24b_mm2s.cpp:15) on local variable 'indvar_flatten' [28]  (0.000 ns)
	'icmp' operation 1 bit ('icmp_ln15', ../src/DMA24b_mm2s.cpp:15) [37]  (1.639 ns)
	'select' operation 12 bit ('select_ln14', ../src/DMA24b_mm2s.cpp:14) [43]  (0.697 ns)
	'sub' operation 23 bit ('empty_54', ../src/DMA24b_mm2s.cpp:14) [51]  (2.285 ns)

 <State 3>: 5.579ns
The critical path consists of the following:
	'load' operation 6 bit ('b', ../src/DMA24b_mm2s.cpp:16) on local variable 'b', ../src/DMA24b_mm2s.cpp:16 [27]  (0.000 ns)
	'icmp' operation 1 bit ('icmp_ln16', ../src/DMA24b_mm2s.cpp:16) [40]  (1.825 ns)
	'and' operation 1 bit ('and_ln14', ../src/DMA24b_mm2s.cpp:14) [41]  (0.978 ns)
	'or' operation 1 bit ('or_ln16', ../src/DMA24b_mm2s.cpp:16) [70]  (0.000 ns)
	'select' operation 6 bit ('select_ln16', ../src/DMA24b_mm2s.cpp:16) [71]  (1.188 ns)
	'store' operation 0 bit ('store_ln16', ../src/DMA24b_mm2s.cpp:16) of variable 'select_ln16', ../src/DMA24b_mm2s.cpp:16 on local variable 'b', ../src/DMA24b_mm2s.cpp:16 [77]  (1.588 ns)

 <State 4>: 4.862ns
The critical path consists of the following:
	'getelementptr' operation 128 bit ('gmem_addr', ../src/DMA24b_mm2s.cpp:15) [56]  (0.000 ns)
	bus request operation ('empty', ../src/DMA24b_mm2s.cpp:15) on port 'gmem' (../src/DMA24b_mm2s.cpp:15) [61]  (4.862 ns)

 <State 5>: 4.862ns
The critical path consists of the following:
	bus request operation ('empty', ../src/DMA24b_mm2s.cpp:15) on port 'gmem' (../src/DMA24b_mm2s.cpp:15) [61]  (4.862 ns)

 <State 6>: 4.862ns
The critical path consists of the following:
	bus request operation ('empty', ../src/DMA24b_mm2s.cpp:15) on port 'gmem' (../src/DMA24b_mm2s.cpp:15) [61]  (4.862 ns)

 <State 7>: 4.862ns
The critical path consists of the following:
	bus request operation ('empty', ../src/DMA24b_mm2s.cpp:15) on port 'gmem' (../src/DMA24b_mm2s.cpp:15) [61]  (4.862 ns)

 <State 8>: 4.862ns
The critical path consists of the following:
	bus request operation ('empty', ../src/DMA24b_mm2s.cpp:15) on port 'gmem' (../src/DMA24b_mm2s.cpp:15) [61]  (4.862 ns)

 <State 9>: 4.862ns
The critical path consists of the following:
	bus request operation ('empty', ../src/DMA24b_mm2s.cpp:15) on port 'gmem' (../src/DMA24b_mm2s.cpp:15) [61]  (4.862 ns)

 <State 10>: 4.862ns
The critical path consists of the following:
	bus request operation ('empty', ../src/DMA24b_mm2s.cpp:15) on port 'gmem' (../src/DMA24b_mm2s.cpp:15) [61]  (4.862 ns)

 <State 11>: 4.862ns
The critical path consists of the following:
	bus request operation ('empty', ../src/DMA24b_mm2s.cpp:15) on port 'gmem' (../src/DMA24b_mm2s.cpp:15) [61]  (4.862 ns)

 <State 12>: 4.862ns
The critical path consists of the following:
	bus read operation ('data_mm_buffer', ../src/DMA24b_mm2s.cpp:18) on port 'gmem' (../src/DMA24b_mm2s.cpp:18) [67]  (4.862 ns)

 <State 13>: 2.431ns
The critical path consists of the following:
	fifo write operation ('write_ln19', ../src/DMA24b_mm2s.cpp:19) on port 'mm_fifo' (../src/DMA24b_mm2s.cpp:19) [68]  (2.431 ns)


============================================================
+ Verbose Summary: Binding
============================================================
N/A
* FSMD analyzer results:
  - Output states:
 - Input state : 
  - Chain level:
	State 1
	State 2
	State 3
	State 4
	State 5
	State 6
	State 7
	State 8
	State 9
	State 10
	State 11
	State 12
	State 13


============================================================
+ Verbose Summary: Datapath Resource usage 
============================================================
N/A
