Copyright 1986-2020 Xilinx, Inc. All Rights Reserved.
---------------------------------------------------------------------------------------------
| Tool Version : Vivado v.2020.2 (lin64) Build 3064766 Wed Nov 18 09:12:47 MST 2020
| Date         : Thu Sep  3 17:14:55 2026
| Host         : glen-HP-ZBook-15u-G3 running 64-bit Ubuntu 24.04.4 LTS
| Command      : report_control_sets -verbose -file design_1_wrapper_control_sets_placed.rpt
| Design       : design_1_wrapper
| Device       : xc7z007s
---------------------------------------------------------------------------------------------

Control Set Information

Table of Contents
-----------------
1. Summary
2. Histogram
3. Flip-Flop Distribution
4. Detailed Control Set Information

1. Summary
----------

+----------------------------------------------------------+-------+
|                          Status                          | Count |
+----------------------------------------------------------+-------+
| Total control sets                                       |     5 |
|    Minimum number of control sets                        |     5 |
|    Addition due to synthesis replication                 |     0 |
|    Addition due to physical synthesis replication        |     0 |
| Unused register locations in slices containing registers |    21 |
+----------------------------------------------------------+-------+
* Control sets can be merged at opt_design using control_set_merge or merge_equivalent_drivers
** Run report_qor_suggestions for automated merging and remapping suggestions


2. Histogram
------------

+--------------------+-------+
|       Fanout       | Count |
+--------------------+-------+
| Total control sets |     5 |
| >= 0 to < 4        |     0 |
| >= 4 to < 6        |     0 |
| >= 6 to < 8        |     0 |
| >= 8 to < 10       |     0 |
| >= 10 to < 12      |     0 |
| >= 12 to < 14      |     2 |
| >= 14 to < 16      |     0 |
| >= 16              |     3 |
+--------------------+-------+
* Control sets can be remapped at either synth_design or opt_design


3. Flip-Flop Distribution
-------------------------

+--------------+-----------------------+------------------------+-----------------+--------------+
| Clock Enable | Synchronous Set/Reset | Asynchronous Set/Reset | Total Registers | Total Slices |
+--------------+-----------------------+------------------------+-----------------+--------------+
| No           | No                    | No                     |              18 |            9 |
| No           | No                    | Yes                    |               0 |            0 |
| No           | Yes                   | No                     |              37 |           10 |
| Yes          | No                    | No                     |              24 |            6 |
| Yes          | No                    | Yes                    |               0 |            0 |
| Yes          | Yes                   | No                     |              12 |            3 |
+--------------+-----------------------+------------------------+-----------------+--------------+


4. Detailed Control Set Information
-----------------------------------

+-----------------------------------------------+------------------------------+---------------------------------+------------------+----------------+--------------+
|                  Clock Signal                 |         Enable Signal        |         Set/Reset Signal        | Slice Load Count | Bel Load Count | Bels / Slice |
+-----------------------------------------------+------------------------------+---------------------------------+------------------+----------------+--------------+
|  design_1_i/clk_wiz_0_clk_wiz_0/inst/clk_out1 |                              | design_1_i/TPG_0/U0/eqOp3_in    |                3 |             12 |         4.00 |
|  design_1_i/clk_wiz_0_clk_wiz_0/inst/clk_out1 | design_1_i/TPG_0/U0/eqOp3_in | design_1_i/TPG_0/U0/v_cntr_reg0 |                3 |             12 |         4.00 |
|  design_1_i/clk_wiz_0_clk_wiz_0/inst/clk_out1 |                              |                                 |                9 |             18 |         2.00 |
|  design_1_i/clk_wiz_0_clk_wiz_0/inst/clk_out1 | design_1_i/TPG_0/U0/eqOp     |                                 |                6 |             24 |         4.00 |
|  design_1_i/clk_wiz_0_clk_wiz_0/inst/clk_out1 |                              | design_1_i/TPG_0/U0/eqOp        |                7 |             25 |         3.57 |
+-----------------------------------------------+------------------------------+---------------------------------+------------------+----------------+--------------+


