#
# An unexpected error has occurred (11)
#
Stack:
/media/glen/Crucial/Logiciels/Vivado/Vivado/2020.2/tps/lnx64/jre11.0.2/lib//server/libjvm.so(+0xc04c3b) [0x766646604c3b]
/media/glen/Crucial/Logiciels/Vivado/Vivado/2020.2/tps/lnx64/jre11.0.2/lib//server/libjvm.so(JVM_handle_linux_signal+0x14e) [0x7666466098de]
/media/glen/Crucial/Logiciels/Vivado/Vivado/2020.2/tps/lnx64/jre11.0.2/lib//server/libjvm.so(+0xbfd538) [0x7666465fd538]
/lib/x86_64-linux-gnu/libc.so.6(+0x45330) [0x7666a4845330]
/media/glen/Crucial/Logiciels/Vivado/Vivado/2020.2/lib/lnx64.o/librdi_simbridge_kernel.so(SimBridge::CArray::empty() const+0) [0x76664e257a00]
/media/glen/Crucial/Logiciels/Vivado/Vivado/2020.2/lib/lnx64.o/librdi_simbridge_kernel.so(SimBridge::WdbEventBlock::addBlock(SimBridge::WdbIBlockManager&, unsigned int&) const+0x1c) [0x76664e2580dc]
/media/glen/Crucial/Logiciels/Vivado/Vivado/2020.2/lib/lnx64.o/librdi_simbridge_kernel.so(SimBridge::WdbMultipleBucketEventDatabase::getEventBlockDatabaseIterator(std::vector<SimBridge::WdbScalarBTree*, std::allocator<SimBridge::WdbScalarBTree*> > const&, std::vector<boost::shared_ptr<SimBridge::WdbIEventBlockIterator>, std::allocator<boost::shared_ptr<SimBridge::WdbIEventBlockIterator> > >&, std::vector<std::vector<SimBridge::WdbScalarBTree*, std::allocator<SimBridge::WdbScalarBTree*> >, std::allocator<std::vector<SimBridge::WdbScalarBTree*, std::allocator<SimBridge::WdbScalarBTree*> > > >&) const+0x691) [0x76664e272071]
/media/glen/Crucial/Logiciels/Vivado/Vivado/2020.2/lib/lnx64.o/librdi_simbridge_kernel.so(SimBridge::WdbAddressBTreeManager::scanWdbDatabaseMultiThread(std::vector<SimBridge::WdbScalarBTree*, std::allocator<SimBridge::WdbScalarBTree*> > const&, ISIM::IGuiStatus*)+0xf0) [0x76664e24eee0]
/media/glen/Crucial/Logiciels/Vivado/Vivado/2020.2/lib/lnx64.o/librdi_wavedata.so(SimBridge::DataObjMgr::createDrawingBTree(std::vector<SimBridge::IDataObj const*, std::allocator<SimBridge::IDataObj const*> > const&, ISIM::IGuiStatus*, bool)+0x32a) [0x76665b22058a]
/media/glen/Crucial/Logiciels/Vivado/Vivado/2020.2/lib/lnx64.o/librdi_wavedata.so(+0x2df6b2) [0x76665b2df6b2]
/media/glen/Crucial/Logiciels/Vivado/Vivado/2020.2/lib/lnx64.o/librdi_wavedata.so(+0x2df95c) [0x76665b2df95c]
/media/glen/Crucial/Logiciels/Vivado/Vivado/2020.2/lib/lnx64.o/librdi_wavedata.so(SG_Model::ModelImp::updateData(SG_Model::WVDataObject*, bool)+0x30f) [0x76665b2d990f]
/media/glen/Crucial/Logiciels/Vivado/Vivado/2020.2/lib/lnx64.o/librdi_wavedata.so(SG_Model::ModelImp::updateData(SG_Model::WVDataObject*, bool)+0x18f) [0x76665b2d978f]
/media/glen/Crucial/Logiciels/Vivado/Vivado/2020.2/lib/lnx64.o/librdi_wavedata.so(SG_Model::ModelImp::updateData()+0x96b) [0x76665b2da5fb]
/media/glen/Crucial/Logiciels/Vivado/Vivado/2020.2/lib/lnx64.o/librdi_wavedata.so(SG_Model::Model::read(std::__cxx11::basic_string<char, std::char_traits<char>, std::allocator<char> > const&, SG_Model::IReporter&, ISIM::IGuiStatus*)+0x20d) [0x76665b2dbd8d]
/media/glen/Crucial/Logiciels/Vivado/Vivado/2020.2/lib/lnx64.o/librdi_wavedata.so(WVDAppInterface::WVDWindowManager::openWcfg(std::__cxx11::basic_string<char, std::char_traits<char>, std::allocator<char> > const&, SG_Model::IDesignManager::ConnectMode, ISIM::IGuiStatus*)+0x143) [0x76665b1a3e03]
/media/glen/Crucial/Logiciels/Vivado/Vivado/2020.2/lib/lnx64.o/librdi_wavedatatasks.so(+0xa2ad3) [0x7666032a2ad3]
/media/glen/Crucial/Logiciels/Vivado/Vivado/2020.2/lib/lnx64.o/librdi_common.so(+0x9cfb1d) [0x7666a61cfb1d]
/media/glen/Crucial/Logiciels/Vivado/Vivado/2020.2/lib/lnx64.o/libtcl8.5.so(+0x3356f) [0x76669e63356f]
/media/glen/Crucial/Logiciels/Vivado/Vivado/2020.2/lib/lnx64.o/libtcl8.5.so(Tcl_EvalObjv+0x32) [0x76669e6336a2]
/media/glen/Crucial/Logiciels/Vivado/Vivado/2020.2/lib/lnx64.o/libtcl8.5.so(TclEvalObjEx+0x322) [0x76669e6354c2]
/media/glen/Crucial/Logiciels/Vivado/Vivado/2020.2/lib/lnx64.o/librdi_common.so(hdi::tcltasks::task_manager::eval_in_tcl(Tcl_Interp*, Tcl_Obj*, char const*, bool)+0xb59) [0x7666a61d1929]
/media/glen/Crucial/Logiciels/Vivado/Vivado/2020.2/lib/lnx64.o/librdi_simtcltasks.so(+0x13b056) [0x76660373b056]
/media/glen/Crucial/Logiciels/Vivado/Vivado/2020.2/lib/lnx64.o/librdi_common.so(+0x9cfb1d) [0x7666a61cfb1d]
/media/glen/Crucial/Logiciels/Vivado/Vivado/2020.2/lib/lnx64.o/libtcl8.5.so(+0x3356f) [0x76669e63356f]
/media/glen/Crucial/Logiciels/Vivado/Vivado/2020.2/lib/lnx64.o/libtcl8.5.so(+0x34bf8) [0x76669e634bf8]
/media/glen/Crucial/Logiciels/Vivado/Vivado/2020.2/lib/lnx64.o/libtcl8.5.so(Tcl_EvalEx+0x13) [0x76669e635163]
/media/glen/Crucial/Logiciels/Vivado/Vivado/2020.2/lib/lnx64.o/libtcl8.5.so(TclEvalObjEx+0x1e0) [0x76669e635380]
/media/glen/Crucial/Logiciels/Vivado/Vivado/2020.2/lib/lnx64.o/libtcl8.5.so(+0x3b445) [0x76669e63b445]
/media/glen/Crucial/Logiciels/Vivado/Vivado/2020.2/lib/lnx64.o/libtcl8.5.so(+0x3356f) [0x76669e63356f]
/media/glen/Crucial/Logiciels/Vivado/Vivado/2020.2/lib/lnx64.o/libtcl8.5.so(+0x76945) [0x76669e676945]
/media/glen/Crucial/Logiciels/Vivado/Vivado/2020.2/lib/lnx64.o/libtcl8.5.so(+0x7e0f9) [0x76669e67e0f9]
/media/glen/Crucial/Logiciels/Vivado/Vivado/2020.2/lib/lnx64.o/libtcl8.5.so(TclEvalObjEx+0x76) [0x76669e635216]
/media/glen/Crucial/Logiciels/Vivado/Vivado/2020.2/lib/lnx64.o/librdi_commontasks.so(+0x1dba74) [0x766696bdba74]
/media/glen/Crucial/Logiciels/Vivado/Vivado/2020.2/lib/lnx64.o/libtcl8.5.so(+0x3356f) [0x76669e63356f]
/media/glen/Crucial/Logiciels/Vivado/Vivado/2020.2/lib/lnx64.o/libtcl8.5.so(+0x76945) [0x76669e676945]
/media/glen/Crucial/Logiciels/Vivado/Vivado/2020.2/lib/lnx64.o/libtcl8.5.so(TclObjInterpProcCore+0x420) [0x76669e6b7ed0]
/media/glen/Crucial/Logiciels/Vivado/Vivado/2020.2/lib/lnx64.o/libtcl8.5.so(+0x3356f) [0x76669e63356f]
/media/glen/Crucial/Logiciels/Vivado/Vivado/2020.2/lib/lnx64.o/libtcl8.5.so(Tcl_EvalObjv+0x32) [0x76669e6336a2]
/media/glen/Crucial/Logiciels/Vivado/Vivado/2020.2/lib/lnx64.o/libtcl8.5.so(TclEvalObjEx+0x322) [0x76669e6354c2]
/media/glen/Crucial/Logiciels/Vivado/Vivado/2020.2/lib/lnx64.o/librdi_tcltasks.so(SimUtils::detail::execStep(Tcl_Interp*, std::__cxx11::basic_ostringstream<char, std::char_traits<char>, std::allocator<char> >&, std::__cxx11::basic_string<char, std::char_traits<char>, std::allocator<char> > const&, std::__cxx11::basic_string<char, std::char_traits<char>, std::allocator<char> > const&, std::__cxx11::basic_string<char, std::char_traits<char>, std::allocator<char> >&, bool&)+0x1ee) [0x7666947811fe]
/media/glen/Crucial/Logiciels/Vivado/Vivado/2020.2/lib/lnx64.o/librdi_tcltasks.so(SimUtils::detail::execSimStep(Tcl_Interp*, std::__cxx11::basic_ostringstream<char, std::char_traits<char>, std::allocator<char> >&, HAPUFSimulator*, HAPUFSimulator::TclProc, std::__cxx11::basic_string<char, std::char_traits<char>, std::allocator<char> > const&, bool, HADAFileSet*, std::__cxx11::basic_string<char, std::char_traits<char>, std::allocator<char> > const&, HAPUFSimulator::SimulationStep, bool, HDGUIStatus*)+0x75) [0x766694781435]
/media/glen/Crucial/Logiciels/Vivado/Vivado/2020.2/lib/lnx64.o/librdi_tcltasks.so(HTCSimUtils::executeStep(Tcl_Interp*, HADAFileSet*, HADAFileSet*, HAPUFSimulator*, HDGUIStatus*, std::__cxx11::basic_string<char, std::char_traits<char>, std::allocator<char> > const&, std::__cxx11::basic_string<char, std::char_traits<char>, std::allocator<char> > const&, std::__cxx11::basic_string<char, std::char_traits<char>, std::allocator<char> > const&, bool, bool, bool, std::__cxx11::basic_ostringstream<char, std::char_traits<char>, std::allocator<char> >&)+0x4b7) [0x766694781a97]
/media/glen/Crucial/Logiciels/Vivado/Vivado/2020.2/lib/lnx64.o/librdi_tcltasks.so(+0x1927eec) [0x766694727eec]
/media/glen/Crucial/Logiciels/Vivado/Vivado/2020.2/lib/lnx64.o/librdi_common.so(+0x9cfb1d) [0x7666a61cfb1d]
/media/glen/Crucial/Logiciels/Vivado/Vivado/2020.2/lib/lnx64.o/libtcl8.5.so(+0x3356f) [0x76669e63356f]
/media/glen/Crucial/Logiciels/Vivado/Vivado/2020.2/lib/lnx64.o/libtcl8.5.so(+0x76945) [0x76669e676945]
/media/glen/Crucial/Logiciels/Vivado/Vivado/2020.2/lib/lnx64.o/libtcl8.5.so(+0x7e0f9) [0x76669e67e0f9]
/media/glen/Crucial/Logiciels/Vivado/Vivado/2020.2/lib/lnx64.o/libtcl8.5.so(TclEvalObjEx+0x76) [0x76669e635216]
/media/glen/Crucial/Logiciels/Vivado/Vivado/2020.2/lib/lnx64.o/librdi_common.so(+0x9ce041) [0x7666a61ce041]
/media/glen/Crucial/Logiciels/Vivado/Vivado/2020.2/lib/lnx64.o/libtcl8.5.so(Tcl_ServiceEvent+0x7f) [0x76669e6a7bef]
/media/glen/Crucial/Logiciels/Vivado/Vivado/2020.2/lib/lnx64.o/libtcl8.5.so(Tcl_DoOneEvent+0x154) [0x76669e6a7f24]
/media/glen/Crucial/Logiciels/Vivado/Vivado/2020.2/lib/lnx64.o/librdi_commontasks.so(+0x23caa5) [0x766696c3caa5]
/media/glen/Crucial/Logiciels/Vivado/Vivado/2020.2/lib/lnx64.o/librdi_commontasks.so(+0x23fbb5) [0x766696c3fbb5]
/media/glen/Crucial/Logiciels/Vivado/Vivado/2020.2/lib/lnx64.o/librdi_commontasks.so(+0x240bde) [0x766696c40bde]
/media/glen/Crucial/Logiciels/Vivado/Vivado/2020.2/lib/lnx64.o/librdi_common.so(+0x9cfb1d) [0x7666a61cfb1d]
/media/glen/Crucial/Logiciels/Vivado/Vivado/2020.2/lib/lnx64.o/libtcl8.5.so(+0x3356f) [0x76669e63356f]
/media/glen/Crucial/Logiciels/Vivado/Vivado/2020.2/lib/lnx64.o/libtcl8.5.so(+0x76945) [0x76669e676945]
/media/glen/Crucial/Logiciels/Vivado/Vivado/2020.2/lib/lnx64.o/libtcl8.5.so(+0x7e0f9) [0x76669e67e0f9]
/media/glen/Crucial/Logiciels/Vivado/Vivado/2020.2/lib/lnx64.o/libtcl8.5.so(TclEvalObjEx+0x76) [0x76669e635216]
/media/glen/Crucial/Logiciels/Vivado/Vivado/2020.2/lib/lnx64.o/librdi_commonmain.so(+0xad53) [0x7666a540ad53]
/media/glen/Crucial/Logiciels/Vivado/Vivado/2020.2/lib/lnx64.o/libtcl8.5.so(Tcl_Main+0x1d0) [0x76669e6a02f0]
/media/glen/Crucial/Logiciels/Vivado/Vivado/2020.2/lib/lnx64.o/librdi_common.so(+0xa1442b) [0x7666a621442b]
/lib/x86_64-linux-gnu/libc.so.6(+0x9cb84) [0x7666a489cb84]
/lib/x86_64-linux-gnu/libc.so.6(+0x129ecc) [0x7666a4929ecc]
