Copyright 1986-2020 Xilinx, Inc. All Rights Reserved.
------------------------------------------------------------------------------------
| Tool Version : Vivado v.2020.2 (lin64) Build 3064766 Wed Nov 18 09:12:47 MST 2020
| Date         : Fri Sep 25 15:41:15 2026
| Host         : glen-HP-ZBook-15u-G3 running 64-bit Ubuntu 24.04.5 LTS
| Command      : upgrade_ip
| Device       : xc7z007sclg400-1
------------------------------------------------------------------------------------

Upgrade Log for IP 'design_1_ControleurVGA_v3_0_0'

1. Summary
----------

CAUTION (success, with warnings) in the conversion of design_1_ControleurVGA_v3_0_0 (user.org:user:ControleurVGA_v3:1.0 (Rev. 1)) to Vivado generation flows.

After upgrade, an IP may have parameter and port differences compared to the original customization. Please review the parameters within the IP customization GUI to ensure proper functionality. Also, please review the updated IP instantiation template to ensure proper connectivity, and update your design if required.

2. Interface Information
------------------------

Detected external interface differences while upgrading 'design_1_ControleurVGA_v3_0_0'.


-Upgrade has added interface 'interface_axis' (xilinx.com:interface:axis:1.0)


3. Connection Warnings
----------------------

Detected external port differences while upgrading 'design_1_ControleurVGA_v3_0_0'. These changes may impact your design.


-Upgrade has removed port 'pixel'

-Upgrade has removed port 'ready'

-Upgrade has removed port 'valid'

-Upgrade has added port 'tdata'

-Upgrade has added port 'tlast'

-Upgrade has added port 'tready'

-Upgrade has added port 'tuser'

-Upgrade has added port 'tvalid'


