================================================================
== Design Size Report
================================================================

* Total Instructions per Compilation Phase
+---------------+-----------------------------+--------------+----------------------------------------------------------------------------------------+
| Phase         | Step                        | Instructions | Description                                                                            |
+---------------+-----------------------------+--------------+----------------------------------------------------------------------------------------+
| Compile/Link  |                             | 756          | After all functions are compiled and linked into a single design                       |
|               |                             |              |                                                                                        |
| Unroll/Inline |                             |              | After user unroll and inline pragmas are applied                                       |
|               | (1) unroll                  | 460          | user unroll pragmas are applied                                                        |
|               | (2) simplification          | 354          | simplification of applied user unroll pragmas                                          |
|               | (3) inline                  | 335          | user inline pragmas are applied                                                        |
|               | (4) simplification          | 335          | simplification of applied user inline pragmas                                          |
|               |                             |              |                                                                                        |
| Array/Struct  |                             |              | After user array partition and struct aggregate/disaggregate pragmas are applied       |
|               | (1) array partition         | 332          | user array partition pragmas are applied                                               |
|               | (2) simplification          | 332          | simplification of applied user array partition & struct aggregate/disaggregate pragmas |
|               | (3) aggregate/disaggregate  | 332          | user struct aggregate/disaggregate pragmas are applied                                 |
|               | (4) array reshape           | 332          | apply array reshape pragmas                                                            |
|               | (5) access patterns         | 800          | array access pattern optmizations                                                      |
|               |                             |              |                                                                                        |
| Performance   |                             |              | After transformations are applied to meet performance pragma targets                   |
|               | (1) loop simplification     | 800          | loop and instruction simplification                                                    |
|               | (2) parallelization         | 800          | loops are unrolled or pipelined to meet performance targets                            |
|               | (3) array partition         | 459          | arrays are partitioned to meet performance targets                                     |
|               | (4) simplification          | 459          | simplification of design after performance transformations                             |
|               |                             |              |                                                                                        |
| HW Transforms |                             |              | After hardware transfomations                                                          |
|               | (1) lowering                | 386          | initial conversion to HW specific instructions                                         |
|               | (2) optimizations           | 364          | high level synthesis optimizations                                                     |
+---------------+-----------------------------+--------------+----------------------------------------------------------------------------------------+

* Instructions per Function for each Compilation Phase
+----------------------------+------------------------+--------------+---------------+--------------+-------------+---------------+
| Function                   | Location               | Compile/Link | Unroll/Inline | Array/Struct | Performance | HW Transforms |
+----------------------------+------------------------+--------------+---------------+--------------+-------------+---------------+
| + DMA24bUnit_mm2s          | DMA24b_mm2s.cpp:58     | 756          | 335           | 800          | 459         | 364           |
|  + DMA24b_mm2s             | DMA24b_mm2s.cpp:68     | 745          | 327           | 786          | 445         | 347           |
|     DMA24b_mm2s_fetch      | DMA24b_mm2s.cpp:10     |  59          |  34           |  38          |  37         |  44           |
|   + DMA24b_mm2s_streamout  | DMA24b_mm2s.cpp:34     | 640          | 285           | 740          | 400         | 293           |
|      DMA24b_mm2s_get_pixel | DMA24b_mm2s_utils.h:55 | 332          |               |              |             |               |
+----------------------------+------------------------+--------------+---------------+--------------+-------------+---------------+

* Design Size Message Settings
+---------------------------------------------+--------+------------------------------------------------------------------+
| Message Setting                             | Value  | Description                                                      |
+---------------------------------------------+--------+------------------------------------------------------------------+
| config_compile -design_size_maximum_warning | 100000 | Show a warning when total design instructions exceeds this value |
+---------------------------------------------+--------+------------------------------------------------------------------+


