

================================================================
== Vitis HLS Report for 'DMA24b_mm2s_fetch_Pipeline_line_loop_burst_loop_beat_loop'
================================================================
* Date:           Fri Sep 11 11:21:28 2026

* Version:        2024.2 (Build 5238294 on Nov  8 2024)
* Project:        DMA24b_mm2s_prj
* Solution:       solution1 (Vivado IP Flow Target)
* Product family: zynq
* Target device:  xc7z020-clg400-1


================================================================
== Performance Estimates
================================================================
+ Timing: 
    * Summary: 
    +--------+---------+----------+------------+
    |  Clock |  Target | Estimated| Uncertainty|
    +--------+---------+----------+------------+
    |ap_clk  |  6.66 ns|  5.579 ns|     1.80 ns|
    +--------+---------+----------+------------+

+ Latency: 
    * Summary: 
    +---------+---------+-----------+-----------+-----+---------+------------------------------------------------+
    |  Latency (cycles) |   Latency (absolute)  |    Interval   |                    Pipeline                    |
    |   min   |   max   |    min    |    max    | min |   max   |                      Type                      |
    +---------+---------+-----------+-----------+-----+---------+------------------------------------------------+
    |        4|  3112213|  26.640 ns|  20.727 ms|    1|  3112201|  loop auto-rewind stp (delay=0 clock cycles(s))|
    +---------+---------+-----------+-----------+-----+---------+------------------------------------------------+

    + Detail: 
        * Instance: 
        N/A

        * Loop: 
        +----------------------------------+---------+---------+----------+-----------+-----------+-------------+----------+
        |                                  |  Latency (cycles) | Iteration|  Initiation Interval  |     Trip    |          |
        |             Loop Name            |   min   |   max   |  Latency |  achieved |   target  |    Count    | Pipelined|
        +----------------------------------+---------+---------+----------+-----------+-----------+-------------+----------+
        |- line_loop_burst_loop_beat_loop  |        2|  3112211|        13|          1|          1|  0 ~ 3112200|       yes|
        +----------------------------------+---------+---------+----------+-----------+-----------+-------------+----------+



================================================================
== Utilization Estimates
================================================================
* Summary: 
+-----------------+---------+-----+--------+-------+-----+
|       Name      | BRAM_18K| DSP |   FF   |  LUT  | URAM|
+-----------------+---------+-----+--------+-------+-----+
|DSP              |        -|    -|       -|      -|    -|
|Expression       |        -|    -|       0|    282|    -|
|FIFO             |        -|    -|       -|      -|    -|
|Instance         |        -|    -|       -|      -|    -|
|Memory           |        -|    -|       -|      -|    -|
|Multiplexer      |        -|    -|       0|    117|    -|
|Register         |        -|    -|     370|     32|    -|
+-----------------+---------+-----+--------+-------+-----+
|Total            |        0|    0|     370|    431|    0|
+-----------------+---------+-----+--------+-------+-----+
|Available        |      280|  220|  106400|  53200|    0|
+-----------------+---------+-----+--------+-------+-----+
|Utilization (%)  |        0|    0|      ~0|     ~0|    0|
+-----------------+---------+-----+--------+-------+-----+

+ Detail: 
    * Instance: 
    N/A

    * DSP: 
    N/A

    * Memory: 
    N/A

    * FIFO: 
    N/A

    * Expression: 
    +------------------------------------+----------+----+---+----+------------+------------+
    |            Variable Name           | Operation| DSP| FF| LUT| Bitwidth P0| Bitwidth P1|
    +------------------------------------+----------+----+---+----+------------+------------+
    |add_ln14_1_fu_235_p2                |         +|   0|  0|  12|          12|           1|
    |add_ln14_fu_213_p2                  |         +|   0|  0|  29|          22|           1|
    |add_ln15_fu_275_p2                  |         +|   0|  0|  12|          11|           1|
    |add_ln16_fu_365_p2                  |         +|   0|  0|  14|           6|           1|
    |empty_55_fu_350_p2                  |         +|   0|  0|  71|          64|          64|
    |empty_54_fu_269_p2                  |         -|   0|  0|  30|          23|          23|
    |and_ln14_fu_318_p2                  |       and|   0|  0|   2|           1|           1|
    |and_ln15_fu_336_p2                  |       and|   0|  0|   2|           1|           1|
    |ap_block_state12_pp0_stage0_iter11  |       and|   0|  0|   2|           1|           1|
    |ap_block_state13_pp0_stage0_iter12  |       and|   0|  0|   2|           1|           1|
    |ap_block_state4_io                  |       and|   0|  0|   2|           1|           1|
    |ap_predicate_op77_readreq_state4    |       and|   0|  0|   2|           1|           1|
    |icmp_ln14_fu_207_p2                 |      icmp|   0|  0|  29|          22|          22|
    |icmp_ln15_fu_230_p2                 |      icmp|   0|  0|  12|          11|          11|
    |icmp_ln16_fu_312_p2                 |      icmp|   0|  0|  14|           6|           6|
    |ap_block_pp0_stage0_01001           |        or|   0|  0|   2|           1|           1|
    |ap_block_pp0_stage0_11001           |        or|   0|  0|   2|           1|           1|
    |or_ln14_fu_302_p2                   |        or|   0|  0|   2|           1|           1|
    |or_ln15_1_fu_342_p2                 |        or|   0|  0|   2|           1|           1|
    |or_ln15_fu_324_p2                   |        or|   0|  0|   2|           1|           1|
    |or_ln16_fu_371_p2                   |        or|   0|  0|   2|           1|           1|
    |select_ln14_fu_241_p3               |    select|   0|  0|  12|           1|          12|
    |select_ln15_fu_281_p3               |    select|   0|  0|  11|           1|           1|
    |select_ln16_fu_376_p3               |    select|   0|  0|   6|           1|           1|
    |ap_enable_pp0                       |       xor|   0|  0|   2|           1|           2|
    |xor_ln14_fu_307_p2                  |       xor|   0|  0|   2|           1|           2|
    |xor_ln15_fu_330_p2                  |       xor|   0|  0|   2|           1|           2|
    +------------------------------------+----------+----+---+----+------------+------------+
    |Total                               |          |   0|  0| 282|         195|         162|
    +------------------------------------+----------+----+---+----+------------+------------+

    * Multiplexer: 
    +----------------------------------------+----+-----------+-----+-----------+
    |                  Name                  | LUT| Input Size| Bits| Total Bits|
    +----------------------------------------+----+-----------+-----+-----------+
    |ap_done_int                             |   9|          2|    1|          2|
    |ap_enable_reg_pp0_iter3                 |   9|          2|    1|          2|
    |ap_phi_mux_first_iter_0_phi_fu_168_p4   |   9|          2|    1|          2|
    |ap_phi_mux_first_iter_1_phi_fu_156_p4   |   9|          2|    1|          2|
    |ap_sig_allocacmp_indvar_flatten12_load  |   9|          2|   22|         44|
    |b_fu_94                                 |   9|          2|    6|         12|
    |first_iter_1_reg_152                    |   9|          2|    1|          2|
    |gmem_blk_n_AR                           |   9|          2|    1|          2|
    |gmem_blk_n_R                            |   9|          2|    1|          2|
    |indvar_flatten12_fu_106                 |   9|          2|   22|         44|
    |indvar_flatten_fu_98                    |   9|          2|   11|         22|
    |j_fu_102                                |   9|          2|   12|         24|
    |mm_fifo_blk_n                           |   9|          2|    1|          2|
    +----------------------------------------+----+-----------+-----+-----------+
    |Total                                   | 117|         26|   81|        162|
    +----------------------------------------+----+-----------+-----+-----------+

    * Register: 
    +-----------------------------------+-----+----+-----+-----------+
    |                Name               |  FF | LUT| Bits| Const Bits|
    +-----------------------------------+-----+----+-----+-----------+
    |ap_CS_fsm                          |    1|   0|    1|          0|
    |ap_done_reg                        |    1|   0|    1|          0|
    |ap_enable_reg_pp0_iter1            |    1|   0|    1|          0|
    |ap_enable_reg_pp0_iter10           |    1|   0|    1|          0|
    |ap_enable_reg_pp0_iter11           |    1|   0|    1|          0|
    |ap_enable_reg_pp0_iter12           |    1|   0|    1|          0|
    |ap_enable_reg_pp0_iter2            |    1|   0|    1|          0|
    |ap_enable_reg_pp0_iter3            |    1|   0|    1|          0|
    |ap_enable_reg_pp0_iter4            |    1|   0|    1|          0|
    |ap_enable_reg_pp0_iter5            |    1|   0|    1|          0|
    |ap_enable_reg_pp0_iter6            |    1|   0|    1|          0|
    |ap_enable_reg_pp0_iter7            |    1|   0|    1|          0|
    |ap_enable_reg_pp0_iter8            |    1|   0|    1|          0|
    |ap_enable_reg_pp0_iter9            |    1|   0|    1|          0|
    |ap_loop_exit_ready_pp0_iter10_reg  |    1|   0|    1|          0|
    |ap_loop_exit_ready_pp0_iter11_reg  |    1|   0|    1|          0|
    |ap_loop_exit_ready_pp0_iter1_reg   |    1|   0|    1|          0|
    |ap_loop_exit_ready_pp0_iter2_reg   |    1|   0|    1|          0|
    |ap_loop_exit_ready_pp0_iter3_reg   |    1|   0|    1|          0|
    |ap_loop_exit_ready_pp0_iter4_reg   |    1|   0|    1|          0|
    |ap_loop_exit_ready_pp0_iter5_reg   |    1|   0|    1|          0|
    |ap_loop_exit_ready_pp0_iter6_reg   |    1|   0|    1|          0|
    |ap_loop_exit_ready_pp0_iter7_reg   |    1|   0|    1|          0|
    |ap_loop_exit_ready_pp0_iter8_reg   |    1|   0|    1|          0|
    |ap_loop_exit_ready_pp0_iter9_reg   |    1|   0|    1|          0|
    |b_fu_94                            |    6|   0|    6|          0|
    |bound_cast_reg_432                 |   10|   0|   11|          1|
    |data_mm_buffer_reg_479             |  128|   0|  128|          0|
    |empty_54_reg_454                   |   16|   0|   23|          7|
    |first_iter_0_reg_163               |    1|   0|    1|          0|
    |first_iter_1_reg_152               |    1|   0|    1|          0|
    |icmp_ln14_reg_442                  |    1|   0|    1|          0|
    |icmp_ln15_reg_446                  |    1|   0|    1|          0|
    |indvar_flatten12_fu_106            |   22|   0|   22|          0|
    |indvar_flatten_fu_98               |   11|   0|   11|          0|
    |j_fu_102                           |   12|   0|   12|          0|
    |or_ln15_1_reg_463                  |    1|   0|    1|          0|
    |or_ln15_reg_459                    |    1|   0|    1|          0|
    |p_cast_cast_reg_437                |   10|   0|   64|         54|
    |trunc_ln1_reg_468                  |   60|   0|   60|          0|
    |icmp_ln14_reg_442                  |   64|  32|    1|          0|
    +-----------------------------------+-----+----+-----+-----------+
    |Total                              |  370|  32|  369|         62|
    +-----------------------------------+-----+----+-----+-----------+



================================================================
== Interface
================================================================
* Summary: 
+------------------------+-----+-----+------------+-----------------------------------------------------------+--------------+
|        RTL Ports       | Dir | Bits|  Protocol  |                       Source Object                       |    C Type    |
+------------------------+-----+-----+------------+-----------------------------------------------------------+--------------+
|ap_clk                  |   in|    1|  ap_ctrl_hs|  DMA24b_mm2s_fetch_Pipeline_line_loop_burst_loop_beat_loop|  return value|
|ap_rst                  |   in|    1|  ap_ctrl_hs|  DMA24b_mm2s_fetch_Pipeline_line_loop_burst_loop_beat_loop|  return value|
|ap_start                |   in|    1|  ap_ctrl_hs|  DMA24b_mm2s_fetch_Pipeline_line_loop_burst_loop_beat_loop|  return value|
|ap_done                 |  out|    1|  ap_ctrl_hs|  DMA24b_mm2s_fetch_Pipeline_line_loop_burst_loop_beat_loop|  return value|
|ap_idle                 |  out|    1|  ap_ctrl_hs|  DMA24b_mm2s_fetch_Pipeline_line_loop_burst_loop_beat_loop|  return value|
|ap_ready                |  out|    1|  ap_ctrl_hs|  DMA24b_mm2s_fetch_Pipeline_line_loop_burst_loop_beat_loop|  return value|
|m_axi_gmem_0_AWVALID    |  out|    1|       m_axi|                                                       gmem|       pointer|
|m_axi_gmem_0_AWREADY    |   in|    1|       m_axi|                                                       gmem|       pointer|
|m_axi_gmem_0_AWADDR     |  out|   64|       m_axi|                                                       gmem|       pointer|
|m_axi_gmem_0_AWID       |  out|    1|       m_axi|                                                       gmem|       pointer|
|m_axi_gmem_0_AWLEN      |  out|   32|       m_axi|                                                       gmem|       pointer|
|m_axi_gmem_0_AWSIZE     |  out|    3|       m_axi|                                                       gmem|       pointer|
|m_axi_gmem_0_AWBURST    |  out|    2|       m_axi|                                                       gmem|       pointer|
|m_axi_gmem_0_AWLOCK     |  out|    2|       m_axi|                                                       gmem|       pointer|
|m_axi_gmem_0_AWCACHE    |  out|    4|       m_axi|                                                       gmem|       pointer|
|m_axi_gmem_0_AWPROT     |  out|    3|       m_axi|                                                       gmem|       pointer|
|m_axi_gmem_0_AWQOS      |  out|    4|       m_axi|                                                       gmem|       pointer|
|m_axi_gmem_0_AWREGION   |  out|    4|       m_axi|                                                       gmem|       pointer|
|m_axi_gmem_0_AWUSER     |  out|    1|       m_axi|                                                       gmem|       pointer|
|m_axi_gmem_0_WVALID     |  out|    1|       m_axi|                                                       gmem|       pointer|
|m_axi_gmem_0_WREADY     |   in|    1|       m_axi|                                                       gmem|       pointer|
|m_axi_gmem_0_WDATA      |  out|  128|       m_axi|                                                       gmem|       pointer|
|m_axi_gmem_0_WSTRB      |  out|   16|       m_axi|                                                       gmem|       pointer|
|m_axi_gmem_0_WLAST      |  out|    1|       m_axi|                                                       gmem|       pointer|
|m_axi_gmem_0_WID        |  out|    1|       m_axi|                                                       gmem|       pointer|
|m_axi_gmem_0_WUSER      |  out|    1|       m_axi|                                                       gmem|       pointer|
|m_axi_gmem_0_ARVALID    |  out|    1|       m_axi|                                                       gmem|       pointer|
|m_axi_gmem_0_ARREADY    |   in|    1|       m_axi|                                                       gmem|       pointer|
|m_axi_gmem_0_ARADDR     |  out|   64|       m_axi|                                                       gmem|       pointer|
|m_axi_gmem_0_ARID       |  out|    1|       m_axi|                                                       gmem|       pointer|
|m_axi_gmem_0_ARLEN      |  out|   32|       m_axi|                                                       gmem|       pointer|
|m_axi_gmem_0_ARSIZE     |  out|    3|       m_axi|                                                       gmem|       pointer|
|m_axi_gmem_0_ARBURST    |  out|    2|       m_axi|                                                       gmem|       pointer|
|m_axi_gmem_0_ARLOCK     |  out|    2|       m_axi|                                                       gmem|       pointer|
|m_axi_gmem_0_ARCACHE    |  out|    4|       m_axi|                                                       gmem|       pointer|
|m_axi_gmem_0_ARPROT     |  out|    3|       m_axi|                                                       gmem|       pointer|
|m_axi_gmem_0_ARQOS      |  out|    4|       m_axi|                                                       gmem|       pointer|
|m_axi_gmem_0_ARREGION   |  out|    4|       m_axi|                                                       gmem|       pointer|
|m_axi_gmem_0_ARUSER     |  out|    1|       m_axi|                                                       gmem|       pointer|
|m_axi_gmem_0_RVALID     |   in|    1|       m_axi|                                                       gmem|       pointer|
|m_axi_gmem_0_RREADY     |  out|    1|       m_axi|                                                       gmem|       pointer|
|m_axi_gmem_0_RDATA      |   in|  128|       m_axi|                                                       gmem|       pointer|
|m_axi_gmem_0_RLAST      |   in|    1|       m_axi|                                                       gmem|       pointer|
|m_axi_gmem_0_RID        |   in|    1|       m_axi|                                                       gmem|       pointer|
|m_axi_gmem_0_RFIFONUM   |   in|   11|       m_axi|                                                       gmem|       pointer|
|m_axi_gmem_0_RUSER      |   in|    1|       m_axi|                                                       gmem|       pointer|
|m_axi_gmem_0_RRESP      |   in|    2|       m_axi|                                                       gmem|       pointer|
|m_axi_gmem_0_BVALID     |   in|    1|       m_axi|                                                       gmem|       pointer|
|m_axi_gmem_0_BREADY     |  out|    1|       m_axi|                                                       gmem|       pointer|
|m_axi_gmem_0_BRESP      |   in|    2|       m_axi|                                                       gmem|       pointer|
|m_axi_gmem_0_BID        |   in|    1|       m_axi|                                                       gmem|       pointer|
|m_axi_gmem_0_BUSER      |   in|    1|       m_axi|                                                       gmem|       pointer|
|mm_fifo_din             |  out|  128|     ap_fifo|                                                    mm_fifo|       pointer|
|mm_fifo_full_n          |   in|    1|     ap_fifo|                                                    mm_fifo|       pointer|
|mm_fifo_write           |  out|    1|     ap_fifo|                                                    mm_fifo|       pointer|
|mm_fifo_num_data_valid  |   in|    9|     ap_fifo|                                                    mm_fifo|       pointer|
|mm_fifo_fifo_cap        |   in|    9|     ap_fifo|                                                    mm_fifo|       pointer|
|bound4                  |   in|   22|     ap_none|                                                     bound4|        scalar|
|p_cast                  |   in|   10|     ap_none|                                                     p_cast|        scalar|
|bound                   |   in|   10|     ap_none|                                                      bound|        scalar|
|mm_buffer               |   in|   64|     ap_none|                                                  mm_buffer|        scalar|
+------------------------+-----+-----+------------+-----------------------------------------------------------+--------------+

