
*** Running vivado
    with args -log design_1_ControleurVGA_0_0.vds -m64 -product Vivado -mode batch -messageDb vivado.pb -notrace -source design_1_ControleurVGA_0_0.tcl


****** Vivado v2020.2 (64-bit)
  **** SW Build 3064766 on Wed Nov 18 09:12:47 MST 2020
  **** IP Build 3064653 on Wed Nov 18 14:17:31 MST 2020
    ** Copyright 1986-2020 Xilinx, Inc. All Rights Reserved.

source design_1_ControleurVGA_0_0.tcl -notrace
INFO: [IP_Flow 19-234] Refreshing IP repositories
INFO: [IP_Flow 19-1700] Loaded user IP repository '/home/glen/Documents/AJC-Expleo/Travaux/Projet_CronerDetection/IP'.
INFO: [IP_Flow 19-2313] Loaded Vivado IP repository '/media/glen/Crucial/Logiciels/Vivado/Vivado/2020.2/data/ip'.
WARNING: [IP_Flow 19-1663] Duplicate IP found for 'user.org:user:ControleurVGA:1.0'. The one found in IP location '/home/glen/Documents/AJC-Expleo/Travaux/Projet_CronerDetection/IP/ControleurVGA_v2' will take precedence over the same IP in location /home/glen/Documents/AJC-Expleo/Travaux/Projet_CronerDetection/IP/ControleurVGA
Command: synth_design -top design_1_ControleurVGA_0_0 -part xc7z007sclg400-1 -mode out_of_context
Starting synth_design
Attempting to get a license for feature 'Synthesis' and/or device 'xc7z007s'
INFO: [Common 17-349] Got license for feature 'Synthesis' and/or device 'xc7z007s'
INFO: [Device 21-403] Loading part xc7z007sclg400-1
INFO: [Synth 8-7079] Multithreading enabled for synth_design using a maximum of 4 processes.
INFO: [Synth 8-7078] Launching helper process for spawning children vivado processes
INFO: [Synth 8-7075] Helper process launched with PID 82240
---------------------------------------------------------------------------------
Starting RTL Elaboration : Time (s): cpu = 00:00:06 ; elapsed = 00:00:09 . Memory (MB): peak = 2378.953 ; gain = 0.000 ; free physical = 232 ; free virtual = 4545
---------------------------------------------------------------------------------
INFO: [Synth 8-638] synthesizing module 'design_1_ControleurVGA_0_0' [/home/glen/Documents/AJC-Expleo/Travaux/Projet_CronerDetection/Architectures/DMA_VGA/SoCora/SoCora.gen/sources_1/bd/design_1/ip/design_1_ControleurVGA_0_0/synth/design_1_ControleurVGA_0_0.vhd:73]
INFO: [Synth 8-3491] module 'ControleurVGA' declared at '/home/glen/Documents/AJC-Expleo/Travaux/Projet_CronerDetection/Architectures/DMA_VGA/SoCora/SoCora.gen/sources_1/bd/design_1/ipshared/b355/src/ControleurVGA_v2.vhd:27' bound to instance 'U0' of component 'ControleurVGA' [/home/glen/Documents/AJC-Expleo/Travaux/Projet_CronerDetection/Architectures/DMA_VGA/SoCora/SoCora.gen/sources_1/bd/design_1/ip/design_1_ControleurVGA_0_0/synth/design_1_ControleurVGA_0_0.vhd:105]
INFO: [Synth 8-638] synthesizing module 'ControleurVGA' [/home/glen/Documents/AJC-Expleo/Travaux/Projet_CronerDetection/Architectures/DMA_VGA/SoCora/SoCora.gen/sources_1/bd/design_1/ipshared/b355/src/ControleurVGA_v2.vhd:45]
WARNING: [Synth 8-614] signal 'reset' is read in the process but is not in the sensitivity list [/home/glen/Documents/AJC-Expleo/Travaux/Projet_CronerDetection/Architectures/DMA_VGA/SoCora/SoCora.gen/sources_1/bd/design_1/ipshared/b355/src/ControleurVGA_v2.vhd:199]
WARNING: [Synth 8-614] signal 'reset' is read in the process but is not in the sensitivity list [/home/glen/Documents/AJC-Expleo/Travaux/Projet_CronerDetection/Architectures/DMA_VGA/SoCora/SoCora.gen/sources_1/bd/design_1/ipshared/b355/src/ControleurVGA_v2.vhd:223]
INFO: [Synth 8-256] done synthesizing module 'ControleurVGA' (1#1) [/home/glen/Documents/AJC-Expleo/Travaux/Projet_CronerDetection/Architectures/DMA_VGA/SoCora/SoCora.gen/sources_1/bd/design_1/ipshared/b355/src/ControleurVGA_v2.vhd:45]
INFO: [Synth 8-256] done synthesizing module 'design_1_ControleurVGA_0_0' (2#1) [/home/glen/Documents/AJC-Expleo/Travaux/Projet_CronerDetection/Architectures/DMA_VGA/SoCora/SoCora.gen/sources_1/bd/design_1/ip/design_1_ControleurVGA_0_0/synth/design_1_ControleurVGA_0_0.vhd:73]
---------------------------------------------------------------------------------
Finished RTL Elaboration : Time (s): cpu = 00:00:08 ; elapsed = 00:00:12 . Memory (MB): peak = 2378.953 ; gain = 0.000 ; free physical = 1531 ; free virtual = 5848
---------------------------------------------------------------------------------
---------------------------------------------------------------------------------
Start Handling Custom Attributes
---------------------------------------------------------------------------------
---------------------------------------------------------------------------------
Finished Handling Custom Attributes : Time (s): cpu = 00:00:08 ; elapsed = 00:00:12 . Memory (MB): peak = 2378.953 ; gain = 0.000 ; free physical = 1550 ; free virtual = 5868
---------------------------------------------------------------------------------
---------------------------------------------------------------------------------
Finished RTL Optimization Phase 1 : Time (s): cpu = 00:00:08 ; elapsed = 00:00:12 . Memory (MB): peak = 2378.953 ; gain = 0.000 ; free physical = 1550 ; free virtual = 5868
---------------------------------------------------------------------------------
Netlist sorting complete. Time (s): cpu = 00:00:00 ; elapsed = 00:00:00 . Memory (MB): peak = 2378.953 ; gain = 0.000 ; free physical = 1550 ; free virtual = 5868
INFO: [Project 1-570] Preparing netlist for logic optimization

Processing XDC Constraints
Initializing timing engine
Completed Processing XDC Constraints

Netlist sorting complete. Time (s): cpu = 00:00:00 ; elapsed = 00:00:00.01 . Memory (MB): peak = 2478.809 ; gain = 0.000 ; free physical = 1511 ; free virtual = 5839
INFO: [Project 1-111] Unisim Transformation Summary:
No Unisim elements were transformed.

Constraint Validation Runtime : Time (s): cpu = 00:00:00.02 ; elapsed = 00:00:00.03 . Memory (MB): peak = 2478.809 ; gain = 0.000 ; free physical = 1511 ; free virtual = 5839
---------------------------------------------------------------------------------
Finished Constraint Validation : Time (s): cpu = 00:00:15 ; elapsed = 00:00:20 . Memory (MB): peak = 2478.809 ; gain = 99.855 ; free physical = 1566 ; free virtual = 5895
---------------------------------------------------------------------------------
---------------------------------------------------------------------------------
Start Loading Part and Timing Information
---------------------------------------------------------------------------------
Loading part: xc7z007sclg400-1
---------------------------------------------------------------------------------
Finished Loading Part and Timing Information : Time (s): cpu = 00:00:15 ; elapsed = 00:00:20 . Memory (MB): peak = 2478.809 ; gain = 99.855 ; free physical = 1566 ; free virtual = 5895
---------------------------------------------------------------------------------
---------------------------------------------------------------------------------
Start Applying 'set_property' XDC Constraints
---------------------------------------------------------------------------------
---------------------------------------------------------------------------------
Finished applying 'set_property' XDC Constraints : Time (s): cpu = 00:00:15 ; elapsed = 00:00:20 . Memory (MB): peak = 2478.809 ; gain = 99.855 ; free physical = 1566 ; free virtual = 5895
---------------------------------------------------------------------------------
INFO: [Synth 8-802] inferred FSM for state register 'current_state_reg' in module 'ControleurVGA'
---------------------------------------------------------------------------------------------------
                   State |                     New Encoding |                Previous Encoding 
---------------------------------------------------------------------------------------------------
               reception |                               00 |                               00
                 fin_im1 |                               01 |                               10
                 fin_im2 |                               10 |                               11
               fin_ligne |                               11 |                               01
---------------------------------------------------------------------------------------------------
INFO: [Synth 8-3354] encoded FSM with state register 'current_state_reg' using encoding 'sequential' in module 'ControleurVGA'
---------------------------------------------------------------------------------
Finished RTL Optimization Phase 2 : Time (s): cpu = 00:00:15 ; elapsed = 00:00:20 . Memory (MB): peak = 2478.809 ; gain = 99.855 ; free physical = 1575 ; free virtual = 5908
---------------------------------------------------------------------------------
---------------------------------------------------------------------------------
Start RTL Component Statistics 
---------------------------------------------------------------------------------
Detailed RTL Component Info : 
+---Adders : 
	   2 Input   10 Bit       Adders := 1     
	   2 Input    8 Bit       Adders := 1     
	   2 Input    6 Bit       Adders := 1     
+---Registers : 
	               10 Bit    Registers := 1     
	                8 Bit    Registers := 1     
	                6 Bit    Registers := 1     
	                4 Bit    Registers := 3     
	                1 Bit    Registers := 4     
+---Muxes : 
	   2 Input   10 Bit        Muxes := 1     
	   2 Input    8 Bit        Muxes := 1     
	   2 Input    6 Bit        Muxes := 1     
	   4 Input    2 Bit        Muxes := 1     
	   2 Input    2 Bit        Muxes := 5     
	   2 Input    1 Bit        Muxes := 6     
---------------------------------------------------------------------------------
Finished RTL Component Statistics 
---------------------------------------------------------------------------------
---------------------------------------------------------------------------------
Start Part Resource Summary
---------------------------------------------------------------------------------
Part Resources:
DSPs: 66 (col length:40)
BRAMs: 100 (col length: RAMB18 40 RAMB36 20)
---------------------------------------------------------------------------------
Finished Part Resource Summary
---------------------------------------------------------------------------------
---------------------------------------------------------------------------------
Start Cross Boundary and Area Optimization
---------------------------------------------------------------------------------
---------------------------------------------------------------------------------
Finished Cross Boundary and Area Optimization : Time (s): cpu = 00:00:16 ; elapsed = 00:00:21 . Memory (MB): peak = 2478.809 ; gain = 99.855 ; free physical = 1605 ; free virtual = 5948
---------------------------------------------------------------------------------
---------------------------------------------------------------------------------
Start Applying XDC Timing Constraints
---------------------------------------------------------------------------------
---------------------------------------------------------------------------------
Finished Applying XDC Timing Constraints : Time (s): cpu = 00:00:23 ; elapsed = 00:00:29 . Memory (MB): peak = 2478.809 ; gain = 99.855 ; free physical = 1416 ; free virtual = 5769
---------------------------------------------------------------------------------
---------------------------------------------------------------------------------
Start Timing Optimization
---------------------------------------------------------------------------------
---------------------------------------------------------------------------------
Finished Timing Optimization : Time (s): cpu = 00:00:23 ; elapsed = 00:00:29 . Memory (MB): peak = 2478.809 ; gain = 99.855 ; free physical = 1411 ; free virtual = 5768
---------------------------------------------------------------------------------
---------------------------------------------------------------------------------
Start Technology Mapping
---------------------------------------------------------------------------------
---------------------------------------------------------------------------------
Finished Technology Mapping : Time (s): cpu = 00:00:24 ; elapsed = 00:00:29 . Memory (MB): peak = 2478.809 ; gain = 99.855 ; free physical = 1373 ; free virtual = 5710
---------------------------------------------------------------------------------
---------------------------------------------------------------------------------
Start IO Insertion
---------------------------------------------------------------------------------
---------------------------------------------------------------------------------
Start Flattening Before IO Insertion
---------------------------------------------------------------------------------
---------------------------------------------------------------------------------
Finished Flattening Before IO Insertion
---------------------------------------------------------------------------------
---------------------------------------------------------------------------------
Start Final Netlist Cleanup
---------------------------------------------------------------------------------
---------------------------------------------------------------------------------
Finished Final Netlist Cleanup
---------------------------------------------------------------------------------
---------------------------------------------------------------------------------
Finished IO Insertion : Time (s): cpu = 00:00:27 ; elapsed = 00:00:33 . Memory (MB): peak = 2478.809 ; gain = 99.855 ; free physical = 1359 ; free virtual = 5716
---------------------------------------------------------------------------------
---------------------------------------------------------------------------------
Start Renaming Generated Instances
---------------------------------------------------------------------------------
---------------------------------------------------------------------------------
Finished Renaming Generated Instances : Time (s): cpu = 00:00:27 ; elapsed = 00:00:33 . Memory (MB): peak = 2478.809 ; gain = 99.855 ; free physical = 1359 ; free virtual = 5716
---------------------------------------------------------------------------------
---------------------------------------------------------------------------------
Start Rebuilding User Hierarchy
---------------------------------------------------------------------------------
---------------------------------------------------------------------------------
Finished Rebuilding User Hierarchy : Time (s): cpu = 00:00:27 ; elapsed = 00:00:33 . Memory (MB): peak = 2478.809 ; gain = 99.855 ; free physical = 1359 ; free virtual = 5716
---------------------------------------------------------------------------------
---------------------------------------------------------------------------------
Start Renaming Generated Ports
---------------------------------------------------------------------------------
---------------------------------------------------------------------------------
Finished Renaming Generated Ports : Time (s): cpu = 00:00:27 ; elapsed = 00:00:33 . Memory (MB): peak = 2478.809 ; gain = 99.855 ; free physical = 1362 ; free virtual = 5719
---------------------------------------------------------------------------------
---------------------------------------------------------------------------------
Start Handling Custom Attributes
---------------------------------------------------------------------------------
---------------------------------------------------------------------------------
Finished Handling Custom Attributes : Time (s): cpu = 00:00:27 ; elapsed = 00:00:33 . Memory (MB): peak = 2478.809 ; gain = 99.855 ; free physical = 1367 ; free virtual = 5725
---------------------------------------------------------------------------------
---------------------------------------------------------------------------------
Start Renaming Generated Nets
---------------------------------------------------------------------------------
---------------------------------------------------------------------------------
Finished Renaming Generated Nets : Time (s): cpu = 00:00:27 ; elapsed = 00:00:33 . Memory (MB): peak = 2478.809 ; gain = 99.855 ; free physical = 1367 ; free virtual = 5725
---------------------------------------------------------------------------------
---------------------------------------------------------------------------------
Start Writing Synthesis Report
---------------------------------------------------------------------------------

Report BlackBoxes: 
+-+--------------+----------+
| |BlackBox name |Instances |
+-+--------------+----------+
+-+--------------+----------+

Report Cell Usage: 
+------+-----+------+
|      |Cell |Count |
+------+-----+------+
|1     |LUT1 |     3|
|2     |LUT2 |     6|
|3     |LUT3 |     4|
|4     |LUT4 |     6|
|5     |LUT5 |     9|
|6     |LUT6 |    13|
|7     |FDCE |    28|
|8     |FDRE |    14|
+------+-----+------+
---------------------------------------------------------------------------------
Finished Writing Synthesis Report : Time (s): cpu = 00:00:27 ; elapsed = 00:00:33 . Memory (MB): peak = 2478.809 ; gain = 99.855 ; free physical = 1367 ; free virtual = 5725
---------------------------------------------------------------------------------
Synthesis finished with 0 errors, 0 critical warnings and 0 warnings.
Synthesis Optimization Runtime : Time (s): cpu = 00:00:25 ; elapsed = 00:00:31 . Memory (MB): peak = 2478.809 ; gain = 0.000 ; free physical = 1440 ; free virtual = 5798
Synthesis Optimization Complete : Time (s): cpu = 00:00:27 ; elapsed = 00:00:33 . Memory (MB): peak = 2478.816 ; gain = 99.855 ; free physical = 1440 ; free virtual = 5798
INFO: [Project 1-571] Translating synthesized netlist
Netlist sorting complete. Time (s): cpu = 00:00:00 ; elapsed = 00:00:00 . Memory (MB): peak = 2478.816 ; gain = 0.000 ; free physical = 1589 ; free virtual = 5945
INFO: [Project 1-570] Preparing netlist for logic optimization
INFO: [Opt 31-138] Pushed 0 inverter(s) to 0 load pin(s).
Netlist sorting complete. Time (s): cpu = 00:00:00 ; elapsed = 00:00:00 . Memory (MB): peak = 2478.816 ; gain = 0.000 ; free physical = 1688 ; free virtual = 6041
INFO: [Project 1-111] Unisim Transformation Summary:
No Unisim elements were transformed.

INFO: [Common 17-83] Releasing license: Synthesis
22 Infos, 3 Warnings, 0 Critical Warnings and 0 Errors encountered.
synth_design completed successfully
synth_design: Time (s): cpu = 00:00:40 ; elapsed = 00:00:41 . Memory (MB): peak = 2478.816 ; gain = 99.863 ; free physical = 1780 ; free virtual = 6138
INFO: [Common 17-1381] The checkpoint '/home/glen/Documents/AJC-Expleo/Travaux/Projet_CronerDetection/Architectures/DMA_VGA/SoCora/SoCora.runs/design_1_ControleurVGA_0_0_synth_1/design_1_ControleurVGA_0_0.dcp' has been generated.
WARNING: [Common 17-576] 'use_project_ipc' is deprecated. This option is deprecated and no longer used.
INFO: [Coretcl 2-1648] Added synthesis output to IP cache for IP design_1_ControleurVGA_0_0, cache-ID = 770e38efde1336af
INFO: [Common 17-1381] The checkpoint '/home/glen/Documents/AJC-Expleo/Travaux/Projet_CronerDetection/Architectures/DMA_VGA/SoCora/SoCora.runs/design_1_ControleurVGA_0_0_synth_1/design_1_ControleurVGA_0_0.dcp' has been generated.
INFO: [runtcl-4] Executing : report_utilization -file design_1_ControleurVGA_0_0_utilization_synth.rpt -pb design_1_ControleurVGA_0_0_utilization_synth.pb
INFO: [Common 17-206] Exiting Vivado at Tue Sep 15 17:05:33 2026...
