

================================================================
== Vitis HLS Report for 'DMA24b_mm2s_fetch_Pipeline_line_loop_burst_loop_beat_loop'
================================================================
* Date:           Fri Sep 11 11:21:28 2026

* Version:        2024.2 (Build 5238294 on Nov  8 2024)
* Project:        DMA24b_mm2s_prj
* Solution:       solution1 (Vivado IP Flow Target)
* Product family: zynq
* Target device:  xc7z020-clg400-1


================================================================
== Performance Estimates
================================================================
+ Timing: 
    * Summary: 
    +--------+---------+----------+------------+
    |  Clock |  Target | Estimated| Uncertainty|
    +--------+---------+----------+------------+
    |ap_clk  |  6.66 ns|  5.579 ns|     1.80 ns|
    +--------+---------+----------+------------+

+ Latency: 
    * Summary: 
    +---------+---------+-----------+-----------+-----+---------+------------------------------------------------+
    |  Latency (cycles) |   Latency (absolute)  |    Interval   |                    Pipeline                    |
    |   min   |   max   |    min    |    max    | min |   max   |                      Type                      |
    +---------+---------+-----------+-----------+-----+---------+------------------------------------------------+
    |        4|  3112213|  26.640 ns|  20.727 ms|    1|  3112201|  loop auto-rewind stp (delay=0 clock cycles(s))|
    +---------+---------+-----------+-----------+-----+---------+------------------------------------------------+

    + Detail: 
        * Instance: 
        N/A

        * Loop: 
        +----------------------------------+---------+---------+----------+-----------+-----------+-------------+----------+
        |                                  |  Latency (cycles) | Iteration|  Initiation Interval  |     Trip    |          |
        |             Loop Name            |   min   |   max   |  Latency |  achieved |   target  |    Count    | Pipelined|
        +----------------------------------+---------+---------+----------+-----------+-----------+-------------+----------+
        |- line_loop_burst_loop_beat_loop  |        2|  3112211|        13|          1|          1|  0 ~ 3112200|       yes|
        +----------------------------------+---------+---------+----------+-----------+-----------+-------------+----------+



================================================================
== Utilization Estimates
================================================================
* Summary: 
+-----------------+---------+-----+--------+-------+-----+
|       Name      | BRAM_18K| DSP |   FF   |  LUT  | URAM|
+-----------------+---------+-----+--------+-------+-----+
|DSP              |        -|    -|       -|      -|    -|
|Expression       |        -|    -|       0|    282|    -|
|FIFO             |        -|    -|       -|      -|    -|
|Instance         |        -|    -|       -|      -|    -|
|Memory           |        -|    -|       -|      -|    -|
|Multiplexer      |        -|    -|       0|    117|    -|
|Register         |        -|    -|     370|     32|    -|
+-----------------+---------+-----+--------+-------+-----+
|Total            |        0|    0|     370|    431|    0|
+-----------------+---------+-----+--------+-------+-----+
|Available        |      280|  220|  106400|  53200|    0|
+-----------------+---------+-----+--------+-------+-----+
|Utilization (%)  |        0|    0|      ~0|     ~0|    0|
+-----------------+---------+-----+--------+-------+-----+

+ Detail: 
    * Instance: 
    N/A

    * DSP: 
    N/A

    * Memory: 
    N/A

    * FIFO: 
    N/A

    * Expression: 
    +------------------------------------+----------+----+---+----+------------+------------+
    |            Variable Name           | Operation| DSP| FF| LUT| Bitwidth P0| Bitwidth P1|
    +------------------------------------+----------+----+---+----+------------+------------+
    |add_ln14_1_fu_235_p2                |         +|   0|  0|  12|          12|           1|
    |add_ln14_fu_213_p2                  |         +|   0|  0|  29|          22|           1|
    |add_ln15_fu_275_p2                  |         +|   0|  0|  12|          11|           1|
    |add_ln16_fu_365_p2                  |         +|   0|  0|  14|           6|           1|
    |empty_55_fu_350_p2                  |         +|   0|  0|  71|          64|          64|
    |empty_54_fu_269_p2                  |         -|   0|  0|  30|          23|          23|
    |and_ln14_fu_318_p2                  |       and|   0|  0|   2|           1|           1|
    |and_ln15_fu_336_p2                  |       and|   0|  0|   2|           1|           1|
    |ap_block_state12_pp0_stage0_iter11  |       and|   0|  0|   2|           1|           1|
    |ap_block_state13_pp0_stage0_iter12  |       and|   0|  0|   2|           1|           1|
    |ap_block_state4_io                  |       and|   0|  0|   2|           1|           1|
    |ap_predicate_op77_readreq_state4    |       and|   0|  0|   2|           1|           1|
    |icmp_ln14_fu_207_p2                 |      icmp|   0|  0|  29|          22|          22|
    |icmp_ln15_fu_230_p2                 |      icmp|   0|  0|  12|          11|          11|
    |icmp_ln16_fu_312_p2                 |      icmp|   0|  0|  14|           6|           6|
    |ap_block_pp0_stage0_01001           |        or|   0|  0|   2|           1|           1|
    |ap_block_pp0_stage0_11001           |        or|   0|  0|   2|           1|           1|
    |or_ln14_fu_302_p2                   |        or|   0|  0|   2|           1|           1|
    |or_ln15_1_fu_342_p2                 |        or|   0|  0|   2|           1|           1|
    |or_ln15_fu_324_p2                   |        or|   0|  0|   2|           1|           1|
    |or_ln16_fu_371_p2                   |        or|   0|  0|   2|           1|           1|
    |select_ln14_fu_241_p3               |    select|   0|  0|  12|           1|          12|
    |select_ln15_fu_281_p3               |    select|   0|  0|  11|           1|           1|
    |select_ln16_fu_376_p3               |    select|   0|  0|   6|           1|           1|
    |ap_enable_pp0                       |       xor|   0|  0|   2|           1|           2|
    |xor_ln14_fu_307_p2                  |       xor|   0|  0|   2|           1|           2|
    |xor_ln15_fu_330_p2                  |       xor|   0|  0|   2|           1|           2|
    +------------------------------------+----------+----+---+----+------------+------------+
    |Total                               |          |   0|  0| 282|         195|         162|
    +------------------------------------+----------+----+---+----+------------+------------+

    * Multiplexer: 
    +----------------------------------------+----+-----------+-----+-----------+
    |                  Name                  | LUT| Input Size| Bits| Total Bits|
    +----------------------------------------+----+-----------+-----+-----------+
    |ap_done_int                             |   9|          2|    1|          2|
    |ap_enable_reg_pp0_iter3                 |   9|          2|    1|          2|
    |ap_phi_mux_first_iter_0_phi_fu_168_p4   |   9|          2|    1|          2|
    |ap_phi_mux_first_iter_1_phi_fu_156_p4   |   9|          2|    1|          2|
    |ap_sig_allocacmp_indvar_flatten12_load  |   9|          2|   22|         44|
    |b_fu_94                                 |   9|          2|    6|         12|
    |first_iter_1_reg_152                    |   9|          2|    1|          2|
    |gmem_blk_n_AR                           |   9|          2|    1|          2|
    |gmem_blk_n_R                            |   9|          2|    1|          2|
    |indvar_flatten12_fu_106                 |   9|          2|   22|         44|
    |indvar_flatten_fu_98                    |   9|          2|   11|         22|
    |j_fu_102                                |   9|          2|   12|         24|
    |mm_fifo_blk_n                           |   9|          2|    1|          2|
    +----------------------------------------+----+-----------+-----+-----------+
    |Total                                   | 117|         26|   81|        162|
    +----------------------------------------+----+-----------+-----+-----------+

    * Register: 
    +-----------------------------------+-----+----+-----+-----------+
    |                Name               |  FF | LUT| Bits| Const Bits|
    +-----------------------------------+-----+----+-----+-----------+
    |ap_CS_fsm                          |    1|   0|    1|          0|
    |ap_done_reg                        |    1|   0|    1|          0|
    |ap_enable_reg_pp0_iter1            |    1|   0|    1|          0|
    |ap_enable_reg_pp0_iter10           |    1|   0|    1|          0|
    |ap_enable_reg_pp0_iter11           |    1|   0|    1|          0|
    |ap_enable_reg_pp0_iter12           |    1|   0|    1|          0|
    |ap_enable_reg_pp0_iter2            |    1|   0|    1|          0|
    |ap_enable_reg_pp0_iter3            |    1|   0|    1|          0|
    |ap_enable_reg_pp0_iter4            |    1|   0|    1|          0|
    |ap_enable_reg_pp0_iter5            |    1|   0|    1|          0|
    |ap_enable_reg_pp0_iter6            |    1|   0|    1|          0|
    |ap_enable_reg_pp0_iter7            |    1|   0|    1|          0|
    |ap_enable_reg_pp0_iter8            |    1|   0|    1|          0|
    |ap_enable_reg_pp0_iter9            |    1|   0|    1|          0|
    |ap_loop_exit_ready_pp0_iter10_reg  |    1|   0|    1|          0|
    |ap_loop_exit_ready_pp0_iter11_reg  |    1|   0|    1|          0|
    |ap_loop_exit_ready_pp0_iter1_reg   |    1|   0|    1|          0|
    |ap_loop_exit_ready_pp0_iter2_reg   |    1|   0|    1|          0|
    |ap_loop_exit_ready_pp0_iter3_reg   |    1|   0|    1|          0|
    |ap_loop_exit_ready_pp0_iter4_reg   |    1|   0|    1|          0|
    |ap_loop_exit_ready_pp0_iter5_reg   |    1|   0|    1|          0|
    |ap_loop_exit_ready_pp0_iter6_reg   |    1|   0|    1|          0|
    |ap_loop_exit_ready_pp0_iter7_reg   |    1|   0|    1|          0|
    |ap_loop_exit_ready_pp0_iter8_reg   |    1|   0|    1|          0|
    |ap_loop_exit_ready_pp0_iter9_reg   |    1|   0|    1|          0|
    |b_fu_94                            |    6|   0|    6|          0|
    |bound_cast_reg_432                 |   10|   0|   11|          1|
    |data_mm_buffer_reg_479             |  128|   0|  128|          0|
    |empty_54_reg_454                   |   16|   0|   23|          7|
    |first_iter_0_reg_163               |    1|   0|    1|          0|
    |first_iter_1_reg_152               |    1|   0|    1|          0|
    |icmp_ln14_reg_442                  |    1|   0|    1|          0|
    |icmp_ln15_reg_446                  |    1|   0|    1|          0|
    |indvar_flatten12_fu_106            |   22|   0|   22|          0|
    |indvar_flatten_fu_98               |   11|   0|   11|          0|
    |j_fu_102                           |   12|   0|   12|          0|
    |or_ln15_1_reg_463                  |    1|   0|    1|          0|
    |or_ln15_reg_459                    |    1|   0|    1|          0|
    |p_cast_cast_reg_437                |   10|   0|   64|         54|
    |trunc_ln1_reg_468                  |   60|   0|   60|          0|
    |icmp_ln14_reg_442                  |   64|  32|    1|          0|
    +-----------------------------------+-----+----+-----+-----------+
    |Total                              |  370|  32|  369|         62|
    +-----------------------------------+-----+----+-----+-----------+



================================================================
== Interface
================================================================
* Summary: 
+------------------------+-----+-----+------------+-----------------------------------------------------------+--------------+
|        RTL Ports       | Dir | Bits|  Protocol  |                       Source Object                       |    C Type    |
+------------------------+-----+-----+------------+-----------------------------------------------------------+--------------+
|ap_clk                  |   in|    1|  ap_ctrl_hs|  DMA24b_mm2s_fetch_Pipeline_line_loop_burst_loop_beat_loop|  return value|
|ap_rst                  |   in|    1|  ap_ctrl_hs|  DMA24b_mm2s_fetch_Pipeline_line_loop_burst_loop_beat_loop|  return value|
|ap_start                |   in|    1|  ap_ctrl_hs|  DMA24b_mm2s_fetch_Pipeline_line_loop_burst_loop_beat_loop|  return value|
|ap_done                 |  out|    1|  ap_ctrl_hs|  DMA24b_mm2s_fetch_Pipeline_line_loop_burst_loop_beat_loop|  return value|
|ap_idle                 |  out|    1|  ap_ctrl_hs|  DMA24b_mm2s_fetch_Pipeline_line_loop_burst_loop_beat_loop|  return value|
|ap_ready                |  out|    1|  ap_ctrl_hs|  DMA24b_mm2s_fetch_Pipeline_line_loop_burst_loop_beat_loop|  return value|
|m_axi_gmem_0_AWVALID    |  out|    1|       m_axi|                                                       gmem|       pointer|
|m_axi_gmem_0_AWREADY    |   in|    1|       m_axi|                                                       gmem|       pointer|
|m_axi_gmem_0_AWADDR     |  out|   64|       m_axi|                                                       gmem|       pointer|
|m_axi_gmem_0_AWID       |  out|    1|       m_axi|                                                       gmem|       pointer|
|m_axi_gmem_0_AWLEN      |  out|   32|       m_axi|                                                       gmem|       pointer|
|m_axi_gmem_0_AWSIZE     |  out|    3|       m_axi|                                                       gmem|       pointer|
|m_axi_gmem_0_AWBURST    |  out|    2|       m_axi|                                                       gmem|       pointer|
|m_axi_gmem_0_AWLOCK     |  out|    2|       m_axi|                                                       gmem|       pointer|
|m_axi_gmem_0_AWCACHE    |  out|    4|       m_axi|                                                       gmem|       pointer|
|m_axi_gmem_0_AWPROT     |  out|    3|       m_axi|                                                       gmem|       pointer|
|m_axi_gmem_0_AWQOS      |  out|    4|       m_axi|                                                       gmem|       pointer|
|m_axi_gmem_0_AWREGION   |  out|    4|       m_axi|                                                       gmem|       pointer|
|m_axi_gmem_0_AWUSER     |  out|    1|       m_axi|                                                       gmem|       pointer|
|m_axi_gmem_0_WVALID     |  out|    1|       m_axi|                                                       gmem|       pointer|
|m_axi_gmem_0_WREADY     |   in|    1|       m_axi|                                                       gmem|       pointer|
|m_axi_gmem_0_WDATA      |  out|  128|       m_axi|                                                       gmem|       pointer|
|m_axi_gmem_0_WSTRB      |  out|   16|       m_axi|                                                       gmem|       pointer|
|m_axi_gmem_0_WLAST      |  out|    1|       m_axi|                                                       gmem|       pointer|
|m_axi_gmem_0_WID        |  out|    1|       m_axi|                                                       gmem|       pointer|
|m_axi_gmem_0_WUSER      |  out|    1|       m_axi|                                                       gmem|       pointer|
|m_axi_gmem_0_ARVALID    |  out|    1|       m_axi|                                                       gmem|       pointer|
|m_axi_gmem_0_ARREADY    |   in|    1|       m_axi|                                                       gmem|       pointer|
|m_axi_gmem_0_ARADDR     |  out|   64|       m_axi|                                                       gmem|       pointer|
|m_axi_gmem_0_ARID       |  out|    1|       m_axi|                                                       gmem|       pointer|
|m_axi_gmem_0_ARLEN      |  out|   32|       m_axi|                                                       gmem|       pointer|
|m_axi_gmem_0_ARSIZE     |  out|    3|       m_axi|                                                       gmem|       pointer|
|m_axi_gmem_0_ARBURST    |  out|    2|       m_axi|                                                       gmem|       pointer|
|m_axi_gmem_0_ARLOCK     |  out|    2|       m_axi|                                                       gmem|       pointer|
|m_axi_gmem_0_ARCACHE    |  out|    4|       m_axi|                                                       gmem|       pointer|
|m_axi_gmem_0_ARPROT     |  out|    3|       m_axi|                                                       gmem|       pointer|
|m_axi_gmem_0_ARQOS      |  out|    4|       m_axi|                                                       gmem|       pointer|
|m_axi_gmem_0_ARREGION   |  out|    4|       m_axi|                                                       gmem|       pointer|
|m_axi_gmem_0_ARUSER     |  out|    1|       m_axi|                                                       gmem|       pointer|
|m_axi_gmem_0_RVALID     |   in|    1|       m_axi|                                                       gmem|       pointer|
|m_axi_gmem_0_RREADY     |  out|    1|       m_axi|                                                       gmem|       pointer|
|m_axi_gmem_0_RDATA      |   in|  128|       m_axi|                                                       gmem|       pointer|
|m_axi_gmem_0_RLAST      |   in|    1|       m_axi|                                                       gmem|       pointer|
|m_axi_gmem_0_RID        |   in|    1|       m_axi|                                                       gmem|       pointer|
|m_axi_gmem_0_RFIFONUM   |   in|   11|       m_axi|                                                       gmem|       pointer|
|m_axi_gmem_0_RUSER      |   in|    1|       m_axi|                                                       gmem|       pointer|
|m_axi_gmem_0_RRESP      |   in|    2|       m_axi|                                                       gmem|       pointer|
|m_axi_gmem_0_BVALID     |   in|    1|       m_axi|                                                       gmem|       pointer|
|m_axi_gmem_0_BREADY     |  out|    1|       m_axi|                                                       gmem|       pointer|
|m_axi_gmem_0_BRESP      |   in|    2|       m_axi|                                                       gmem|       pointer|
|m_axi_gmem_0_BID        |   in|    1|       m_axi|                                                       gmem|       pointer|
|m_axi_gmem_0_BUSER      |   in|    1|       m_axi|                                                       gmem|       pointer|
|mm_fifo_din             |  out|  128|     ap_fifo|                                                    mm_fifo|       pointer|
|mm_fifo_full_n          |   in|    1|     ap_fifo|                                                    mm_fifo|       pointer|
|mm_fifo_write           |  out|    1|     ap_fifo|                                                    mm_fifo|       pointer|
|mm_fifo_num_data_valid  |   in|    9|     ap_fifo|                                                    mm_fifo|       pointer|
|mm_fifo_fifo_cap        |   in|    9|     ap_fifo|                                                    mm_fifo|       pointer|
|bound4                  |   in|   22|     ap_none|                                                     bound4|        scalar|
|p_cast                  |   in|   10|     ap_none|                                                     p_cast|        scalar|
|bound                   |   in|   10|     ap_none|                                                      bound|        scalar|
|mm_buffer               |   in|   64|     ap_none|                                                  mm_buffer|        scalar|
+------------------------+-----+-----+------------+-----------------------------------------------------------+--------------+

============================================================
+ Verbose Summary: Synthesis Manager
============================================================
InlineROM: 1
ExposeGlobal: 0
============================================================
+ Verbose Summary: CDFG Model
============================================================
IsTopModel: 0
ResetActiveHigh: 1
IsCombinational: 2
IsDatapathOnly: 2
HasWiredReturn: 1
HasMFsm: 2
HasVarLatency: 1
IsPipeline: 0
IsRtlPipelined: 0
IsInstanceOverlapped: 0
IsDontTouch: 0
HasImplIP: 0
IsGatedGlobalClock: 0

+ Individual pipeline summary: 
  * Pipeline-0: initiation interval (II) = 1, depth = 13


============================================================
+ Verbose Summary: Schedule
============================================================
* Number of FSM states : 13
* Pipeline : 1
  Pipeline-0 : II = 1, D = 13, States = { 1 2 3 4 5 6 7 8 9 10 11 12 13 }
* Dataflow Pipeline: 0

* FSM state transitions: 
1 --> 2 
2 --> 3 
3 --> 4 
4 --> 5 
5 --> 6 
6 --> 7 
7 --> 8 
8 --> 9 
9 --> 10 
10 --> 11 
11 --> 12 
12 --> 13 
13 --> 

* FSM state operations: 

State 1 <SV = 0> <Delay = 5.43>
ST_1 : Operation 16 [1/1] (0.00ns)   --->   "%b = alloca i32 1" [../src/DMA24b_mm2s.cpp:16]   --->   Operation 16 'alloca' 'b' <Predicate = true> <Delay = 0.00>
ST_1 : Operation 17 [1/1] (0.00ns)   --->   "%indvar_flatten = alloca i32 1"   --->   Operation 17 'alloca' 'indvar_flatten' <Predicate = true> <Delay = 0.00>
ST_1 : Operation 18 [1/1] (0.00ns)   --->   "%j = alloca i32 1" [../src/DMA24b_mm2s.cpp:14]   --->   Operation 18 'alloca' 'j' <Predicate = true> <Delay = 0.00>
ST_1 : Operation 19 [1/1] (0.00ns)   --->   "%indvar_flatten12 = alloca i32 1"   --->   Operation 19 'alloca' 'indvar_flatten12' <Predicate = true> <Delay = 0.00>
ST_1 : Operation 20 [1/1] (0.00ns)   --->   "%mm_buffer_read = read i64 @_ssdm_op_Read.ap_auto.i64, i64 %mm_buffer"   --->   Operation 20 'read' 'mm_buffer_read' <Predicate = true> <Delay = 0.00>
ST_1 : Operation 21 [1/1] (0.00ns)   --->   "%bound_read = read i10 @_ssdm_op_Read.ap_auto.i10, i10 %bound"   --->   Operation 21 'read' 'bound_read' <Predicate = true> <Delay = 0.00>
ST_1 : Operation 22 [1/1] (0.00ns)   --->   "%p_cast_read = read i10 @_ssdm_op_Read.ap_auto.i10, i10 %p_cast"   --->   Operation 22 'read' 'p_cast_read' <Predicate = true> <Delay = 0.00>
ST_1 : Operation 23 [1/1] (0.00ns)   --->   "%bound4_read = read i22 @_ssdm_op_Read.ap_auto.i22, i22 %bound4"   --->   Operation 23 'read' 'bound4_read' <Predicate = true> <Delay = 0.00>
ST_1 : Operation 24 [1/1] (0.00ns)   --->   "%bound_cast = zext i10 %bound_read"   --->   Operation 24 'zext' 'bound_cast' <Predicate = true> <Delay = 0.00>
ST_1 : Operation 25 [1/1] (0.00ns)   --->   "%p_cast_cast = zext i10 %p_cast_read"   --->   Operation 25 'zext' 'p_cast_cast' <Predicate = true> <Delay = 0.00>
ST_1 : Operation 26 [1/1] (0.00ns)   --->   "%specinterface_ln0 = specinterface void @_ssdm_op_SpecInterface, i128 %gmem, void @empty_0, i32 0, i32 0, void @empty_4, i32 0, i32 57600, void @empty_8, void @empty_7, void @empty_4, i32 16, i32 16, i32 64, i32 16, void @empty_4, void @empty_4, i32 4294967295, i32 0, i32 0"   --->   Operation 26 'specinterface' 'specinterface_ln0' <Predicate = true> <Delay = 0.00>
ST_1 : Operation 27 [1/1] (0.00ns)   --->   "%specinterface_ln0 = specinterface void @_ssdm_op_SpecInterface, i128 %mm_fifo, void @empty_2, i32 0, i32 0, void @empty_4, i32 0, i32 0, void @empty_4, void @empty_4, void @empty_4, i32 0, i32 0, i32 0, i32 0, void @empty_4, void @empty_4, i32 4294967295, i32 0, i32 0"   --->   Operation 27 'specinterface' 'specinterface_ln0' <Predicate = true> <Delay = 0.00>
ST_1 : Operation 28 [1/1] (1.58ns)   --->   "%store_ln0 = store i22 0, i22 %indvar_flatten12"   --->   Operation 28 'store' 'store_ln0' <Predicate = true> <Delay = 1.58>
ST_1 : Operation 29 [1/1] (1.58ns)   --->   "%store_ln14 = store i12 0, i12 %j" [../src/DMA24b_mm2s.cpp:14]   --->   Operation 29 'store' 'store_ln14' <Predicate = true> <Delay = 1.58>
ST_1 : Operation 30 [1/1] (1.58ns)   --->   "%store_ln0 = store i11 0, i11 %indvar_flatten"   --->   Operation 30 'store' 'store_ln0' <Predicate = true> <Delay = 1.58>
ST_1 : Operation 31 [1/1] (1.58ns)   --->   "%store_ln16 = store i6 0, i6 %b" [../src/DMA24b_mm2s.cpp:16]   --->   Operation 31 'store' 'store_ln16' <Predicate = true> <Delay = 1.58>
ST_1 : Operation 32 [1/1] (1.58ns)   --->   "%br_ln0 = br void %for.inc"   --->   Operation 32 'br' 'br_ln0' <Predicate = true> <Delay = 1.58>
ST_1 : Operation 33 [1/1] (0.00ns)   --->   "%indvar_flatten12_load = load i22 %indvar_flatten12" [../src/DMA24b_mm2s.cpp:14]   --->   Operation 33 'load' 'indvar_flatten12_load' <Predicate = true> <Delay = 0.00>
ST_1 : Operation 34 [1/1] (2.25ns)   --->   "%icmp_ln14 = icmp_eq  i22 %indvar_flatten12_load, i22 %bound4_read" [../src/DMA24b_mm2s.cpp:14]   --->   Operation 34 'icmp' 'icmp_ln14' <Predicate = true> <Delay = 2.25> <CoreInst = "Cmp">   --->   Core 9 'Cmp' <Latency = 0> <II = 1> <Delay = 2.25> <FuncUnit> <Opcode : 'seteq' 'setne' 'setle' 'setge' 'setlt' 'setgt'> <InPorts = 2> <OutPorts = 1>
ST_1 : Operation 35 [1/1] (2.25ns)   --->   "%add_ln14 = add i22 %indvar_flatten12_load, i22 1" [../src/DMA24b_mm2s.cpp:14]   --->   Operation 35 'add' 'add_ln14' <Predicate = true> <Delay = 2.25> <CoreInst = "Adder">   --->   Core 1 'Adder' <Latency = 0> <II = 1> <Delay = 2.25> <FuncUnit> <Opcode : 'add' 'sub'> <InPorts = 2> <OutPorts = 1>
ST_1 : Operation 36 [1/1] (0.00ns)   --->   "%br_ln14 = br i1 %icmp_ln14, void %for.inc16.loopexit, void %for.end18.loopexit.exitStub" [../src/DMA24b_mm2s.cpp:14]   --->   Operation 36 'br' 'br_ln14' <Predicate = true> <Delay = 0.00>
ST_1 : Operation 37 [1/1] (1.58ns)   --->   "%store_ln14 = store i22 %add_ln14, i22 %indvar_flatten12" [../src/DMA24b_mm2s.cpp:14]   --->   Operation 37 'store' 'store_ln14' <Predicate = (!icmp_ln14)> <Delay = 1.58>
ST_1 : Operation 38 [1/1] (0.00ns)   --->   "%br_ln16 = br void %for.inc" [../src/DMA24b_mm2s.cpp:16]   --->   Operation 38 'br' 'br_ln16' <Predicate = (!icmp_ln14)> <Delay = 0.00>

State 2 <SV = 1> <Delay = 4.62>
ST_2 : Operation 39 [1/1] (0.00ns)   --->   "%indvar_flatten_load = load i11 %indvar_flatten" [../src/DMA24b_mm2s.cpp:15]   --->   Operation 39 'load' 'indvar_flatten_load' <Predicate = true> <Delay = 0.00>
ST_2 : Operation 40 [1/1] (0.00ns)   --->   "%j_load = load i12 %j" [../src/DMA24b_mm2s.cpp:14]   --->   Operation 40 'load' 'j_load' <Predicate = (!icmp_ln14)> <Delay = 0.00>
ST_2 : Operation 41 [1/1] (1.63ns)   --->   "%icmp_ln15 = icmp_eq  i11 %indvar_flatten_load, i11 %bound_cast" [../src/DMA24b_mm2s.cpp:15]   --->   Operation 41 'icmp' 'icmp_ln15' <Predicate = (!icmp_ln14)> <Delay = 1.63> <CoreInst = "Cmp">   --->   Core 9 'Cmp' <Latency = 0> <II = 1> <Delay = 1.63> <FuncUnit> <Opcode : 'seteq' 'setne' 'setle' 'setge' 'setlt' 'setgt'> <InPorts = 2> <OutPorts = 1>
ST_2 : Operation 42 [1/1] (1.54ns)   --->   "%add_ln14_1 = add i12 %j_load, i12 1" [../src/DMA24b_mm2s.cpp:14]   --->   Operation 42 'add' 'add_ln14_1' <Predicate = (!icmp_ln14)> <Delay = 1.54> <CoreInst = "Adder">   --->   Core 1 'Adder' <Latency = 0> <II = 1> <Delay = 1.54> <FuncUnit> <Opcode : 'add' 'sub'> <InPorts = 2> <OutPorts = 1>
ST_2 : Operation 43 [1/1] (0.69ns)   --->   "%select_ln14 = select i1 %icmp_ln15, i12 %add_ln14_1, i12 %j_load" [../src/DMA24b_mm2s.cpp:14]   --->   Operation 43 'select' 'select_ln14' <Predicate = (!icmp_ln14)> <Delay = 0.69> <CoreInst = "Sel">   --->   Core 73 'Sel' <Latency = 0> <II = 1> <Delay = 0.69> <FuncUnit> <Opcode : 'select'> <InPorts = 3> <OutPorts = 1>
ST_2 : Operation 44 [1/1] (0.00ns)   --->   "%p_shl = bitconcatenate i23 @_ssdm_op_BitConcatenate.i23.i12.i11, i12 %select_ln14, i11 0" [../src/DMA24b_mm2s.cpp:14]   --->   Operation 44 'bitconcatenate' 'p_shl' <Predicate = (!icmp_ln14)> <Delay = 0.00>
ST_2 : Operation 45 [1/1] (0.00ns)   --->   "%tmp = bitconcatenate i19 @_ssdm_op_BitConcatenate.i19.i12.i7, i12 %select_ln14, i7 0" [../src/DMA24b_mm2s.cpp:14]   --->   Operation 45 'bitconcatenate' 'tmp' <Predicate = (!icmp_ln14)> <Delay = 0.00>
ST_2 : Operation 46 [1/1] (0.00ns)   --->   "%p_shl9 = zext i19 %tmp" [../src/DMA24b_mm2s.cpp:14]   --->   Operation 46 'zext' 'p_shl9' <Predicate = (!icmp_ln14)> <Delay = 0.00>
ST_2 : Operation 47 [1/1] (2.28ns)   --->   "%empty_54 = sub i23 %p_shl, i23 %p_shl9" [../src/DMA24b_mm2s.cpp:14]   --->   Operation 47 'sub' 'empty_54' <Predicate = (!icmp_ln14)> <Delay = 2.28> <CoreInst = "Adder">   --->   Core 1 'Adder' <Latency = 0> <II = 1> <Delay = 2.28> <FuncUnit> <Opcode : 'add' 'sub'> <InPorts = 2> <OutPorts = 1>
ST_2 : Operation 48 [1/1] (1.63ns)   --->   "%add_ln15 = add i11 %indvar_flatten_load, i11 1" [../src/DMA24b_mm2s.cpp:15]   --->   Operation 48 'add' 'add_ln15' <Predicate = (!icmp_ln14)> <Delay = 1.63> <CoreInst = "Adder">   --->   Core 1 'Adder' <Latency = 0> <II = 1> <Delay = 1.63> <FuncUnit> <Opcode : 'add' 'sub'> <InPorts = 2> <OutPorts = 1>
ST_2 : Operation 49 [1/1] (0.69ns)   --->   "%select_ln15 = select i1 %icmp_ln15, i11 1, i11 %add_ln15" [../src/DMA24b_mm2s.cpp:15]   --->   Operation 49 'select' 'select_ln15' <Predicate = (!icmp_ln14)> <Delay = 0.69> <CoreInst = "Sel">   --->   Core 73 'Sel' <Latency = 0> <II = 1> <Delay = 0.69> <FuncUnit> <Opcode : 'select'> <InPorts = 3> <OutPorts = 1>
ST_2 : Operation 50 [1/1] (1.58ns)   --->   "%store_ln14 = store i12 %select_ln14, i12 %j" [../src/DMA24b_mm2s.cpp:14]   --->   Operation 50 'store' 'store_ln14' <Predicate = (!icmp_ln14)> <Delay = 1.58>
ST_2 : Operation 51 [1/1] (1.58ns)   --->   "%store_ln15 = store i11 %select_ln15, i11 %indvar_flatten" [../src/DMA24b_mm2s.cpp:15]   --->   Operation 51 'store' 'store_ln15' <Predicate = (!icmp_ln14)> <Delay = 1.58>

State 3 <SV = 2> <Delay = 5.57>
ST_3 : Operation 52 [1/1] (0.00ns)   --->   "%first_iter_1 = phi i1 1, void %newFuncRoot, i1 %or_ln15_1, void %for.inc.split" [../src/DMA24b_mm2s.cpp:15]   --->   Operation 52 'phi' 'first_iter_1' <Predicate = true> <Delay = 0.00>
ST_3 : Operation 53 [1/1] (0.00ns)   --->   "%first_iter_0 = phi i1 1, void %newFuncRoot, i1 0, void %for.inc.split"   --->   Operation 53 'phi' 'first_iter_0' <Predicate = true> <Delay = 0.00>
ST_3 : Operation 54 [1/1] (0.00ns)   --->   "%b_1 = load i6 %b" [../src/DMA24b_mm2s.cpp:16]   --->   Operation 54 'load' 'b_1' <Predicate = true> <Delay = 0.00>
ST_3 : Operation 55 [1/1] (0.00ns) (grouped into LUT with out node or_ln15)   --->   "%or_ln14 = or i1 %icmp_ln15, i1 %first_iter_0" [../src/DMA24b_mm2s.cpp:14]   --->   Operation 55 'or' 'or_ln14' <Predicate = (!icmp_ln14)> <Delay = 0.00> <CoreInst = "LogicGate">   --->   Core 74 'LogicGate' <Latency = 0> <II = 1> <Delay = 0.97> <FuncUnit> <Opcode : 'and' 'or' 'xor'> <InPorts = 2> <OutPorts = 1>
ST_3 : Operation 56 [1/1] (0.00ns) (grouped into LUT with out node and_ln14)   --->   "%xor_ln14 = xor i1 %icmp_ln15, i1 1" [../src/DMA24b_mm2s.cpp:14]   --->   Operation 56 'xor' 'xor_ln14' <Predicate = (!icmp_ln14)> <Delay = 0.00> <CoreInst = "LogicGate">   --->   Core 74 'LogicGate' <Latency = 0> <II = 1> <Delay = 0.97> <FuncUnit> <Opcode : 'and' 'or' 'xor'> <InPorts = 2> <OutPorts = 1>
ST_3 : Operation 57 [1/1] (1.82ns)   --->   "%icmp_ln16 = icmp_eq  i6 %b_1, i6 40" [../src/DMA24b_mm2s.cpp:16]   --->   Operation 57 'icmp' 'icmp_ln16' <Predicate = (!icmp_ln14)> <Delay = 1.82> <CoreInst = "Cmp">   --->   Core 9 'Cmp' <Latency = 0> <II = 1> <Delay = 1.82> <FuncUnit> <Opcode : 'seteq' 'setne' 'setle' 'setge' 'setlt' 'setgt'> <InPorts = 2> <OutPorts = 1>
ST_3 : Operation 58 [1/1] (0.97ns) (out node of the LUT)   --->   "%and_ln14 = and i1 %icmp_ln16, i1 %xor_ln14" [../src/DMA24b_mm2s.cpp:14]   --->   Operation 58 'and' 'and_ln14' <Predicate = (!icmp_ln14)> <Delay = 0.97> <CoreInst = "LogicGate">   --->   Core 74 'LogicGate' <Latency = 0> <II = 1> <Delay = 0.97> <FuncUnit> <Opcode : 'and' 'or' 'xor'> <InPorts = 2> <OutPorts = 1>
ST_3 : Operation 59 [1/1] (0.97ns) (out node of the LUT)   --->   "%or_ln15 = or i1 %and_ln14, i1 %or_ln14" [../src/DMA24b_mm2s.cpp:15]   --->   Operation 59 'or' 'or_ln15' <Predicate = (!icmp_ln14)> <Delay = 0.97> <CoreInst = "LogicGate">   --->   Core 74 'LogicGate' <Latency = 0> <II = 1> <Delay = 0.97> <FuncUnit> <Opcode : 'and' 'or' 'xor'> <InPorts = 2> <OutPorts = 1>
ST_3 : Operation 60 [1/1] (0.00ns) (grouped into LUT with out node or_ln15_1)   --->   "%xor_ln15 = xor i1 %icmp_ln16, i1 1" [../src/DMA24b_mm2s.cpp:15]   --->   Operation 60 'xor' 'xor_ln15' <Predicate = (!icmp_ln14)> <Delay = 0.00> <CoreInst = "LogicGate">   --->   Core 74 'LogicGate' <Latency = 0> <II = 1> <Delay = 0.97> <FuncUnit> <Opcode : 'and' 'or' 'xor'> <InPorts = 2> <OutPorts = 1>
ST_3 : Operation 61 [1/1] (0.00ns) (grouped into LUT with out node or_ln15_1)   --->   "%and_ln15 = and i1 %first_iter_1, i1 %xor_ln15" [../src/DMA24b_mm2s.cpp:15]   --->   Operation 61 'and' 'and_ln15' <Predicate = (!icmp_ln14)> <Delay = 0.00> <CoreInst = "LogicGate">   --->   Core 74 'LogicGate' <Latency = 0> <II = 1> <Delay = 0.97> <FuncUnit> <Opcode : 'and' 'or' 'xor'> <InPorts = 2> <OutPorts = 1>
ST_3 : Operation 62 [1/1] (0.97ns) (out node of the LUT)   --->   "%or_ln15_1 = or i1 %icmp_ln15, i1 %and_ln15" [../src/DMA24b_mm2s.cpp:15]   --->   Operation 62 'or' 'or_ln15_1' <Predicate = (!icmp_ln14)> <Delay = 0.97> <CoreInst = "LogicGate">   --->   Core 74 'LogicGate' <Latency = 0> <II = 1> <Delay = 0.97> <FuncUnit> <Opcode : 'and' 'or' 'xor'> <InPorts = 2> <OutPorts = 1>
ST_3 : Operation 63 [1/1] (0.00ns)   --->   "%p_cast3 = zext i23 %empty_54" [../src/DMA24b_mm2s.cpp:14]   --->   Operation 63 'zext' 'p_cast3' <Predicate = (!icmp_ln14)> <Delay = 0.00>
ST_3 : Operation 64 [1/1] (3.52ns)   --->   "%empty_55 = add i64 %p_cast3, i64 %mm_buffer_read" [../src/DMA24b_mm2s.cpp:14]   --->   Operation 64 'add' 'empty_55' <Predicate = (!icmp_ln14)> <Delay = 3.52> <CoreInst = "Adder">   --->   Core 1 'Adder' <Latency = 0> <II = 1> <Delay = 3.52> <FuncUnit> <Opcode : 'add' 'sub'> <InPorts = 2> <OutPorts = 1>
ST_3 : Operation 65 [1/1] (0.00ns)   --->   "%trunc_ln1 = partselect i60 @_ssdm_op_PartSelect.i60.i64.i32.i32, i64 %empty_55, i32 4, i32 63" [../src/DMA24b_mm2s.cpp:15]   --->   Operation 65 'partselect' 'trunc_ln1' <Predicate = (!icmp_ln14)> <Delay = 0.00>
ST_3 : Operation 66 [1/1] (0.00ns)   --->   "%br_ln16 = br i1 %or_ln15, void %for.inc.split, void %new.body.beat_loop" [../src/DMA24b_mm2s.cpp:16]   --->   Operation 66 'br' 'br_ln16' <Predicate = (!icmp_ln14)> <Delay = 0.00>
ST_3 : Operation 67 [1/1] (0.00ns)   --->   "%br_ln15 = br i1 %or_ln15_1, void %for.first.iter.for.inc, void %for.first.iter.beat_loop" [../src/DMA24b_mm2s.cpp:15]   --->   Operation 67 'br' 'br_ln15' <Predicate = (!icmp_ln14 & or_ln15)> <Delay = 0.00>
ST_3 : Operation 68 [1/1] (0.00ns)   --->   "%br_ln16 = br void %for.inc.split" [../src/DMA24b_mm2s.cpp:16]   --->   Operation 68 'br' 'br_ln16' <Predicate = (!icmp_ln14 & or_ln15)> <Delay = 0.00>
ST_3 : Operation 69 [1/1] (1.82ns)   --->   "%add_ln16 = add i6 %b_1, i6 1" [../src/DMA24b_mm2s.cpp:16]   --->   Operation 69 'add' 'add_ln16' <Predicate = (!icmp_ln14)> <Delay = 1.82> <CoreInst = "Adder">   --->   Core 1 'Adder' <Latency = 0> <II = 1> <Delay = 1.82> <FuncUnit> <Opcode : 'add' 'sub'> <InPorts = 2> <OutPorts = 1>
ST_3 : Operation 70 [1/1] (0.00ns) (grouped into LUT with out node select_ln16)   --->   "%or_ln16 = or i1 %and_ln14, i1 %icmp_ln15" [../src/DMA24b_mm2s.cpp:16]   --->   Operation 70 'or' 'or_ln16' <Predicate = (!icmp_ln14)> <Delay = 0.00> <CoreInst = "LogicGate">   --->   Core 74 'LogicGate' <Latency = 0> <II = 1> <Delay = 0.97> <FuncUnit> <Opcode : 'and' 'or' 'xor'> <InPorts = 2> <OutPorts = 1>
ST_3 : Operation 71 [1/1] (1.18ns) (out node of the LUT)   --->   "%select_ln16 = select i1 %or_ln16, i6 1, i6 %add_ln16" [../src/DMA24b_mm2s.cpp:16]   --->   Operation 71 'select' 'select_ln16' <Predicate = (!icmp_ln14)> <Delay = 1.18> <CoreInst = "Sel">   --->   Core 73 'Sel' <Latency = 0> <II = 1> <Delay = 1.18> <FuncUnit> <Opcode : 'select'> <InPorts = 3> <OutPorts = 1>
ST_3 : Operation 72 [1/1] (1.58ns)   --->   "%store_ln16 = store i6 %select_ln16, i6 %b" [../src/DMA24b_mm2s.cpp:16]   --->   Operation 72 'store' 'store_ln16' <Predicate = (!icmp_ln14)> <Delay = 1.58>

State 4 <SV = 3> <Delay = 4.86>
ST_4 : Operation 73 [1/1] (0.00ns)   --->   "%specloopname_ln0 = specloopname void @_ssdm_op_SpecLoopName, void @line_loop_burst_loop_beat_loop_str"   --->   Operation 73 'specloopname' 'specloopname_ln0' <Predicate = (!icmp_ln14)> <Delay = 0.00>
ST_4 : Operation 74 [1/1] (0.00ns)   --->   "%speclooptripcount_ln0 = speclooptripcount void @_ssdm_op_SpecLoopTripCount, i64 0, i64 3112200, i64 0"   --->   Operation 74 'speclooptripcount' 'speclooptripcount_ln0' <Predicate = (!icmp_ln14)> <Delay = 0.00>
ST_4 : Operation 75 [1/1] (0.00ns)   --->   "%sext_ln15 = sext i60 %trunc_ln1" [../src/DMA24b_mm2s.cpp:15]   --->   Operation 75 'sext' 'sext_ln15' <Predicate = (!icmp_ln14)> <Delay = 0.00>
ST_4 : Operation 76 [1/1] (0.00ns)   --->   "%gmem_addr = getelementptr i128 %gmem, i64 %sext_ln15" [../src/DMA24b_mm2s.cpp:15]   --->   Operation 76 'getelementptr' 'gmem_addr' <Predicate = (!icmp_ln14)> <Delay = 0.00>
ST_4 : Operation 77 [8/8] (4.86ns)   --->   "%empty = readreq i1 @_ssdm_op_ReadReq.m_axi.p1i128, i64 %gmem_addr, i64 %p_cast_cast" [../src/DMA24b_mm2s.cpp:15]   --->   Operation 77 'readreq' 'empty' <Predicate = (or_ln15 & or_ln15_1)> <Delay = 4.86> <CoreInst = "m_axi">   --->   Core 111 'm_axi' <Latency = 6> <II = 1> <Delay = 1.00> <Adapter> <Opcode : 'read' 'write' 'readreq' 'writereq' 'writeresp'>

State 5 <SV = 4> <Delay = 4.86>
ST_5 : Operation 78 [7/8] (4.86ns)   --->   "%empty = readreq i1 @_ssdm_op_ReadReq.m_axi.p1i128, i64 %gmem_addr, i64 %p_cast_cast" [../src/DMA24b_mm2s.cpp:15]   --->   Operation 78 'readreq' 'empty' <Predicate = (or_ln15 & or_ln15_1)> <Delay = 4.86> <CoreInst = "m_axi">   --->   Core 111 'm_axi' <Latency = 6> <II = 1> <Delay = 1.00> <Adapter> <Opcode : 'read' 'write' 'readreq' 'writereq' 'writeresp'>

State 6 <SV = 5> <Delay = 4.86>
ST_6 : Operation 79 [6/8] (4.86ns)   --->   "%empty = readreq i1 @_ssdm_op_ReadReq.m_axi.p1i128, i64 %gmem_addr, i64 %p_cast_cast" [../src/DMA24b_mm2s.cpp:15]   --->   Operation 79 'readreq' 'empty' <Predicate = (or_ln15 & or_ln15_1)> <Delay = 4.86> <CoreInst = "m_axi">   --->   Core 111 'm_axi' <Latency = 6> <II = 1> <Delay = 1.00> <Adapter> <Opcode : 'read' 'write' 'readreq' 'writereq' 'writeresp'>

State 7 <SV = 6> <Delay = 4.86>
ST_7 : Operation 80 [5/8] (4.86ns)   --->   "%empty = readreq i1 @_ssdm_op_ReadReq.m_axi.p1i128, i64 %gmem_addr, i64 %p_cast_cast" [../src/DMA24b_mm2s.cpp:15]   --->   Operation 80 'readreq' 'empty' <Predicate = (or_ln15 & or_ln15_1)> <Delay = 4.86> <CoreInst = "m_axi">   --->   Core 111 'm_axi' <Latency = 6> <II = 1> <Delay = 1.00> <Adapter> <Opcode : 'read' 'write' 'readreq' 'writereq' 'writeresp'>

State 8 <SV = 7> <Delay = 4.86>
ST_8 : Operation 81 [4/8] (4.86ns)   --->   "%empty = readreq i1 @_ssdm_op_ReadReq.m_axi.p1i128, i64 %gmem_addr, i64 %p_cast_cast" [../src/DMA24b_mm2s.cpp:15]   --->   Operation 81 'readreq' 'empty' <Predicate = (or_ln15 & or_ln15_1)> <Delay = 4.86> <CoreInst = "m_axi">   --->   Core 111 'm_axi' <Latency = 6> <II = 1> <Delay = 1.00> <Adapter> <Opcode : 'read' 'write' 'readreq' 'writereq' 'writeresp'>

State 9 <SV = 8> <Delay = 4.86>
ST_9 : Operation 82 [3/8] (4.86ns)   --->   "%empty = readreq i1 @_ssdm_op_ReadReq.m_axi.p1i128, i64 %gmem_addr, i64 %p_cast_cast" [../src/DMA24b_mm2s.cpp:15]   --->   Operation 82 'readreq' 'empty' <Predicate = (or_ln15 & or_ln15_1)> <Delay = 4.86> <CoreInst = "m_axi">   --->   Core 111 'm_axi' <Latency = 6> <II = 1> <Delay = 1.00> <Adapter> <Opcode : 'read' 'write' 'readreq' 'writereq' 'writeresp'>

State 10 <SV = 9> <Delay = 4.86>
ST_10 : Operation 83 [2/8] (4.86ns)   --->   "%empty = readreq i1 @_ssdm_op_ReadReq.m_axi.p1i128, i64 %gmem_addr, i64 %p_cast_cast" [../src/DMA24b_mm2s.cpp:15]   --->   Operation 83 'readreq' 'empty' <Predicate = (or_ln15 & or_ln15_1)> <Delay = 4.86> <CoreInst = "m_axi">   --->   Core 111 'm_axi' <Latency = 6> <II = 1> <Delay = 1.00> <Adapter> <Opcode : 'read' 'write' 'readreq' 'writereq' 'writeresp'>

State 11 <SV = 10> <Delay = 4.86>
ST_11 : Operation 84 [1/8] (4.86ns)   --->   "%empty = readreq i1 @_ssdm_op_ReadReq.m_axi.p1i128, i64 %gmem_addr, i64 %p_cast_cast" [../src/DMA24b_mm2s.cpp:15]   --->   Operation 84 'readreq' 'empty' <Predicate = (or_ln15 & or_ln15_1)> <Delay = 4.86> <CoreInst = "m_axi">   --->   Core 111 'm_axi' <Latency = 6> <II = 1> <Delay = 1.00> <Adapter> <Opcode : 'read' 'write' 'readreq' 'writereq' 'writeresp'>
ST_11 : Operation 85 [1/1] (0.00ns)   --->   "%br_ln15 = br void %for.first.iter.for.inc" [../src/DMA24b_mm2s.cpp:15]   --->   Operation 85 'br' 'br_ln15' <Predicate = (or_ln15 & or_ln15_1)> <Delay = 0.00>

State 12 <SV = 11> <Delay = 4.86>
ST_12 : Operation 86 [1/1] (4.86ns)   --->   "%data_mm_buffer = read i128 @_ssdm_op_Read.m_axi.p1i128, i64 %gmem_addr" [../src/DMA24b_mm2s.cpp:18]   --->   Operation 86 'read' 'data_mm_buffer' <Predicate = (!icmp_ln14)> <Delay = 4.86> <CoreInst = "m_axi">   --->   Core 111 'm_axi' <Latency = 3> <II = 1> <Delay = 1.00> <Adapter> <Opcode : 'read' 'write' 'readreq' 'writereq' 'writeresp'>
ST_12 : Operation 89 [1/1] (1.58ns)   --->   "%ret_ln0 = ret"   --->   Operation 89 'ret' 'ret_ln0' <Predicate = (icmp_ln14)> <Delay = 1.58>

State 13 <SV = 12> <Delay = 2.43>
ST_13 : Operation 87 [1/1] (0.00ns)   --->   "%specpipeline_ln17 = specpipeline void @_ssdm_op_SpecPipeline, i32 1, i32 0, i32 0, i32 0, void @empty_4" [../src/DMA24b_mm2s.cpp:17]   --->   Operation 87 'specpipeline' 'specpipeline_ln17' <Predicate = (!icmp_ln14)> <Delay = 0.00>
ST_13 : Operation 88 [1/1] ( I:2.43ns O:2.43ns )   --->   "%write_ln19 = write void @_ssdm_op_Write.ap_fifo.volatile.i128P0A, i128 %mm_fifo, i128 %data_mm_buffer" [../src/DMA24b_mm2s.cpp:19]   --->   Operation 88 'write' 'write_ln19' <Predicate = (!icmp_ln14)> <Delay = 2.43> <CoreInst = "FIFO">   --->   Core 77 'FIFO' <Latency = 0> <II = 1> <Delay = 3.53> <Storage> <Opcode : 'read' 'write' 'nbread' 'nbwrite'> <Ports = 0> <Width = 128> <Depth = 256> <FIFO>


============================================================
+ Verbose Summary: Binding
============================================================
STG Binding: 
---------------- STG Properties BEGIN ----------------
- Is combinational: 0
- Is one-state seq: 0
- Is datapath-only: 0
- Is pipelined: 0
- Is top level: 0
Port [ Return ] is wired: 1; IO mode=ap_ctrl_hs:ce=0
Port [ bound4]:  wired=1; compound=0; hidden=0; nouse=0; global=0; static=0; extern=0; dir=0; type=0; pingpong=0; private_global=0; IO mode=ap_none:ce=0
Port [ mm_fifo]:  wired=1; compound=1; hidden=0; nouse=0; global=0; static=0; extern=0; dir=1; type=3; pingpong=0; private_global=0; IO mode=ap_fifo:ce=0
Port [ p_cast]:  wired=1; compound=0; hidden=0; nouse=0; global=0; static=0; extern=0; dir=0; type=0; pingpong=0; private_global=0; IO mode=ap_none:ce=0
Port [ bound]:  wired=1; compound=0; hidden=0; nouse=0; global=0; static=0; extern=0; dir=0; type=0; pingpong=0; private_global=0; IO mode=ap_none:ce=0
Port [ mm_buffer]:  wired=1; compound=0; hidden=0; nouse=0; global=0; static=0; extern=0; dir=0; type=0; pingpong=0; private_global=0; IO mode=ap_none:ce=0
Port [ gmem]:  wired=1; compound=1; hidden=0; nouse=0; global=0; static=0; extern=0; dir=0; type=4; pingpong=0; private_global=0; IO mode=m_axi:ce=0
---------------- STG Properties END ------------------

---------------- Datapath Model BEGIN ----------------

<LifeTime>
<method=bitvector/>
b                     (alloca           ) [ 01110000000000]
indvar_flatten        (alloca           ) [ 01100000000000]
j                     (alloca           ) [ 01100000000000]
indvar_flatten12      (alloca           ) [ 01000000000000]
mm_buffer_read        (read             ) [ 01110000000000]
bound_read            (read             ) [ 00000000000000]
p_cast_read           (read             ) [ 00000000000000]
bound4_read           (read             ) [ 00000000000000]
bound_cast            (zext             ) [ 01100000000000]
p_cast_cast           (zext             ) [ 01111111111100]
specinterface_ln0     (specinterface    ) [ 00000000000000]
specinterface_ln0     (specinterface    ) [ 00000000000000]
store_ln0             (store            ) [ 00000000000000]
store_ln14            (store            ) [ 00000000000000]
store_ln0             (store            ) [ 00000000000000]
store_ln16            (store            ) [ 00000000000000]
br_ln0                (br               ) [ 01110000000000]
indvar_flatten12_load (load             ) [ 00000000000000]
icmp_ln14             (icmp             ) [ 01111111111111]
add_ln14              (add              ) [ 00000000000000]
br_ln14               (br               ) [ 00000000000000]
store_ln14            (store            ) [ 00000000000000]
br_ln16               (br               ) [ 01110000000000]
indvar_flatten_load   (load             ) [ 00000000000000]
j_load                (load             ) [ 00000000000000]
icmp_ln15             (icmp             ) [ 01010000000000]
add_ln14_1            (add              ) [ 00000000000000]
select_ln14           (select           ) [ 00000000000000]
p_shl                 (bitconcatenate   ) [ 00000000000000]
tmp                   (bitconcatenate   ) [ 00000000000000]
p_shl9                (zext             ) [ 00000000000000]
empty_54              (sub              ) [ 01010000000000]
add_ln15              (add              ) [ 00000000000000]
select_ln15           (select           ) [ 00000000000000]
store_ln14            (store            ) [ 00000000000000]
store_ln15            (store            ) [ 00000000000000]
first_iter_1          (phi              ) [ 01110000000000]
first_iter_0          (phi              ) [ 01110000000000]
b_1                   (load             ) [ 00000000000000]
or_ln14               (or               ) [ 00000000000000]
xor_ln14              (xor              ) [ 00000000000000]
icmp_ln16             (icmp             ) [ 00000000000000]
and_ln14              (and              ) [ 00000000000000]
or_ln15               (or               ) [ 01011111111100]
xor_ln15              (xor              ) [ 00000000000000]
and_ln15              (and              ) [ 00000000000000]
or_ln15_1             (or               ) [ 01011111111100]
p_cast3               (zext             ) [ 00000000000000]
empty_55              (add              ) [ 00000000000000]
trunc_ln1             (partselect       ) [ 01001000000000]
br_ln16               (br               ) [ 00000000000000]
br_ln15               (br               ) [ 00000000000000]
br_ln16               (br               ) [ 00000000000000]
add_ln16              (add              ) [ 00000000000000]
or_ln16               (or               ) [ 00000000000000]
select_ln16           (select           ) [ 00000000000000]
store_ln16            (store            ) [ 00000000000000]
specloopname_ln0      (specloopname     ) [ 00000000000000]
speclooptripcount_ln0 (speclooptripcount) [ 00000000000000]
sext_ln15             (sext             ) [ 00000000000000]
gmem_addr             (getelementptr    ) [ 01000111111110]
empty                 (readreq          ) [ 00000000000000]
br_ln15               (br               ) [ 00000000000000]
data_mm_buffer        (read             ) [ 01000000000001]
specpipeline_ln17     (specpipeline     ) [ 00000000000000]
write_ln19            (write            ) [ 00000000000000]
ret_ln0               (ret              ) [ 00000000000000]
</LifeTime>

<model>

<comp_list>
<comp id="0" class="1000" name="bound4">
<pin_list>
<pin id="1" dir="1" index="0" bw="1" slack="0"/>
</pin_list>
<bind>
<StgValue><ssdm name="bound4"/></StgValue>
</bind>
</comp>

<comp id="2" class="1000" name="mm_fifo">
<pin_list>
<pin id="3" dir="1" index="0" bw="1" slack="0"/>
</pin_list>
<bind>
<StgValue><ssdm name="mm_fifo"/></StgValue>
</bind>
</comp>

<comp id="4" class="1000" name="p_cast">
<pin_list>
<pin id="5" dir="1" index="0" bw="1" slack="0"/>
</pin_list>
<bind>
<StgValue><ssdm name="p_cast"/></StgValue>
</bind>
</comp>

<comp id="6" class="1000" name="bound">
<pin_list>
<pin id="7" dir="1" index="0" bw="1" slack="0"/>
</pin_list>
<bind>
<StgValue><ssdm name="bound"/></StgValue>
</bind>
</comp>

<comp id="8" class="1000" name="mm_buffer">
<pin_list>
<pin id="9" dir="1" index="0" bw="1" slack="0"/>
</pin_list>
<bind>
<StgValue><ssdm name="mm_buffer"/></StgValue>
</bind>
</comp>

<comp id="10" class="1000" name="gmem">
<pin_list>
<pin id="11" dir="1" index="0" bw="1" slack="0"/>
</pin_list>
<bind>
<StgValue><ssdm name="gmem"/><MemPortTyVec>0 </MemPortTyVec>
</StgValue>
</bind>
</comp>

<comp id="12" class="1001" name="const_12">
<pin_list>
<pin id="13" dir="1" index="0" bw="1" slack="0"/>
</pin_list>
<bind>
<StgValue><ssdm name=""/></StgValue>
</bind>
</comp>

<comp id="14" class="1001" name="const_14">
<pin_list>
<pin id="15" dir="1" index="0" bw="1" slack="0"/>
</pin_list>
<bind>
<StgValue><ssdm name="_ssdm_op_Read.ap_auto.i64"/></StgValue>
</bind>
</comp>

<comp id="16" class="1001" name="const_16">
<pin_list>
<pin id="17" dir="1" index="0" bw="1" slack="0"/>
</pin_list>
<bind>
<StgValue><ssdm name="_ssdm_op_Read.ap_auto.i10"/></StgValue>
</bind>
</comp>

<comp id="18" class="1001" name="const_18">
<pin_list>
<pin id="19" dir="1" index="0" bw="1" slack="0"/>
</pin_list>
<bind>
<StgValue><ssdm name="_ssdm_op_Read.ap_auto.i22"/></StgValue>
</bind>
</comp>

<comp id="20" class="1001" name="const_20">
<pin_list>
<pin id="21" dir="1" index="0" bw="1" slack="2147483647"/>
</pin_list>
<bind>
<StgValue><ssdm name="_ssdm_op_SpecInterface"/></StgValue>
</bind>
</comp>

<comp id="22" class="1001" name="const_22">
<pin_list>
<pin id="23" dir="1" index="0" bw="1" slack="2147483647"/>
</pin_list>
<bind>
<StgValue><ssdm name="empty_0"/></StgValue>
</bind>
</comp>

<comp id="24" class="1001" name="const_24">
<pin_list>
<pin id="25" dir="1" index="0" bw="1" slack="2147483647"/>
</pin_list>
<bind>
<StgValue><ssdm name=""/></StgValue>
</bind>
</comp>

<comp id="26" class="1001" name="const_26">
<pin_list>
<pin id="27" dir="1" index="0" bw="1" slack="2147483647"/>
</pin_list>
<bind>
<StgValue><ssdm name="empty_4"/></StgValue>
</bind>
</comp>

<comp id="28" class="1001" name="const_28">
<pin_list>
<pin id="29" dir="1" index="0" bw="1" slack="2147483647"/>
</pin_list>
<bind>
<StgValue><ssdm name=""/></StgValue>
</bind>
</comp>

<comp id="30" class="1001" name="const_30">
<pin_list>
<pin id="31" dir="1" index="0" bw="1" slack="2147483647"/>
</pin_list>
<bind>
<StgValue><ssdm name="empty_8"/></StgValue>
</bind>
</comp>

<comp id="32" class="1001" name="const_32">
<pin_list>
<pin id="33" dir="1" index="0" bw="1" slack="2147483647"/>
</pin_list>
<bind>
<StgValue><ssdm name="empty_7"/></StgValue>
</bind>
</comp>

<comp id="34" class="1001" name="const_34">
<pin_list>
<pin id="35" dir="1" index="0" bw="1" slack="2147483647"/>
</pin_list>
<bind>
<StgValue><ssdm name=""/></StgValue>
</bind>
</comp>

<comp id="36" class="1001" name="const_36">
<pin_list>
<pin id="37" dir="1" index="0" bw="1" slack="2147483647"/>
</pin_list>
<bind>
<StgValue><ssdm name=""/></StgValue>
</bind>
</comp>

<comp id="38" class="1001" name="const_38">
<pin_list>
<pin id="39" dir="1" index="0" bw="1" slack="2147483647"/>
</pin_list>
<bind>
<StgValue><ssdm name=""/></StgValue>
</bind>
</comp>

<comp id="40" class="1001" name="const_40">
<pin_list>
<pin id="41" dir="1" index="0" bw="1" slack="2147483647"/>
</pin_list>
<bind>
<StgValue><ssdm name="empty_2"/></StgValue>
</bind>
</comp>

<comp id="42" class="1001" name="const_42">
<pin_list>
<pin id="43" dir="1" index="0" bw="1" slack="0"/>
</pin_list>
<bind>
<StgValue><ssdm name=""/></StgValue>
</bind>
</comp>

<comp id="44" class="1001" name="const_44">
<pin_list>
<pin id="45" dir="1" index="0" bw="1" slack="0"/>
</pin_list>
<bind>
<StgValue><ssdm name=""/></StgValue>
</bind>
</comp>

<comp id="46" class="1001" name="const_46">
<pin_list>
<pin id="47" dir="1" index="0" bw="1" slack="0"/>
</pin_list>
<bind>
<StgValue><ssdm name=""/></StgValue>
</bind>
</comp>

<comp id="48" class="1001" name="const_48">
<pin_list>
<pin id="49" dir="1" index="0" bw="1" slack="0"/>
</pin_list>
<bind>
<StgValue><ssdm name=""/></StgValue>
</bind>
</comp>

<comp id="50" class="1001" name="const_50">
<pin_list>
<pin id="51" dir="1" index="0" bw="1" slack="0"/>
</pin_list>
<bind>
<StgValue><ssdm name=""/></StgValue>
</bind>
</comp>

<comp id="52" class="1001" name="const_52">
<pin_list>
<pin id="53" dir="1" index="0" bw="1" slack="0"/>
</pin_list>
<bind>
<StgValue><ssdm name=""/></StgValue>
</bind>
</comp>

<comp id="54" class="1001" name="const_54">
<pin_list>
<pin id="55" dir="1" index="0" bw="1" slack="0"/>
</pin_list>
<bind>
<StgValue><ssdm name="_ssdm_op_BitConcatenate.i23.i12.i11"/></StgValue>
</bind>
</comp>

<comp id="56" class="1001" name="const_56">
<pin_list>
<pin id="57" dir="1" index="0" bw="1" slack="0"/>
</pin_list>
<bind>
<StgValue><ssdm name="_ssdm_op_BitConcatenate.i19.i12.i7"/></StgValue>
</bind>
</comp>

<comp id="58" class="1001" name="const_58">
<pin_list>
<pin id="59" dir="1" index="0" bw="1" slack="0"/>
</pin_list>
<bind>
<StgValue><ssdm name=""/></StgValue>
</bind>
</comp>

<comp id="60" class="1001" name="const_60">
<pin_list>
<pin id="61" dir="1" index="0" bw="1" slack="0"/>
</pin_list>
<bind>
<StgValue><ssdm name=""/></StgValue>
</bind>
</comp>

<comp id="62" class="1001" name="const_62">
<pin_list>
<pin id="63" dir="1" index="0" bw="1" slack="0"/>
</pin_list>
<bind>
<StgValue><ssdm name=""/></StgValue>
</bind>
</comp>

<comp id="64" class="1001" name="const_64">
<pin_list>
<pin id="65" dir="1" index="0" bw="1" slack="2"/>
</pin_list>
<bind>
<StgValue><ssdm name=""/></StgValue>
</bind>
</comp>

<comp id="66" class="1001" name="const_66">
<pin_list>
<pin id="67" dir="1" index="0" bw="1" slack="0"/>
</pin_list>
<bind>
<StgValue><ssdm name=""/></StgValue>
</bind>
</comp>

<comp id="68" class="1001" name="const_68">
<pin_list>
<pin id="69" dir="1" index="0" bw="1" slack="0"/>
</pin_list>
<bind>
<StgValue><ssdm name="_ssdm_op_PartSelect.i60.i64.i32.i32"/></StgValue>
</bind>
</comp>

<comp id="70" class="1001" name="const_70">
<pin_list>
<pin id="71" dir="1" index="0" bw="1" slack="0"/>
</pin_list>
<bind>
<StgValue><ssdm name=""/></StgValue>
</bind>
</comp>

<comp id="72" class="1001" name="const_72">
<pin_list>
<pin id="73" dir="1" index="0" bw="1" slack="0"/>
</pin_list>
<bind>
<StgValue><ssdm name=""/></StgValue>
</bind>
</comp>

<comp id="74" class="1001" name="const_74">
<pin_list>
<pin id="75" dir="1" index="0" bw="1" slack="0"/>
</pin_list>
<bind>
<StgValue><ssdm name=""/></StgValue>
</bind>
</comp>

<comp id="76" class="1001" name="const_76">
<pin_list>
<pin id="77" dir="1" index="0" bw="1" slack="2147483647"/>
</pin_list>
<bind>
<StgValue><ssdm name="_ssdm_op_SpecLoopName"/></StgValue>
</bind>
</comp>

<comp id="78" class="1001" name="const_78">
<pin_list>
<pin id="79" dir="1" index="0" bw="1" slack="2147483647"/>
</pin_list>
<bind>
<StgValue><ssdm name="line_loop_burst_loop_beat_loop_str"/></StgValue>
</bind>
</comp>

<comp id="80" class="1001" name="const_80">
<pin_list>
<pin id="81" dir="1" index="0" bw="1" slack="2147483647"/>
</pin_list>
<bind>
<StgValue><ssdm name="_ssdm_op_SpecLoopTripCount"/></StgValue>
</bind>
</comp>

<comp id="82" class="1001" name="const_82">
<pin_list>
<pin id="83" dir="1" index="0" bw="1" slack="2147483647"/>
</pin_list>
<bind>
<StgValue><ssdm name=""/></StgValue>
</bind>
</comp>

<comp id="84" class="1001" name="const_84">
<pin_list>
<pin id="85" dir="1" index="0" bw="1" slack="2147483647"/>
</pin_list>
<bind>
<StgValue><ssdm name=""/></StgValue>
</bind>
</comp>

<comp id="86" class="1001" name="const_86">
<pin_list>
<pin id="87" dir="1" index="0" bw="1" slack="0"/>
</pin_list>
<bind>
<StgValue><ssdm name="_ssdm_op_ReadReq.m_axi.p1i128"/></StgValue>
</bind>
</comp>

<comp id="88" class="1001" name="const_88">
<pin_list>
<pin id="89" dir="1" index="0" bw="1" slack="0"/>
</pin_list>
<bind>
<StgValue><ssdm name="_ssdm_op_Read.m_axi.p1i128"/></StgValue>
</bind>
</comp>

<comp id="90" class="1001" name="const_90">
<pin_list>
<pin id="91" dir="1" index="0" bw="1" slack="2147483647"/>
</pin_list>
<bind>
<StgValue><ssdm name="_ssdm_op_SpecPipeline"/></StgValue>
</bind>
</comp>

<comp id="92" class="1001" name="const_92">
<pin_list>
<pin id="93" dir="1" index="0" bw="1" slack="0"/>
</pin_list>
<bind>
<StgValue><ssdm name="_ssdm_op_Write.ap_fifo.volatile.i128P0A"/></StgValue>
</bind>
</comp>

<comp id="94" class="1004" name="b_fu_94">
<pin_list>
<pin id="95" dir="0" index="0" bw="1" slack="0"/>
<pin id="96" dir="1" index="1" bw="6" slack="0"/>
</pin_list>
<bind>
<opcode="alloca(26) " fcode="alloca"/>
<opset="b/1 "/>
</bind>
</comp>

<comp id="98" class="1004" name="indvar_flatten_fu_98">
<pin_list>
<pin id="99" dir="0" index="0" bw="1" slack="0"/>
<pin id="100" dir="1" index="1" bw="11" slack="0"/>
</pin_list>
<bind>
<opcode="alloca(26) " fcode="alloca"/>
<opset="indvar_flatten/1 "/>
</bind>
</comp>

<comp id="102" class="1004" name="j_fu_102">
<pin_list>
<pin id="103" dir="0" index="0" bw="1" slack="0"/>
<pin id="104" dir="1" index="1" bw="12" slack="0"/>
</pin_list>
<bind>
<opcode="alloca(26) " fcode="alloca"/>
<opset="j/1 "/>
</bind>
</comp>

<comp id="106" class="1004" name="indvar_flatten12_fu_106">
<pin_list>
<pin id="107" dir="0" index="0" bw="1" slack="0"/>
<pin id="108" dir="1" index="1" bw="22" slack="0"/>
</pin_list>
<bind>
<opcode="alloca(26) " fcode="alloca"/>
<opset="indvar_flatten12/1 "/>
</bind>
</comp>

<comp id="110" class="1004" name="mm_buffer_read_read_fu_110">
<pin_list>
<pin id="111" dir="0" index="0" bw="64" slack="0"/>
<pin id="112" dir="0" index="1" bw="64" slack="0"/>
<pin id="113" dir="1" index="2" bw="64" slack="2"/>
</pin_list>
<bind>
<opcode="read(1150) " fcode="read"/>
<opset="mm_buffer_read/1 "/>
</bind>
</comp>

<comp id="116" class="1004" name="bound_read_read_fu_116">
<pin_list>
<pin id="117" dir="0" index="0" bw="10" slack="0"/>
<pin id="118" dir="0" index="1" bw="10" slack="0"/>
<pin id="119" dir="1" index="2" bw="10" slack="0"/>
</pin_list>
<bind>
<opcode="read(1150) " fcode="read"/>
<opset="bound_read/1 "/>
</bind>
</comp>

<comp id="122" class="1004" name="p_cast_read_read_fu_122">
<pin_list>
<pin id="123" dir="0" index="0" bw="10" slack="0"/>
<pin id="124" dir="0" index="1" bw="10" slack="0"/>
<pin id="125" dir="1" index="2" bw="10" slack="0"/>
</pin_list>
<bind>
<opcode="read(1150) " fcode="read"/>
<opset="p_cast_read/1 "/>
</bind>
</comp>

<comp id="128" class="1004" name="bound4_read_read_fu_128">
<pin_list>
<pin id="129" dir="0" index="0" bw="22" slack="0"/>
<pin id="130" dir="0" index="1" bw="22" slack="0"/>
<pin id="131" dir="1" index="2" bw="22" slack="0"/>
</pin_list>
<bind>
<opcode="read(1150) " fcode="read"/>
<opset="bound4_read/1 "/>
</bind>
</comp>

<comp id="134" class="1004" name="grp_readreq_fu_134">
<pin_list>
<pin id="135" dir="0" index="0" bw="1" slack="0"/>
<pin id="136" dir="0" index="1" bw="128" slack="0"/>
<pin id="137" dir="0" index="2" bw="10" slack="3"/>
<pin id="138" dir="1" index="3" bw="1" slack="2147483647"/>
</pin_list>
<bind>
<opcode="readreq(1154) " fcode="readreq"/>
<opset="empty/4 "/>
</bind>
</comp>

<comp id="140" class="1004" name="data_mm_buffer_read_fu_140">
<pin_list>
<pin id="141" dir="0" index="0" bw="128" slack="0"/>
<pin id="142" dir="0" index="1" bw="128" slack="8"/>
<pin id="143" dir="1" index="2" bw="128" slack="1"/>
</pin_list>
<bind>
<opcode="read(1150) " fcode="read"/>
<opset="data_mm_buffer/12 "/>
</bind>
</comp>

<comp id="145" class="1004" name="write_ln19_write_fu_145">
<pin_list>
<pin id="146" dir="0" index="0" bw="0" slack="0"/>
<pin id="147" dir="0" index="1" bw="128" slack="0"/>
<pin id="148" dir="0" index="2" bw="128" slack="1"/>
<pin id="149" dir="1" index="3" bw="0" slack="2147483647"/>
</pin_list>
<bind>
<opcode="write(1151) " fcode="write"/>
<opset="write_ln19/13 "/>
</bind>
</comp>

<comp id="152" class="1005" name="first_iter_1_reg_152">
<pin_list>
<pin id="153" dir="0" index="0" bw="1" slack="2"/>
<pin id="154" dir="1" index="1" bw="1" slack="2"/>
</pin_list>
<bind>
<opset="first_iter_1 (phireg) "/>
</bind>
</comp>

<comp id="156" class="1004" name="first_iter_1_phi_fu_156">
<pin_list>
<pin id="157" dir="0" index="0" bw="1" slack="2"/>
<pin id="158" dir="0" index="1" bw="0" slack="2147483647"/>
<pin id="159" dir="0" index="2" bw="1" slack="0"/>
<pin id="160" dir="0" index="3" bw="0" slack="2147483647"/>
<pin id="161" dir="1" index="4" bw="1" slack="0"/>
</pin_list>
<bind>
<opcode="phi(47) " fcode="phi"/>
<opset="first_iter_1/3 "/>
</bind>
</comp>

<comp id="163" class="1005" name="first_iter_0_reg_163">
<pin_list>
<pin id="164" dir="0" index="0" bw="1" slack="2"/>
<pin id="165" dir="1" index="1" bw="1" slack="2"/>
</pin_list>
<bind>
<opset="first_iter_0 (phireg) "/>
</bind>
</comp>

<comp id="168" class="1004" name="first_iter_0_phi_fu_168">
<pin_list>
<pin id="169" dir="0" index="0" bw="1" slack="2"/>
<pin id="170" dir="0" index="1" bw="0" slack="2147483647"/>
<pin id="171" dir="0" index="2" bw="1" slack="2"/>
<pin id="172" dir="0" index="3" bw="0" slack="2147483647"/>
<pin id="173" dir="1" index="4" bw="1" slack="0"/>
</pin_list>
<bind>
<opcode="phi(47) " fcode="phi"/>
<opset="first_iter_0/3 "/>
</bind>
</comp>

<comp id="176" class="1004" name="bound_cast_fu_176">
<pin_list>
<pin id="177" dir="0" index="0" bw="10" slack="0"/>
<pin id="178" dir="1" index="1" bw="11" slack="1"/>
</pin_list>
<bind>
<opcode="zext(34) " fcode="zext"/>
<opset="bound_cast/1 "/>
</bind>
</comp>

<comp id="180" class="1004" name="p_cast_cast_fu_180">
<pin_list>
<pin id="181" dir="0" index="0" bw="10" slack="0"/>
<pin id="182" dir="1" index="1" bw="64" slack="3"/>
</pin_list>
<bind>
<opcode="zext(34) " fcode="zext"/>
<opset="p_cast_cast/1 "/>
</bind>
</comp>

<comp id="184" class="1004" name="store_ln0_store_fu_184">
<pin_list>
<pin id="185" dir="0" index="0" bw="1" slack="0"/>
<pin id="186" dir="0" index="1" bw="22" slack="0"/>
<pin id="187" dir="1" index="2" bw="0" slack="2147483647"/>
</pin_list>
<bind>
<opcode="store(28) " fcode="store"/>
<opset="store_ln0/1 "/>
</bind>
</comp>

<comp id="189" class="1004" name="store_ln14_store_fu_189">
<pin_list>
<pin id="190" dir="0" index="0" bw="1" slack="0"/>
<pin id="191" dir="0" index="1" bw="12" slack="0"/>
<pin id="192" dir="1" index="2" bw="0" slack="2147483647"/>
</pin_list>
<bind>
<opcode="store(28) " fcode="store"/>
<opset="store_ln14/1 "/>
</bind>
</comp>

<comp id="194" class="1004" name="store_ln0_store_fu_194">
<pin_list>
<pin id="195" dir="0" index="0" bw="1" slack="0"/>
<pin id="196" dir="0" index="1" bw="11" slack="0"/>
<pin id="197" dir="1" index="2" bw="0" slack="2147483647"/>
</pin_list>
<bind>
<opcode="store(28) " fcode="store"/>
<opset="store_ln0/1 "/>
</bind>
</comp>

<comp id="199" class="1004" name="store_ln16_store_fu_199">
<pin_list>
<pin id="200" dir="0" index="0" bw="1" slack="0"/>
<pin id="201" dir="0" index="1" bw="6" slack="0"/>
<pin id="202" dir="1" index="2" bw="0" slack="2147483647"/>
</pin_list>
<bind>
<opcode="store(28) " fcode="store"/>
<opset="store_ln16/1 "/>
</bind>
</comp>

<comp id="204" class="1004" name="indvar_flatten12_load_load_fu_204">
<pin_list>
<pin id="205" dir="0" index="0" bw="22" slack="0"/>
<pin id="206" dir="1" index="1" bw="22" slack="0"/>
</pin_list>
<bind>
<opcode="load(27) " fcode="load"/>
<opset="indvar_flatten12_load/1 "/>
</bind>
</comp>

<comp id="207" class="1004" name="icmp_ln14_fu_207">
<pin_list>
<pin id="208" dir="0" index="0" bw="22" slack="0"/>
<pin id="209" dir="0" index="1" bw="22" slack="0"/>
<pin id="210" dir="1" index="2" bw="1" slack="1"/>
</pin_list>
<bind>
<opcode="icmp(45) " fcode="icmp"/>
<opset="icmp_ln14/1 "/>
</bind>
</comp>

<comp id="213" class="1004" name="add_ln14_fu_213">
<pin_list>
<pin id="214" dir="0" index="0" bw="22" slack="0"/>
<pin id="215" dir="0" index="1" bw="1" slack="0"/>
<pin id="216" dir="1" index="2" bw="22" slack="0"/>
</pin_list>
<bind>
<opcode="add(8) " fcode="add"/>
<opset="add_ln14/1 "/>
</bind>
</comp>

<comp id="219" class="1004" name="store_ln14_store_fu_219">
<pin_list>
<pin id="220" dir="0" index="0" bw="22" slack="0"/>
<pin id="221" dir="0" index="1" bw="22" slack="0"/>
<pin id="222" dir="1" index="2" bw="0" slack="2147483647"/>
</pin_list>
<bind>
<opcode="store(28) " fcode="store"/>
<opset="store_ln14/1 "/>
</bind>
</comp>

<comp id="224" class="1004" name="indvar_flatten_load_load_fu_224">
<pin_list>
<pin id="225" dir="0" index="0" bw="11" slack="1"/>
<pin id="226" dir="1" index="1" bw="11" slack="0"/>
</pin_list>
<bind>
<opcode="load(27) " fcode="load"/>
<opset="indvar_flatten_load/2 "/>
</bind>
</comp>

<comp id="227" class="1004" name="j_load_load_fu_227">
<pin_list>
<pin id="228" dir="0" index="0" bw="12" slack="1"/>
<pin id="229" dir="1" index="1" bw="12" slack="0"/>
</pin_list>
<bind>
<opcode="load(27) " fcode="load"/>
<opset="j_load/2 "/>
</bind>
</comp>

<comp id="230" class="1004" name="icmp_ln15_fu_230">
<pin_list>
<pin id="231" dir="0" index="0" bw="11" slack="0"/>
<pin id="232" dir="0" index="1" bw="11" slack="1"/>
<pin id="233" dir="1" index="2" bw="1" slack="0"/>
</pin_list>
<bind>
<opcode="icmp(45) " fcode="icmp"/>
<opset="icmp_ln15/2 "/>
</bind>
</comp>

<comp id="235" class="1004" name="add_ln14_1_fu_235">
<pin_list>
<pin id="236" dir="0" index="0" bw="12" slack="0"/>
<pin id="237" dir="0" index="1" bw="1" slack="0"/>
<pin id="238" dir="1" index="2" bw="12" slack="0"/>
</pin_list>
<bind>
<opcode="add(8) " fcode="add"/>
<opset="add_ln14_1/2 "/>
</bind>
</comp>

<comp id="241" class="1004" name="select_ln14_fu_241">
<pin_list>
<pin id="242" dir="0" index="0" bw="1" slack="0"/>
<pin id="243" dir="0" index="1" bw="12" slack="0"/>
<pin id="244" dir="0" index="2" bw="12" slack="0"/>
<pin id="245" dir="1" index="3" bw="12" slack="0"/>
</pin_list>
<bind>
<opcode="select(49) " fcode="select"/>
<opset="select_ln14/2 "/>
</bind>
</comp>

<comp id="249" class="1004" name="p_shl_fu_249">
<pin_list>
<pin id="250" dir="0" index="0" bw="23" slack="0"/>
<pin id="251" dir="0" index="1" bw="12" slack="0"/>
<pin id="252" dir="0" index="2" bw="1" slack="0"/>
<pin id="253" dir="1" index="3" bw="23" slack="0"/>
</pin_list>
<bind>
<opcode="bitconcatenate(1004) " fcode="bitconcatenate"/>
<opset="p_shl/2 "/>
</bind>
</comp>

<comp id="257" class="1004" name="tmp_fu_257">
<pin_list>
<pin id="258" dir="0" index="0" bw="19" slack="0"/>
<pin id="259" dir="0" index="1" bw="12" slack="0"/>
<pin id="260" dir="0" index="2" bw="1" slack="0"/>
<pin id="261" dir="1" index="3" bw="19" slack="0"/>
</pin_list>
<bind>
<opcode="bitconcatenate(1004) " fcode="bitconcatenate"/>
<opset="tmp/2 "/>
</bind>
</comp>

<comp id="265" class="1004" name="p_shl9_fu_265">
<pin_list>
<pin id="266" dir="0" index="0" bw="19" slack="0"/>
<pin id="267" dir="1" index="1" bw="23" slack="0"/>
</pin_list>
<bind>
<opcode="zext(34) " fcode="zext"/>
<opset="p_shl9/2 "/>
</bind>
</comp>

<comp id="269" class="1004" name="empty_54_fu_269">
<pin_list>
<pin id="270" dir="0" index="0" bw="23" slack="0"/>
<pin id="271" dir="0" index="1" bw="19" slack="0"/>
<pin id="272" dir="1" index="2" bw="23" slack="1"/>
</pin_list>
<bind>
<opcode="sub(10) " fcode="sub"/>
<opset="empty_54/2 "/>
</bind>
</comp>

<comp id="275" class="1004" name="add_ln15_fu_275">
<pin_list>
<pin id="276" dir="0" index="0" bw="11" slack="0"/>
<pin id="277" dir="0" index="1" bw="1" slack="0"/>
<pin id="278" dir="1" index="2" bw="11" slack="0"/>
</pin_list>
<bind>
<opcode="add(8) " fcode="add"/>
<opset="add_ln15/2 "/>
</bind>
</comp>

<comp id="281" class="1004" name="select_ln15_fu_281">
<pin_list>
<pin id="282" dir="0" index="0" bw="1" slack="0"/>
<pin id="283" dir="0" index="1" bw="11" slack="0"/>
<pin id="284" dir="0" index="2" bw="11" slack="0"/>
<pin id="285" dir="1" index="3" bw="11" slack="0"/>
</pin_list>
<bind>
<opcode="select(49) " fcode="select"/>
<opset="select_ln15/2 "/>
</bind>
</comp>

<comp id="289" class="1004" name="store_ln14_store_fu_289">
<pin_list>
<pin id="290" dir="0" index="0" bw="12" slack="0"/>
<pin id="291" dir="0" index="1" bw="12" slack="1"/>
<pin id="292" dir="1" index="2" bw="0" slack="2147483647"/>
</pin_list>
<bind>
<opcode="store(28) " fcode="store"/>
<opset="store_ln14/2 "/>
</bind>
</comp>

<comp id="294" class="1004" name="store_ln15_store_fu_294">
<pin_list>
<pin id="295" dir="0" index="0" bw="11" slack="0"/>
<pin id="296" dir="0" index="1" bw="11" slack="1"/>
<pin id="297" dir="1" index="2" bw="0" slack="2147483647"/>
</pin_list>
<bind>
<opcode="store(28) " fcode="store"/>
<opset="store_ln15/2 "/>
</bind>
</comp>

<comp id="299" class="1004" name="b_1_load_fu_299">
<pin_list>
<pin id="300" dir="0" index="0" bw="6" slack="2"/>
<pin id="301" dir="1" index="1" bw="6" slack="0"/>
</pin_list>
<bind>
<opcode="load(27) " fcode="load"/>
<opset="b_1/3 "/>
</bind>
</comp>

<comp id="302" class="1004" name="or_ln14_fu_302">
<pin_list>
<pin id="303" dir="0" index="0" bw="1" slack="1"/>
<pin id="304" dir="0" index="1" bw="1" slack="0"/>
<pin id="305" dir="1" index="2" bw="1" slack="0"/>
</pin_list>
<bind>
<opcode="or(24) " fcode="or"/>
<opset="or_ln14/3 "/>
</bind>
</comp>

<comp id="307" class="1004" name="xor_ln14_fu_307">
<pin_list>
<pin id="308" dir="0" index="0" bw="1" slack="1"/>
<pin id="309" dir="0" index="1" bw="1" slack="0"/>
<pin id="310" dir="1" index="2" bw="1" slack="0"/>
</pin_list>
<bind>
<opcode="xor(25) " fcode="xor"/>
<opset="xor_ln14/3 "/>
</bind>
</comp>

<comp id="312" class="1004" name="icmp_ln16_fu_312">
<pin_list>
<pin id="313" dir="0" index="0" bw="6" slack="0"/>
<pin id="314" dir="0" index="1" bw="6" slack="0"/>
<pin id="315" dir="1" index="2" bw="1" slack="0"/>
</pin_list>
<bind>
<opcode="icmp(45) " fcode="icmp"/>
<opset="icmp_ln16/3 "/>
</bind>
</comp>

<comp id="318" class="1004" name="and_ln14_fu_318">
<pin_list>
<pin id="319" dir="0" index="0" bw="1" slack="0"/>
<pin id="320" dir="0" index="1" bw="1" slack="0"/>
<pin id="321" dir="1" index="2" bw="1" slack="0"/>
</pin_list>
<bind>
<opcode="and(23) " fcode="and"/>
<opset="and_ln14/3 "/>
</bind>
</comp>

<comp id="324" class="1004" name="or_ln15_fu_324">
<pin_list>
<pin id="325" dir="0" index="0" bw="1" slack="0"/>
<pin id="326" dir="0" index="1" bw="1" slack="0"/>
<pin id="327" dir="1" index="2" bw="1" slack="1"/>
</pin_list>
<bind>
<opcode="or(24) " fcode="or"/>
<opset="or_ln15/3 "/>
</bind>
</comp>

<comp id="330" class="1004" name="xor_ln15_fu_330">
<pin_list>
<pin id="331" dir="0" index="0" bw="1" slack="0"/>
<pin id="332" dir="0" index="1" bw="1" slack="0"/>
<pin id="333" dir="1" index="2" bw="1" slack="0"/>
</pin_list>
<bind>
<opcode="xor(25) " fcode="xor"/>
<opset="xor_ln15/3 "/>
</bind>
</comp>

<comp id="336" class="1004" name="and_ln15_fu_336">
<pin_list>
<pin id="337" dir="0" index="0" bw="1" slack="0"/>
<pin id="338" dir="0" index="1" bw="1" slack="0"/>
<pin id="339" dir="1" index="2" bw="1" slack="0"/>
</pin_list>
<bind>
<opcode="and(23) " fcode="and"/>
<opset="and_ln15/3 "/>
</bind>
</comp>

<comp id="342" class="1004" name="or_ln15_1_fu_342">
<pin_list>
<pin id="343" dir="0" index="0" bw="1" slack="1"/>
<pin id="344" dir="0" index="1" bw="1" slack="0"/>
<pin id="345" dir="1" index="2" bw="1" slack="0"/>
</pin_list>
<bind>
<opcode="or(24) " fcode="or"/>
<opset="or_ln15_1/3 "/>
</bind>
</comp>

<comp id="347" class="1004" name="p_cast3_fu_347">
<pin_list>
<pin id="348" dir="0" index="0" bw="23" slack="1"/>
<pin id="349" dir="1" index="1" bw="64" slack="0"/>
</pin_list>
<bind>
<opcode="zext(34) " fcode="zext"/>
<opset="p_cast3/3 "/>
</bind>
</comp>

<comp id="350" class="1004" name="empty_55_fu_350">
<pin_list>
<pin id="351" dir="0" index="0" bw="23" slack="0"/>
<pin id="352" dir="0" index="1" bw="64" slack="2"/>
<pin id="353" dir="1" index="2" bw="64" slack="0"/>
</pin_list>
<bind>
<opcode="add(8) " fcode="add"/>
<opset="empty_55/3 "/>
</bind>
</comp>

<comp id="355" class="1004" name="trunc_ln1_fu_355">
<pin_list>
<pin id="356" dir="0" index="0" bw="60" slack="0"/>
<pin id="357" dir="0" index="1" bw="64" slack="0"/>
<pin id="358" dir="0" index="2" bw="4" slack="0"/>
<pin id="359" dir="0" index="3" bw="7" slack="0"/>
<pin id="360" dir="1" index="4" bw="60" slack="1"/>
</pin_list>
<bind>
<opcode="partselect(1002) " fcode="partselect"/>
<opset="trunc_ln1/3 "/>
</bind>
</comp>

<comp id="365" class="1004" name="add_ln16_fu_365">
<pin_list>
<pin id="366" dir="0" index="0" bw="6" slack="0"/>
<pin id="367" dir="0" index="1" bw="1" slack="0"/>
<pin id="368" dir="1" index="2" bw="6" slack="0"/>
</pin_list>
<bind>
<opcode="add(8) " fcode="add"/>
<opset="add_ln16/3 "/>
</bind>
</comp>

<comp id="371" class="1004" name="or_ln16_fu_371">
<pin_list>
<pin id="372" dir="0" index="0" bw="1" slack="0"/>
<pin id="373" dir="0" index="1" bw="1" slack="1"/>
<pin id="374" dir="1" index="2" bw="1" slack="0"/>
</pin_list>
<bind>
<opcode="or(24) " fcode="or"/>
<opset="or_ln16/3 "/>
</bind>
</comp>

<comp id="376" class="1004" name="select_ln16_fu_376">
<pin_list>
<pin id="377" dir="0" index="0" bw="1" slack="0"/>
<pin id="378" dir="0" index="1" bw="6" slack="0"/>
<pin id="379" dir="0" index="2" bw="6" slack="0"/>
<pin id="380" dir="1" index="3" bw="6" slack="0"/>
</pin_list>
<bind>
<opcode="select(49) " fcode="select"/>
<opset="select_ln16/3 "/>
</bind>
</comp>

<comp id="384" class="1004" name="store_ln16_store_fu_384">
<pin_list>
<pin id="385" dir="0" index="0" bw="6" slack="0"/>
<pin id="386" dir="0" index="1" bw="6" slack="2"/>
<pin id="387" dir="1" index="2" bw="0" slack="2147483647"/>
</pin_list>
<bind>
<opcode="store(28) " fcode="store"/>
<opset="store_ln16/3 "/>
</bind>
</comp>

<comp id="389" class="1004" name="sext_ln15_fu_389">
<pin_list>
<pin id="390" dir="0" index="0" bw="60" slack="1"/>
<pin id="391" dir="1" index="1" bw="64" slack="0"/>
</pin_list>
<bind>
<opcode="sext(35) " fcode="sext"/>
<opset="sext_ln15/4 "/>
</bind>
</comp>

<comp id="392" class="1004" name="gmem_addr_fu_392">
<pin_list>
<pin id="393" dir="0" index="0" bw="64" slack="0"/>
<pin id="394" dir="0" index="1" bw="64" slack="0"/>
<pin id="395" dir="1" index="2" bw="64" slack="0"/>
</pin_list>
<bind>
<opcode="getelementptr(29) " fcode="getelementptr"/>
<opset="gmem_addr/4 "/>
</bind>
</comp>

<comp id="399" class="1005" name="b_reg_399">
<pin_list>
<pin id="400" dir="0" index="0" bw="6" slack="0"/>
<pin id="401" dir="1" index="1" bw="6" slack="0"/>
</pin_list>
<bind>
<opset="b "/>
</bind>
</comp>

<comp id="406" class="1005" name="indvar_flatten_reg_406">
<pin_list>
<pin id="407" dir="0" index="0" bw="11" slack="0"/>
<pin id="408" dir="1" index="1" bw="11" slack="0"/>
</pin_list>
<bind>
<opset="indvar_flatten "/>
</bind>
</comp>

<comp id="413" class="1005" name="j_reg_413">
<pin_list>
<pin id="414" dir="0" index="0" bw="12" slack="0"/>
<pin id="415" dir="1" index="1" bw="12" slack="0"/>
</pin_list>
<bind>
<opset="j "/>
</bind>
</comp>

<comp id="420" class="1005" name="indvar_flatten12_reg_420">
<pin_list>
<pin id="421" dir="0" index="0" bw="22" slack="0"/>
<pin id="422" dir="1" index="1" bw="22" slack="0"/>
</pin_list>
<bind>
<opset="indvar_flatten12 "/>
</bind>
</comp>

<comp id="427" class="1005" name="mm_buffer_read_reg_427">
<pin_list>
<pin id="428" dir="0" index="0" bw="64" slack="2"/>
<pin id="429" dir="1" index="1" bw="64" slack="2"/>
</pin_list>
<bind>
<opset="mm_buffer_read "/>
</bind>
</comp>

<comp id="432" class="1005" name="bound_cast_reg_432">
<pin_list>
<pin id="433" dir="0" index="0" bw="11" slack="1"/>
<pin id="434" dir="1" index="1" bw="11" slack="1"/>
</pin_list>
<bind>
<opset="bound_cast "/>
</bind>
</comp>

<comp id="437" class="1005" name="p_cast_cast_reg_437">
<pin_list>
<pin id="438" dir="0" index="0" bw="64" slack="3"/>
<pin id="439" dir="1" index="1" bw="64" slack="3"/>
</pin_list>
<bind>
<opset="p_cast_cast "/>
</bind>
</comp>

<comp id="442" class="1005" name="icmp_ln14_reg_442">
<pin_list>
<pin id="443" dir="0" index="0" bw="1" slack="1"/>
<pin id="444" dir="1" index="1" bw="1" slack="2147483647"/>
</pin_list>
<bind>
<opset="icmp_ln14 "/>
</bind>
</comp>

<comp id="446" class="1005" name="icmp_ln15_reg_446">
<pin_list>
<pin id="447" dir="0" index="0" bw="1" slack="1"/>
<pin id="448" dir="1" index="1" bw="1" slack="1"/>
</pin_list>
<bind>
<opset="icmp_ln15 "/>
</bind>
</comp>

<comp id="454" class="1005" name="empty_54_reg_454">
<pin_list>
<pin id="455" dir="0" index="0" bw="23" slack="1"/>
<pin id="456" dir="1" index="1" bw="23" slack="1"/>
</pin_list>
<bind>
<opset="empty_54 "/>
</bind>
</comp>

<comp id="459" class="1005" name="or_ln15_reg_459">
<pin_list>
<pin id="460" dir="0" index="0" bw="1" slack="1"/>
<pin id="461" dir="1" index="1" bw="1" slack="2147483647"/>
</pin_list>
<bind>
<opset="or_ln15 "/>
</bind>
</comp>

<comp id="463" class="1005" name="or_ln15_1_reg_463">
<pin_list>
<pin id="464" dir="0" index="0" bw="1" slack="0"/>
<pin id="465" dir="1" index="1" bw="1" slack="0"/>
</pin_list>
<bind>
<opset="or_ln15_1 "/>
</bind>
</comp>

<comp id="468" class="1005" name="trunc_ln1_reg_468">
<pin_list>
<pin id="469" dir="0" index="0" bw="60" slack="1"/>
<pin id="470" dir="1" index="1" bw="60" slack="1"/>
</pin_list>
<bind>
<opset="trunc_ln1 "/>
</bind>
</comp>

<comp id="473" class="1005" name="gmem_addr_reg_473">
<pin_list>
<pin id="474" dir="0" index="0" bw="128" slack="1"/>
<pin id="475" dir="1" index="1" bw="128" slack="1"/>
</pin_list>
<bind>
<opset="gmem_addr "/>
</bind>
</comp>

<comp id="479" class="1005" name="data_mm_buffer_reg_479">
<pin_list>
<pin id="480" dir="0" index="0" bw="128" slack="1"/>
<pin id="481" dir="1" index="1" bw="128" slack="1"/>
</pin_list>
<bind>
<opset="data_mm_buffer "/>
</bind>
</comp>

</comp_list>

<net_list>
<net id="97"><net_src comp="12" pin="0"/><net_sink comp="94" pin=0"/></net>

<net id="101"><net_src comp="12" pin="0"/><net_sink comp="98" pin=0"/></net>

<net id="105"><net_src comp="12" pin="0"/><net_sink comp="102" pin=0"/></net>

<net id="109"><net_src comp="12" pin="0"/><net_sink comp="106" pin=0"/></net>

<net id="114"><net_src comp="14" pin="0"/><net_sink comp="110" pin=0"/></net>

<net id="115"><net_src comp="8" pin="0"/><net_sink comp="110" pin=1"/></net>

<net id="120"><net_src comp="16" pin="0"/><net_sink comp="116" pin=0"/></net>

<net id="121"><net_src comp="6" pin="0"/><net_sink comp="116" pin=1"/></net>

<net id="126"><net_src comp="16" pin="0"/><net_sink comp="122" pin=0"/></net>

<net id="127"><net_src comp="4" pin="0"/><net_sink comp="122" pin=1"/></net>

<net id="132"><net_src comp="18" pin="0"/><net_sink comp="128" pin=0"/></net>

<net id="133"><net_src comp="0" pin="0"/><net_sink comp="128" pin=1"/></net>

<net id="139"><net_src comp="86" pin="0"/><net_sink comp="134" pin=0"/></net>

<net id="144"><net_src comp="88" pin="0"/><net_sink comp="140" pin=0"/></net>

<net id="150"><net_src comp="92" pin="0"/><net_sink comp="145" pin=0"/></net>

<net id="151"><net_src comp="2" pin="0"/><net_sink comp="145" pin=1"/></net>

<net id="155"><net_src comp="62" pin="0"/><net_sink comp="152" pin=0"/></net>

<net id="162"><net_src comp="152" pin="1"/><net_sink comp="156" pin=0"/></net>

<net id="166"><net_src comp="62" pin="0"/><net_sink comp="163" pin=0"/></net>

<net id="167"><net_src comp="64" pin="0"/><net_sink comp="163" pin=0"/></net>

<net id="174"><net_src comp="163" pin="1"/><net_sink comp="168" pin=0"/></net>

<net id="175"><net_src comp="163" pin="1"/><net_sink comp="168" pin=2"/></net>

<net id="179"><net_src comp="116" pin="2"/><net_sink comp="176" pin=0"/></net>

<net id="183"><net_src comp="122" pin="2"/><net_sink comp="180" pin=0"/></net>

<net id="188"><net_src comp="42" pin="0"/><net_sink comp="184" pin=0"/></net>

<net id="193"><net_src comp="44" pin="0"/><net_sink comp="189" pin=0"/></net>

<net id="198"><net_src comp="46" pin="0"/><net_sink comp="194" pin=0"/></net>

<net id="203"><net_src comp="48" pin="0"/><net_sink comp="199" pin=0"/></net>

<net id="211"><net_src comp="204" pin="1"/><net_sink comp="207" pin=0"/></net>

<net id="212"><net_src comp="128" pin="2"/><net_sink comp="207" pin=1"/></net>

<net id="217"><net_src comp="204" pin="1"/><net_sink comp="213" pin=0"/></net>

<net id="218"><net_src comp="50" pin="0"/><net_sink comp="213" pin=1"/></net>

<net id="223"><net_src comp="213" pin="2"/><net_sink comp="219" pin=0"/></net>

<net id="234"><net_src comp="224" pin="1"/><net_sink comp="230" pin=0"/></net>

<net id="239"><net_src comp="227" pin="1"/><net_sink comp="235" pin=0"/></net>

<net id="240"><net_src comp="52" pin="0"/><net_sink comp="235" pin=1"/></net>

<net id="246"><net_src comp="230" pin="2"/><net_sink comp="241" pin=0"/></net>

<net id="247"><net_src comp="235" pin="2"/><net_sink comp="241" pin=1"/></net>

<net id="248"><net_src comp="227" pin="1"/><net_sink comp="241" pin=2"/></net>

<net id="254"><net_src comp="54" pin="0"/><net_sink comp="249" pin=0"/></net>

<net id="255"><net_src comp="241" pin="3"/><net_sink comp="249" pin=1"/></net>

<net id="256"><net_src comp="46" pin="0"/><net_sink comp="249" pin=2"/></net>

<net id="262"><net_src comp="56" pin="0"/><net_sink comp="257" pin=0"/></net>

<net id="263"><net_src comp="241" pin="3"/><net_sink comp="257" pin=1"/></net>

<net id="264"><net_src comp="58" pin="0"/><net_sink comp="257" pin=2"/></net>

<net id="268"><net_src comp="257" pin="3"/><net_sink comp="265" pin=0"/></net>

<net id="273"><net_src comp="249" pin="3"/><net_sink comp="269" pin=0"/></net>

<net id="274"><net_src comp="265" pin="1"/><net_sink comp="269" pin=1"/></net>

<net id="279"><net_src comp="224" pin="1"/><net_sink comp="275" pin=0"/></net>

<net id="280"><net_src comp="60" pin="0"/><net_sink comp="275" pin=1"/></net>

<net id="286"><net_src comp="230" pin="2"/><net_sink comp="281" pin=0"/></net>

<net id="287"><net_src comp="60" pin="0"/><net_sink comp="281" pin=1"/></net>

<net id="288"><net_src comp="275" pin="2"/><net_sink comp="281" pin=2"/></net>

<net id="293"><net_src comp="241" pin="3"/><net_sink comp="289" pin=0"/></net>

<net id="298"><net_src comp="281" pin="3"/><net_sink comp="294" pin=0"/></net>

<net id="306"><net_src comp="168" pin="4"/><net_sink comp="302" pin=1"/></net>

<net id="311"><net_src comp="62" pin="0"/><net_sink comp="307" pin=1"/></net>

<net id="316"><net_src comp="299" pin="1"/><net_sink comp="312" pin=0"/></net>

<net id="317"><net_src comp="66" pin="0"/><net_sink comp="312" pin=1"/></net>

<net id="322"><net_src comp="312" pin="2"/><net_sink comp="318" pin=0"/></net>

<net id="323"><net_src comp="307" pin="2"/><net_sink comp="318" pin=1"/></net>

<net id="328"><net_src comp="318" pin="2"/><net_sink comp="324" pin=0"/></net>

<net id="329"><net_src comp="302" pin="2"/><net_sink comp="324" pin=1"/></net>

<net id="334"><net_src comp="312" pin="2"/><net_sink comp="330" pin=0"/></net>

<net id="335"><net_src comp="62" pin="0"/><net_sink comp="330" pin=1"/></net>

<net id="340"><net_src comp="156" pin="4"/><net_sink comp="336" pin=0"/></net>

<net id="341"><net_src comp="330" pin="2"/><net_sink comp="336" pin=1"/></net>

<net id="346"><net_src comp="336" pin="2"/><net_sink comp="342" pin=1"/></net>

<net id="354"><net_src comp="347" pin="1"/><net_sink comp="350" pin=0"/></net>

<net id="361"><net_src comp="68" pin="0"/><net_sink comp="355" pin=0"/></net>

<net id="362"><net_src comp="350" pin="2"/><net_sink comp="355" pin=1"/></net>

<net id="363"><net_src comp="70" pin="0"/><net_sink comp="355" pin=2"/></net>

<net id="364"><net_src comp="72" pin="0"/><net_sink comp="355" pin=3"/></net>

<net id="369"><net_src comp="299" pin="1"/><net_sink comp="365" pin=0"/></net>

<net id="370"><net_src comp="74" pin="0"/><net_sink comp="365" pin=1"/></net>

<net id="375"><net_src comp="318" pin="2"/><net_sink comp="371" pin=0"/></net>

<net id="381"><net_src comp="371" pin="2"/><net_sink comp="376" pin=0"/></net>

<net id="382"><net_src comp="74" pin="0"/><net_sink comp="376" pin=1"/></net>

<net id="383"><net_src comp="365" pin="2"/><net_sink comp="376" pin=2"/></net>

<net id="388"><net_src comp="376" pin="3"/><net_sink comp="384" pin=0"/></net>

<net id="396"><net_src comp="10" pin="0"/><net_sink comp="392" pin=0"/></net>

<net id="397"><net_src comp="389" pin="1"/><net_sink comp="392" pin=1"/></net>

<net id="398"><net_src comp="392" pin="2"/><net_sink comp="134" pin=1"/></net>

<net id="402"><net_src comp="94" pin="1"/><net_sink comp="399" pin=0"/></net>

<net id="403"><net_src comp="399" pin="1"/><net_sink comp="199" pin=1"/></net>

<net id="404"><net_src comp="399" pin="1"/><net_sink comp="299" pin=0"/></net>

<net id="405"><net_src comp="399" pin="1"/><net_sink comp="384" pin=1"/></net>

<net id="409"><net_src comp="98" pin="1"/><net_sink comp="406" pin=0"/></net>

<net id="410"><net_src comp="406" pin="1"/><net_sink comp="194" pin=1"/></net>

<net id="411"><net_src comp="406" pin="1"/><net_sink comp="224" pin=0"/></net>

<net id="412"><net_src comp="406" pin="1"/><net_sink comp="294" pin=1"/></net>

<net id="416"><net_src comp="102" pin="1"/><net_sink comp="413" pin=0"/></net>

<net id="417"><net_src comp="413" pin="1"/><net_sink comp="189" pin=1"/></net>

<net id="418"><net_src comp="413" pin="1"/><net_sink comp="227" pin=0"/></net>

<net id="419"><net_src comp="413" pin="1"/><net_sink comp="289" pin=1"/></net>

<net id="423"><net_src comp="106" pin="1"/><net_sink comp="420" pin=0"/></net>

<net id="424"><net_src comp="420" pin="1"/><net_sink comp="184" pin=1"/></net>

<net id="425"><net_src comp="420" pin="1"/><net_sink comp="204" pin=0"/></net>

<net id="426"><net_src comp="420" pin="1"/><net_sink comp="219" pin=1"/></net>

<net id="430"><net_src comp="110" pin="2"/><net_sink comp="427" pin=0"/></net>

<net id="431"><net_src comp="427" pin="1"/><net_sink comp="350" pin=1"/></net>

<net id="435"><net_src comp="176" pin="1"/><net_sink comp="432" pin=0"/></net>

<net id="436"><net_src comp="432" pin="1"/><net_sink comp="230" pin=1"/></net>

<net id="440"><net_src comp="180" pin="1"/><net_sink comp="437" pin=0"/></net>

<net id="441"><net_src comp="437" pin="1"/><net_sink comp="134" pin=2"/></net>

<net id="445"><net_src comp="207" pin="2"/><net_sink comp="442" pin=0"/></net>

<net id="449"><net_src comp="230" pin="2"/><net_sink comp="446" pin=0"/></net>

<net id="450"><net_src comp="446" pin="1"/><net_sink comp="302" pin=0"/></net>

<net id="451"><net_src comp="446" pin="1"/><net_sink comp="307" pin=0"/></net>

<net id="452"><net_src comp="446" pin="1"/><net_sink comp="342" pin=0"/></net>

<net id="453"><net_src comp="446" pin="1"/><net_sink comp="371" pin=1"/></net>

<net id="457"><net_src comp="269" pin="2"/><net_sink comp="454" pin=0"/></net>

<net id="458"><net_src comp="454" pin="1"/><net_sink comp="347" pin=0"/></net>

<net id="462"><net_src comp="324" pin="2"/><net_sink comp="459" pin=0"/></net>

<net id="466"><net_src comp="342" pin="2"/><net_sink comp="463" pin=0"/></net>

<net id="467"><net_src comp="463" pin="1"/><net_sink comp="156" pin=2"/></net>

<net id="471"><net_src comp="355" pin="4"/><net_sink comp="468" pin=0"/></net>

<net id="472"><net_src comp="468" pin="1"/><net_sink comp="389" pin=0"/></net>

<net id="476"><net_src comp="392" pin="2"/><net_sink comp="473" pin=0"/></net>

<net id="477"><net_src comp="473" pin="1"/><net_sink comp="134" pin=1"/></net>

<net id="478"><net_src comp="473" pin="1"/><net_sink comp="140" pin=1"/></net>

<net id="482"><net_src comp="140" pin="2"/><net_sink comp="479" pin=0"/></net>

<net id="483"><net_src comp="479" pin="1"/><net_sink comp="145" pin=2"/></net>

</net_list>

</model> 
---------------- Datapath Model END ------------------

* FSMD analyzer results:
  - Output states:
	Port: mm_fifo | {13 }
	Port: gmem | {}
 - Input state : 
	Port: DMA24b_mm2s_fetch_Pipeline_line_loop_burst_loop_beat_loop : bound4 | {1 }
	Port: DMA24b_mm2s_fetch_Pipeline_line_loop_burst_loop_beat_loop : mm_fifo | {}
	Port: DMA24b_mm2s_fetch_Pipeline_line_loop_burst_loop_beat_loop : p_cast | {1 }
	Port: DMA24b_mm2s_fetch_Pipeline_line_loop_burst_loop_beat_loop : bound | {1 }
	Port: DMA24b_mm2s_fetch_Pipeline_line_loop_burst_loop_beat_loop : mm_buffer | {1 }
	Port: DMA24b_mm2s_fetch_Pipeline_line_loop_burst_loop_beat_loop : gmem | {4 5 6 7 8 9 10 11 12 }
  - Chain level:
	State 1
		store_ln0 : 1
		store_ln14 : 1
		store_ln0 : 1
		store_ln16 : 1
		indvar_flatten12_load : 1
		icmp_ln14 : 2
		add_ln14 : 2
		br_ln14 : 3
		store_ln14 : 3
	State 2
		icmp_ln15 : 1
		add_ln14_1 : 1
		select_ln14 : 2
		p_shl : 3
		tmp : 3
		p_shl9 : 4
		empty_54 : 5
		add_ln15 : 1
		select_ln15 : 2
		store_ln14 : 3
		store_ln15 : 3
	State 3
		or_ln14 : 1
		icmp_ln16 : 1
		and_ln14 : 2
		or_ln15 : 2
		xor_ln15 : 2
		and_ln15 : 2
		or_ln15_1 : 2
		empty_55 : 1
		trunc_ln1 : 2
		br_ln16 : 2
		br_ln15 : 2
		add_ln16 : 1
		or_ln16 : 2
		select_ln16 : 2
		store_ln16 : 3
	State 4
		gmem_addr : 1
		empty : 2
	State 5
	State 6
	State 7
	State 8
	State 9
	State 10
	State 11
	State 12
	State 13


============================================================
+ Verbose Summary: Datapath Resource usage 
============================================================

* Functional unit list:
|----------|----------------------------|---------|---------|
| Operation|       Functional Unit      |    FF   |   LUT   |
|----------|----------------------------|---------|---------|
|          |       add_ln14_fu_213      |    0    |    29   |
|          |      add_ln14_1_fu_235     |    0    |    12   |
|    add   |       add_ln15_fu_275      |    0    |    12   |
|          |       empty_55_fu_350      |    0    |    71   |
|          |       add_ln16_fu_365      |    0    |    14   |
|----------|----------------------------|---------|---------|
|          |      icmp_ln14_fu_207      |    0    |    29   |
|   icmp   |      icmp_ln15_fu_230      |    0    |    12   |
|          |      icmp_ln16_fu_312      |    0    |    14   |
|----------|----------------------------|---------|---------|
|    sub   |       empty_54_fu_269      |    0    |    30   |
|----------|----------------------------|---------|---------|
|          |     select_ln14_fu_241     |    0    |    12   |
|  select  |     select_ln15_fu_281     |    0    |    11   |
|          |     select_ln16_fu_376     |    0    |    6    |
|----------|----------------------------|---------|---------|
|          |       or_ln14_fu_302       |    0    |    2    |
|    or    |       or_ln15_fu_324       |    0    |    2    |
|          |      or_ln15_1_fu_342      |    0    |    2    |
|          |       or_ln16_fu_371       |    0    |    2    |
|----------|----------------------------|---------|---------|
|    xor   |       xor_ln14_fu_307      |    0    |    2    |
|          |       xor_ln15_fu_330      |    0    |    2    |
|----------|----------------------------|---------|---------|
|    and   |       and_ln14_fu_318      |    0    |    2    |
|          |       and_ln15_fu_336      |    0    |    2    |
|----------|----------------------------|---------|---------|
|          | mm_buffer_read_read_fu_110 |    0    |    0    |
|          |   bound_read_read_fu_116   |    0    |    0    |
|   read   |   p_cast_read_read_fu_122  |    0    |    0    |
|          |   bound4_read_read_fu_128  |    0    |    0    |
|          | data_mm_buffer_read_fu_140 |    0    |    0    |
|----------|----------------------------|---------|---------|
|  readreq |     grp_readreq_fu_134     |    0    |    0    |
|----------|----------------------------|---------|---------|
|   write  |   write_ln19_write_fu_145  |    0    |    0    |
|----------|----------------------------|---------|---------|
|          |      bound_cast_fu_176     |    0    |    0    |
|   zext   |     p_cast_cast_fu_180     |    0    |    0    |
|          |        p_shl9_fu_265       |    0    |    0    |
|          |       p_cast3_fu_347       |    0    |    0    |
|----------|----------------------------|---------|---------|
|bitconcatenate|        p_shl_fu_249        |    0    |    0    |
|          |         tmp_fu_257         |    0    |    0    |
|----------|----------------------------|---------|---------|
|partselect|      trunc_ln1_fu_355      |    0    |    0    |
|----------|----------------------------|---------|---------|
|   sext   |      sext_ln15_fu_389      |    0    |    0    |
|----------|----------------------------|---------|---------|
|   Total  |                            |    0    |   268   |
|----------|----------------------------|---------|---------|

Memories:
N/A

* Register list:
+------------------------+--------+
|                        |   FF   |
+------------------------+--------+
|        b_reg_399       |    6   |
|   bound_cast_reg_432   |   11   |
| data_mm_buffer_reg_479 |   128  |
|    empty_54_reg_454    |   23   |
|  first_iter_0_reg_163  |    1   |
|  first_iter_1_reg_152  |    1   |
|    gmem_addr_reg_473   |   128  |
|    icmp_ln14_reg_442   |    1   |
|    icmp_ln15_reg_446   |    1   |
|indvar_flatten12_reg_420|   22   |
| indvar_flatten_reg_406 |   11   |
|        j_reg_413       |   12   |
| mm_buffer_read_reg_427 |   64   |
|    or_ln15_1_reg_463   |    1   |
|     or_ln15_reg_459    |    1   |
|   p_cast_cast_reg_437  |   64   |
|    trunc_ln1_reg_468   |   60   |
+------------------------+--------+
|          Total         |   535  |
+------------------------+--------+

* Multiplexer (MUX) list: 
|----------------------|------|------|------|--------||---------||---------||---------|
|         Comp         |  Pin | Size |  BW  | S x BW ||  Delay  ||    FF   ||   LUT   |
|----------------------|------|------|------|--------||---------||---------||---------|
|  grp_readreq_fu_134  |  p1  |   2  |  128 |   256  ||    0    ||    9    |
| first_iter_0_reg_163 |  p0  |   2  |   1  |    2   |
|----------------------|------|------|------|--------||---------||---------||---------|
|         Total        |      |      |      |   258  ||  3.176  ||    0    ||    9    |
|----------------------|------|------|------|--------||---------||---------||---------|



* Summary:
+-----------+--------+--------+--------+
|           |  Delay |   FF   |   LUT  |
+-----------+--------+--------+--------+
|  Function |    -   |    0   |   268  |
|   Memory  |    -   |    -   |    -   |
|Multiplexer|    3   |    0   |    9   |
|  Register |    -   |   535  |    -   |
+-----------+--------+--------+--------+
|   Total   |    3   |   535  |   277  |
+-----------+--------+--------+--------+
