

================================================================
== Vitis HLS Report for 'DMA24b_mm2s_streamout_Pipeline_line_loop_group_loop'
================================================================
* Date:           Fri Sep 11 11:21:28 2026

* Version:        2024.2 (Build 5238294 on Nov  8 2024)
* Project:        DMA24b_mm2s_prj
* Solution:       solution1 (Vivado IP Flow Target)
* Product family: zynq
* Target device:  xc7z020-clg400-1


================================================================
== Performance Estimates
================================================================
+ Timing: 
    * Summary: 
    +--------+---------+----------+------------+
    |  Clock |  Target | Estimated| Uncertainty|
    +--------+---------+----------+------------+
    |ap_clk  |  6.66 ns|  4.751 ns|     1.80 ns|
    +--------+---------+----------+------------+

+ Latency: 
    * Summary: 
    +---------+----------+-----------+-----------+-----+----------+------------------------------------------------+
    |  Latency (cycles)  |   Latency (absolute)  |    Interval    |                    Pipeline                    |
    |   min   |    max   |    min    |    max    | min |    max   |                      Type                      |
    +---------+----------+-----------+-----------+-----+----------+------------------------------------------------+
    |        2|  16707602|  13.320 ns|  0.111 sec|    1|  16707601|  loop auto-rewind stp (delay=0 clock cycles(s))|
    +---------+----------+-----------+-----------+-----+----------+------------------------------------------------+

    + Detail: 
        * Instance: 
        N/A

        * Loop: 
        +------------------------+---------+----------+----------+-----------+-----------+-------------+----------+
        |                        |  Latency (cycles)  | Iteration|  Initiation Interval  |     Trip    |          |
        |        Loop Name       |   min   |    max   |  Latency |  achieved |   target  |    Count    | Pipelined|
        +------------------------+---------+----------+----------+-----------+-----------+-------------+----------+
        |- line_loop_group_loop  |        0|  16707600|        17|         16|         16|  0 ~ 1044225|       yes|
        +------------------------+---------+----------+----------+-----------+-----------+-------------+----------+

============================================================
+ Verbose Summary: Synthesis Manager
============================================================
InlineROM: 1
ExposeGlobal: 0
============================================================
+ Verbose Summary: CDFG Model
============================================================
IsTopModel: 0
ResetActiveHigh: 1
IsCombinational: 0
IsDatapathOnly: 0
HasWiredReturn: 1
HasMFsm: 2
HasVarLatency: 1
IsPipeline: 0
IsRtlPipelined: 0
IsInstanceOverlapped: 0
IsDontTouch: 0
HasImplIP: 0
IsGatedGlobalClock: 0

+ Individual pipeline summary: 
  * Pipeline-0: initiation interval (II) = 16, depth = 18


============================================================
+ Verbose Summary: Schedule
============================================================
* Number of FSM states : 18
* Pipeline : 1
  Pipeline-0 : II = 16, D = 18, States = { 1 2 3 4 5 6 7 8 9 10 11 12 13 14 15 16 17 18 }
* Dataflow Pipeline: 0

* FSM state transitions: 
1 --> 2 
2 --> 3 
3 --> 4 
4 --> 5 
5 --> 6 
6 --> 7 
7 --> 8 
8 --> 9 
9 --> 10 
10 --> 11 
11 --> 12 
12 --> 13 
13 --> 14 
14 --> 15 
15 --> 16 
16 --> 17 
17 --> 18 
18 --> 

* FSM state operations: 

State 1 <SV = 0> <Delay = 1.58>
ST_1 : Operation 20 [1/1] (0.00ns)   --->   "%i = alloca i32 1" [../src/DMA24b_mm2s.cpp:39]   --->   Operation 20 'alloca' 'i' <Predicate = true> <Delay = 0.00>
ST_1 : Operation 21 [1/1] (0.00ns)   --->   "%j = alloca i32 1" [../src/DMA24b_mm2s.cpp:38]   --->   Operation 21 'alloca' 'j' <Predicate = true> <Delay = 0.00>
ST_1 : Operation 22 [1/1] (0.00ns)   --->   "%indvar_flatten = alloca i32 1"   --->   Operation 22 'alloca' 'indvar_flatten' <Predicate = true> <Delay = 0.00>
ST_1 : Operation 23 [1/1] (0.00ns)   --->   "%specaxissidechannel_ln0 = specaxissidechannel void @_ssdm_op_SpecAXISSideChannel, i24 %STR_video_out_V_data_V, i3 %STR_video_out_V_keep_V, i3 %STR_video_out_V_strb_V, i1 %STR_video_out_V_user_V, i1 %STR_video_out_V_last_V, i1 0, i1 0, void @empty_1"   --->   Operation 23 'specaxissidechannel' 'specaxissidechannel_ln0' <Predicate = true> <Delay = 0.00>
ST_1 : Operation 24 [1/1] (0.00ns)   --->   "%specinterface_ln0 = specinterface void @_ssdm_op_SpecInterface, i1 %STR_video_out_V_last_V, i1 %STR_video_out_V_user_V, i3 %STR_video_out_V_strb_V, i3 %STR_video_out_V_keep_V, i24 %STR_video_out_V_data_V, void @empty_9, i32 0, i32 0, void @empty_5, i32 0, i32 0, void @empty_4, void @empty_4, void @empty_4, i32 0, i32 0, i32 0, i32 0, void @empty_4, void @empty_4, i32 4294967295, i32 0, i32 0"   --->   Operation 24 'specinterface' 'specinterface_ln0' <Predicate = true> <Delay = 0.00>
ST_1 : Operation 25 [1/1] (0.00ns)   --->   "%specinterface_ln0 = specinterface void @_ssdm_op_SpecInterface, i128 %mm_fifo, void @empty_2, i32 0, i32 0, void @empty_4, i32 0, i32 0, void @empty_4, void @empty_4, void @empty_4, i32 0, i32 0, i32 0, i32 0, void @empty_4, void @empty_4, i32 4294967295, i32 0, i32 0"   --->   Operation 25 'specinterface' 'specinterface_ln0' <Predicate = true> <Delay = 0.00>
ST_1 : Operation 26 [1/1] (0.00ns)   --->   "%bound_read = read i20 @_ssdm_op_Read.ap_auto.i20, i20 %bound"   --->   Operation 26 'read' 'bound_read' <Predicate = true> <Delay = 0.00>
ST_1 : Operation 27 [1/1] (0.00ns)   --->   "%last_i_read = read i9 @_ssdm_op_Read.ap_auto.i9, i9 %last_i"   --->   Operation 27 'read' 'last_i_read' <Predicate = true> <Delay = 0.00>
ST_1 : Operation 28 [1/1] (1.58ns)   --->   "%store_ln0 = store i20 0, i20 %indvar_flatten"   --->   Operation 28 'store' 'store_ln0' <Predicate = true> <Delay = 1.58>
ST_1 : Operation 29 [1/1] (1.58ns)   --->   "%store_ln38 = store i12 0, i12 %j" [../src/DMA24b_mm2s.cpp:38]   --->   Operation 29 'store' 'store_ln38' <Predicate = true> <Delay = 1.58>
ST_1 : Operation 30 [1/1] (1.58ns)   --->   "%store_ln39 = store i8 0, i8 %i" [../src/DMA24b_mm2s.cpp:39]   --->   Operation 30 'store' 'store_ln39' <Predicate = true> <Delay = 1.58>
ST_1 : Operation 31 [1/1] (0.00ns)   --->   "%br_ln38 = br void %read_loop" [../src/DMA24b_mm2s.cpp:38]   --->   Operation 31 'br' 'br_ln38' <Predicate = true> <Delay = 0.00>

State 2 <SV = 1> <Delay = 2.19>
ST_2 : Operation 32 [1/1] (0.00ns)   --->   "%i_2 = load i8 %i" [../src/DMA24b_mm2s.cpp:39]   --->   Operation 32 'load' 'i_2' <Predicate = true> <Delay = 0.00>
ST_2 : Operation 33 [1/1] (0.00ns)   --->   "%indvar_flatten_load = load i20 %indvar_flatten" [../src/DMA24b_mm2s.cpp:38]   --->   Operation 33 'load' 'indvar_flatten_load' <Predicate = true> <Delay = 0.00>
ST_2 : Operation 34 [1/1] (0.00ns)   --->   "%zext_ln39 = zext i8 %i_2" [../src/DMA24b_mm2s.cpp:39]   --->   Operation 34 'zext' 'zext_ln39' <Predicate = true> <Delay = 0.00>
ST_2 : Operation 35 [1/1] (1.82ns)   --->   "%icmp_ln39 = icmp_sgt  i9 %zext_ln39, i9 %last_i_read" [../src/DMA24b_mm2s.cpp:39]   --->   Operation 35 'icmp' 'icmp_ln39' <Predicate = true> <Delay = 1.82> <CoreInst = "Cmp">   --->   Core 9 'Cmp' <Latency = 0> <II = 1> <Delay = 1.82> <FuncUnit> <Opcode : 'seteq' 'setne' 'setle' 'setge' 'setlt' 'setgt'> <InPorts = 2> <OutPorts = 1>
ST_2 : Operation 36 [1/1] (2.19ns)   --->   "%icmp_ln38 = icmp_eq  i20 %indvar_flatten_load, i20 %bound_read" [../src/DMA24b_mm2s.cpp:38]   --->   Operation 36 'icmp' 'icmp_ln38' <Predicate = true> <Delay = 2.19> <CoreInst = "Cmp">   --->   Core 9 'Cmp' <Latency = 0> <II = 1> <Delay = 2.19> <FuncUnit> <Opcode : 'seteq' 'setne' 'setle' 'setge' 'setlt' 'setgt'> <InPorts = 2> <OutPorts = 1>
ST_2 : Operation 37 [1/1] (2.19ns)   --->   "%add_ln38 = add i20 %indvar_flatten_load, i20 1" [../src/DMA24b_mm2s.cpp:38]   --->   Operation 37 'add' 'add_ln38' <Predicate = true> <Delay = 2.19> <CoreInst = "Adder">   --->   Core 1 'Adder' <Latency = 0> <II = 1> <Delay = 2.19> <FuncUnit> <Opcode : 'add' 'sub'> <InPorts = 2> <OutPorts = 1>
ST_2 : Operation 38 [1/1] (0.00ns)   --->   "%br_ln38 = br i1 %icmp_ln38, void %for.inc34.loopexit, void %for.end36.loopexit.exitStub" [../src/DMA24b_mm2s.cpp:38]   --->   Operation 38 'br' 'br_ln38' <Predicate = true> <Delay = 0.00>
ST_2 : Operation 39 [1/1] (0.00ns)   --->   "%j_load = load i12 %j" [../src/DMA24b_mm2s.cpp:38]   --->   Operation 39 'load' 'j_load' <Predicate = (!icmp_ln38)> <Delay = 0.00>
ST_2 : Operation 40 [1/1] (1.54ns)   --->   "%add_ln38_1 = add i12 %j_load, i12 1" [../src/DMA24b_mm2s.cpp:38]   --->   Operation 40 'add' 'add_ln38_1' <Predicate = (!icmp_ln38)> <Delay = 1.54> <CoreInst = "Adder">   --->   Core 1 'Adder' <Latency = 0> <II = 1> <Delay = 1.54> <FuncUnit> <Opcode : 'add' 'sub'> <InPorts = 2> <OutPorts = 1>
ST_2 : Operation 141 [1/1] (1.58ns)   --->   "%ret_ln0 = ret"   --->   Operation 141 'ret' 'ret_ln0' <Predicate = (icmp_ln38)> <Delay = 1.58>

State 3 <SV = 2> <Delay = 4.75>
ST_3 : Operation 41 [1/1] (1.24ns)   --->   "%select_ln38 = select i1 %icmp_ln39, i8 0, i8 %i_2" [../src/DMA24b_mm2s.cpp:38]   --->   Operation 41 'select' 'select_ln38' <Predicate = (!icmp_ln38)> <Delay = 1.24> <CoreInst = "Sel">   --->   Core 73 'Sel' <Latency = 0> <II = 1> <Delay = 1.24> <FuncUnit> <Opcode : 'select'> <InPorts = 3> <OutPorts = 1>
ST_3 : Operation 42 [1/1] (0.00ns)   --->   "%zext_ln38 = zext i8 %select_ln38" [../src/DMA24b_mm2s.cpp:38]   --->   Operation 42 'zext' 'zext_ln38' <Predicate = (!icmp_ln38)> <Delay = 0.00>
ST_3 : Operation 43 [1/1] (0.69ns)   --->   "%select_ln38_1 = select i1 %icmp_ln39, i12 %add_ln38_1, i12 %j_load" [../src/DMA24b_mm2s.cpp:38]   --->   Operation 43 'select' 'select_ln38_1' <Predicate = (!icmp_ln38)> <Delay = 0.69> <CoreInst = "Sel">   --->   Core 73 'Sel' <Latency = 0> <II = 1> <Delay = 0.69> <FuncUnit> <Opcode : 'select'> <InPorts = 3> <OutPorts = 1>
ST_3 : Operation 44 [1/1] (0.00ns) (grouped into LUT with out node video_elt_out_user)   --->   "%trunc_ln51 = trunc i12 %select_ln38_1" [../src/DMA24b_mm2s.cpp:51]   --->   Operation 44 'trunc' 'trunc_ln51' <Predicate = (!icmp_ln38)> <Delay = 0.00>
ST_3 : Operation 45 [1/1] ( I:2.43ns O:2.43ns )   --->   "%mm_fifo_read = read i128 @_ssdm_op_Read.ap_fifo.volatile.i128P0A, i128 %mm_fifo" [../src/DMA24b_mm2s.cpp:43]   --->   Operation 45 'read' 'mm_fifo_read' <Predicate = (!icmp_ln38)> <Delay = 2.43> <CoreInst = "FIFO">   --->   Core 77 'FIFO' <Latency = 0> <II = 1> <Delay = 3.53> <Storage> <Opcode : 'read' 'write' 'nbread' 'nbwrite'> <Ports = 0> <Width = 128> <Depth = 256> <FIFO>
ST_3 : Operation 46 [1/1] (1.82ns)   --->   "%video_elt_out_last = icmp_eq  i9 %zext_ln38, i9 %last_i_read" [../src/DMA24b_mm2s.cpp:38]   --->   Operation 46 'icmp' 'video_elt_out_last' <Predicate = (!icmp_ln38)> <Delay = 1.82> <CoreInst = "Cmp">   --->   Core 9 'Cmp' <Latency = 0> <II = 1> <Delay = 1.82> <FuncUnit> <Opcode : 'seteq' 'setne' 'setle' 'setge' 'setlt' 'setgt'> <InPorts = 2> <OutPorts = 1>
ST_3 : Operation 47 [1/1] (0.00ns)   --->   "%trunc_ln60 = trunc i128 %mm_fifo_read" [../src/DMA24b_mm2s_utils.h:60->../src/DMA24b_mm2s.cpp:47]   --->   Operation 47 'trunc' 'trunc_ln60' <Predicate = (!icmp_ln38)> <Delay = 0.00>
ST_3 : Operation 48 [1/1] (0.00ns)   --->   "%tmp_1 = partselect i8 @_ssdm_op_PartSelect.i8.i128.i32.i32, i128 %mm_fifo_read, i32 8, i32 15" [../src/DMA24b_mm2s_utils.h:61->../src/DMA24b_mm2s.cpp:47]   --->   Operation 48 'partselect' 'tmp_1' <Predicate = (!icmp_ln38)> <Delay = 0.00>
ST_3 : Operation 49 [1/1] (0.00ns)   --->   "%tmp_2 = partselect i8 @_ssdm_op_PartSelect.i8.i128.i32.i32, i128 %mm_fifo_read, i32 16, i32 23" [../src/DMA24b_mm2s_utils.h:62->../src/DMA24b_mm2s.cpp:47]   --->   Operation 49 'partselect' 'tmp_2' <Predicate = (!icmp_ln38)> <Delay = 0.00>
ST_3 : Operation 50 [1/1] (0.00ns)   --->   "%video_elt_out_data = bitconcatenate i24 @_ssdm_op_BitConcatenate.i24.i8.i8.i8, i8 %trunc_ln60, i8 %tmp_1, i8 %tmp_2" [../src/DMA24b_mm2s_utils.h:62->../src/DMA24b_mm2s.cpp:47]   --->   Operation 50 'bitconcatenate' 'video_elt_out_data' <Predicate = (!icmp_ln38)> <Delay = 0.00>
ST_3 : Operation 51 [1/1] (0.00ns) (grouped into LUT with out node video_elt_out_user)   --->   "%or_ln51 = or i8 %trunc_ln51, i8 %select_ln38" [../src/DMA24b_mm2s.cpp:51]   --->   Operation 51 'or' 'or_ln51' <Predicate = (!icmp_ln38)> <Delay = 0.00> <CoreInst = "LogicGate">   --->   Core 74 'LogicGate' <Latency = 0> <II = 1> <Delay = 0.99> <FuncUnit> <Opcode : 'and' 'or' 'xor'> <InPorts = 2> <OutPorts = 1>
ST_3 : Operation 52 [1/1] (0.00ns) (grouped into LUT with out node video_elt_out_user)   --->   "%tmp_15 = partselect i4 @_ssdm_op_PartSelect.i4.i12.i32.i32, i12 %select_ln38_1, i32 8, i32 11" [../src/DMA24b_mm2s.cpp:51]   --->   Operation 52 'partselect' 'tmp_15' <Predicate = (!icmp_ln38)> <Delay = 0.00>
ST_3 : Operation 53 [1/1] (0.00ns) (grouped into LUT with out node video_elt_out_user)   --->   "%or_ln = bitconcatenate i12 @_ssdm_op_BitConcatenate.i12.i4.i8, i4 %tmp_15, i8 %or_ln51" [../src/DMA24b_mm2s.cpp:51]   --->   Operation 53 'bitconcatenate' 'or_ln' <Predicate = (!icmp_ln38)> <Delay = 0.00>
ST_3 : Operation 54 [1/1] (1.54ns) (out node of the LUT)   --->   "%video_elt_out_user = icmp_eq  i12 %or_ln, i12 0" [../src/DMA24b_mm2s.cpp:51]   --->   Operation 54 'icmp' 'video_elt_out_user' <Predicate = (!icmp_ln38)> <Delay = 1.54> <CoreInst = "Cmp">   --->   Core 9 'Cmp' <Latency = 0> <II = 1> <Delay = 1.54> <FuncUnit> <Opcode : 'seteq' 'setne' 'setle' 'setge' 'setlt' 'setgt'> <InPorts = 2> <OutPorts = 1>
ST_3 : Operation 55 [1/1] (1.26ns)   --->   "%write_ln52 = write void @_ssdm_op_Write.axis.volatile.i24P0A.i3P0A.i3P0A.i1P0A.i1P0A, i24 %STR_video_out_V_data_V, i3 %STR_video_out_V_keep_V, i3 %STR_video_out_V_strb_V, i1 %STR_video_out_V_user_V, i1 %STR_video_out_V_last_V, i24 %video_elt_out_data, i3 7, i3 7, i1 %video_elt_out_user, i1 0" [../src/DMA24b_mm2s.cpp:52]   --->   Operation 55 'write' 'write_ln52' <Predicate = (!icmp_ln38)> <Delay = 1.26> <CoreInst = "regslice">   --->   Core 135 'regslice' <Latency = 0> <II = 1> <Delay = 1.86> <Adapter> <Opcode : 'read' 'write'>
ST_3 : Operation 56 [1/1] (0.00ns)   --->   "%tmp_5 = partselect i8 @_ssdm_op_PartSelect.i8.i128.i32.i32, i128 %mm_fifo_read, i32 24, i32 31" [../src/DMA24b_mm2s_utils.h:60->../src/DMA24b_mm2s.cpp:47]   --->   Operation 56 'partselect' 'tmp_5' <Predicate = (!icmp_ln38)> <Delay = 0.00>
ST_3 : Operation 57 [1/1] (0.00ns)   --->   "%tmp_6 = partselect i8 @_ssdm_op_PartSelect.i8.i128.i32.i32, i128 %mm_fifo_read, i32 32, i32 39" [../src/DMA24b_mm2s_utils.h:61->../src/DMA24b_mm2s.cpp:47]   --->   Operation 57 'partselect' 'tmp_6' <Predicate = (!icmp_ln38)> <Delay = 0.00>
ST_3 : Operation 58 [1/1] (0.00ns)   --->   "%tmp_7 = partselect i8 @_ssdm_op_PartSelect.i8.i128.i32.i32, i128 %mm_fifo_read, i32 40, i32 47" [../src/DMA24b_mm2s_utils.h:62->../src/DMA24b_mm2s.cpp:47]   --->   Operation 58 'partselect' 'tmp_7' <Predicate = (!icmp_ln38)> <Delay = 0.00>
ST_3 : Operation 59 [1/1] (0.00ns)   --->   "%tmp_s = partselect i8 @_ssdm_op_PartSelect.i8.i128.i32.i32, i128 %mm_fifo_read, i32 48, i32 55" [../src/DMA24b_mm2s_utils.h:60->../src/DMA24b_mm2s.cpp:47]   --->   Operation 59 'partselect' 'tmp_s' <Predicate = (!icmp_ln38)> <Delay = 0.00>
ST_3 : Operation 60 [1/1] (0.00ns)   --->   "%tmp_3 = partselect i8 @_ssdm_op_PartSelect.i8.i128.i32.i32, i128 %mm_fifo_read, i32 56, i32 63" [../src/DMA24b_mm2s_utils.h:61->../src/DMA24b_mm2s.cpp:47]   --->   Operation 60 'partselect' 'tmp_3' <Predicate = (!icmp_ln38)> <Delay = 0.00>
ST_3 : Operation 61 [1/1] (0.00ns)   --->   "%tmp_4 = partselect i8 @_ssdm_op_PartSelect.i8.i128.i32.i32, i128 %mm_fifo_read, i32 64, i32 71" [../src/DMA24b_mm2s_utils.h:62->../src/DMA24b_mm2s.cpp:47]   --->   Operation 61 'partselect' 'tmp_4' <Predicate = (!icmp_ln38)> <Delay = 0.00>
ST_3 : Operation 62 [1/1] (0.00ns)   --->   "%tmp_8 = partselect i8 @_ssdm_op_PartSelect.i8.i128.i32.i32, i128 %mm_fifo_read, i32 72, i32 79" [../src/DMA24b_mm2s_utils.h:60->../src/DMA24b_mm2s.cpp:47]   --->   Operation 62 'partselect' 'tmp_8' <Predicate = (!icmp_ln38)> <Delay = 0.00>
ST_3 : Operation 63 [1/1] (0.00ns)   --->   "%tmp_9 = partselect i8 @_ssdm_op_PartSelect.i8.i128.i32.i32, i128 %mm_fifo_read, i32 80, i32 87" [../src/DMA24b_mm2s_utils.h:61->../src/DMA24b_mm2s.cpp:47]   --->   Operation 63 'partselect' 'tmp_9' <Predicate = (!icmp_ln38)> <Delay = 0.00>
ST_3 : Operation 64 [1/1] (0.00ns)   --->   "%tmp_10 = partselect i8 @_ssdm_op_PartSelect.i8.i128.i32.i32, i128 %mm_fifo_read, i32 88, i32 95" [../src/DMA24b_mm2s_utils.h:62->../src/DMA24b_mm2s.cpp:47]   --->   Operation 64 'partselect' 'tmp_10' <Predicate = (!icmp_ln38)> <Delay = 0.00>
ST_3 : Operation 65 [1/1] (0.00ns)   --->   "%tmp_11 = partselect i8 @_ssdm_op_PartSelect.i8.i128.i32.i32, i128 %mm_fifo_read, i32 96, i32 103" [../src/DMA24b_mm2s_utils.h:60->../src/DMA24b_mm2s.cpp:47]   --->   Operation 65 'partselect' 'tmp_11' <Predicate = (!icmp_ln38)> <Delay = 0.00>
ST_3 : Operation 66 [1/1] (0.00ns)   --->   "%tmp_12 = partselect i8 @_ssdm_op_PartSelect.i8.i128.i32.i32, i128 %mm_fifo_read, i32 104, i32 111" [../src/DMA24b_mm2s_utils.h:61->../src/DMA24b_mm2s.cpp:47]   --->   Operation 66 'partselect' 'tmp_12' <Predicate = (!icmp_ln38)> <Delay = 0.00>
ST_3 : Operation 67 [1/1] (0.00ns)   --->   "%tmp_13 = partselect i8 @_ssdm_op_PartSelect.i8.i128.i32.i32, i128 %mm_fifo_read, i32 112, i32 119" [../src/DMA24b_mm2s_utils.h:62->../src/DMA24b_mm2s.cpp:47]   --->   Operation 67 'partselect' 'tmp_13' <Predicate = (!icmp_ln38)> <Delay = 0.00>
ST_3 : Operation 68 [1/1] (0.00ns)   --->   "%tmp_14 = partselect i8 @_ssdm_op_PartSelect.i8.i128.i32.i32, i128 %mm_fifo_read, i32 120, i32 127" [../src/DMA24b_mm2s_utils.h:60->../src/DMA24b_mm2s.cpp:47]   --->   Operation 68 'partselect' 'tmp_14' <Predicate = (!icmp_ln38)> <Delay = 0.00>
ST_3 : Operation 69 [1/1] (1.91ns)   --->   "%i_3 = add i8 %select_ln38, i8 1" [../src/DMA24b_mm2s.cpp:39]   --->   Operation 69 'add' 'i_3' <Predicate = (!icmp_ln38)> <Delay = 1.91> <CoreInst = "Adder">   --->   Core 1 'Adder' <Latency = 0> <II = 1> <Delay = 1.91> <FuncUnit> <Opcode : 'add' 'sub'> <InPorts = 2> <OutPorts = 1>
ST_3 : Operation 70 [1/1] (1.58ns)   --->   "%store_ln38 = store i20 %add_ln38, i20 %indvar_flatten" [../src/DMA24b_mm2s.cpp:38]   --->   Operation 70 'store' 'store_ln38' <Predicate = (!icmp_ln38)> <Delay = 1.58>
ST_3 : Operation 71 [1/1] (1.58ns)   --->   "%store_ln38 = store i12 %select_ln38_1, i12 %j" [../src/DMA24b_mm2s.cpp:38]   --->   Operation 71 'store' 'store_ln38' <Predicate = (!icmp_ln38)> <Delay = 1.58>
ST_3 : Operation 72 [1/1] (1.58ns)   --->   "%store_ln39 = store i8 %i_3, i8 %i" [../src/DMA24b_mm2s.cpp:39]   --->   Operation 72 'store' 'store_ln39' <Predicate = (!icmp_ln38)> <Delay = 1.58>

State 4 <SV = 3> <Delay = 1.26>
ST_4 : Operation 73 [1/1] (0.00ns)   --->   "%video_elt_out_data_1 = bitconcatenate i24 @_ssdm_op_BitConcatenate.i24.i8.i8.i8, i8 %tmp_5, i8 %tmp_6, i8 %tmp_7" [../src/DMA24b_mm2s_utils.h:62->../src/DMA24b_mm2s.cpp:47]   --->   Operation 73 'bitconcatenate' 'video_elt_out_data_1' <Predicate = (!icmp_ln38)> <Delay = 0.00>
ST_4 : Operation 74 [1/1] (1.26ns)   --->   "%write_ln52 = write void @_ssdm_op_Write.axis.volatile.i24P0A.i3P0A.i3P0A.i1P0A.i1P0A, i24 %STR_video_out_V_data_V, i3 %STR_video_out_V_keep_V, i3 %STR_video_out_V_strb_V, i1 %STR_video_out_V_user_V, i1 %STR_video_out_V_last_V, i24 %video_elt_out_data_1, i3 7, i3 7, i1 0, i1 0" [../src/DMA24b_mm2s.cpp:52]   --->   Operation 74 'write' 'write_ln52' <Predicate = (!icmp_ln38)> <Delay = 1.26> <CoreInst = "regslice">   --->   Core 135 'regslice' <Latency = 0> <II = 1> <Delay = 1.86> <Adapter> <Opcode : 'read' 'write'>

State 5 <SV = 4> <Delay = 1.26>
ST_5 : Operation 75 [1/1] (0.00ns)   --->   "%video_elt_out_data_2 = bitconcatenate i24 @_ssdm_op_BitConcatenate.i24.i8.i8.i8, i8 %tmp_s, i8 %tmp_3, i8 %tmp_4" [../src/DMA24b_mm2s_utils.h:62->../src/DMA24b_mm2s.cpp:47]   --->   Operation 75 'bitconcatenate' 'video_elt_out_data_2' <Predicate = (!icmp_ln38)> <Delay = 0.00>
ST_5 : Operation 76 [1/1] (1.26ns)   --->   "%write_ln52 = write void @_ssdm_op_Write.axis.volatile.i24P0A.i3P0A.i3P0A.i1P0A.i1P0A, i24 %STR_video_out_V_data_V, i3 %STR_video_out_V_keep_V, i3 %STR_video_out_V_strb_V, i1 %STR_video_out_V_user_V, i1 %STR_video_out_V_last_V, i24 %video_elt_out_data_2, i3 7, i3 7, i1 0, i1 0" [../src/DMA24b_mm2s.cpp:52]   --->   Operation 76 'write' 'write_ln52' <Predicate = (!icmp_ln38)> <Delay = 1.26> <CoreInst = "regslice">   --->   Core 135 'regslice' <Latency = 0> <II = 1> <Delay = 1.86> <Adapter> <Opcode : 'read' 'write'>

State 6 <SV = 5> <Delay = 1.26>
ST_6 : Operation 77 [1/1] (0.00ns)   --->   "%video_elt_out_data_3 = bitconcatenate i24 @_ssdm_op_BitConcatenate.i24.i8.i8.i8, i8 %tmp_8, i8 %tmp_9, i8 %tmp_10" [../src/DMA24b_mm2s_utils.h:62->../src/DMA24b_mm2s.cpp:47]   --->   Operation 77 'bitconcatenate' 'video_elt_out_data_3' <Predicate = (!icmp_ln38)> <Delay = 0.00>
ST_6 : Operation 78 [1/1] (1.26ns)   --->   "%write_ln52 = write void @_ssdm_op_Write.axis.volatile.i24P0A.i3P0A.i3P0A.i1P0A.i1P0A, i24 %STR_video_out_V_data_V, i3 %STR_video_out_V_keep_V, i3 %STR_video_out_V_strb_V, i1 %STR_video_out_V_user_V, i1 %STR_video_out_V_last_V, i24 %video_elt_out_data_3, i3 7, i3 7, i1 0, i1 0" [../src/DMA24b_mm2s.cpp:52]   --->   Operation 78 'write' 'write_ln52' <Predicate = (!icmp_ln38)> <Delay = 1.26> <CoreInst = "regslice">   --->   Core 135 'regslice' <Latency = 0> <II = 1> <Delay = 1.86> <Adapter> <Opcode : 'read' 'write'>

State 7 <SV = 6> <Delay = 1.26>
ST_7 : Operation 79 [1/1] (0.00ns)   --->   "%video_elt_out_data_4 = bitconcatenate i24 @_ssdm_op_BitConcatenate.i24.i8.i8.i8, i8 %tmp_11, i8 %tmp_12, i8 %tmp_13" [../src/DMA24b_mm2s_utils.h:62->../src/DMA24b_mm2s.cpp:47]   --->   Operation 79 'bitconcatenate' 'video_elt_out_data_4' <Predicate = (!icmp_ln38)> <Delay = 0.00>
ST_7 : Operation 80 [1/1] (1.26ns)   --->   "%write_ln52 = write void @_ssdm_op_Write.axis.volatile.i24P0A.i3P0A.i3P0A.i1P0A.i1P0A, i24 %STR_video_out_V_data_V, i3 %STR_video_out_V_keep_V, i3 %STR_video_out_V_strb_V, i1 %STR_video_out_V_user_V, i1 %STR_video_out_V_last_V, i24 %video_elt_out_data_4, i3 7, i3 7, i1 0, i1 0" [../src/DMA24b_mm2s.cpp:52]   --->   Operation 80 'write' 'write_ln52' <Predicate = (!icmp_ln38)> <Delay = 1.26> <CoreInst = "regslice">   --->   Core 135 'regslice' <Latency = 0> <II = 1> <Delay = 1.86> <Adapter> <Opcode : 'read' 'write'>

State 8 <SV = 7> <Delay = 3.69>
ST_8 : Operation 81 [1/1] ( I:2.43ns O:2.43ns )   --->   "%mm_fifo_read_1 = read i128 @_ssdm_op_Read.ap_fifo.volatile.i128P0A, i128 %mm_fifo" [../src/DMA24b_mm2s.cpp:43]   --->   Operation 81 'read' 'mm_fifo_read_1' <Predicate = (!icmp_ln38)> <Delay = 2.43> <CoreInst = "FIFO">   --->   Core 77 'FIFO' <Latency = 0> <II = 1> <Delay = 3.53> <Storage> <Opcode : 'read' 'write' 'nbread' 'nbwrite'> <Ports = 0> <Width = 128> <Depth = 256> <FIFO>
ST_8 : Operation 82 [1/1] (0.00ns)   --->   "%trunc_ln61 = trunc i128 %mm_fifo_read_1" [../src/DMA24b_mm2s_utils.h:61->../src/DMA24b_mm2s.cpp:47]   --->   Operation 82 'trunc' 'trunc_ln61' <Predicate = (!icmp_ln38)> <Delay = 0.00>
ST_8 : Operation 83 [1/1] (0.00ns)   --->   "%tmp_16 = partselect i8 @_ssdm_op_PartSelect.i8.i128.i32.i32, i128 %mm_fifo_read_1, i32 8, i32 15" [../src/DMA24b_mm2s_utils.h:62->../src/DMA24b_mm2s.cpp:47]   --->   Operation 83 'partselect' 'tmp_16' <Predicate = (!icmp_ln38)> <Delay = 0.00>
ST_8 : Operation 84 [1/1] (0.00ns)   --->   "%video_elt_out_data_5 = bitconcatenate i24 @_ssdm_op_BitConcatenate.i24.i8.i8.i8, i8 %tmp_14, i8 %trunc_ln61, i8 %tmp_16" [../src/DMA24b_mm2s_utils.h:62->../src/DMA24b_mm2s.cpp:47]   --->   Operation 84 'bitconcatenate' 'video_elt_out_data_5' <Predicate = (!icmp_ln38)> <Delay = 0.00>
ST_8 : Operation 85 [1/1] (1.26ns)   --->   "%write_ln52 = write void @_ssdm_op_Write.axis.volatile.i24P0A.i3P0A.i3P0A.i1P0A.i1P0A, i24 %STR_video_out_V_data_V, i3 %STR_video_out_V_keep_V, i3 %STR_video_out_V_strb_V, i1 %STR_video_out_V_user_V, i1 %STR_video_out_V_last_V, i24 %video_elt_out_data_5, i3 7, i3 7, i1 0, i1 0" [../src/DMA24b_mm2s.cpp:52]   --->   Operation 85 'write' 'write_ln52' <Predicate = (!icmp_ln38)> <Delay = 1.26> <CoreInst = "regslice">   --->   Core 135 'regslice' <Latency = 0> <II = 1> <Delay = 1.86> <Adapter> <Opcode : 'read' 'write'>
ST_8 : Operation 86 [1/1] (0.00ns)   --->   "%tmp_17 = partselect i8 @_ssdm_op_PartSelect.i8.i128.i32.i32, i128 %mm_fifo_read_1, i32 16, i32 23" [../src/DMA24b_mm2s_utils.h:60->../src/DMA24b_mm2s.cpp:47]   --->   Operation 86 'partselect' 'tmp_17' <Predicate = (!icmp_ln38)> <Delay = 0.00>
ST_8 : Operation 87 [1/1] (0.00ns)   --->   "%tmp_18 = partselect i8 @_ssdm_op_PartSelect.i8.i128.i32.i32, i128 %mm_fifo_read_1, i32 24, i32 31" [../src/DMA24b_mm2s_utils.h:61->../src/DMA24b_mm2s.cpp:47]   --->   Operation 87 'partselect' 'tmp_18' <Predicate = (!icmp_ln38)> <Delay = 0.00>
ST_8 : Operation 88 [1/1] (0.00ns)   --->   "%tmp_19 = partselect i8 @_ssdm_op_PartSelect.i8.i128.i32.i32, i128 %mm_fifo_read_1, i32 32, i32 39" [../src/DMA24b_mm2s_utils.h:62->../src/DMA24b_mm2s.cpp:47]   --->   Operation 88 'partselect' 'tmp_19' <Predicate = (!icmp_ln38)> <Delay = 0.00>
ST_8 : Operation 89 [1/1] (0.00ns)   --->   "%tmp_20 = partselect i8 @_ssdm_op_PartSelect.i8.i128.i32.i32, i128 %mm_fifo_read_1, i32 40, i32 47" [../src/DMA24b_mm2s_utils.h:60->../src/DMA24b_mm2s.cpp:47]   --->   Operation 89 'partselect' 'tmp_20' <Predicate = (!icmp_ln38)> <Delay = 0.00>
ST_8 : Operation 90 [1/1] (0.00ns)   --->   "%tmp_21 = partselect i8 @_ssdm_op_PartSelect.i8.i128.i32.i32, i128 %mm_fifo_read_1, i32 48, i32 55" [../src/DMA24b_mm2s_utils.h:61->../src/DMA24b_mm2s.cpp:47]   --->   Operation 90 'partselect' 'tmp_21' <Predicate = (!icmp_ln38)> <Delay = 0.00>
ST_8 : Operation 91 [1/1] (0.00ns)   --->   "%tmp_22 = partselect i8 @_ssdm_op_PartSelect.i8.i128.i32.i32, i128 %mm_fifo_read_1, i32 56, i32 63" [../src/DMA24b_mm2s_utils.h:62->../src/DMA24b_mm2s.cpp:47]   --->   Operation 91 'partselect' 'tmp_22' <Predicate = (!icmp_ln38)> <Delay = 0.00>
ST_8 : Operation 92 [1/1] (0.00ns)   --->   "%tmp_23 = partselect i8 @_ssdm_op_PartSelect.i8.i128.i32.i32, i128 %mm_fifo_read_1, i32 64, i32 71" [../src/DMA24b_mm2s_utils.h:60->../src/DMA24b_mm2s.cpp:47]   --->   Operation 92 'partselect' 'tmp_23' <Predicate = (!icmp_ln38)> <Delay = 0.00>
ST_8 : Operation 93 [1/1] (0.00ns)   --->   "%tmp_24 = partselect i8 @_ssdm_op_PartSelect.i8.i128.i32.i32, i128 %mm_fifo_read_1, i32 72, i32 79" [../src/DMA24b_mm2s_utils.h:61->../src/DMA24b_mm2s.cpp:47]   --->   Operation 93 'partselect' 'tmp_24' <Predicate = (!icmp_ln38)> <Delay = 0.00>
ST_8 : Operation 94 [1/1] (0.00ns)   --->   "%tmp_25 = partselect i8 @_ssdm_op_PartSelect.i8.i128.i32.i32, i128 %mm_fifo_read_1, i32 80, i32 87" [../src/DMA24b_mm2s_utils.h:62->../src/DMA24b_mm2s.cpp:47]   --->   Operation 94 'partselect' 'tmp_25' <Predicate = (!icmp_ln38)> <Delay = 0.00>
ST_8 : Operation 95 [1/1] (0.00ns)   --->   "%tmp_26 = partselect i8 @_ssdm_op_PartSelect.i8.i128.i32.i32, i128 %mm_fifo_read_1, i32 88, i32 95" [../src/DMA24b_mm2s_utils.h:60->../src/DMA24b_mm2s.cpp:47]   --->   Operation 95 'partselect' 'tmp_26' <Predicate = (!icmp_ln38)> <Delay = 0.00>
ST_8 : Operation 96 [1/1] (0.00ns)   --->   "%tmp_27 = partselect i8 @_ssdm_op_PartSelect.i8.i128.i32.i32, i128 %mm_fifo_read_1, i32 96, i32 103" [../src/DMA24b_mm2s_utils.h:61->../src/DMA24b_mm2s.cpp:47]   --->   Operation 96 'partselect' 'tmp_27' <Predicate = (!icmp_ln38)> <Delay = 0.00>
ST_8 : Operation 97 [1/1] (0.00ns)   --->   "%tmp_28 = partselect i8 @_ssdm_op_PartSelect.i8.i128.i32.i32, i128 %mm_fifo_read_1, i32 104, i32 111" [../src/DMA24b_mm2s_utils.h:62->../src/DMA24b_mm2s.cpp:47]   --->   Operation 97 'partselect' 'tmp_28' <Predicate = (!icmp_ln38)> <Delay = 0.00>
ST_8 : Operation 98 [1/1] (0.00ns)   --->   "%tmp_29 = partselect i8 @_ssdm_op_PartSelect.i8.i128.i32.i32, i128 %mm_fifo_read_1, i32 112, i32 119" [../src/DMA24b_mm2s_utils.h:60->../src/DMA24b_mm2s.cpp:47]   --->   Operation 98 'partselect' 'tmp_29' <Predicate = (!icmp_ln38)> <Delay = 0.00>
ST_8 : Operation 99 [1/1] (0.00ns)   --->   "%tmp_30 = partselect i8 @_ssdm_op_PartSelect.i8.i128.i32.i32, i128 %mm_fifo_read_1, i32 120, i32 127" [../src/DMA24b_mm2s_utils.h:61->../src/DMA24b_mm2s.cpp:47]   --->   Operation 99 'partselect' 'tmp_30' <Predicate = (!icmp_ln38)> <Delay = 0.00>

State 9 <SV = 8> <Delay = 1.26>
ST_9 : Operation 100 [1/1] (0.00ns)   --->   "%video_elt_out_data_6 = bitconcatenate i24 @_ssdm_op_BitConcatenate.i24.i8.i8.i8, i8 %tmp_17, i8 %tmp_18, i8 %tmp_19" [../src/DMA24b_mm2s_utils.h:62->../src/DMA24b_mm2s.cpp:47]   --->   Operation 100 'bitconcatenate' 'video_elt_out_data_6' <Predicate = (!icmp_ln38)> <Delay = 0.00>
ST_9 : Operation 101 [1/1] (1.26ns)   --->   "%write_ln52 = write void @_ssdm_op_Write.axis.volatile.i24P0A.i3P0A.i3P0A.i1P0A.i1P0A, i24 %STR_video_out_V_data_V, i3 %STR_video_out_V_keep_V, i3 %STR_video_out_V_strb_V, i1 %STR_video_out_V_user_V, i1 %STR_video_out_V_last_V, i24 %video_elt_out_data_6, i3 7, i3 7, i1 0, i1 0" [../src/DMA24b_mm2s.cpp:52]   --->   Operation 101 'write' 'write_ln52' <Predicate = (!icmp_ln38)> <Delay = 1.26> <CoreInst = "regslice">   --->   Core 135 'regslice' <Latency = 0> <II = 1> <Delay = 1.86> <Adapter> <Opcode : 'read' 'write'>

State 10 <SV = 9> <Delay = 1.26>
ST_10 : Operation 102 [1/1] (0.00ns)   --->   "%video_elt_out_data_7 = bitconcatenate i24 @_ssdm_op_BitConcatenate.i24.i8.i8.i8, i8 %tmp_20, i8 %tmp_21, i8 %tmp_22" [../src/DMA24b_mm2s_utils.h:62->../src/DMA24b_mm2s.cpp:47]   --->   Operation 102 'bitconcatenate' 'video_elt_out_data_7' <Predicate = (!icmp_ln38)> <Delay = 0.00>
ST_10 : Operation 103 [1/1] (1.26ns)   --->   "%write_ln52 = write void @_ssdm_op_Write.axis.volatile.i24P0A.i3P0A.i3P0A.i1P0A.i1P0A, i24 %STR_video_out_V_data_V, i3 %STR_video_out_V_keep_V, i3 %STR_video_out_V_strb_V, i1 %STR_video_out_V_user_V, i1 %STR_video_out_V_last_V, i24 %video_elt_out_data_7, i3 7, i3 7, i1 0, i1 0" [../src/DMA24b_mm2s.cpp:52]   --->   Operation 103 'write' 'write_ln52' <Predicate = (!icmp_ln38)> <Delay = 1.26> <CoreInst = "regslice">   --->   Core 135 'regslice' <Latency = 0> <II = 1> <Delay = 1.86> <Adapter> <Opcode : 'read' 'write'>

State 11 <SV = 10> <Delay = 1.26>
ST_11 : Operation 104 [1/1] (0.00ns)   --->   "%video_elt_out_data_8 = bitconcatenate i24 @_ssdm_op_BitConcatenate.i24.i8.i8.i8, i8 %tmp_23, i8 %tmp_24, i8 %tmp_25" [../src/DMA24b_mm2s_utils.h:62->../src/DMA24b_mm2s.cpp:47]   --->   Operation 104 'bitconcatenate' 'video_elt_out_data_8' <Predicate = (!icmp_ln38)> <Delay = 0.00>
ST_11 : Operation 105 [1/1] (1.26ns)   --->   "%write_ln52 = write void @_ssdm_op_Write.axis.volatile.i24P0A.i3P0A.i3P0A.i1P0A.i1P0A, i24 %STR_video_out_V_data_V, i3 %STR_video_out_V_keep_V, i3 %STR_video_out_V_strb_V, i1 %STR_video_out_V_user_V, i1 %STR_video_out_V_last_V, i24 %video_elt_out_data_8, i3 7, i3 7, i1 0, i1 0" [../src/DMA24b_mm2s.cpp:52]   --->   Operation 105 'write' 'write_ln52' <Predicate = (!icmp_ln38)> <Delay = 1.26> <CoreInst = "regslice">   --->   Core 135 'regslice' <Latency = 0> <II = 1> <Delay = 1.86> <Adapter> <Opcode : 'read' 'write'>

State 12 <SV = 11> <Delay = 1.26>
ST_12 : Operation 106 [1/1] (0.00ns)   --->   "%video_elt_out_data_9 = bitconcatenate i24 @_ssdm_op_BitConcatenate.i24.i8.i8.i8, i8 %tmp_26, i8 %tmp_27, i8 %tmp_28" [../src/DMA24b_mm2s_utils.h:62->../src/DMA24b_mm2s.cpp:47]   --->   Operation 106 'bitconcatenate' 'video_elt_out_data_9' <Predicate = (!icmp_ln38)> <Delay = 0.00>
ST_12 : Operation 107 [1/1] (1.26ns)   --->   "%write_ln52 = write void @_ssdm_op_Write.axis.volatile.i24P0A.i3P0A.i3P0A.i1P0A.i1P0A, i24 %STR_video_out_V_data_V, i3 %STR_video_out_V_keep_V, i3 %STR_video_out_V_strb_V, i1 %STR_video_out_V_user_V, i1 %STR_video_out_V_last_V, i24 %video_elt_out_data_9, i3 7, i3 7, i1 0, i1 0" [../src/DMA24b_mm2s.cpp:52]   --->   Operation 107 'write' 'write_ln52' <Predicate = (!icmp_ln38)> <Delay = 1.26> <CoreInst = "regslice">   --->   Core 135 'regslice' <Latency = 0> <II = 1> <Delay = 1.86> <Adapter> <Opcode : 'read' 'write'>

State 13 <SV = 12> <Delay = 3.69>
ST_13 : Operation 108 [1/1] ( I:2.43ns O:2.43ns )   --->   "%mm_fifo_read_2 = read i128 @_ssdm_op_Read.ap_fifo.volatile.i128P0A, i128 %mm_fifo" [../src/DMA24b_mm2s.cpp:43]   --->   Operation 108 'read' 'mm_fifo_read_2' <Predicate = (!icmp_ln38)> <Delay = 2.43> <CoreInst = "FIFO">   --->   Core 77 'FIFO' <Latency = 0> <II = 1> <Delay = 3.53> <Storage> <Opcode : 'read' 'write' 'nbread' 'nbwrite'> <Ports = 0> <Width = 128> <Depth = 256> <FIFO>
ST_13 : Operation 109 [1/1] (0.00ns)   --->   "%trunc_ln62 = trunc i128 %mm_fifo_read_2" [../src/DMA24b_mm2s_utils.h:62->../src/DMA24b_mm2s.cpp:47]   --->   Operation 109 'trunc' 'trunc_ln62' <Predicate = (!icmp_ln38)> <Delay = 0.00>
ST_13 : Operation 110 [1/1] (0.00ns)   --->   "%video_elt_out_data_10 = bitconcatenate i24 @_ssdm_op_BitConcatenate.i24.i8.i8.i8, i8 %tmp_29, i8 %tmp_30, i8 %trunc_ln62" [../src/DMA24b_mm2s_utils.h:62->../src/DMA24b_mm2s.cpp:47]   --->   Operation 110 'bitconcatenate' 'video_elt_out_data_10' <Predicate = (!icmp_ln38)> <Delay = 0.00>
ST_13 : Operation 111 [1/1] (1.26ns)   --->   "%write_ln52 = write void @_ssdm_op_Write.axis.volatile.i24P0A.i3P0A.i3P0A.i1P0A.i1P0A, i24 %STR_video_out_V_data_V, i3 %STR_video_out_V_keep_V, i3 %STR_video_out_V_strb_V, i1 %STR_video_out_V_user_V, i1 %STR_video_out_V_last_V, i24 %video_elt_out_data_10, i3 7, i3 7, i1 0, i1 0" [../src/DMA24b_mm2s.cpp:52]   --->   Operation 111 'write' 'write_ln52' <Predicate = (!icmp_ln38)> <Delay = 1.26> <CoreInst = "regslice">   --->   Core 135 'regslice' <Latency = 0> <II = 1> <Delay = 1.86> <Adapter> <Opcode : 'read' 'write'>
ST_13 : Operation 112 [1/1] (0.00ns)   --->   "%tmp_31 = partselect i8 @_ssdm_op_PartSelect.i8.i128.i32.i32, i128 %mm_fifo_read_2, i32 8, i32 15" [../src/DMA24b_mm2s_utils.h:60->../src/DMA24b_mm2s.cpp:47]   --->   Operation 112 'partselect' 'tmp_31' <Predicate = (!icmp_ln38)> <Delay = 0.00>
ST_13 : Operation 113 [1/1] (0.00ns)   --->   "%tmp_32 = partselect i8 @_ssdm_op_PartSelect.i8.i128.i32.i32, i128 %mm_fifo_read_2, i32 16, i32 23" [../src/DMA24b_mm2s_utils.h:61->../src/DMA24b_mm2s.cpp:47]   --->   Operation 113 'partselect' 'tmp_32' <Predicate = (!icmp_ln38)> <Delay = 0.00>
ST_13 : Operation 114 [1/1] (0.00ns)   --->   "%tmp_33 = partselect i8 @_ssdm_op_PartSelect.i8.i128.i32.i32, i128 %mm_fifo_read_2, i32 24, i32 31" [../src/DMA24b_mm2s_utils.h:62->../src/DMA24b_mm2s.cpp:47]   --->   Operation 114 'partselect' 'tmp_33' <Predicate = (!icmp_ln38)> <Delay = 0.00>
ST_13 : Operation 115 [1/1] (0.00ns)   --->   "%tmp_34 = partselect i8 @_ssdm_op_PartSelect.i8.i128.i32.i32, i128 %mm_fifo_read_2, i32 32, i32 39" [../src/DMA24b_mm2s_utils.h:60->../src/DMA24b_mm2s.cpp:47]   --->   Operation 115 'partselect' 'tmp_34' <Predicate = (!icmp_ln38)> <Delay = 0.00>
ST_13 : Operation 116 [1/1] (0.00ns)   --->   "%tmp_35 = partselect i8 @_ssdm_op_PartSelect.i8.i128.i32.i32, i128 %mm_fifo_read_2, i32 40, i32 47" [../src/DMA24b_mm2s_utils.h:61->../src/DMA24b_mm2s.cpp:47]   --->   Operation 116 'partselect' 'tmp_35' <Predicate = (!icmp_ln38)> <Delay = 0.00>
ST_13 : Operation 117 [1/1] (0.00ns)   --->   "%tmp_36 = partselect i8 @_ssdm_op_PartSelect.i8.i128.i32.i32, i128 %mm_fifo_read_2, i32 48, i32 55" [../src/DMA24b_mm2s_utils.h:62->../src/DMA24b_mm2s.cpp:47]   --->   Operation 117 'partselect' 'tmp_36' <Predicate = (!icmp_ln38)> <Delay = 0.00>
ST_13 : Operation 118 [1/1] (0.00ns)   --->   "%tmp_37 = partselect i8 @_ssdm_op_PartSelect.i8.i128.i32.i32, i128 %mm_fifo_read_2, i32 56, i32 63" [../src/DMA24b_mm2s_utils.h:60->../src/DMA24b_mm2s.cpp:47]   --->   Operation 118 'partselect' 'tmp_37' <Predicate = (!icmp_ln38)> <Delay = 0.00>
ST_13 : Operation 119 [1/1] (0.00ns)   --->   "%tmp_38 = partselect i8 @_ssdm_op_PartSelect.i8.i128.i32.i32, i128 %mm_fifo_read_2, i32 64, i32 71" [../src/DMA24b_mm2s_utils.h:61->../src/DMA24b_mm2s.cpp:47]   --->   Operation 119 'partselect' 'tmp_38' <Predicate = (!icmp_ln38)> <Delay = 0.00>
ST_13 : Operation 120 [1/1] (0.00ns)   --->   "%tmp_39 = partselect i8 @_ssdm_op_PartSelect.i8.i128.i32.i32, i128 %mm_fifo_read_2, i32 72, i32 79" [../src/DMA24b_mm2s_utils.h:62->../src/DMA24b_mm2s.cpp:47]   --->   Operation 120 'partselect' 'tmp_39' <Predicate = (!icmp_ln38)> <Delay = 0.00>
ST_13 : Operation 121 [1/1] (0.00ns)   --->   "%tmp_40 = partselect i8 @_ssdm_op_PartSelect.i8.i128.i32.i32, i128 %mm_fifo_read_2, i32 80, i32 87" [../src/DMA24b_mm2s_utils.h:60->../src/DMA24b_mm2s.cpp:47]   --->   Operation 121 'partselect' 'tmp_40' <Predicate = (!icmp_ln38)> <Delay = 0.00>
ST_13 : Operation 122 [1/1] (0.00ns)   --->   "%tmp_41 = partselect i8 @_ssdm_op_PartSelect.i8.i128.i32.i32, i128 %mm_fifo_read_2, i32 88, i32 95" [../src/DMA24b_mm2s_utils.h:61->../src/DMA24b_mm2s.cpp:47]   --->   Operation 122 'partselect' 'tmp_41' <Predicate = (!icmp_ln38)> <Delay = 0.00>
ST_13 : Operation 123 [1/1] (0.00ns)   --->   "%tmp_42 = partselect i8 @_ssdm_op_PartSelect.i8.i128.i32.i32, i128 %mm_fifo_read_2, i32 96, i32 103" [../src/DMA24b_mm2s_utils.h:62->../src/DMA24b_mm2s.cpp:47]   --->   Operation 123 'partselect' 'tmp_42' <Predicate = (!icmp_ln38)> <Delay = 0.00>
ST_13 : Operation 124 [1/1] (0.00ns)   --->   "%tmp_43 = partselect i8 @_ssdm_op_PartSelect.i8.i128.i32.i32, i128 %mm_fifo_read_2, i32 104, i32 111" [../src/DMA24b_mm2s_utils.h:60->../src/DMA24b_mm2s.cpp:47]   --->   Operation 124 'partselect' 'tmp_43' <Predicate = (!icmp_ln38)> <Delay = 0.00>
ST_13 : Operation 125 [1/1] (0.00ns)   --->   "%tmp_44 = partselect i8 @_ssdm_op_PartSelect.i8.i128.i32.i32, i128 %mm_fifo_read_2, i32 112, i32 119" [../src/DMA24b_mm2s_utils.h:61->../src/DMA24b_mm2s.cpp:47]   --->   Operation 125 'partselect' 'tmp_44' <Predicate = (!icmp_ln38)> <Delay = 0.00>
ST_13 : Operation 126 [1/1] (0.00ns)   --->   "%tmp_45 = partselect i8 @_ssdm_op_PartSelect.i8.i128.i32.i32, i128 %mm_fifo_read_2, i32 120, i32 127" [../src/DMA24b_mm2s_utils.h:62->../src/DMA24b_mm2s.cpp:47]   --->   Operation 126 'partselect' 'tmp_45' <Predicate = (!icmp_ln38)> <Delay = 0.00>

State 14 <SV = 13> <Delay = 1.26>
ST_14 : Operation 127 [1/1] (0.00ns)   --->   "%video_elt_out_data_11 = bitconcatenate i24 @_ssdm_op_BitConcatenate.i24.i8.i8.i8, i8 %tmp_31, i8 %tmp_32, i8 %tmp_33" [../src/DMA24b_mm2s_utils.h:62->../src/DMA24b_mm2s.cpp:47]   --->   Operation 127 'bitconcatenate' 'video_elt_out_data_11' <Predicate = (!icmp_ln38)> <Delay = 0.00>
ST_14 : Operation 128 [1/1] (1.26ns)   --->   "%write_ln52 = write void @_ssdm_op_Write.axis.volatile.i24P0A.i3P0A.i3P0A.i1P0A.i1P0A, i24 %STR_video_out_V_data_V, i3 %STR_video_out_V_keep_V, i3 %STR_video_out_V_strb_V, i1 %STR_video_out_V_user_V, i1 %STR_video_out_V_last_V, i24 %video_elt_out_data_11, i3 7, i3 7, i1 0, i1 0" [../src/DMA24b_mm2s.cpp:52]   --->   Operation 128 'write' 'write_ln52' <Predicate = (!icmp_ln38)> <Delay = 1.26> <CoreInst = "regslice">   --->   Core 135 'regslice' <Latency = 0> <II = 1> <Delay = 1.86> <Adapter> <Opcode : 'read' 'write'>

State 15 <SV = 14> <Delay = 1.26>
ST_15 : Operation 129 [1/1] (0.00ns)   --->   "%video_elt_out_data_12 = bitconcatenate i24 @_ssdm_op_BitConcatenate.i24.i8.i8.i8, i8 %tmp_34, i8 %tmp_35, i8 %tmp_36" [../src/DMA24b_mm2s_utils.h:62->../src/DMA24b_mm2s.cpp:47]   --->   Operation 129 'bitconcatenate' 'video_elt_out_data_12' <Predicate = (!icmp_ln38)> <Delay = 0.00>
ST_15 : Operation 130 [1/1] (1.26ns)   --->   "%write_ln52 = write void @_ssdm_op_Write.axis.volatile.i24P0A.i3P0A.i3P0A.i1P0A.i1P0A, i24 %STR_video_out_V_data_V, i3 %STR_video_out_V_keep_V, i3 %STR_video_out_V_strb_V, i1 %STR_video_out_V_user_V, i1 %STR_video_out_V_last_V, i24 %video_elt_out_data_12, i3 7, i3 7, i1 0, i1 0" [../src/DMA24b_mm2s.cpp:52]   --->   Operation 130 'write' 'write_ln52' <Predicate = (!icmp_ln38)> <Delay = 1.26> <CoreInst = "regslice">   --->   Core 135 'regslice' <Latency = 0> <II = 1> <Delay = 1.86> <Adapter> <Opcode : 'read' 'write'>

State 16 <SV = 15> <Delay = 1.26>
ST_16 : Operation 131 [1/1] (0.00ns)   --->   "%video_elt_out_data_13 = bitconcatenate i24 @_ssdm_op_BitConcatenate.i24.i8.i8.i8, i8 %tmp_37, i8 %tmp_38, i8 %tmp_39" [../src/DMA24b_mm2s_utils.h:62->../src/DMA24b_mm2s.cpp:47]   --->   Operation 131 'bitconcatenate' 'video_elt_out_data_13' <Predicate = (!icmp_ln38)> <Delay = 0.00>
ST_16 : Operation 132 [1/1] (1.26ns)   --->   "%write_ln52 = write void @_ssdm_op_Write.axis.volatile.i24P0A.i3P0A.i3P0A.i1P0A.i1P0A, i24 %STR_video_out_V_data_V, i3 %STR_video_out_V_keep_V, i3 %STR_video_out_V_strb_V, i1 %STR_video_out_V_user_V, i1 %STR_video_out_V_last_V, i24 %video_elt_out_data_13, i3 7, i3 7, i1 0, i1 0" [../src/DMA24b_mm2s.cpp:52]   --->   Operation 132 'write' 'write_ln52' <Predicate = (!icmp_ln38)> <Delay = 1.26> <CoreInst = "regslice">   --->   Core 135 'regslice' <Latency = 0> <II = 1> <Delay = 1.86> <Adapter> <Opcode : 'read' 'write'>

State 17 <SV = 16> <Delay = 1.26>
ST_17 : Operation 133 [1/1] (0.00ns)   --->   "%video_elt_out_data_14 = bitconcatenate i24 @_ssdm_op_BitConcatenate.i24.i8.i8.i8, i8 %tmp_40, i8 %tmp_41, i8 %tmp_42" [../src/DMA24b_mm2s_utils.h:62->../src/DMA24b_mm2s.cpp:47]   --->   Operation 133 'bitconcatenate' 'video_elt_out_data_14' <Predicate = (!icmp_ln38)> <Delay = 0.00>
ST_17 : Operation 134 [1/1] (1.26ns)   --->   "%write_ln52 = write void @_ssdm_op_Write.axis.volatile.i24P0A.i3P0A.i3P0A.i1P0A.i1P0A, i24 %STR_video_out_V_data_V, i3 %STR_video_out_V_keep_V, i3 %STR_video_out_V_strb_V, i1 %STR_video_out_V_user_V, i1 %STR_video_out_V_last_V, i24 %video_elt_out_data_14, i3 7, i3 7, i1 0, i1 0" [../src/DMA24b_mm2s.cpp:52]   --->   Operation 134 'write' 'write_ln52' <Predicate = (!icmp_ln38)> <Delay = 1.26> <CoreInst = "regslice">   --->   Core 135 'regslice' <Latency = 0> <II = 1> <Delay = 1.86> <Adapter> <Opcode : 'read' 'write'>

State 18 <SV = 17> <Delay = 1.26>
ST_18 : Operation 135 [1/1] (0.00ns)   --->   "%specloopname_ln0 = specloopname void @_ssdm_op_SpecLoopName, void @line_loop_group_loop_str"   --->   Operation 135 'specloopname' 'specloopname_ln0' <Predicate = true> <Delay = 0.00>
ST_18 : Operation 136 [1/1] (0.00ns)   --->   "%speclooptripcount_ln0 = speclooptripcount void @_ssdm_op_SpecLoopTripCount, i64 0, i64 1044225, i64 0"   --->   Operation 136 'speclooptripcount' 'speclooptripcount_ln0' <Predicate = true> <Delay = 0.00>
ST_18 : Operation 137 [1/1] (0.00ns)   --->   "%specpipeline_ln40 = specpipeline void @_ssdm_op_SpecPipeline, i32 16, i32 0, i32 0, i32 0, void @empty_4" [../src/DMA24b_mm2s.cpp:40]   --->   Operation 137 'specpipeline' 'specpipeline_ln40' <Predicate = true> <Delay = 0.00>
ST_18 : Operation 138 [1/1] (0.00ns)   --->   "%video_elt_out_data_15 = bitconcatenate i24 @_ssdm_op_BitConcatenate.i24.i8.i8.i8, i8 %tmp_43, i8 %tmp_44, i8 %tmp_45" [../src/DMA24b_mm2s_utils.h:62->../src/DMA24b_mm2s.cpp:47]   --->   Operation 138 'bitconcatenate' 'video_elt_out_data_15' <Predicate = true> <Delay = 0.00>
ST_18 : Operation 139 [1/1] (1.26ns)   --->   "%write_ln52 = write void @_ssdm_op_Write.axis.volatile.i24P0A.i3P0A.i3P0A.i1P0A.i1P0A, i24 %STR_video_out_V_data_V, i3 %STR_video_out_V_keep_V, i3 %STR_video_out_V_strb_V, i1 %STR_video_out_V_user_V, i1 %STR_video_out_V_last_V, i24 %video_elt_out_data_15, i3 7, i3 7, i1 0, i1 %video_elt_out_last" [../src/DMA24b_mm2s.cpp:52]   --->   Operation 139 'write' 'write_ln52' <Predicate = true> <Delay = 1.26> <CoreInst = "regslice">   --->   Core 135 'regslice' <Latency = 0> <II = 1> <Delay = 1.86> <Adapter> <Opcode : 'read' 'write'>
ST_18 : Operation 140 [1/1] (0.00ns)   --->   "%br_ln39 = br void %read_loop" [../src/DMA24b_mm2s.cpp:39]   --->   Operation 140 'br' 'br_ln39' <Predicate = true> <Delay = 0.00>


============================================================
+ Verbose Summary: Timing violations
============================================================
Target clock period: 6.660ns, clock uncertainty: 1.798ns.

 <State 1>: 1.588ns
The critical path consists of the following:
	'alloca' operation 20 bit ('indvar_flatten') [11]  (0.000 ns)
	'store' operation 0 bit ('store_ln0') of constant 0 on local variable 'indvar_flatten' [17]  (1.588 ns)

 <State 2>: 2.196ns
The critical path consists of the following:
	'load' operation 20 bit ('indvar_flatten_load', ../src/DMA24b_mm2s.cpp:38) on local variable 'indvar_flatten' [23]  (0.000 ns)
	'icmp' operation 1 bit ('icmp_ln38', ../src/DMA24b_mm2s.cpp:38) [26]  (2.196 ns)

 <State 3>: 4.751ns
The critical path consists of the following:
	'select' operation 8 bit ('select_ln38', ../src/DMA24b_mm2s.cpp:38) [33]  (1.248 ns)
	'add' operation 8 bit ('i', ../src/DMA24b_mm2s.cpp:39) [127]  (1.915 ns)
	'store' operation 0 bit ('store_ln39', ../src/DMA24b_mm2s.cpp:39) of variable 'i', ../src/DMA24b_mm2s.cpp:39 on local variable 'i', ../src/DMA24b_mm2s.cpp:39 [130]  (1.588 ns)

 <State 4>: 1.265ns
The critical path consists of the following:
	axis write operation ('write_ln52', ../src/DMA24b_mm2s.cpp:52) on port 'STR_video_out_V_data_V' (../src/DMA24b_mm2s.cpp:52) [56]  (1.265 ns)

 <State 5>: 1.265ns
The critical path consists of the following:
	axis write operation ('write_ln52', ../src/DMA24b_mm2s.cpp:52) on port 'STR_video_out_V_data_V' (../src/DMA24b_mm2s.cpp:52) [61]  (1.265 ns)

 <State 6>: 1.265ns
The critical path consists of the following:
	axis write operation ('write_ln52', ../src/DMA24b_mm2s.cpp:52) on port 'STR_video_out_V_data_V' (../src/DMA24b_mm2s.cpp:52) [66]  (1.265 ns)

 <State 7>: 1.265ns
The critical path consists of the following:
	axis write operation ('write_ln52', ../src/DMA24b_mm2s.cpp:52) on port 'STR_video_out_V_data_V' (../src/DMA24b_mm2s.cpp:52) [71]  (1.265 ns)

 <State 8>: 3.696ns
The critical path consists of the following:
	fifo read operation ('mm_fifo_read_1', ../src/DMA24b_mm2s.cpp:43) on port 'mm_fifo' (../src/DMA24b_mm2s.cpp:43) [40]  (2.431 ns)
	axis write operation ('write_ln52', ../src/DMA24b_mm2s.cpp:52) on port 'STR_video_out_V_data_V' (../src/DMA24b_mm2s.cpp:52) [76]  (1.265 ns)

 <State 9>: 1.265ns
The critical path consists of the following:
	axis write operation ('write_ln52', ../src/DMA24b_mm2s.cpp:52) on port 'STR_video_out_V_data_V' (../src/DMA24b_mm2s.cpp:52) [81]  (1.265 ns)

 <State 10>: 1.265ns
The critical path consists of the following:
	axis write operation ('write_ln52', ../src/DMA24b_mm2s.cpp:52) on port 'STR_video_out_V_data_V' (../src/DMA24b_mm2s.cpp:52) [86]  (1.265 ns)

 <State 11>: 1.265ns
The critical path consists of the following:
	axis write operation ('write_ln52', ../src/DMA24b_mm2s.cpp:52) on port 'STR_video_out_V_data_V' (../src/DMA24b_mm2s.cpp:52) [91]  (1.265 ns)

 <State 12>: 1.265ns
The critical path consists of the following:
	axis write operation ('write_ln52', ../src/DMA24b_mm2s.cpp:52) on port 'STR_video_out_V_data_V' (../src/DMA24b_mm2s.cpp:52) [96]  (1.265 ns)

 <State 13>: 3.696ns
The critical path consists of the following:
	fifo read operation ('mm_fifo_read_2', ../src/DMA24b_mm2s.cpp:43) on port 'mm_fifo' (../src/DMA24b_mm2s.cpp:43) [41]  (2.431 ns)
	axis write operation ('write_ln52', ../src/DMA24b_mm2s.cpp:52) on port 'STR_video_out_V_data_V' (../src/DMA24b_mm2s.cpp:52) [101]  (1.265 ns)

 <State 14>: 1.265ns
The critical path consists of the following:
	axis write operation ('write_ln52', ../src/DMA24b_mm2s.cpp:52) on port 'STR_video_out_V_data_V' (../src/DMA24b_mm2s.cpp:52) [106]  (1.265 ns)

 <State 15>: 1.265ns
The critical path consists of the following:
	axis write operation ('write_ln52', ../src/DMA24b_mm2s.cpp:52) on port 'STR_video_out_V_data_V' (../src/DMA24b_mm2s.cpp:52) [111]  (1.265 ns)

 <State 16>: 1.265ns
The critical path consists of the following:
	axis write operation ('write_ln52', ../src/DMA24b_mm2s.cpp:52) on port 'STR_video_out_V_data_V' (../src/DMA24b_mm2s.cpp:52) [116]  (1.265 ns)

 <State 17>: 1.265ns
The critical path consists of the following:
	axis write operation ('write_ln52', ../src/DMA24b_mm2s.cpp:52) on port 'STR_video_out_V_data_V' (../src/DMA24b_mm2s.cpp:52) [121]  (1.265 ns)

 <State 18>: 1.265ns
The critical path consists of the following:
	axis write operation ('write_ln52', ../src/DMA24b_mm2s.cpp:52) on port 'STR_video_out_V_data_V' (../src/DMA24b_mm2s.cpp:52) [126]  (1.265 ns)


============================================================
+ Verbose Summary: Binding
============================================================
N/A
* FSMD analyzer results:
  - Output states:
 - Input state : 
  - Chain level:
	State 1
	State 2
	State 3
	State 4
	State 5
	State 6
	State 7
	State 8
	State 9
	State 10
	State 11
	State 12
	State 13
	State 14
	State 15
	State 16
	State 17
	State 18


============================================================
+ Verbose Summary: Datapath Resource usage 
============================================================
N/A
