#-----------------------------------------------------------
# Vivado v2020.2 (64-bit)
# SW Build 3064766 on Wed Nov 18 09:12:47 MST 2020
# IP Build 3064653 on Wed Nov 18 14:17:31 MST 2020
# Start of session at: Tue Sep 15 11:14:59 2026
# Process ID: 26126
# Current directory: /home/glen/Documents/AJC-Expleo/Travaux/Projet_CronerDetection/Exemples/Reference_design_project_2020.2__720__0/Reference_design_project_2020.2/SoCora/SoCora.runs/synth_1
# Command line: vivado -log design_1_wrapper.vds -product Vivado -mode batch -messageDb vivado.pb -notrace -source design_1_wrapper.tcl
# Log file: /home/glen/Documents/AJC-Expleo/Travaux/Projet_CronerDetection/Exemples/Reference_design_project_2020.2__720__0/Reference_design_project_2020.2/SoCora/SoCora.runs/synth_1/design_1_wrapper.vds
# Journal file: /home/glen/Documents/AJC-Expleo/Travaux/Projet_CronerDetection/Exemples/Reference_design_project_2020.2__720__0/Reference_design_project_2020.2/SoCora/SoCora.runs/synth_1/vivado.jou
#-----------------------------------------------------------
source design_1_wrapper.tcl -notrace
