Copyright 1986-2020 Xilinx, Inc. All Rights Reserved.
---------------------------------------------------------------------------------------------
| Tool Version : Vivado v.2020.2 (lin64) Build 3064766 Wed Nov 18 09:12:47 MST 2020
| Date         : Thu Sep 10 14:38:36 2026
| Host         : glen-HP-ZBook-15u-G3 running 64-bit Ubuntu 24.04.4 LTS
| Command      : report_control_sets -verbose -file design_1_wrapper_control_sets_placed.rpt
| Design       : design_1_wrapper
| Device       : xc7z007s
---------------------------------------------------------------------------------------------

Control Set Information

Table of Contents
-----------------
1. Summary
2. Histogram
3. Flip-Flop Distribution
4. Detailed Control Set Information

1. Summary
----------

+----------------------------------------------------------+-------+
|                          Status                          | Count |
+----------------------------------------------------------+-------+
| Total control sets                                       |    12 |
|    Minimum number of control sets                        |    12 |
|    Addition due to synthesis replication                 |     0 |
|    Addition due to physical synthesis replication        |     0 |
| Unused register locations in slices containing registers |    24 |
+----------------------------------------------------------+-------+
* Control sets can be merged at opt_design using control_set_merge or merge_equivalent_drivers
** Run report_qor_suggestions for automated merging and remapping suggestions


2. Histogram
------------

+--------------------+-------+
|       Fanout       | Count |
+--------------------+-------+
| Total control sets |    12 |
| >= 0 to < 4        |     0 |
| >= 4 to < 6        |     1 |
| >= 6 to < 8        |     1 |
| >= 8 to < 10       |     1 |
| >= 10 to < 12      |     1 |
| >= 12 to < 14      |     1 |
| >= 14 to < 16      |     1 |
| >= 16              |     6 |
+--------------------+-------+
* Control sets can be remapped at either synth_design or opt_design


3. Flip-Flop Distribution
-------------------------

+--------------+-----------------------+------------------------+-----------------+--------------+
| Clock Enable | Synchronous Set/Reset | Asynchronous Set/Reset | Total Registers | Total Slices |
+--------------+-----------------------+------------------------+-----------------+--------------+
| No           | No                    | No                     |               4 |            1 |
| No           | No                    | Yes                    |              44 |           15 |
| No           | Yes                   | No                     |               0 |            0 |
| Yes          | No                    | No                     |              14 |            5 |
| Yes          | No                    | Yes                    |             122 |           29 |
| Yes          | Yes                   | No                     |              32 |            8 |
+--------------+-----------------------+------------------------+-----------------+--------------+


4. Detailed Control Set Information
-----------------------------------

+-----------------------------------------------+------------------------------------------------------------------------------------------------------------------------+------------------+------------------+----------------+--------------+
|                  Clock Signal                 |                                                      Enable Signal                                                     | Set/Reset Signal | Slice Load Count | Bel Load Count | Bels / Slice |
+-----------------------------------------------+------------------------------------------------------------------------------------------------------------------------+------------------+------------------+----------------+--------------+
|  design_1_i/clk_wiz_0_clk_wiz_0/inst/clk_out1 |                                                                                                                        |                  |                1 |              4 |         4.00 |
|  design_1_i/clk_wiz_0_clk_wiz_0/inst/clk_out1 | design_1_i/ControleurVGA_0/U0/v_counter                                                                                | reset_IBUF       |                2 |              6 |         3.00 |
|  design_1_i/clk_wiz_0_clk_wiz_0/inst/clk_out1 | design_1_i/ControleurVGA_0/U0/current_state[0]                                                                         | reset_IBUF       |                2 |              8 |         4.00 |
|  design_1_i/clk_wiz_0_clk_wiz_0/inst/clk_out1 | design_1_i/ControleurVGA_0/U0/h_counter_max                                                                            | reset_IBUF       |                3 |             10 |         3.33 |
|  design_1_i/clk_wiz_0_clk_wiz_0/inst/clk_out1 | design_1_i/TPG_0/U0/v_cntr_reg[0]_i_1_n_0                                                                              | reset_IBUF       |                3 |             12 |         4.00 |
|  design_1_i/clk_wiz_0_clk_wiz_0/inst/clk_out1 | design_1_i/ControleurVGA_0/U0/p_0_in                                                                                   |                  |                5 |             14 |         2.80 |
|  design_1_i/clk_wiz_0_clk_wiz_0/inst/clk_out1 | design_1_i/AXI4_stream_Master_2_0/U0/fifo/U0/inst_fifo_gen/gconvfifo.rf/grf.rf/gntv_or_sync_fifo.gl0.rd/grss.rsts/E[0] | reset_IBUF       |                4 |             16 |         4.00 |
|  design_1_i/clk_wiz_0_clk_wiz_0/inst/clk_out1 | design_1_i/AXI4_stream_Master_2_0/U0/fifo/U0/inst_fifo_gen/gconvfifo.rf/grf.rf/gntv_or_sync_fifo.gl0.wr/gwss.wsts/E[0] | reset_IBUF       |                4 |             16 |         4.00 |
|  design_1_i/clk_wiz_0_clk_wiz_0/inst/clk_out1 | design_1_i/TPG_0/U0/eqOp                                                                                               | reset_IBUF       |                6 |             24 |         4.00 |
|  design_1_i/clk_wiz_0_clk_wiz_0/inst/clk_out1 | design_1_i/AXI4_stream_Master_2_0/U0/rd_en                                                                             | reset_IBUF       |                7 |             31 |         4.43 |
|  design_1_i/clk_wiz_0_clk_wiz_0/inst/clk_out1 | design_1_i/AXI4_stream_Master_2_0/U0/v_count[30]_i_1_n_0                                                               | reset_IBUF       |                6 |             31 |         5.17 |
|  design_1_i/clk_wiz_0_clk_wiz_0/inst/clk_out1 |                                                                                                                        | reset_IBUF       |               15 |             44 |         2.93 |
+-----------------------------------------------+------------------------------------------------------------------------------------------------------------------------+------------------+------------------+----------------+--------------+


