
*** Running vivado
    with args -log design_1_ControleurVGA_v3_0_0.vds -m64 -product Vivado -mode batch -messageDb vivado.pb -notrace -source design_1_ControleurVGA_v3_0_0.tcl


****** Vivado v2020.2 (64-bit)
  **** SW Build 3064766 on Wed Nov 18 09:12:47 MST 2020
  **** IP Build 3064653 on Wed Nov 18 14:17:31 MST 2020
    ** Copyright 1986-2020 Xilinx, Inc. All Rights Reserved.

source design_1_ControleurVGA_v3_0_0.tcl -notrace
INFO: [IP_Flow 19-234] Refreshing IP repositories
INFO: [IP_Flow 19-1700] Loaded user IP repository '/home/glen/Documents/AJC-Expleo/Travaux/Projet_CronerDetection/IP'.
INFO: [IP_Flow 19-2313] Loaded Vivado IP repository '/media/glen/Crucial/Logiciels/Vivado/Vivado/2020.2/data/ip'.
WARNING: [IP_Flow 19-1663] Duplicate IP found for 'user.org:user:Commandes:1.0'. The one found in IP location '/home/glen/Documents/AJC-Expleo/Travaux/Projet_CronerDetection/IP/Commandes' will take precedence over the same IP in location /home/glen/Documents/AJC-Expleo/Travaux/Projet_CronerDetection/IP/Commandes/Commandes_1.0
Command: synth_design -top design_1_ControleurVGA_v3_0_0 -part xc7z007sclg400-1 -mode out_of_context
Starting synth_design
Attempting to get a license for feature 'Synthesis' and/or device 'xc7z007s'
INFO: [Common 17-349] Got license for feature 'Synthesis' and/or device 'xc7z007s'
INFO: [Device 21-403] Loading part xc7z007sclg400-1
CRITICAL WARNING: [filemgmt 20-1741] File 'ControleurVGA_v3.vhd' is used by one or more modules, but with different contents, and may lead to unpredictable results:
* design_1_ControleurVGA_v3_0_0 (/home/glen/Documents/AJC-Expleo/Travaux/Projet_CronerDetection/Architectures/DMA_VGA/SoCora/SoCora.gen/sources_1/bd/design_1/ipshared/1a65/src/ControleurVGA_v3.vhd)
* design_1_ControleurVGA_v3_0_0 (/home/glen/Documents/AJC-Expleo/Travaux/Projet_CronerDetection/Architectures/DMA_VGA/SoCora/SoCora.gen/sources_1/bd/design_1/ipshared/src/ControleurVGA_v3.vhd)
Please reset and regenerate these modules to resolve the differences, or synthesize them independently.
INFO: [Synth 8-7079] Multithreading enabled for synth_design using a maximum of 4 processes.
INFO: [Synth 8-7078] Launching helper process for spawning children vivado processes
INFO: [Synth 8-7075] Helper process launched with PID 43846
---------------------------------------------------------------------------------
Starting RTL Elaboration : Time (s): cpu = 00:00:04 ; elapsed = 00:00:05 . Memory (MB): peak = 2394.793 ; gain = 0.000 ; free physical = 2618 ; free virtual = 10904
---------------------------------------------------------------------------------
CRITICAL WARNING: [Synth 8-2489] overwriting existing secondary unit behavioral [/home/glen/Documents/AJC-Expleo/Travaux/Projet_CronerDetection/Architectures/DMA_VGA/SoCora/SoCora.gen/sources_1/bd/design_1/ipshared/src/ControleurVGA_v3.vhd:44]
INFO: [Synth 8-638] synthesizing module 'design_1_ControleurVGA_v3_0_0' [/home/glen/Documents/AJC-Expleo/Travaux/Projet_CronerDetection/Architectures/DMA_VGA/SoCora/SoCora.gen/sources_1/bd/design_1/ip/design_1_ControleurVGA_v3_0_0/synth/design_1_ControleurVGA_v3_0_0.vhd:73]
INFO: [Synth 8-3491] module 'ControleurVGA' declared at '/home/glen/Documents/AJC-Expleo/Travaux/Projet_CronerDetection/Architectures/DMA_VGA/SoCora/SoCora.gen/sources_1/bd/design_1/ipshared/1a65/src/ControleurVGA_v3.vhd:27' bound to instance 'U0' of component 'ControleurVGA' [/home/glen/Documents/AJC-Expleo/Travaux/Projet_CronerDetection/Architectures/DMA_VGA/SoCora/SoCora.gen/sources_1/bd/design_1/ip/design_1_ControleurVGA_v3_0_0/synth/design_1_ControleurVGA_v3_0_0.vhd:111]
INFO: [Synth 8-638] synthesizing module 'ControleurVGA' [/home/glen/Documents/AJC-Expleo/Travaux/Projet_CronerDetection/Architectures/DMA_VGA/SoCora/SoCora.gen/sources_1/bd/design_1/ipshared/src/ControleurVGA_v3.vhd:44]
WARNING: [Synth 8-614] signal 'h_cntr_reg' is read in the process but is not in the sensitivity list [/home/glen/Documents/AJC-Expleo/Travaux/Projet_CronerDetection/Architectures/DMA_VGA/SoCora/SoCora.gen/sources_1/bd/design_1/ipshared/src/ControleurVGA_v3.vhd:210]
WARNING: [Synth 8-614] signal 'v_cntr_reg' is read in the process but is not in the sensitivity list [/home/glen/Documents/AJC-Expleo/Travaux/Projet_CronerDetection/Architectures/DMA_VGA/SoCora/SoCora.gen/sources_1/bd/design_1/ipshared/src/ControleurVGA_v3.vhd:210]
WARNING: [Synth 8-614] signal 'tvalid' is read in the process but is not in the sensitivity list [/home/glen/Documents/AJC-Expleo/Travaux/Projet_CronerDetection/Architectures/DMA_VGA/SoCora/SoCora.gen/sources_1/bd/design_1/ipshared/src/ControleurVGA_v3.vhd:210]
INFO: [Synth 8-256] done synthesizing module 'ControleurVGA' (1#1) [/home/glen/Documents/AJC-Expleo/Travaux/Projet_CronerDetection/Architectures/DMA_VGA/SoCora/SoCora.gen/sources_1/bd/design_1/ipshared/src/ControleurVGA_v3.vhd:44]
INFO: [Synth 8-256] done synthesizing module 'design_1_ControleurVGA_v3_0_0' (2#1) [/home/glen/Documents/AJC-Expleo/Travaux/Projet_CronerDetection/Architectures/DMA_VGA/SoCora/SoCora.gen/sources_1/bd/design_1/ip/design_1_ControleurVGA_v3_0_0/synth/design_1_ControleurVGA_v3_0_0.vhd:73]
---------------------------------------------------------------------------------
Finished RTL Elaboration : Time (s): cpu = 00:00:05 ; elapsed = 00:00:07 . Memory (MB): peak = 2394.793 ; gain = 0.000 ; free physical = 2984 ; free virtual = 11271
---------------------------------------------------------------------------------
---------------------------------------------------------------------------------
Start Handling Custom Attributes
---------------------------------------------------------------------------------
---------------------------------------------------------------------------------
Finished Handling Custom Attributes : Time (s): cpu = 00:00:06 ; elapsed = 00:00:07 . Memory (MB): peak = 2394.793 ; gain = 0.000 ; free physical = 3018 ; free virtual = 11305
---------------------------------------------------------------------------------
---------------------------------------------------------------------------------
Finished RTL Optimization Phase 1 : Time (s): cpu = 00:00:06 ; elapsed = 00:00:07 . Memory (MB): peak = 2394.793 ; gain = 0.000 ; free physical = 3018 ; free virtual = 11305
---------------------------------------------------------------------------------
Netlist sorting complete. Time (s): cpu = 00:00:00 ; elapsed = 00:00:00 . Memory (MB): peak = 2394.793 ; gain = 0.000 ; free physical = 3003 ; free virtual = 11290
INFO: [Project 1-570] Preparing netlist for logic optimization

Processing XDC Constraints
Initializing timing engine
Completed Processing XDC Constraints

Netlist sorting complete. Time (s): cpu = 00:00:00 ; elapsed = 00:00:00 . Memory (MB): peak = 2465.648 ; gain = 0.000 ; free physical = 3037 ; free virtual = 11324
INFO: [Project 1-111] Unisim Transformation Summary:
No Unisim elements were transformed.

Constraint Validation Runtime : Time (s): cpu = 00:00:00.02 ; elapsed = 00:00:00.02 . Memory (MB): peak = 2465.648 ; gain = 0.000 ; free physical = 3037 ; free virtual = 11324
CRITICAL WARNING: [filemgmt 20-1741] File 'ControleurVGA_v3.vhd' is used by one or more modules, but with different contents, and may lead to unpredictable results:
* design_1_ControleurVGA_v3_0_0 (/home/glen/Documents/AJC-Expleo/Travaux/Projet_CronerDetection/Architectures/DMA_VGA/SoCora/SoCora.gen/sources_1/bd/design_1/ipshared/1a65/src/ControleurVGA_v3.vhd)
* design_1_ControleurVGA_v3_0_0 (/home/glen/Documents/AJC-Expleo/Travaux/Projet_CronerDetection/Architectures/DMA_VGA/SoCora/SoCora.gen/sources_1/bd/design_1/ipshared/src/ControleurVGA_v3.vhd)
Please reset and regenerate these modules to resolve the differences, or synthesize them independently.
---------------------------------------------------------------------------------
Finished Constraint Validation : Time (s): cpu = 00:00:12 ; elapsed = 00:00:14 . Memory (MB): peak = 2465.648 ; gain = 70.855 ; free physical = 3121 ; free virtual = 11408
---------------------------------------------------------------------------------
---------------------------------------------------------------------------------
Start Loading Part and Timing Information
---------------------------------------------------------------------------------
Loading part: xc7z007sclg400-1
---------------------------------------------------------------------------------
Finished Loading Part and Timing Information : Time (s): cpu = 00:00:12 ; elapsed = 00:00:14 . Memory (MB): peak = 2465.648 ; gain = 70.855 ; free physical = 3121 ; free virtual = 11408
---------------------------------------------------------------------------------
---------------------------------------------------------------------------------
Start Applying 'set_property' XDC Constraints
---------------------------------------------------------------------------------
---------------------------------------------------------------------------------
Finished applying 'set_property' XDC Constraints : Time (s): cpu = 00:00:12 ; elapsed = 00:00:14 . Memory (MB): peak = 2465.648 ; gain = 70.855 ; free physical = 3121 ; free virtual = 11408
---------------------------------------------------------------------------------
WARNING: [Synth 8-327] inferring latch for variable 'image_ready_reg' [/home/glen/Documents/AJC-Expleo/Travaux/Projet_CronerDetection/Architectures/DMA_VGA/SoCora/SoCora.gen/sources_1/bd/design_1/ipshared/src/ControleurVGA_v3.vhd:213]
---------------------------------------------------------------------------------
Finished RTL Optimization Phase 2 : Time (s): cpu = 00:00:12 ; elapsed = 00:00:14 . Memory (MB): peak = 2465.648 ; gain = 70.855 ; free physical = 3121 ; free virtual = 11409
---------------------------------------------------------------------------------
---------------------------------------------------------------------------------
Start RTL Component Statistics 
---------------------------------------------------------------------------------
Detailed RTL Component Info : 
+---Registers : 
	                4 Bit    Registers := 3     
	                1 Bit    Registers := 4     
+---Muxes : 
	   2 Input    4 Bit        Muxes := 3     
	   2 Input    1 Bit        Muxes := 1     
---------------------------------------------------------------------------------
Finished RTL Component Statistics 
---------------------------------------------------------------------------------
---------------------------------------------------------------------------------
Start Part Resource Summary
---------------------------------------------------------------------------------
Part Resources:
DSPs: 66 (col length:40)
BRAMs: 100 (col length: RAMB18 40 RAMB36 20)
---------------------------------------------------------------------------------
Finished Part Resource Summary
---------------------------------------------------------------------------------
---------------------------------------------------------------------------------
Start Cross Boundary and Area Optimization
---------------------------------------------------------------------------------
---------------------------------------------------------------------------------
Finished Cross Boundary and Area Optimization : Time (s): cpu = 00:00:13 ; elapsed = 00:00:15 . Memory (MB): peak = 2465.648 ; gain = 70.855 ; free physical = 3160 ; free virtual = 11451
---------------------------------------------------------------------------------
---------------------------------------------------------------------------------
Start Applying XDC Timing Constraints
---------------------------------------------------------------------------------
---------------------------------------------------------------------------------
Finished Applying XDC Timing Constraints : Time (s): cpu = 00:00:19 ; elapsed = 00:00:22 . Memory (MB): peak = 2465.648 ; gain = 70.855 ; free physical = 3197 ; free virtual = 11488
---------------------------------------------------------------------------------
---------------------------------------------------------------------------------
Start Timing Optimization
---------------------------------------------------------------------------------
---------------------------------------------------------------------------------
Finished Timing Optimization : Time (s): cpu = 00:00:19 ; elapsed = 00:00:22 . Memory (MB): peak = 2465.648 ; gain = 70.855 ; free physical = 3197 ; free virtual = 11488
---------------------------------------------------------------------------------
---------------------------------------------------------------------------------
Start Technology Mapping
---------------------------------------------------------------------------------
---------------------------------------------------------------------------------
Finished Technology Mapping : Time (s): cpu = 00:00:19 ; elapsed = 00:00:22 . Memory (MB): peak = 2465.648 ; gain = 70.855 ; free physical = 3185 ; free virtual = 11476
---------------------------------------------------------------------------------
---------------------------------------------------------------------------------
Start IO Insertion
---------------------------------------------------------------------------------
---------------------------------------------------------------------------------
Start Flattening Before IO Insertion
---------------------------------------------------------------------------------
---------------------------------------------------------------------------------
Finished Flattening Before IO Insertion
---------------------------------------------------------------------------------
---------------------------------------------------------------------------------
Start Final Netlist Cleanup
---------------------------------------------------------------------------------
---------------------------------------------------------------------------------
Finished Final Netlist Cleanup
---------------------------------------------------------------------------------
---------------------------------------------------------------------------------
Finished IO Insertion : Time (s): cpu = 00:00:23 ; elapsed = 00:00:26 . Memory (MB): peak = 2465.648 ; gain = 70.855 ; free physical = 3221 ; free virtual = 11512
---------------------------------------------------------------------------------
---------------------------------------------------------------------------------
Start Renaming Generated Instances
---------------------------------------------------------------------------------
---------------------------------------------------------------------------------
Finished Renaming Generated Instances : Time (s): cpu = 00:00:23 ; elapsed = 00:00:26 . Memory (MB): peak = 2465.648 ; gain = 70.855 ; free physical = 3221 ; free virtual = 11512
---------------------------------------------------------------------------------
---------------------------------------------------------------------------------
Start Rebuilding User Hierarchy
---------------------------------------------------------------------------------
---------------------------------------------------------------------------------
Finished Rebuilding User Hierarchy : Time (s): cpu = 00:00:23 ; elapsed = 00:00:26 . Memory (MB): peak = 2465.648 ; gain = 70.855 ; free physical = 3221 ; free virtual = 11512
---------------------------------------------------------------------------------
---------------------------------------------------------------------------------
Start Renaming Generated Ports
---------------------------------------------------------------------------------
---------------------------------------------------------------------------------
Finished Renaming Generated Ports : Time (s): cpu = 00:00:23 ; elapsed = 00:00:26 . Memory (MB): peak = 2465.648 ; gain = 70.855 ; free physical = 3221 ; free virtual = 11512
---------------------------------------------------------------------------------
---------------------------------------------------------------------------------
Start Handling Custom Attributes
---------------------------------------------------------------------------------
---------------------------------------------------------------------------------
Finished Handling Custom Attributes : Time (s): cpu = 00:00:23 ; elapsed = 00:00:26 . Memory (MB): peak = 2465.648 ; gain = 70.855 ; free physical = 3221 ; free virtual = 11512
---------------------------------------------------------------------------------
---------------------------------------------------------------------------------
Start Renaming Generated Nets
---------------------------------------------------------------------------------
---------------------------------------------------------------------------------
Finished Renaming Generated Nets : Time (s): cpu = 00:00:23 ; elapsed = 00:00:26 . Memory (MB): peak = 2465.648 ; gain = 70.855 ; free physical = 3221 ; free virtual = 11512
---------------------------------------------------------------------------------
---------------------------------------------------------------------------------
Start Writing Synthesis Report
---------------------------------------------------------------------------------

Report BlackBoxes: 
+-+--------------+----------+
| |BlackBox name |Instances |
+-+--------------+----------+
+-+--------------+----------+

Report Cell Usage: 
+------+-------+------+
|      |Cell   |Count |
+------+-------+------+
|1     |CARRY4 |    16|
|2     |LUT1   |    11|
|3     |LUT2   |    63|
|4     |LUT3   |     1|
|5     |LUT4   |    13|
|6     |LUT5   |     1|
|7     |LUT6   |    12|
|8     |FDCE   |    38|
|9     |FDPE   |     2|
|10    |LDC    |     1|
+------+-------+------+
---------------------------------------------------------------------------------
Finished Writing Synthesis Report : Time (s): cpu = 00:00:23 ; elapsed = 00:00:26 . Memory (MB): peak = 2465.648 ; gain = 70.855 ; free physical = 3221 ; free virtual = 11512
---------------------------------------------------------------------------------
Synthesis finished with 0 errors, 0 critical warnings and 1 warnings.
Synthesis Optimization Runtime : Time (s): cpu = 00:00:21 ; elapsed = 00:00:24 . Memory (MB): peak = 2465.648 ; gain = 0.000 ; free physical = 3273 ; free virtual = 11564
Synthesis Optimization Complete : Time (s): cpu = 00:00:23 ; elapsed = 00:00:26 . Memory (MB): peak = 2465.656 ; gain = 70.855 ; free physical = 3273 ; free virtual = 11564
INFO: [Project 1-571] Translating synthesized netlist
Netlist sorting complete. Time (s): cpu = 00:00:00 ; elapsed = 00:00:00 . Memory (MB): peak = 2465.656 ; gain = 0.000 ; free physical = 3381 ; free virtual = 11672
INFO: [Netlist 29-17] Analyzing 17 Unisim elements for replacement
INFO: [Netlist 29-28] Unisim Transformation completed in 0 CPU seconds
INFO: [Project 1-570] Preparing netlist for logic optimization
INFO: [Opt 31-138] Pushed 0 inverter(s) to 0 load pin(s).
Netlist sorting complete. Time (s): cpu = 00:00:00 ; elapsed = 00:00:00.01 . Memory (MB): peak = 2465.656 ; gain = 0.000 ; free physical = 3326 ; free virtual = 11617
INFO: [Project 1-111] Unisim Transformation Summary:
  A total of 1 instances were transformed.
  LDC => LDCE: 1 instance 

INFO: [Common 17-83] Releasing license: Synthesis
22 Infos, 5 Warnings, 3 Critical Warnings and 0 Errors encountered.
synth_design completed successfully
synth_design: Time (s): cpu = 00:00:33 ; elapsed = 00:00:32 . Memory (MB): peak = 2465.656 ; gain = 70.863 ; free physical = 3438 ; free virtual = 11729
INFO: [Common 17-1381] The checkpoint '/home/glen/Documents/AJC-Expleo/Travaux/Projet_CronerDetection/Architectures/DMA_VGA/SoCora/SoCora.runs/design_1_ControleurVGA_v3_0_0_synth_1/design_1_ControleurVGA_v3_0_0.dcp' has been generated.
INFO: [runtcl-6] Synthesis results are not added to the cache due to CRITICAL_WARNING
INFO: [Common 17-1381] The checkpoint '/home/glen/Documents/AJC-Expleo/Travaux/Projet_CronerDetection/Architectures/DMA_VGA/SoCora/SoCora.runs/design_1_ControleurVGA_v3_0_0_synth_1/design_1_ControleurVGA_v3_0_0.dcp' has been generated.
INFO: [runtcl-4] Executing : report_utilization -file design_1_ControleurVGA_v3_0_0_utilization_synth.rpt -pb design_1_ControleurVGA_v3_0_0_utilization_synth.pb
INFO: [Common 17-206] Exiting Vivado at Tue Sep 29 16:39:27 2026...
