
****** Vitis HLS - High-Level Synthesis from C, C++ and OpenCL v2020.2 (64-bit)
  **** SW Build 3064766 on Wed Nov 18 09:12:47 MST 2020
  **** IP Build 3064653 on Wed Nov 18 14:17:31 MST 2020
    ** Copyright 1986-2020 Xilinx, Inc. All Rights Reserved.

source /tools/xilinx/Vitis_HLS/2020.2/scripts/vitis_hls/hls.tcl -notrace
INFO: Applying HLS Y2K22 patch v1.2 for IP revision
INFO: [HLS 200-10] Running '/tools/xilinx/Vitis_HLS/2020.2/bin/unwrapped/lnx64.o/vitis_hls'
INFO: [HLS 200-10] For user 'lbo' on host 'isaac' (Linux_x86_64 version 5.4.0-150-generic) on Mon Aug 31 07:53:59 CEST 2026
INFO: [HLS 200-10] On os Ubuntu 18.04.6 LTS
INFO: [HLS 200-10] In directory '/mnt/isaac_sbay0/lbo-ws/Temp/FPGA_EXPLEO/hls'
Sourcing Tcl script 'run_hls.tcl'
INFO: [HLS 200-1510] Running: open_project -reset DMA24b_mm2s_prj 
INFO: [HLS 200-10] Opening and resetting project '/mnt/isaac_sbay0/lbo-ws/Temp/FPGA_EXPLEO/hls/DMA24b_mm2s_prj'.
WARNING: [HLS 200-40] No /mnt/isaac_sbay0/lbo-ws/Temp/FPGA_EXPLEO/hls/DMA24b_mm2s_prj/solution1/solution1.aps file found.
INFO: [HLS 200-1510] Running: set_top DMA24bUnit_mm2s 
INFO: [HLS 200-1510] Running: add_files ../src/DMA24b_mm2s.cpp -cflags -I../src 
INFO: [HLS 200-10] Adding design file '../src/DMA24b_mm2s.cpp' to the project
INFO: [HLS 200-1510] Running: add_files -tb ../src/tb.cpp -cflags -I../src 
INFO: [HLS 200-10] Adding test bench file '../src/tb.cpp' to the project
INFO: [HLS 200-1510] Running: open_solution -reset solution1 
INFO: [HLS 200-10] Creating and opening solution '/mnt/isaac_sbay0/lbo-ws/Temp/FPGA_EXPLEO/hls/DMA24b_mm2s_prj/solution1'.
INFO: [HLS 200-10] Cleaning up the solution database.
WARNING: [HLS 200-40] No /mnt/isaac_sbay0/lbo-ws/Temp/FPGA_EXPLEO/hls/DMA24b_mm2s_prj/solution1/solution1.aps file found.
INFO: [HLS 200-1505] Using default flow_target 'vivado'
Resolution: For help on HLS 200-1505 see www.xilinx.com/cgi-bin/docs/rdoc?v=2020.2;t=hls+guidance;d=200-1505.html
INFO: [HLS 200-1510] Running: set_part xc7z020clg400-1 
INFO: [HLS 200-10] Setting target device to 'xc7z020-clg400-1'
INFO: [HLS 200-1510] Running: create_clock -period 6.66 -name default 
INFO: [SYN 201-201] Setting up clock 'default' with a period of 6.66ns.
INFO: [HLS 200-1510] Running: csim_design 
INFO: [SIM 211-2] *************** CSIM start ***************
INFO: [SIM 211-4] CSIM will launch GCC as the compiler.
   Compiling ../../../../../src/tb.cpp in debug mode
   Compiling ../../../../../src/DMA24b_mm2s.cpp in debug mode
   Generating csim.exe
Image 640x480 lue, format memoire = RGB888 packe (3 o/px), 16 pixel(s)/groupe, 3 mot(s) AXI4/groupe
Echantillons de sortie ecrits dans /mnt/isaac_sbay0/lbo-ws/Temp/FPGA_EXPLEO/samples/output/
Erreurs data  : 0
Erreurs tlast : 0
Erreurs tuser : 0
TEST PASSED
The maximum depth reached by any of the 1 hls::stream() instances in the design is 307200
The maximum depth reached by any of the 1 hls::stream() instances in the design is 0
INFO: [SIM 211-1] CSim done with 0 errors.
INFO: [SIM 211-3] *************** CSIM finish ***************
INFO: [HLS 200-111] Finished Command csim_design CPU user time: 2.29 seconds. CPU system time: 0.21 seconds. Elapsed time: 2.02 seconds; current allocated memory: 190.168 MB.
INFO: [HLS 200-1510] Running: csynth_design 
INFO: [HLS 200-111] Finished File checks and directory preparation: CPU user time: 0 seconds. CPU system time: 0 seconds. Elapsed time: 0 seconds; current allocated memory: 190.367 MB.
INFO: [HLS 200-10] Analyzing design file '../src/DMA24b_mm2s.cpp' ... 
WARNING: [HLS 214-113] Either use an argument of the function or declare the variable inside the dataflow loop body: ../src/DMA24b_mm2s.cpp:75:39
Resolution: For help on HLS 214-113 see www.xilinx.com/cgi-bin/docs/rdoc?v=2020.2;t=hls+guidance;d=214-113.html
WARNING: [HLS 214-113] Either use an argument of the function or declare the variable inside the dataflow loop body: ../src/DMA24b_mm2s.cpp:75:48
Resolution: For help on HLS 214-113 see www.xilinx.com/cgi-bin/docs/rdoc?v=2020.2;t=hls+guidance;d=214-113.html
WARNING: [HLS 214-113] Either use an argument of the function or declare the variable inside the dataflow loop body: ../src/DMA24b_mm2s.cpp:77:48
Resolution: For help on HLS 214-113 see www.xilinx.com/cgi-bin/docs/rdoc?v=2020.2;t=hls+guidance;d=214-113.html
WARNING: [HLS 214-113] Either use an argument of the function or declare the variable inside the dataflow loop body: ../src/DMA24b_mm2s.cpp:77:57
Resolution: For help on HLS 214-113 see www.xilinx.com/cgi-bin/docs/rdoc?v=2020.2;t=hls+guidance;d=214-113.html
WARNING: [HLS 200-471] Dataflow form checks found 4 issue(s) in file ../src/DMA24b_mm2s.cpp
Resolution: For help on HLS 200-471 see www.xilinx.com/cgi-bin/docs/rdoc?v=2020.2;t=hls+guidance;d=200-471.html
INFO: [HLS 200-111] Finished Source Code Analysis and Preprocessing: CPU user time: 1.15 seconds. CPU system time: 0.11 seconds. Elapsed time: 1.26 seconds; current allocated memory: 192.096 MB.
INFO: [HLS 200-777] Using interface defaults for 'Vivado' flow target.
INFO: [HLS 214-131] Inlining function 'hls::stream<ap_uint<128>, 0>::stream()' into 'hls::stream<ap_uint<128>, 256>::stream(char const*)' (/tools/xilinx/Vitis_HLS/2020.2/common/technology/autopilot/hls_stream_39.h:199:43)
INFO: [HLS 214-131] Inlining function 'hls::stream<ap_uint<128>, 0>::write(ap_uint<128> const&)' into 'hls::stream<ap_uint<128>, 0>::operator<<(ap_uint<128> const&)' (/tools/xilinx/Vitis_HLS/2020.2/common/technology/autopilot/hls_stream_39.h:129:9)
INFO: [HLS 214-131] Inlining function 'hls::stream<ap_uint<128>, 0>::operator<<(ap_uint<128> const&)' into 'DMA24b_mm2s_fetch(ap_uint<128> volatile*, hls::stream<ap_uint<128>, 256>&, int, int)' (../src/DMA24b_mm2s.cpp:19:10)
INFO: [HLS 214-131] Inlining function 'hls::stream<ap_uint<128>, 0>::read(ap_uint<128>&)' into 'hls::stream<ap_uint<128>, 0>::read()' (/tools/xilinx/Vitis_HLS/2020.2/common/technology/autopilot/hls_stream_39.h:156:9)
INFO: [HLS 214-131] Inlining function 'hls::axis<ap_uint<24>, 1ul, 0ul, 0ul>::get_user_ptr()' into 'hls::stream<hls::axis<ap_uint<24>, 1ul, 0ul, 0ul>, 0>::write(hls::axis<ap_uint<24>, 1ul, 0ul, 0ul> const&)' (/tools/xilinx/Vitis_HLS/2020.2/common/technology/autopilot/ap_axi_sdata.h:304:51)
INFO: [HLS 214-131] Inlining function 'hls::axis<ap_uint<24>, 1ul, 0ul, 0ul>::get_dest_ptr()' into 'hls::stream<hls::axis<ap_uint<24>, 1ul, 0ul, 0ul>, 0>::write(hls::axis<ap_uint<24>, 1ul, 0ul, 0ul> const&)' (/tools/xilinx/Vitis_HLS/2020.2/common/technology/autopilot/ap_axi_sdata.h:307:26)
INFO: [HLS 214-131] Inlining function 'hls::axis<ap_uint<24>, 1ul, 0ul, 0ul>::get_id_ptr()' into 'hls::stream<hls::axis<ap_uint<24>, 1ul, 0ul, 0ul>, 0>::write(hls::axis<ap_uint<24>, 1ul, 0ul, 0ul> const&)' (/tools/xilinx/Vitis_HLS/2020.2/common/technology/autopilot/ap_axi_sdata.h:306:68)
INFO: [HLS 214-131] Inlining function 'hls::axis<ap_uint<24>, 1ul, 0ul, 0ul>::get_user_ptr()' into 'hls::stream<hls::axis<ap_uint<24>, 1ul, 0ul, 0ul>, 0>::write(hls::axis<ap_uint<24>, 1ul, 0ul, 0ul> const&)' (/tools/xilinx/Vitis_HLS/2020.2/common/technology/autopilot/ap_axi_sdata.h:306:37)
INFO: [HLS 214-131] Inlining function 'hls::axis<ap_uint<24>, 1ul, 0ul, 0ul>::get_dest_ptr()' into 'hls::stream<hls::axis<ap_uint<24>, 1ul, 0ul, 0ul>, 0>::write(hls::axis<ap_uint<24>, 1ul, 0ul, 0ul> const&)' (/tools/xilinx/Vitis_HLS/2020.2/common/technology/autopilot/ap_axi_sdata.h:305:40)
INFO: [HLS 214-131] Inlining function 'hls::axis<ap_uint<24>, 1ul, 0ul, 0ul>::get_id_ptr()' into 'hls::stream<hls::axis<ap_uint<24>, 1ul, 0ul, 0ul>, 0>::write(hls::axis<ap_uint<24>, 1ul, 0ul, 0ul> const&)' (/tools/xilinx/Vitis_HLS/2020.2/common/technology/autopilot/ap_axi_sdata.h:305:24)
INFO: [HLS 214-131] Inlining function 'hls::stream<hls::axis<ap_uint<24>, 1ul, 0ul, 0ul>, 0>::write(hls::axis<ap_uint<24>, 1ul, 0ul, 0ul> const&)' into 'hls::stream<hls::axis<ap_uint<24>, 1ul, 0ul, 0ul>, 0>::operator<<(hls::axis<ap_uint<24>, 1ul, 0ul, 0ul> const&)' (/tools/xilinx/Vitis_HLS/2020.2/common/technology/autopilot/ap_axi_sdata.h:262:86)
INFO: [HLS 214-131] Inlining function 'hls::stream<ap_uint<128>, 0>::read()' into 'DMA24b_mm2s_streamout(hls::stream<hls::axis<ap_uint<24>, 1ul, 0ul, 0ul>, 0>&, hls::stream<ap_uint<128>, 256>&, int, int)' (../src/DMA24b_mm2s.cpp:43:39)
INFO: [HLS 214-131] Inlining function 'hls::stream<hls::axis<ap_uint<24>, 1ul, 0ul, 0ul>, 0>::operator<<(hls::axis<ap_uint<24>, 1ul, 0ul, 0ul> const&)' into 'DMA24b_mm2s_streamout(hls::stream<hls::axis<ap_uint<24>, 1ul, 0ul, 0ul>, 0>&, hls::stream<ap_uint<128>, 256>&, int, int)' (../src/DMA24b_mm2s.cpp:52:19)
INFO: [HLS 214-131] Inlining function 'DMA24b_mm2s_get_pixel(ap_uint<384> const&, int)' into 'DMA24b_mm2s_streamout(hls::stream<hls::axis<ap_uint<24>, 1ul, 0ul, 0ul>, 0>&, hls::stream<ap_uint<128>, 256>&, int, int)' (../src/DMA24b_mm2s.cpp:47:23)
INFO: [HLS 214-131] Inlining function 'hls::stream<ap_uint<128>, 256>::stream(char const*)' into 'DMA24b_mm2s(hls::stream<hls::axis<ap_uint<24>, 1ul, 0ul, 0ul>, 0>&, ap_uint<12>, ap_uint<12>, ap_uint<128> volatile*)' (../src/DMA24b_mm2s.cpp:73:12)
INFO: [HLS 214-186] Unrolling loop 'read_loop' (../src/DMA24b_mm2s.cpp:41:13) in function 'DMA24b_mm2s_streamout' completely with a factor of 3 (../src/DMA24b_mm2s.cpp:41:13)
INFO: [HLS 214-186] Unrolling loop 'px_loop' (../src/DMA24b_mm2s.cpp:45:13) in function 'DMA24b_mm2s_streamout' completely with a factor of 16 (../src/DMA24b_mm2s.cpp:45:13)
WARNING: [HLS 214-205] The INTERFACE pragma must have a max_widen_bitwidth setting that is both a power of 2 and in the range [0, 1024]. The current value of '0' will be ignored, in 'DMA24bUnit_mm2s(hls::stream<hls::axis<ap_uint<24>, 1ul, 0ul, 0ul>, 0>&, ap_uint<12>, ap_uint<12>, ap_uint<128> volatile*)' (../src/DMA24b_mm2s.cpp:58:0)
INFO: [HLS 214-115] Multiple burst reads of variable length and bit width 128 in loop 'beat_loop'(../src/DMA24b_mm2s.cpp:16:15) has been inferred on port 'gmem' (../src/DMA24b_mm2s.cpp:15:15)
INFO: [HLS 214-131] Inlining function '_llvm.fpga.pack.none.i128.s_struct.ap_uints' into 'DMA24b_mm2s_fetch(ap_uint<128> volatile*, hls::stream<ap_uint<128>, 256>&, int, int) (.1)' (/tools/xilinx/Vitis_HLS/2020.2/common/technology/autopilot/hls_stream_39.h:174:9)
INFO: [HLS 200-111] Finished Compiling Optimization and Transform: CPU user time: 1.72 seconds. CPU system time: 0.12 seconds. Elapsed time: 1.86 seconds; current allocated memory: 194.639 MB.
INFO: [HLS 200-111] Finished Checking Pragmas: CPU user time: 0 seconds. CPU system time: 0 seconds. Elapsed time: 0 seconds; current allocated memory: 194.640 MB.
INFO: [HLS 200-10] Starting code transformations ...
INFO: [HLS 200-111] Finished Standard Transforms: CPU user time: 0.07 seconds. CPU system time: 0.01 seconds. Elapsed time: 0.08 seconds; current allocated memory: 208.058 MB.
INFO: [HLS 200-10] Checking synthesizability ...
INFO: [HLS 200-111] Finished Checking Synthesizability: CPU user time: 0.15 seconds. CPU system time: 0 seconds. Elapsed time: 0.14 seconds; current allocated memory: 227.302 MB.
INFO: [XFORM 203-712] Applying dataflow to function 'DMA24b_mm2s' (../src/DMA24b_mm2s.cpp:68:1), detected/extracted 2 process function(s): 
	 'DMA24b_mm2s_fetch'
	 'DMA24b_mm2s_streamout'.
INFO: [HLS 200-111] Finished Loop, function and other optimizations: CPU user time: 0.5 seconds. CPU system time: 0.01 seconds. Elapsed time: 0.52 seconds; current allocated memory: 269.680 MB.
INFO: [XFORM 203-541] Flattening a loop nest 'line_loop' (../src/DMA24b_mm2s.cpp:36:13) in function 'DMA24b_mm2s_streamout'.
INFO: [XFORM 203-541] Flattening a loop nest 'burst_loop' (../src/DMA24b_mm2s.cpp:15:24) in function 'DMA24b_mm2s_fetch'.
WARNING: [HLS 200-960] Cannot flatten loop 'line_loop' (../src/DMA24b_mm2s.cpp:14:22) in function 'DMA24b_mm2s_fetch' the outer loop is not a perfect loop because there is nontrivial logic before entering the inner loop.
Resolution: For help on HLS 200-960 see www.xilinx.com/cgi-bin/docs/rdoc?v=2020.2;t=hls+guidance;d=200-960.html
INFO: [HLS 200-111] Finished Architecture Synthesis: CPU user time: 0.3 seconds. CPU system time: 0 seconds. Elapsed time: 0.3 seconds; current allocated memory: 301.546 MB.
INFO: [HLS 200-10] Starting hardware synthesis ...
INFO: [HLS 200-10] Synthesizing 'DMA24bUnit_mm2s' ...
INFO: [HLS 200-10] ----------------------------------------------------------------
INFO: [HLS 200-42] -- Implementing module 'DMA24b_mm2s_fetch' 
INFO: [HLS 200-10] ----------------------------------------------------------------
INFO: [SCHED 204-11] Starting scheduling ...
INFO: [HLS 200-486] Changing DSP48 latency (root=mul_ln13) to 3 in order to utilize available DSP registers.
INFO: [SCHED 204-61] Pipelining loop 'burst_loop_beat_loop'.
INFO: [HLS 200-1470] Pipelining result : Target II = 1, Final II = 1, Depth = 3, loop 'burst_loop_beat_loop'
INFO: [SCHED 204-11] Finished scheduling.
INFO: [HLS 200-111] Finished Scheduling: CPU user time: 0.02 seconds. CPU system time: 0 seconds. Elapsed time: 0.03 seconds; current allocated memory: 301.925 MB.
INFO: [BIND 205-100] Starting micro-architecture generation ...
INFO: [BIND 205-101] Performing variable lifetime analysis.
INFO: [BIND 205-101] Exploring resource sharing.
INFO: [BIND 205-101] Binding ...
INFO: [BIND 205-100] Finished micro-architecture generation.
INFO: [HLS 200-111] Finished Binding: CPU user time: 0.04 seconds. CPU system time: 0 seconds. Elapsed time: 0.04 seconds; current allocated memory: 302.288 MB.
INFO: [HLS 200-10] ----------------------------------------------------------------
INFO: [HLS 200-42] -- Implementing module 'DMA24b_mm2s_streamout' 
INFO: [HLS 200-10] ----------------------------------------------------------------
INFO: [SCHED 204-11] Starting scheduling ...
INFO: [HLS 200-486] Changing DSP48 latency (root=bound) to 3 in order to utilize available DSP registers.
INFO: [SCHED 204-61] Pipelining loop 'line_loop_group_loop'.
INFO: [HLS 200-1470] Pipelining result : Target II = 16, Final II = 16, Depth = 17, loop 'line_loop_group_loop'
INFO: [SCHED 204-11] Finished scheduling.
INFO: [HLS 200-111] Finished Scheduling: CPU user time: 0.05 seconds. CPU system time: 0 seconds. Elapsed time: 0.05 seconds; current allocated memory: 302.706 MB.
INFO: [BIND 205-100] Starting micro-architecture generation ...
INFO: [BIND 205-101] Performing variable lifetime analysis.
INFO: [BIND 205-101] Exploring resource sharing.
INFO: [BIND 205-101] Binding ...
INFO: [BIND 205-100] Finished micro-architecture generation.
INFO: [HLS 200-111] Finished Binding: CPU user time: 0.04 seconds. CPU system time: 0.01 seconds. Elapsed time: 0.04 seconds; current allocated memory: 303.363 MB.
INFO: [HLS 200-10] ----------------------------------------------------------------
INFO: [HLS 200-42] -- Implementing module 'DMA24b_mm2s' 
INFO: [HLS 200-10] ----------------------------------------------------------------
INFO: [SCHED 204-11] Starting scheduling ...
INFO: [SCHED 204-11] Finished scheduling.
INFO: [HLS 200-111] Finished Scheduling: CPU user time: 0.02 seconds. CPU system time: 0 seconds. Elapsed time: 0.03 seconds; current allocated memory: 303.444 MB.
INFO: [BIND 205-100] Starting micro-architecture generation ...
INFO: [BIND 205-101] Performing variable lifetime analysis.
INFO: [BIND 205-101] Exploring resource sharing.
INFO: [BIND 205-101] Binding ...
INFO: [BIND 205-100] Finished micro-architecture generation.
INFO: [HLS 200-111] Finished Binding: CPU user time: 0.03 seconds. CPU system time: 0 seconds. Elapsed time: 0.02 seconds; current allocated memory: 303.598 MB.
INFO: [HLS 200-10] ----------------------------------------------------------------
INFO: [HLS 200-42] -- Implementing module 'DMA24bUnit_mm2s' 
INFO: [HLS 200-10] ----------------------------------------------------------------
INFO: [SCHED 204-11] Starting scheduling ...
INFO: [SCHED 204-11] Finished scheduling.
INFO: [HLS 200-111] Finished Scheduling: CPU user time: 0.03 seconds. CPU system time: 0 seconds. Elapsed time: 0.03 seconds; current allocated memory: 303.663 MB.
INFO: [BIND 205-100] Starting micro-architecture generation ...
INFO: [BIND 205-101] Performing variable lifetime analysis.
INFO: [BIND 205-101] Exploring resource sharing.
INFO: [BIND 205-101] Binding ...
INFO: [BIND 205-100] Finished micro-architecture generation.
INFO: [HLS 200-111] Finished Binding: CPU user time: 0.01 seconds. CPU system time: 0 seconds. Elapsed time: 0.01 seconds; current allocated memory: 303.783 MB.
INFO: [HLS 200-10] ----------------------------------------------------------------
INFO: [HLS 200-10] -- Generating RTL for module 'DMA24b_mm2s_fetch' 
INFO: [HLS 200-10] ----------------------------------------------------------------
INFO: [RTGEN 206-100] Generating core module 'mul_mul_11s_13ns_24_4_1': 1 instance(s).
INFO: [RTGEN 206-100] Finished creating RTL model for 'DMA24b_mm2s_fetch'.
INFO: [HLS 200-111] Finished Creating RTL model: CPU user time: 0.03 seconds. CPU system time: 0 seconds. Elapsed time: 0.03 seconds; current allocated memory: 304.496 MB.
INFO: [HLS 200-10] ----------------------------------------------------------------
INFO: [HLS 200-10] -- Generating RTL for module 'DMA24b_mm2s_streamout' 
INFO: [HLS 200-10] ----------------------------------------------------------------
INFO: [RTGEN 206-100] Generating core module 'mul_mul_12ns_8ns_20_4_1': 1 instance(s).
INFO: [RTGEN 206-100] Finished creating RTL model for 'DMA24b_mm2s_streamout'.
INFO: [HLS 200-111] Finished Creating RTL model: CPU user time: 0.08 seconds. CPU system time: 0 seconds. Elapsed time: 0.08 seconds; current allocated memory: 306.986 MB.
INFO: [HLS 200-10] ----------------------------------------------------------------
INFO: [HLS 200-10] -- Generating RTL for module 'DMA24b_mm2s' 
INFO: [HLS 200-10] ----------------------------------------------------------------
WARNING: [RTGEN 206-101] Setting dangling out port 'DMA24b_mm2s/m_axi_gmem_AWVALID' to 0.
WARNING: [RTGEN 206-101] Setting dangling out port 'DMA24b_mm2s/m_axi_gmem_AWADDR' to 0.
WARNING: [RTGEN 206-101] Setting dangling out port 'DMA24b_mm2s/m_axi_gmem_AWID' to 0.
WARNING: [RTGEN 206-101] Setting dangling out port 'DMA24b_mm2s/m_axi_gmem_AWLEN' to 0.
WARNING: [RTGEN 206-101] Setting dangling out port 'DMA24b_mm2s/m_axi_gmem_AWSIZE' to 0.
WARNING: [RTGEN 206-101] Setting dangling out port 'DMA24b_mm2s/m_axi_gmem_AWBURST' to 0.
WARNING: [RTGEN 206-101] Setting dangling out port 'DMA24b_mm2s/m_axi_gmem_AWLOCK' to 0.
WARNING: [RTGEN 206-101] Setting dangling out port 'DMA24b_mm2s/m_axi_gmem_AWCACHE' to 0.
WARNING: [RTGEN 206-101] Setting dangling out port 'DMA24b_mm2s/m_axi_gmem_AWPROT' to 0.
WARNING: [RTGEN 206-101] Setting dangling out port 'DMA24b_mm2s/m_axi_gmem_AWQOS' to 0.
WARNING: [RTGEN 206-101] Setting dangling out port 'DMA24b_mm2s/m_axi_gmem_AWREGION' to 0.
WARNING: [RTGEN 206-101] Setting dangling out port 'DMA24b_mm2s/m_axi_gmem_AWUSER' to 0.
WARNING: [RTGEN 206-101] Setting dangling out port 'DMA24b_mm2s/m_axi_gmem_WVALID' to 0.
WARNING: [RTGEN 206-101] Setting dangling out port 'DMA24b_mm2s/m_axi_gmem_WDATA' to 0.
WARNING: [RTGEN 206-101] Setting dangling out port 'DMA24b_mm2s/m_axi_gmem_WSTRB' to 0.
WARNING: [RTGEN 206-101] Setting dangling out port 'DMA24b_mm2s/m_axi_gmem_WLAST' to 0.
WARNING: [RTGEN 206-101] Setting dangling out port 'DMA24b_mm2s/m_axi_gmem_WID' to 0.
WARNING: [RTGEN 206-101] Setting dangling out port 'DMA24b_mm2s/m_axi_gmem_WUSER' to 0.
WARNING: [RTGEN 206-101] Setting dangling out port 'DMA24b_mm2s/m_axi_gmem_BREADY' to 0.
INFO: [RTGEN 206-100] Finished creating RTL model for 'DMA24b_mm2s'.
INFO: [HLS 200-111] Finished Creating RTL model: CPU user time: 0.13 seconds. CPU system time: 0 seconds. Elapsed time: 0.13 seconds; current allocated memory: 309.615 MB.
INFO: [HLS 200-10] ----------------------------------------------------------------
INFO: [HLS 200-10] -- Generating RTL for module 'DMA24bUnit_mm2s' 
INFO: [HLS 200-10] ----------------------------------------------------------------
WARNING: [RTGEN 206-101] Design contains AXI ports. Reset is fixed to synchronous and active low.
INFO: [RTGEN 206-500] Setting interface mode on port 'DMA24bUnit_mm2s/gmem' to 'm_axi'.
INFO: [RTGEN 206-500] Setting interface mode on port 'DMA24bUnit_mm2s/STR_video_out_V_data_V' to 'axis' (register, both mode).
INFO: [RTGEN 206-500] Setting interface mode on port 'DMA24bUnit_mm2s/STR_video_out_V_keep_V' to 'axis' (register, both mode).
INFO: [RTGEN 206-500] Setting interface mode on port 'DMA24bUnit_mm2s/STR_video_out_V_strb_V' to 'axis' (register, both mode).
INFO: [RTGEN 206-500] Setting interface mode on port 'DMA24bUnit_mm2s/STR_video_out_V_user_V' to 'axis' (register, both mode).
INFO: [RTGEN 206-500] Setting interface mode on port 'DMA24bUnit_mm2s/STR_video_out_V_last_V' to 'axis' (register, both mode).
INFO: [RTGEN 206-500] Setting interface mode on port 'DMA24bUnit_mm2s/image_w' to 'ap_none'.
INFO: [RTGEN 206-500] Setting interface mode on port 'DMA24bUnit_mm2s/image_h' to 'ap_none'.
INFO: [RTGEN 206-500] Setting interface mode on port 'DMA24bUnit_mm2s/image_in' to 'ap_none'.
INFO: [RTGEN 206-500] Setting interface mode on function 'DMA24bUnit_mm2s' to 'ap_ctrl_hs'.
INFO: [RTGEN 206-100] Finished creating RTL model for 'DMA24bUnit_mm2s'.
INFO: [HLS 200-111] Finished Creating RTL model: CPU user time: 0.04 seconds. CPU system time: 0 seconds. Elapsed time: 0.04 seconds; current allocated memory: 310.688 MB.
INFO: [RTMG 210-285] Implementing FIFO 'mm_fifo_U(DMA24bUnit_mm2s_fifo_w128_d256_A)' using Vivado Default RAMs.
INFO: [RTMG 210-285] Implementing FIFO 'image_w_c_U(DMA24bUnit_mm2s_fifo_w12_d2_S)' using Shift Registers.
INFO: [RTMG 210-285] Implementing FIFO 'image_h_c_U(DMA24bUnit_mm2s_fifo_w12_d2_S)' using Shift Registers.
INFO: [RTMG 210-285] Implementing FIFO 'start_for_DMA24b_mm2s_streamout_U0_U(DMA24bUnit_mm2s_start_for_DMA24b_mm2s_streamout_U0)' using Shift Registers.
INFO: [HLS 200-111] Finished Generating all RTL models: CPU user time: 0.5 seconds. CPU system time: 0.02 seconds. Elapsed time: 0.52 seconds; current allocated memory: 318.237 MB.
INFO: [VHDL 208-304] Generating VHDL RTL for DMA24bUnit_mm2s.
INFO: [VLOG 209-307] Generating Verilog RTL for DMA24bUnit_mm2s.
INFO: [HLS 200-1603] Design has MAXI bursts and missed bursts, see Vitis HLS GUI synthesis summary report for detailed information.
INFO: [HLS 200-789] **** Estimated Fmax: 205.69 MHz
INFO: [HLS 200-111] Finished Command csynth_design CPU user time: 4.96 seconds. CPU system time: 0.28 seconds. Elapsed time: 5.26 seconds; current allocated memory: 319.294 MB.
INFO: [HLS 200-112] Total CPU user time: 8.15 seconds. Total CPU system time: 0.7 seconds. Total elapsed time: 7.98 seconds; peak allocated memory: 318.237 MB.
INFO: [Common 17-206] Exiting vitis_hls at Mon Aug 31 07:54:07 2026...
