
****** Vitis HLS - High-Level Synthesis from C, C++ and OpenCL v2024.2 (64-bit)
  **** SW Build 5238294 on Nov  8 2024
  **** IP Build 5239520 on Sun Nov 10 16:12:51 MST 2024
  **** SharedData Build 5239561 on Fri Nov 08 14:39:27 MST 2024
  **** Start of session at: Fri Sep 11 11:21:01 2026
    ** Copyright 1986-2022 Xilinx, Inc. All Rights Reserved.
    ** Copyright 2022-2024 Advanced Micro Devices, Inc. All Rights Reserved.

source /media/glen/Crucial/Logiciels/VitisHLS/Vitis/2024.2/scripts/vitis_hls/hls.tcl -notrace
INFO: [HLS 200-10] For user 'glen' on host 'glen-HP-ZBook-15u-G3' (Linux_x86_64 version 6.8.0-139-generic) on Fri Sep 11 11:21:04 CEST 2026
INFO: [HLS 200-10] On os Ubuntu 24.04.4 LTS
INFO: [HLS 200-10] In directory '/home/glen/Documents/AJC-Expleo/Travaux/Projet_CronerDetection/Exemples/DMA_RGB24b__720__0/DMA_RGB24b/hls'
WARNING: [HLS 200-2053] The vitis_hls executable is deprecated. Consider using vitis-run --mode hls --tcl
Sourcing Tcl script 'run_hls.tcl'
INFO: [HLS 200-1510] Running: open_project -reset DMA24b_mm2s_prj 
INFO: [HLS 200-10] Opening and resetting project '/home/glen/Documents/AJC-Expleo/Travaux/Projet_CronerDetection/Exemples/DMA_RGB24b__720__0/DMA_RGB24b/hls/DMA24b_mm2s_prj'.
INFO: [HLS 200-1510] Running: set_top DMA24bUnit_mm2s 
INFO: [HLS 200-1510] Running: add_files ../src/DMA24b_mm2s.cpp -cflags -I../src 
INFO: [HLS 200-10] Adding design file '../src/DMA24b_mm2s.cpp' to the project
INFO: [HLS 200-1510] Running: add_files -tb ../src/tb.cpp -cflags -I../src 
INFO: [HLS 200-10] Adding test bench file '../src/tb.cpp' to the project
INFO: [HLS 200-1510] Running: open_solution -reset solution1 
INFO: [HLS 200-10] Creating and opening solution '/home/glen/Documents/AJC-Expleo/Travaux/Projet_CronerDetection/Exemples/DMA_RGB24b__720__0/DMA_RGB24b/hls/DMA24b_mm2s_prj/solution1'.
INFO: [HLS 200-10] Cleaning up the solution database.
INFO: [HLS 200-1505] Using default flow_target 'vivado'
Resolution: For help on HLS 200-1505 see docs.xilinx.com/access/sources/dita/topic?Doc_Version=2024.2%20English&url=ug1448-hls-guidance&resourceid=200-1505.html
INFO: [HLS 200-1510] Running: set_part xc7z020clg400-1 
INFO: [HLS 200-1611] Setting target device to 'xc7z020-clg400-1'
INFO: [HLS 200-1510] Running: create_clock -period 6.66 -name default 
INFO: [SYN 201-201] Setting up clock 'default' with a period of 6.66ns.
INFO: [HLS 200-1510] Running: csim_design 
INFO: [SIM 211-2] *************** CSIM start ***************
INFO: [SIM 211-4] CSIM will launch CLANG as the compiler.
INFO: [HLS 200-2036] Building debug C Simulation binaries
   Compiling ../../../../../src/tb.cpp in debug mode
   Compiling ../../../../../src/DMA24b_mm2s.cpp in debug mode
   Generating csim.exe
Image 640x480 lue, format memoire = RGB888 packe (3 o/px), 16 pixel(s)/groupe, 3 mot(s) AXI4/groupe
Echantillons de sortie ecrits dans /home/glen/Documents/AJC-Expleo/Travaux/Projet_CronerDetection/Exemples/DMA_RGB24b__720__0/DMA_RGB24b/samples/output/
Erreurs data  : 0
Erreurs tlast : 0
Erreurs tuser : 0
TEST PASSED
INFO [HLS SIM]: The maximum depth reached by any hls::stream() instance in the design is 307200
INFO: [SIM 211-1] CSim done with 0 errors.
INFO: [SIM 211-3] *************** CSIM finish ***************
INFO: [HLS 200-2161] Finished Command csim_design Elapsed time: 00:00:09; Allocated memory: 0.000 MB.
INFO: [HLS 200-1510] Running: csynth_design 
INFO: [HLS 200-111] Finished File checks and directory preparation: CPU user time: 0.14 seconds. CPU system time: 0.01 seconds. Elapsed time: 0.15 seconds; current allocated memory: 191.727 MB.
INFO: [HLS 200-10] Analyzing design file '../src/DMA24b_mm2s.cpp' ... 
WARNING: [HLS 214-113] Either use an argument of the function or declare the variable inside the dataflow loop body (../src/DMA24b_mm2s.cpp:75:43)
Resolution: For help on HLS 214-113 see docs.xilinx.com/access/sources/dita/topic?Doc_Version=2024.2%20English&url=ug1448-hls-guidance&resourceid=214-113.html
WARNING: [HLS 214-113] Either use an argument of the function or declare the variable inside the dataflow loop body (../src/DMA24b_mm2s.cpp:75:52)
Resolution: For help on HLS 214-113 see docs.xilinx.com/access/sources/dita/topic?Doc_Version=2024.2%20English&url=ug1448-hls-guidance&resourceid=214-113.html
WARNING: [HLS 214-113] Either use an argument of the function or declare the variable inside the dataflow loop body (../src/DMA24b_mm2s.cpp:77:48)
Resolution: For help on HLS 214-113 see docs.xilinx.com/access/sources/dita/topic?Doc_Version=2024.2%20English&url=ug1448-hls-guidance&resourceid=214-113.html
WARNING: [HLS 214-113] Either use an argument of the function or declare the variable inside the dataflow loop body (../src/DMA24b_mm2s.cpp:77:57)
Resolution: For help on HLS 214-113 see docs.xilinx.com/access/sources/dita/topic?Doc_Version=2024.2%20English&url=ug1448-hls-guidance&resourceid=214-113.html
WARNING: [HLS 200-471] Dataflow form checks found 4 issue(s) in file ../src/DMA24b_mm2s.cpp
Resolution: For help on HLS 200-471 see docs.xilinx.com/access/sources/dita/topic?Doc_Version=2024.2%20English&url=ug1448-hls-guidance&resourceid=200-471.html
INFO: [HLS 200-111] Finished Source Code Analysis and Preprocessing: CPU user time: 4.14 seconds. CPU system time: 0.64 seconds. Elapsed time: 4.82 seconds; current allocated memory: 193.910 MB.
INFO: [HLS 200-777] Using interface defaults for 'Vivado' flow target.
INFO: [HLS 200-1995] There were 756 instructions in the design after the 'Compile/Link' phase of compilation. See the Design Size Report for more details: /home/glen/Documents/AJC-Expleo/Travaux/Projet_CronerDetection/Exemples/DMA_RGB24b__720__0/DMA_RGB24b/hls/DMA24b_mm2s_prj/solution1/syn/report/csynth_design_size.rpt
INFO: [HLS 200-1995] There were 460 instructions in the design after the 'Unroll/Inline (step 1)' phase of compilation. See the Design Size Report for more details: /home/glen/Documents/AJC-Expleo/Travaux/Projet_CronerDetection/Exemples/DMA_RGB24b__720__0/DMA_RGB24b/hls/DMA24b_mm2s_prj/solution1/syn/report/csynth_design_size.rpt
INFO: [HLS 200-1995] There were 354 instructions in the design after the 'Unroll/Inline (step 2)' phase of compilation. See the Design Size Report for more details: /home/glen/Documents/AJC-Expleo/Travaux/Projet_CronerDetection/Exemples/DMA_RGB24b__720__0/DMA_RGB24b/hls/DMA24b_mm2s_prj/solution1/syn/report/csynth_design_size.rpt
INFO: [HLS 200-1995] There were 335 instructions in the design after the 'Unroll/Inline (step 3)' phase of compilation. See the Design Size Report for more details: /home/glen/Documents/AJC-Expleo/Travaux/Projet_CronerDetection/Exemples/DMA_RGB24b__720__0/DMA_RGB24b/hls/DMA24b_mm2s_prj/solution1/syn/report/csynth_design_size.rpt
INFO: [HLS 200-1995] There were 335 instructions in the design after the 'Unroll/Inline (step 4)' phase of compilation. See the Design Size Report for more details: /home/glen/Documents/AJC-Expleo/Travaux/Projet_CronerDetection/Exemples/DMA_RGB24b__720__0/DMA_RGB24b/hls/DMA24b_mm2s_prj/solution1/syn/report/csynth_design_size.rpt
INFO: [HLS 200-1995] There were 332 instructions in the design after the 'Array/Struct (step 1)' phase of compilation. See the Design Size Report for more details: /home/glen/Documents/AJC-Expleo/Travaux/Projet_CronerDetection/Exemples/DMA_RGB24b__720__0/DMA_RGB24b/hls/DMA24b_mm2s_prj/solution1/syn/report/csynth_design_size.rpt
INFO: [HLS 200-1995] There were 332 instructions in the design after the 'Array/Struct (step 2)' phase of compilation. See the Design Size Report for more details: /home/glen/Documents/AJC-Expleo/Travaux/Projet_CronerDetection/Exemples/DMA_RGB24b__720__0/DMA_RGB24b/hls/DMA24b_mm2s_prj/solution1/syn/report/csynth_design_size.rpt
INFO: [HLS 200-1995] There were 332 instructions in the design after the 'Array/Struct (step 3)' phase of compilation. See the Design Size Report for more details: /home/glen/Documents/AJC-Expleo/Travaux/Projet_CronerDetection/Exemples/DMA_RGB24b__720__0/DMA_RGB24b/hls/DMA24b_mm2s_prj/solution1/syn/report/csynth_design_size.rpt
INFO: [HLS 200-1995] There were 332 instructions in the design after the 'Array/Struct (step 4)' phase of compilation. See the Design Size Report for more details: /home/glen/Documents/AJC-Expleo/Travaux/Projet_CronerDetection/Exemples/DMA_RGB24b__720__0/DMA_RGB24b/hls/DMA24b_mm2s_prj/solution1/syn/report/csynth_design_size.rpt
INFO: [HLS 200-1995] There were 800 instructions in the design after the 'Array/Struct (step 5)' phase of compilation. See the Design Size Report for more details: /home/glen/Documents/AJC-Expleo/Travaux/Projet_CronerDetection/Exemples/DMA_RGB24b__720__0/DMA_RGB24b/hls/DMA24b_mm2s_prj/solution1/syn/report/csynth_design_size.rpt
INFO: [HLS 200-1995] There were 800 instructions in the design after the 'Performance (step 1)' phase of compilation. See the Design Size Report for more details: /home/glen/Documents/AJC-Expleo/Travaux/Projet_CronerDetection/Exemples/DMA_RGB24b__720__0/DMA_RGB24b/hls/DMA24b_mm2s_prj/solution1/syn/report/csynth_design_size.rpt
INFO: [HLS 200-1995] There were 800 instructions in the design after the 'Performance (step 2)' phase of compilation. See the Design Size Report for more details: /home/glen/Documents/AJC-Expleo/Travaux/Projet_CronerDetection/Exemples/DMA_RGB24b__720__0/DMA_RGB24b/hls/DMA24b_mm2s_prj/solution1/syn/report/csynth_design_size.rpt
INFO: [HLS 200-1995] There were 459 instructions in the design after the 'Performance (step 3)' phase of compilation. See the Design Size Report for more details: /home/glen/Documents/AJC-Expleo/Travaux/Projet_CronerDetection/Exemples/DMA_RGB24b__720__0/DMA_RGB24b/hls/DMA24b_mm2s_prj/solution1/syn/report/csynth_design_size.rpt
INFO: [HLS 200-1995] There were 459 instructions in the design after the 'Performance (step 4)' phase of compilation. See the Design Size Report for more details: /home/glen/Documents/AJC-Expleo/Travaux/Projet_CronerDetection/Exemples/DMA_RGB24b__720__0/DMA_RGB24b/hls/DMA24b_mm2s_prj/solution1/syn/report/csynth_design_size.rpt
INFO: [HLS 200-1995] There were 386 instructions in the design after the 'HW Transforms (step 1)' phase of compilation. See the Design Size Report for more details: /home/glen/Documents/AJC-Expleo/Travaux/Projet_CronerDetection/Exemples/DMA_RGB24b__720__0/DMA_RGB24b/hls/DMA24b_mm2s_prj/solution1/syn/report/csynth_design_size.rpt
INFO: [HLS 200-1995] There were 364 instructions in the design after the 'HW Transforms (step 2)' phase of compilation. See the Design Size Report for more details: /home/glen/Documents/AJC-Expleo/Travaux/Projet_CronerDetection/Exemples/DMA_RGB24b__720__0/DMA_RGB24b/hls/DMA24b_mm2s_prj/solution1/syn/report/csynth_design_size.rpt
INFO: [HLS 214-131] Inlining function 'DMA24b_mm2s_get_pixel(ap_uint<384> const&, int)' into 'DMA24b_mm2s_streamout(hls::stream<hls::axis<ap_uint<24>, 1ul, 0ul, 0ul, (unsigned char)56, false>, 0>&, hls::stream<ap_uint<128>, 256>&, int, int)' (../src/DMA24b_mm2s.cpp:47:23)
INFO: [HLS 214-291] Loop 'read_loop' is marked as complete unroll implied by the pipeline pragma (../src/DMA24b_mm2s.cpp:41:13)
INFO: [HLS 214-291] Loop 'px_loop' is marked as complete unroll implied by the pipeline pragma (../src/DMA24b_mm2s.cpp:45:13)
INFO: [HLS 214-186] Unrolling loop 'read_loop' (../src/DMA24b_mm2s.cpp:41:13) in function 'DMA24b_mm2s_streamout' completely with a factor of 3 (../src/DMA24b_mm2s.cpp:34:0)
INFO: [HLS 214-186] Unrolling loop 'px_loop' (../src/DMA24b_mm2s.cpp:45:13) in function 'DMA24b_mm2s_streamout' completely with a factor of 16 (../src/DMA24b_mm2s.cpp:34:0)
INFO: [HLS 214-115] Multiple burst reads of variable length and bit width 128 has been inferred on bundle 'gmem'. These burst requests might be further partitioned into multiple requests during RTL generation, based on max_read_burst_length or max_write_burst_length settings. (../src/DMA24b_mm2s.cpp:15:15)
INFO: [HLS 200-111] Finished Compiling Optimization and Transform: CPU user time: 3.88 seconds. CPU system time: 0.62 seconds. Elapsed time: 8.13 seconds; current allocated memory: 203.832 MB.
INFO: [HLS 200-111] Finished Checking Pragmas: CPU user time: 0 seconds. CPU system time: 0 seconds. Elapsed time: 0 seconds; current allocated memory: 203.832 MB.
INFO: [HLS 200-10] Starting code transformations ...
INFO: [HLS 200-111] Finished Standard Transforms: CPU user time: 0.04 seconds. CPU system time: 0 seconds. Elapsed time: 0.04 seconds; current allocated memory: 204.172 MB.
INFO: [HLS 200-10] Checking synthesizability ...
INFO: [HLS 200-111] Finished Checking Synthesizability: CPU user time: 0.05 seconds. CPU system time: 0 seconds. Elapsed time: 0.05 seconds; current allocated memory: 205.320 MB.
WARNING: [XFORM 203-561] Updating loop upper bound from 33554431 to 19 for loop 'burst_loop' (../src/DMA24b_mm2s.cpp:15:24) in function 'DMA24b_mm2s_fetch'.
WARNING: [XFORM 203-561] Ignored invalid trip count directive (MAX (= 19) < AVE (= 16777215)) for loop 'burst_loop' (../src/DMA24b_mm2s.cpp:15:24) in function 'DMA24b_mm2s_fetch'.
INFO: [XFORM 203-712] Applying dataflow to function 'DMA24b_mm2s' (../src/DMA24b_mm2s.cpp:69:1), detected/extracted 2 process function(s): 
	 'DMA24b_mm2s_fetch'
	 'DMA24b_mm2s_streamout'.
WARNING: [XFORM 203-561] Updating loop upper bound from 134217727 to 255 for loop 'group_loop' (../src/DMA24b_mm2s.cpp:39:23) in function 'DMA24b_mm2s_streamout'.
WARNING: [XFORM 203-561] Ignored invalid trip count directive (MAX (= 255) < AVE (= 67108864)) for loop 'group_loop' (../src/DMA24b_mm2s.cpp:39:23) in function 'DMA24b_mm2s_streamout'.
INFO: [HLS 200-111] Finished Loop, function and other optimizations: CPU user time: 0.19 seconds. CPU system time: 0.01 seconds. Elapsed time: 0.2 seconds; current allocated memory: 227.797 MB.
INFO: [HLS 200-2061] Successfully converted nested loops 'line_loop'(../src/DMA24b_mm2s.cpp:38:13) and 'group_loop'(../src/DMA24b_mm2s.cpp:39:15) in function 'DMA24b_mm2s_streamout' into perfectly nested loops.
INFO: [HLS 200-2061] Successfully converted nested loops 'line_loop'(../src/DMA24b_mm2s.cpp:14:13) and 'burst_loop'(../src/DMA24b_mm2s.cpp:15:15) in function 'DMA24b_mm2s_fetch' into perfectly nested loops.
INFO: [XFORM 203-541] Flattening a loop nest 'line_loop' (../src/DMA24b_mm2s.cpp:38:13) in function 'DMA24b_mm2s_streamout'.
INFO: [XFORM 203-541] Flattening a loop nest 'burst_loop' (../src/DMA24b_mm2s.cpp:15:15) in function 'DMA24b_mm2s_fetch'.
INFO: [XFORM 203-541] Flattening a loop nest 'line_loop' (../src/DMA24b_mm2s.cpp:14:13) in function 'DMA24b_mm2s_fetch'.
INFO: [HLS 200-111] Finished Architecture Synthesis: CPU user time: 0.17 seconds. CPU system time: 0.02 seconds. Elapsed time: 0.2 seconds; current allocated memory: 267.801 MB.
INFO: [HLS 200-10] Starting hardware synthesis ...
INFO: [HLS 200-10] Synthesizing 'DMA24bUnit_mm2s' ...
INFO: [HLS 200-10] ----------------------------------------------------------------
INFO: [HLS 200-42] -- Implementing module 'DMA24b_mm2s_fetch_Pipeline_line_loop_burst_loop_beat_loop' 
INFO: [HLS 200-10] ----------------------------------------------------------------
INFO: [SCHED 204-11] Starting scheduling ...
INFO: [SCHED 204-61] Pipelining loop 'line_loop_burst_loop_beat_loop'.
INFO: [HLS 200-1470] Pipelining result : Target II = 1, Final II = 1, Depth = 13, loop 'line_loop_burst_loop_beat_loop'
WARNING: [HLS 200-871] Estimated clock period (5.579 ns) exceeds the target (target clock period: 6.660 ns, clock uncertainty: 1.798 ns, effective delay budget: 4.862 ns).
Resolution: For help on HLS 200-871 see docs.xilinx.com/access/sources/dita/topic?Doc_Version=2024.2%20English&url=ug1448-hls-guidance&resourceid=200-871.html
WARNING: [HLS 200-1016] The critical path in module 'DMA24b_mm2s_fetch_Pipeline_line_loop_burst_loop_beat_loop' consists of the following:
	'load' operation 6 bit ('b', ../src/DMA24b_mm2s.cpp:16) on local variable 'b', ../src/DMA24b_mm2s.cpp:16 [27]  (0.000 ns)
	'icmp' operation 1 bit ('icmp_ln16', ../src/DMA24b_mm2s.cpp:16) [40]  (1.825 ns)
	'and' operation 1 bit ('and_ln14', ../src/DMA24b_mm2s.cpp:14) [41]  (0.978 ns)
	'or' operation 1 bit ('or_ln16', ../src/DMA24b_mm2s.cpp:16) [70]  (0.000 ns)
	'select' operation 6 bit ('select_ln16', ../src/DMA24b_mm2s.cpp:16) [71]  (1.188 ns)
	'store' operation 0 bit ('b_write_ln16', ../src/DMA24b_mm2s.cpp:16) of variable 'select_ln16', ../src/DMA24b_mm2s.cpp:16 on local variable 'b', ../src/DMA24b_mm2s.cpp:16 [77]  (1.588 ns)

Resolution: For help on HLS 200-1016 see docs.xilinx.com/access/sources/dita/topic?Doc_Version=2024.2%20English&url=ug1448-hls-guidance&resourceid=200-1016.html
INFO: [SCHED 204-11] Finished scheduling.
INFO: [HLS 200-111] Finished Scheduling: CPU user time: 0.12 seconds. CPU system time: 0.03 seconds. Elapsed time: 0.13 seconds; current allocated memory: 268.316 MB.
INFO: [BIND 205-100] Starting micro-architecture generation ...
INFO: [BIND 205-101] Performing variable lifetime analysis.
INFO: [BIND 205-101] Exploring resource sharing.
INFO: [BIND 205-101] Binding ...
INFO: [BIND 205-100] Finished micro-architecture generation.
INFO: [HLS 200-111] Finished Binding: CPU user time: 0.02 seconds. CPU system time: 0 seconds. Elapsed time: 0.02 seconds; current allocated memory: 268.316 MB.
INFO: [HLS 200-10] ----------------------------------------------------------------
INFO: [HLS 200-42] -- Implementing module 'DMA24b_mm2s_fetch' 
INFO: [HLS 200-10] ----------------------------------------------------------------
INFO: [SCHED 204-11] Starting scheduling ...
INFO: [SCHED 204-11] Finished scheduling.
INFO: [HLS 200-111] Finished Scheduling: CPU user time: 0.04 seconds. CPU system time: 0 seconds. Elapsed time: 0.04 seconds; current allocated memory: 268.316 MB.
INFO: [BIND 205-100] Starting micro-architecture generation ...
INFO: [BIND 205-101] Performing variable lifetime analysis.
INFO: [BIND 205-101] Exploring resource sharing.
INFO: [BIND 205-101] Binding ...
INFO: [BIND 205-100] Finished micro-architecture generation.
INFO: [HLS 200-111] Finished Binding: CPU user time: 0.01 seconds. CPU system time: 0.01 seconds. Elapsed time: 0.02 seconds; current allocated memory: 268.316 MB.
INFO: [HLS 200-10] ----------------------------------------------------------------
INFO: [HLS 200-42] -- Implementing module 'DMA24b_mm2s_streamout_Pipeline_line_loop_group_loop' 
INFO: [HLS 200-10] ----------------------------------------------------------------
INFO: [SCHED 204-11] Starting scheduling ...
INFO: [SCHED 204-61] Pipelining loop 'line_loop_group_loop'.
INFO: [HLS 200-1470] Pipelining result : Target II = 16, Final II = 16, Depth = 18, loop 'line_loop_group_loop'
INFO: [SCHED 204-11] Finished scheduling.
INFO: [HLS 200-111] Finished Scheduling: CPU user time: 0.12 seconds. CPU system time: 0 seconds. Elapsed time: 0.12 seconds; current allocated memory: 269.250 MB.
INFO: [BIND 205-100] Starting micro-architecture generation ...
INFO: [BIND 205-101] Performing variable lifetime analysis.
INFO: [BIND 205-101] Exploring resource sharing.
INFO: [BIND 205-101] Binding ...
INFO: [BIND 205-100] Finished micro-architecture generation.
INFO: [HLS 200-111] Finished Binding: CPU user time: 0.03 seconds. CPU system time: 0 seconds. Elapsed time: 0.04 seconds; current allocated memory: 269.250 MB.
INFO: [HLS 200-10] ----------------------------------------------------------------
INFO: [HLS 200-42] -- Implementing module 'DMA24b_mm2s_streamout' 
INFO: [HLS 200-10] ----------------------------------------------------------------
INFO: [SCHED 204-11] Starting scheduling ...
INFO: [SCHED 204-11] Finished scheduling.
INFO: [HLS 200-111] Finished Scheduling: CPU user time: 0.04 seconds. CPU system time: 0 seconds. Elapsed time: 0.04 seconds; current allocated memory: 269.250 MB.
INFO: [BIND 205-100] Starting micro-architecture generation ...
INFO: [BIND 205-101] Performing variable lifetime analysis.
INFO: [BIND 205-101] Exploring resource sharing.
INFO: [BIND 205-101] Binding ...
INFO: [BIND 205-100] Finished micro-architecture generation.
INFO: [HLS 200-111] Finished Binding: CPU user time: 0.02 seconds. CPU system time: 0.01 seconds. Elapsed time: 0.02 seconds; current allocated memory: 269.250 MB.
INFO: [HLS 200-10] ----------------------------------------------------------------
INFO: [HLS 200-42] -- Implementing module 'DMA24b_mm2s' 
INFO: [HLS 200-10] ----------------------------------------------------------------
INFO: [SCHED 204-11] Starting scheduling ...
INFO: [SCHED 204-11] Finished scheduling.
INFO: [HLS 200-111] Finished Scheduling: CPU user time: 0.02 seconds. CPU system time: 0 seconds. Elapsed time: 0.02 seconds; current allocated memory: 269.250 MB.
INFO: [BIND 205-100] Starting micro-architecture generation ...
INFO: [BIND 205-101] Performing variable lifetime analysis.
INFO: [BIND 205-101] Exploring resource sharing.
INFO: [BIND 205-101] Binding ...
INFO: [BIND 205-100] Finished micro-architecture generation.
INFO: [HLS 200-111] Finished Binding: CPU user time: 0.02 seconds. CPU system time: 0 seconds. Elapsed time: 0.01 seconds; current allocated memory: 269.250 MB.
INFO: [HLS 200-10] ----------------------------------------------------------------
INFO: [HLS 200-42] -- Implementing module 'DMA24bUnit_mm2s' 
INFO: [HLS 200-10] ----------------------------------------------------------------
INFO: [SCHED 204-11] Starting scheduling ...
INFO: [SCHED 204-11] Finished scheduling.
INFO: [HLS 200-111] Finished Scheduling: CPU user time: 0.02 seconds. CPU system time: 0 seconds. Elapsed time: 0.02 seconds; current allocated memory: 269.250 MB.
INFO: [BIND 205-100] Starting micro-architecture generation ...
INFO: [BIND 205-101] Performing variable lifetime analysis.
INFO: [BIND 205-101] Exploring resource sharing.
INFO: [BIND 205-101] Binding ...
INFO: [BIND 205-100] Finished micro-architecture generation.
INFO: [HLS 200-111] Finished Binding: CPU user time: 0.02 seconds. CPU system time: 0.01 seconds. Elapsed time: 0.02 seconds; current allocated memory: 269.250 MB.
INFO: [HLS 200-10] ----------------------------------------------------------------
INFO: [HLS 200-10] -- Generating RTL for module 'DMA24b_mm2s_fetch_Pipeline_line_loop_burst_loop_beat_loop' 
INFO: [HLS 200-10] ----------------------------------------------------------------
INFO: [HLS 200-1030] Apply Unified Pipeline Control on module 'DMA24b_mm2s_fetch_Pipeline_line_loop_burst_loop_beat_loop' pipeline 'line_loop_burst_loop_beat_loop' pipeline type 'loop pipeline'
INFO: [RTGEN 206-100] Finished creating RTL model for 'DMA24b_mm2s_fetch_Pipeline_line_loop_burst_loop_beat_loop'.
INFO: [HLS 200-111] Finished Creating RTL model: CPU user time: 0.06 seconds. CPU system time: 0 seconds. Elapsed time: 0.06 seconds; current allocated memory: 269.418 MB.
INFO: [HLS 200-10] ----------------------------------------------------------------
INFO: [HLS 200-10] -- Generating RTL for module 'DMA24b_mm2s_fetch' 
INFO: [HLS 200-10] ----------------------------------------------------------------
INFO: [RTGEN 206-100] Generating core module 'mul_10ns_12ns_21_2_1': 1 instance(s).
INFO: [RTGEN 206-100] Generating core module 'mul_12ns_11ns_22_2_1': 1 instance(s).
INFO: [RTGEN 206-100] Finished creating RTL model for 'DMA24b_mm2s_fetch'.
INFO: [HLS 200-111] Finished Creating RTL model: CPU user time: 0.11 seconds. CPU system time: 0.01 seconds. Elapsed time: 0.13 seconds; current allocated memory: 271.535 MB.
INFO: [HLS 200-10] ----------------------------------------------------------------
INFO: [HLS 200-10] -- Generating RTL for module 'DMA24b_mm2s_streamout_Pipeline_line_loop_group_loop' 
INFO: [HLS 200-10] ----------------------------------------------------------------
INFO: [HLS 200-1030] Apply Unified Pipeline Control on module 'DMA24b_mm2s_streamout_Pipeline_line_loop_group_loop' pipeline 'line_loop_group_loop' pipeline type 'loop pipeline'
INFO: [RTGEN 206-100] Finished creating RTL model for 'DMA24b_mm2s_streamout_Pipeline_line_loop_group_loop'.
INFO: [HLS 200-111] Finished Creating RTL model: CPU user time: 0.13 seconds. CPU system time: 0.01 seconds. Elapsed time: 0.16 seconds; current allocated memory: 273.613 MB.
INFO: [HLS 200-10] ----------------------------------------------------------------
INFO: [HLS 200-10] -- Generating RTL for module 'DMA24b_mm2s_streamout' 
INFO: [HLS 200-10] ----------------------------------------------------------------
INFO: [RTGEN 206-100] Generating core module 'mul_12ns_8ns_20_2_1': 1 instance(s).
INFO: [RTGEN 206-100] Finished creating RTL model for 'DMA24b_mm2s_streamout'.
INFO: [HLS 200-111] Finished Creating RTL model: CPU user time: 0.12 seconds. CPU system time: 0.01 seconds. Elapsed time: 0.13 seconds; current allocated memory: 276.199 MB.
INFO: [HLS 200-10] ----------------------------------------------------------------
INFO: [HLS 200-10] -- Generating RTL for module 'DMA24b_mm2s' 
INFO: [HLS 200-10] ----------------------------------------------------------------
WARNING: [RTGEN 206-101] Setting dangling out port 'DMA24b_mm2s/m_axi_gmem_0_AWVALID' to 0.
WARNING: [RTGEN 206-101] Setting dangling out port 'DMA24b_mm2s/m_axi_gmem_0_AWADDR' to 0.
WARNING: [RTGEN 206-101] Setting dangling out port 'DMA24b_mm2s/m_axi_gmem_0_AWID' to 0.
WARNING: [RTGEN 206-101] Setting dangling out port 'DMA24b_mm2s/m_axi_gmem_0_AWLEN' to 0.
WARNING: [RTGEN 206-101] Setting dangling out port 'DMA24b_mm2s/m_axi_gmem_0_AWSIZE' to 0.
WARNING: [RTGEN 206-101] Setting dangling out port 'DMA24b_mm2s/m_axi_gmem_0_AWBURST' to 0.
WARNING: [RTGEN 206-101] Setting dangling out port 'DMA24b_mm2s/m_axi_gmem_0_AWLOCK' to 0.
WARNING: [RTGEN 206-101] Setting dangling out port 'DMA24b_mm2s/m_axi_gmem_0_AWCACHE' to 0.
WARNING: [RTGEN 206-101] Setting dangling out port 'DMA24b_mm2s/m_axi_gmem_0_AWPROT' to 0.
WARNING: [RTGEN 206-101] Setting dangling out port 'DMA24b_mm2s/m_axi_gmem_0_AWQOS' to 0.
WARNING: [RTGEN 206-101] Setting dangling out port 'DMA24b_mm2s/m_axi_gmem_0_AWREGION' to 0.
WARNING: [RTGEN 206-101] Setting dangling out port 'DMA24b_mm2s/m_axi_gmem_0_AWUSER' to 0.
WARNING: [RTGEN 206-101] Setting dangling out port 'DMA24b_mm2s/m_axi_gmem_0_WVALID' to 0.
WARNING: [RTGEN 206-101] Setting dangling out port 'DMA24b_mm2s/m_axi_gmem_0_WDATA' to 0.
WARNING: [RTGEN 206-101] Setting dangling out port 'DMA24b_mm2s/m_axi_gmem_0_WSTRB' to 0.
WARNING: [RTGEN 206-101] Setting dangling out port 'DMA24b_mm2s/m_axi_gmem_0_WLAST' to 0.
WARNING: [RTGEN 206-101] Setting dangling out port 'DMA24b_mm2s/m_axi_gmem_0_WID' to 0.
WARNING: [RTGEN 206-101] Setting dangling out port 'DMA24b_mm2s/m_axi_gmem_0_WUSER' to 0.
WARNING: [RTGEN 206-101] Setting dangling out port 'DMA24b_mm2s/m_axi_gmem_0_BREADY' to 0.
INFO: [RTGEN 206-100] Finished creating RTL model for 'DMA24b_mm2s'.
INFO: [RTMG 210-285] Implementing FIFO 'mm_fifo_U(DMA24bUnit_mm2s_fifo_w128_d256_A)' using Vivado Default RAMs.
INFO: [RTMG 210-285] Implementing FIFO 'image_w_c_U(DMA24bUnit_mm2s_fifo_w12_d2_S)' using Shift Registers.
INFO: [RTMG 210-285] Implementing FIFO 'image_h_c_U(DMA24bUnit_mm2s_fifo_w12_d2_S)' using Shift Registers.
INFO: [RTMG 210-285] Implementing FIFO 'start_for_DMA24b_mm2s_streamout_U0_U(DMA24bUnit_mm2s_start_for_DMA24b_mm2s_streamout_U0)' using Shift Registers.
INFO: [HLS 200-111] Finished Creating RTL model: CPU user time: 0.11 seconds. CPU system time: 0.01 seconds. Elapsed time: 0.13 seconds; current allocated memory: 277.379 MB.
INFO: [HLS 200-10] ----------------------------------------------------------------
INFO: [HLS 200-10] -- Generating RTL for module 'DMA24bUnit_mm2s' 
INFO: [HLS 200-10] ----------------------------------------------------------------
WARNING: [RTGEN 206-101] Design contains AXI ports. Reset is fixed to synchronous and active low.
INFO: [RTGEN 206-500] Setting interface mode on port 'DMA24bUnit_mm2s/gmem' to 'm_axi'.
INFO: [RTGEN 206-500] Setting interface mode on port 'DMA24bUnit_mm2s/STR_video_out_V_data_V' to 'axis' (register, both mode).
INFO: [RTGEN 206-500] Setting interface mode on port 'DMA24bUnit_mm2s/STR_video_out_V_keep_V' to 'axis' (register, both mode).
INFO: [RTGEN 206-500] Setting interface mode on port 'DMA24bUnit_mm2s/STR_video_out_V_strb_V' to 'axis' (register, both mode).
INFO: [RTGEN 206-500] Setting interface mode on port 'DMA24bUnit_mm2s/STR_video_out_V_user_V' to 'axis' (register, both mode).
INFO: [RTGEN 206-500] Setting interface mode on port 'DMA24bUnit_mm2s/STR_video_out_V_last_V' to 'axis' (register, both mode).
INFO: [RTGEN 206-500] Setting interface mode on port 'DMA24bUnit_mm2s/image_w' to 'ap_none'.
INFO: [RTGEN 206-500] Setting interface mode on port 'DMA24bUnit_mm2s/image_h' to 'ap_none'.
INFO: [RTGEN 206-500] Setting interface mode on port 'DMA24bUnit_mm2s/image_in' to 'ap_none'.
INFO: [RTGEN 206-500] Setting interface mode on function 'DMA24bUnit_mm2s' to 'ap_ctrl_hs'.
INFO: [RTGEN 206-100] Finished creating RTL model for 'DMA24bUnit_mm2s'.
INFO: [HLS 200-111] Finished Creating RTL model: CPU user time: 0.1 seconds. CPU system time: 0.01 seconds. Elapsed time: 0.12 seconds; current allocated memory: 278.629 MB.
INFO: [HLS 200-111] Finished Generating all RTL models: CPU user time: 0.21 seconds. CPU system time: 0.03 seconds. Elapsed time: 0.25 seconds; current allocated memory: 281.465 MB.
INFO: [HLS 200-1603] Design has inferred MAXI bursts and missed bursts, see Vitis HLS GUI synthesis summary report for detailed information.
INFO: [HLS 200-111] Finished Updating report files: CPU user time: 0.5 seconds. CPU system time: 0.04 seconds. Elapsed time: 0.54 seconds; current allocated memory: 285.648 MB.
INFO: [VHDL 208-304] Generating VHDL RTL for DMA24bUnit_mm2s.
INFO: [VLOG 209-307] Generating Verilog RTL for DMA24bUnit_mm2s.
INFO: [HLS 200-789] **** Estimated Fmax: 179.24 MHz
INFO: [HLS 200-2161] Finished Command csynth_design Elapsed time: 00:00:15; Allocated memory: 94.305 MB.
INFO: [HLS 200-112] Total CPU user time: 22.71 seconds. Total CPU system time: 2.29 seconds. Total elapsed time: 28.52 seconds; peak allocated memory: 285.738 MB.
