#-----------------------------------------------------------
# Vivado v2020.2 (64-bit)
# SW Build 3064766 on Wed Nov 18 09:12:47 MST 2020
# IP Build 3064653 on Wed Nov 18 14:17:31 MST 2020
# Start of session at: Fri Sep 11 14:23:27 2026
# Process ID: 52040
# Current directory: /home/glen/Documents/AJC-Expleo/Travaux/Projet_CronerDetection/Exemples/Reference_design_project_2020.2__720__0/Reference_design_project_2020.2
# Command line: vivado -mode batch -notrace -nojournal -log logs/create_project.log -source scripts/create_project.tcl
# Log file: /home/glen/Documents/AJC-Expleo/Travaux/Projet_CronerDetection/Exemples/Reference_design_project_2020.2__720__0/Reference_design_project_2020.2/logs/create_project.log
# Journal file: 
#-----------------------------------------------------------
source scripts/create_project.tcl -notrace
INFO : racine du projet   = /home/glen/Documents/AJC-Expleo/Travaux/Projet_CronerDetection/Exemples/Reference_design_project_2020.2__720__0/Reference_design_project_2020.2
INFO : version de l'outil = 2020.2
Le repertoire /home/glen/Documents/AJC-Expleo/Travaux/Projet_CronerDetection/Exemples/Reference_design_project_2020.2__720__0/Reference_design_project_2020.2/SoCora existe deja. Le supprimer avant de relancer.
    while executing
"error "Le repertoire $proj_dir existe deja. Le supprimer avant de relancer.""
    invoked from within
"if {[file exists $proj_dir]} {
    error "Le repertoire $proj_dir existe deja. Le supprimer avant de relancer."
}"
    (file "scripts/create_project.tcl" line 41)
INFO: [Common 17-206] Exiting Vivado at Fri Sep 11 14:23:37 2026...
