Copyright 1986-2020 Xilinx, Inc. All Rights Reserved.
------------------------------------------------------------------------------------
| Tool Version : Vivado v.2020.2 (lin64) Build 3064766 Wed Nov 18 09:12:47 MST 2020
| Date         : Mon Oct  5 16:49:32 2026
| Host         : glen-HP-ZBook-15u-G3 running 64-bit Ubuntu 24.04.5 LTS
| Command      : upgrade_ip
| Device       : xc7z007sclg400-1
------------------------------------------------------------------------------------

Upgrade Log for IP 'design_1_ControleurVGA_v3_0_3'

1. Summary
----------

SUCCESS in the upgrade of design_1_ControleurVGA_v3_0_3 (user.org:user:ControleurVGA_v3:1.0) from (Rev. 5) to (Rev. 1)






Copyright 1986-2020 Xilinx, Inc. All Rights Reserved.
------------------------------------------------------------------------------------
| Tool Version : Vivado v.2020.2 (lin64) Build 3064766 Wed Nov 18 09:12:47 MST 2020
| Date         : Mon Oct  5 16:46:19 2026
| Host         : glen-HP-ZBook-15u-G3 running 64-bit Ubuntu 24.04.5 LTS
| Command      : upgrade_ip
| Device       : xc7z007sclg400-1
------------------------------------------------------------------------------------

Upgrade Log for IP 'design_1_ControleurVGA_v3_0_3'

1. Summary
----------

SUCCESS in the upgrade of design_1_ControleurVGA_v3_0_3 (user.org:user:ControleurVGA_v3:1.0) from (Rev. 4) to (Rev. 5)






Copyright 1986-2020 Xilinx, Inc. All Rights Reserved.
------------------------------------------------------------------------------------
| Tool Version : Vivado v.2020.2 (lin64) Build 3064766 Wed Nov 18 09:12:47 MST 2020
| Date         : Mon Oct  5 16:43:43 2026
| Host         : glen-HP-ZBook-15u-G3 running 64-bit Ubuntu 24.04.5 LTS
| Command      : upgrade_ip
| Device       : xc7z007sclg400-1
------------------------------------------------------------------------------------

Upgrade Log for IP 'design_1_ControleurVGA_v3_0_3'

1. Summary
----------

SUCCESS in the upgrade of design_1_ControleurVGA_v3_0_3 (user.org:user:ControleurVGA_v3:1.0) from (Rev. 3) to (Rev. 4)






Copyright 1986-2020 Xilinx, Inc. All Rights Reserved.
------------------------------------------------------------------------------------
| Tool Version : Vivado v.2020.2 (lin64) Build 3064766 Wed Nov 18 09:12:47 MST 2020
| Date         : Mon Oct  5 16:40:00 2026
| Host         : glen-HP-ZBook-15u-G3 running 64-bit Ubuntu 24.04.5 LTS
| Command      : upgrade_ip
| Device       : xc7z007sclg400-1
------------------------------------------------------------------------------------

Upgrade Log for IP 'design_1_ControleurVGA_v3_0_3'

1. Summary
----------

SUCCESS in the upgrade of design_1_ControleurVGA_v3_0_3 (user.org:user:ControleurVGA_v3:1.0) from (Rev. 2) to (Rev. 3)






Copyright 1986-2020 Xilinx, Inc. All Rights Reserved.
------------------------------------------------------------------------------------
| Tool Version : Vivado v.2020.2 (lin64) Build 3064766 Wed Nov 18 09:12:47 MST 2020
| Date         : Mon Oct  5 15:18:53 2026
| Host         : glen-HP-ZBook-15u-G3 running 64-bit Ubuntu 24.04.5 LTS
| Command      : upgrade_ip
| Device       : xc7z007sclg400-1
------------------------------------------------------------------------------------

Upgrade Log for IP 'design_1_ControleurVGA_v3_0_3'

1. Summary
----------

SUCCESS in the upgrade of design_1_ControleurVGA_v3_0_3 (user.org:user:ControleurVGA_v3:1.0) from (Rev. 1) to (Rev. 2)






Copyright 1986-2020 Xilinx, Inc. All Rights Reserved.
------------------------------------------------------------------------------------
| Tool Version : Vivado v.2020.2 (lin64) Build 3064766 Wed Nov 18 09:12:47 MST 2020
| Date         : Mon Oct  5 15:05:13 2026
| Host         : glen-HP-ZBook-15u-G3 running 64-bit Ubuntu 24.04.5 LTS
| Command      : upgrade_ip
| Device       : xc7z007sclg400-1
------------------------------------------------------------------------------------

Upgrade Log for IP 'design_1_ControleurVGA_v3_0_3'

1. Summary
----------

SUCCESS in the upgrade of design_1_ControleurVGA_v3_0_3 (user.org:user:ControleurVGA_v3:1.0) from (Rev. 9) to (Rev. 1)






Copyright 1986-2020 Xilinx, Inc. All Rights Reserved.
------------------------------------------------------------------------------------
| Tool Version : Vivado v.2020.2 (lin64) Build 3064766 Wed Nov 18 09:12:47 MST 2020
| Date         : Mon Oct  5 15:03:22 2026
| Host         : glen-HP-ZBook-15u-G3 running 64-bit Ubuntu 24.04.5 LTS
| Command      : upgrade_ip
| Device       : xc7z007sclg400-1
------------------------------------------------------------------------------------

Upgrade Log for IP 'design_1_ControleurVGA_v3_0_3'

1. Summary
----------

SUCCESS in the upgrade of design_1_ControleurVGA_v3_0_3 (user.org:user:ControleurVGA_v3:1.0) from (Rev. 7) to (Rev. 9)






Copyright 1986-2020 Xilinx, Inc. All Rights Reserved.
------------------------------------------------------------------------------------
| Tool Version : Vivado v.2020.2 (lin64) Build 3064766 Wed Nov 18 09:12:47 MST 2020
| Date         : Mon Oct  5 14:40:55 2026
| Host         : glen-HP-ZBook-15u-G3 running 64-bit Ubuntu 24.04.5 LTS
| Command      : upgrade_ip
| Device       : xc7z007sclg400-1
------------------------------------------------------------------------------------

Upgrade Log for IP 'design_1_ControleurVGA_v3_0_3'

1. Summary
----------

CAUTION (success, with warnings) in the upgrade of design_1_ControleurVGA_v3_0_3 (user.org:user:ControleurVGA_v3:1.0) from (Rev. 6) to (Rev. 7)

2. Interface Information
------------------------

Detected external interface differences while upgrading 'design_1_ControleurVGA_v3_0_3'.


-Upgrade has removed interface 'VGA'







Copyright 1986-2020 Xilinx, Inc. All Rights Reserved.
------------------------------------------------------------------------------------
| Tool Version : Vivado v.2020.2 (lin64) Build 3064766 Wed Nov 18 09:12:47 MST 2020
| Date         : Mon Oct  5 14:33:13 2026
| Host         : glen-HP-ZBook-15u-G3 running 64-bit Ubuntu 24.04.5 LTS
| Command      : upgrade_ip
| Device       : xc7z007sclg400-1
------------------------------------------------------------------------------------

Upgrade Log for IP 'design_1_ControleurVGA_v3_0_3'

1. Summary
----------

CAUTION (success, with warnings) in the upgrade of design_1_ControleurVGA_v3_0_3 (user.org:user:ControleurVGA_v3:1.0) from (Rev. 5) to (Rev. 6)

2. Interface Information
------------------------

Detected external interface differences while upgrading 'design_1_ControleurVGA_v3_0_3'.


-Upgrade has added interface 'VGA' (xilinx.com:interface:vga:1.0)







Copyright 1986-2020 Xilinx, Inc. All Rights Reserved.
------------------------------------------------------------------------------------
| Tool Version : Vivado v.2020.2 (lin64) Build 3064766 Wed Nov 18 09:12:47 MST 2020
| Date         : Mon Oct  5 14:19:22 2026
| Host         : glen-HP-ZBook-15u-G3 running 64-bit Ubuntu 24.04.5 LTS
| Command      : upgrade_ip
| Device       : xc7z007sclg400-1
------------------------------------------------------------------------------------

Upgrade Log for IP 'design_1_AXI_Select_0_0'

1. Summary
----------

CAUTION (success, with warnings) in the upgrade of design_1_AXI_Select_0_0 (user.org:user:AXI_Select:1.0) from (Rev. 2) to (Rev. 3)

2. Interface Information
------------------------

Detected external interface differences while upgrading 'design_1_AXI_Select_0_0'.


-Upgrade has added interface 'AXI_A' (xilinx.com:interface:axis:1.0)

-Upgrade has added interface 'AXI_B' (xilinx.com:interface:axis:1.0)

-Upgrade has added interface 'AXI_out' (xilinx.com:interface:axis:1.0)







Copyright 1986-2020 Xilinx, Inc. All Rights Reserved.
------------------------------------------------------------------------------------
| Tool Version : Vivado v.2020.2 (lin64) Build 3064766 Wed Nov 18 09:12:47 MST 2020
| Date         : Mon Oct  5 14:12:09 2026
| Host         : glen-HP-ZBook-15u-G3 running 64-bit Ubuntu 24.04.5 LTS
| Command      : upgrade_ip
| Device       : xc7z007sclg400-1
------------------------------------------------------------------------------------

Upgrade Log for IP 'design_1_AXI_Select_0_0'

1. Summary
----------

CAUTION (success, with warnings) in the upgrade of design_1_AXI_Select_0_0 (user.org:user:AXI_Select:1.0) from (Rev. 9) to (Rev. 2)

2. Interface Information
------------------------

Detected external interface differences while upgrading 'design_1_AXI_Select_0_0'.


-Upgrade has removed interface 'AXI_A'

-Upgrade has removed interface 'AXI_B'

-Upgrade has removed interface 'AXI_out'







Copyright 1986-2020 Xilinx, Inc. All Rights Reserved.
------------------------------------------------------------------------------------
| Tool Version : Vivado v.2020.2 (lin64) Build 3064766 Wed Nov 18 09:12:47 MST 2020
| Date         : Mon Oct  5 12:33:32 2026
| Host         : glen-HP-ZBook-15u-G3 running 64-bit Ubuntu 24.04.5 LTS
| Command      : upgrade_ip
| Device       : xc7z007sclg400-1
------------------------------------------------------------------------------------

Upgrade Log for IP 'design_1_AXI_Select_0_0'

1. Summary
----------

SUCCESS in the upgrade of design_1_AXI_Select_0_0 (user.org:user:AXI_Select:1.0) from (Rev. 8) to (Rev. 9)

