
*** Running vivado
    with args -log design_1_wrapper.vdi -applog -m64 -product Vivado -messageDb vivado.pb -mode batch -source design_1_wrapper.tcl -notrace


****** Vivado v2020.2 (64-bit)
  **** SW Build 3064766 on Wed Nov 18 09:12:47 MST 2020
  **** IP Build 3064653 on Wed Nov 18 14:17:31 MST 2020
    ** Copyright 1986-2020 Xilinx, Inc. All Rights Reserved.

source design_1_wrapper.tcl -notrace
INFO: [IP_Flow 19-234] Refreshing IP repositories
INFO: [IP_Flow 19-1704] No user IP repositories specified
INFO: [IP_Flow 19-2313] Loaded Vivado IP repository '/tools/xilinx/Vivado/2020.2/data/ip'.
Command: link_design -top design_1_wrapper -part xc7z010clg400-1
Design is defaulting to srcset: sources_1
Design is defaulting to constrset: constrs_1
INFO: [Device 21-403] Loading part xc7z010clg400-1
INFO: [Project 1-454] Reading design checkpoint '/mnt/isaac_sbay0/lbo-ws/Projects/DVR-008-002/Base_Design_Project/Reference_design_project_2020.2/SoCora/SoCora.gen/sources_1/bd/design_1/ip/design_1_axi_gpio_0_0/design_1_axi_gpio_0_0.dcp' for cell 'design_1_i/axi_gpio_0'
INFO: [Project 1-454] Reading design checkpoint '/mnt/isaac_sbay0/lbo-ws/Projects/DVR-008-002/Base_Design_Project/Reference_design_project_2020.2/SoCora/SoCora.gen/sources_1/bd/design_1/ip/design_1_axi_gpio_1_0/design_1_axi_gpio_1_0.dcp' for cell 'design_1_i/axi_gpio_1'
INFO: [Project 1-454] Reading design checkpoint '/mnt/isaac_sbay0/lbo-ws/Projects/DVR-008-002/Base_Design_Project/Reference_design_project_2020.2/SoCora/SoCora.gen/sources_1/bd/design_1/ip/design_1_processing_system7_0_0/design_1_processing_system7_0_0.dcp' for cell 'design_1_i/processing_system7_0'
INFO: [Project 1-454] Reading design checkpoint '/mnt/isaac_sbay0/lbo-ws/Projects/DVR-008-002/Base_Design_Project/Reference_design_project_2020.2/SoCora/SoCora.gen/sources_1/bd/design_1/ip/design_1_rst_ps7_0_50M_0/design_1_rst_ps7_0_50M_0.dcp' for cell 'design_1_i/rst_ps7_0_50M'
INFO: [Project 1-454] Reading design checkpoint '/mnt/isaac_sbay0/lbo-ws/Projects/DVR-008-002/Base_Design_Project/Reference_design_project_2020.2/SoCora/SoCora.gen/sources_1/bd/design_1/ip/design_1_xbar_0/design_1_xbar_0.dcp' for cell 'design_1_i/ps7_0_axi_periph/xbar'
INFO: [Project 1-454] Reading design checkpoint '/mnt/isaac_sbay0/lbo-ws/Projects/DVR-008-002/Base_Design_Project/Reference_design_project_2020.2/SoCora/SoCora.gen/sources_1/bd/design_1/ip/design_1_auto_pc_0/design_1_auto_pc_0.dcp' for cell 'design_1_i/ps7_0_axi_periph/s00_couplers/auto_pc'
Netlist sorting complete. Time (s): cpu = 00:00:00.01 ; elapsed = 00:00:00.02 . Memory (MB): peak = 2450.699 ; gain = 0.000 ; free physical = 12830 ; free virtual = 49803
INFO: [Netlist 29-17] Analyzing 18 Unisim elements for replacement
INFO: [Netlist 29-28] Unisim Transformation completed in 0 CPU seconds
INFO: [Project 1-479] Netlist was created with Vivado 2020.2
INFO: [Project 1-570] Preparing netlist for logic optimization
Parsing XDC File [/mnt/isaac_sbay0/lbo-ws/Projects/DVR-008-002/Base_Design_Project/Reference_design_project_2020.2/SoCora/SoCora.gen/sources_1/bd/design_1/ip/design_1_processing_system7_0_0/design_1_processing_system7_0_0.xdc] for cell 'design_1_i/processing_system7_0/inst'
Finished Parsing XDC File [/mnt/isaac_sbay0/lbo-ws/Projects/DVR-008-002/Base_Design_Project/Reference_design_project_2020.2/SoCora/SoCora.gen/sources_1/bd/design_1/ip/design_1_processing_system7_0_0/design_1_processing_system7_0_0.xdc] for cell 'design_1_i/processing_system7_0/inst'
Parsing XDC File [/mnt/isaac_sbay0/lbo-ws/Projects/DVR-008-002/Base_Design_Project/Reference_design_project_2020.2/SoCora/SoCora.gen/sources_1/bd/design_1/ip/design_1_axi_gpio_0_0/design_1_axi_gpio_0_0_board.xdc] for cell 'design_1_i/axi_gpio_0/U0'
Finished Parsing XDC File [/mnt/isaac_sbay0/lbo-ws/Projects/DVR-008-002/Base_Design_Project/Reference_design_project_2020.2/SoCora/SoCora.gen/sources_1/bd/design_1/ip/design_1_axi_gpio_0_0/design_1_axi_gpio_0_0_board.xdc] for cell 'design_1_i/axi_gpio_0/U0'
Parsing XDC File [/mnt/isaac_sbay0/lbo-ws/Projects/DVR-008-002/Base_Design_Project/Reference_design_project_2020.2/SoCora/SoCora.gen/sources_1/bd/design_1/ip/design_1_axi_gpio_0_0/design_1_axi_gpio_0_0.xdc] for cell 'design_1_i/axi_gpio_0/U0'
Finished Parsing XDC File [/mnt/isaac_sbay0/lbo-ws/Projects/DVR-008-002/Base_Design_Project/Reference_design_project_2020.2/SoCora/SoCora.gen/sources_1/bd/design_1/ip/design_1_axi_gpio_0_0/design_1_axi_gpio_0_0.xdc] for cell 'design_1_i/axi_gpio_0/U0'
Parsing XDC File [/mnt/isaac_sbay0/lbo-ws/Projects/DVR-008-002/Base_Design_Project/Reference_design_project_2020.2/SoCora/SoCora.gen/sources_1/bd/design_1/ip/design_1_axi_gpio_1_0/design_1_axi_gpio_1_0_board.xdc] for cell 'design_1_i/axi_gpio_1/U0'
Finished Parsing XDC File [/mnt/isaac_sbay0/lbo-ws/Projects/DVR-008-002/Base_Design_Project/Reference_design_project_2020.2/SoCora/SoCora.gen/sources_1/bd/design_1/ip/design_1_axi_gpio_1_0/design_1_axi_gpio_1_0_board.xdc] for cell 'design_1_i/axi_gpio_1/U0'
Parsing XDC File [/mnt/isaac_sbay0/lbo-ws/Projects/DVR-008-002/Base_Design_Project/Reference_design_project_2020.2/SoCora/SoCora.gen/sources_1/bd/design_1/ip/design_1_axi_gpio_1_0/design_1_axi_gpio_1_0.xdc] for cell 'design_1_i/axi_gpio_1/U0'
Finished Parsing XDC File [/mnt/isaac_sbay0/lbo-ws/Projects/DVR-008-002/Base_Design_Project/Reference_design_project_2020.2/SoCora/SoCora.gen/sources_1/bd/design_1/ip/design_1_axi_gpio_1_0/design_1_axi_gpio_1_0.xdc] for cell 'design_1_i/axi_gpio_1/U0'
Parsing XDC File [/mnt/isaac_sbay0/lbo-ws/Projects/DVR-008-002/Base_Design_Project/Reference_design_project_2020.2/SoCora/SoCora.gen/sources_1/bd/design_1/ip/design_1_rst_ps7_0_50M_0/design_1_rst_ps7_0_50M_0_board.xdc] for cell 'design_1_i/rst_ps7_0_50M/U0'
Finished Parsing XDC File [/mnt/isaac_sbay0/lbo-ws/Projects/DVR-008-002/Base_Design_Project/Reference_design_project_2020.2/SoCora/SoCora.gen/sources_1/bd/design_1/ip/design_1_rst_ps7_0_50M_0/design_1_rst_ps7_0_50M_0_board.xdc] for cell 'design_1_i/rst_ps7_0_50M/U0'
Parsing XDC File [/mnt/isaac_sbay0/lbo-ws/Projects/DVR-008-002/Base_Design_Project/Reference_design_project_2020.2/SoCora/SoCora.gen/sources_1/bd/design_1/ip/design_1_rst_ps7_0_50M_0/design_1_rst_ps7_0_50M_0.xdc] for cell 'design_1_i/rst_ps7_0_50M/U0'
Finished Parsing XDC File [/mnt/isaac_sbay0/lbo-ws/Projects/DVR-008-002/Base_Design_Project/Reference_design_project_2020.2/SoCora/SoCora.gen/sources_1/bd/design_1/ip/design_1_rst_ps7_0_50M_0/design_1_rst_ps7_0_50M_0.xdc] for cell 'design_1_i/rst_ps7_0_50M/U0'
Parsing XDC File [/mnt/isaac_sbay0/lbo-ws/Projects/DVR-008-002/Base_Design_Project/Reference_design_project_2020.2/src/constraints/Cora-Z7-10-Master.xdc]
WARNING: [Vivado 12-584] No ports matched 'Vp_Vn_0_v_p'. [/mnt/isaac_sbay0/lbo-ws/Projects/DVR-008-002/Base_Design_Project/Reference_design_project_2020.2/src/constraints/Cora-Z7-10-Master.xdc:46]
CRITICAL WARNING: [Common 17-55] 'set_property' expects at least one object. [/mnt/isaac_sbay0/lbo-ws/Projects/DVR-008-002/Base_Design_Project/Reference_design_project_2020.2/src/constraints/Cora-Z7-10-Master.xdc:46]
Resolution: If [get_<value>] was used to populate the object, check to make sure this command returns at least one valid object.
WARNING: [Vivado 12-584] No ports matched 'Vp_Vn_0_v_n'. [/mnt/isaac_sbay0/lbo-ws/Projects/DVR-008-002/Base_Design_Project/Reference_design_project_2020.2/src/constraints/Cora-Z7-10-Master.xdc:47]
CRITICAL WARNING: [Common 17-55] 'set_property' expects at least one object. [/mnt/isaac_sbay0/lbo-ws/Projects/DVR-008-002/Base_Design_Project/Reference_design_project_2020.2/src/constraints/Cora-Z7-10-Master.xdc:47]
Resolution: If [get_<value>] was used to populate the object, check to make sure this command returns at least one valid object.
WARNING: [Vivado 12-584] No ports matched 'Vaux1_0_v_p'. [/mnt/isaac_sbay0/lbo-ws/Projects/DVR-008-002/Base_Design_Project/Reference_design_project_2020.2/src/constraints/Cora-Z7-10-Master.xdc:52]
CRITICAL WARNING: [Common 17-55] 'set_property' expects at least one object. [/mnt/isaac_sbay0/lbo-ws/Projects/DVR-008-002/Base_Design_Project/Reference_design_project_2020.2/src/constraints/Cora-Z7-10-Master.xdc:52]
Resolution: If [get_<value>] was used to populate the object, check to make sure this command returns at least one valid object.
WARNING: [Vivado 12-584] No ports matched 'Vaux1_0_v_n'. [/mnt/isaac_sbay0/lbo-ws/Projects/DVR-008-002/Base_Design_Project/Reference_design_project_2020.2/src/constraints/Cora-Z7-10-Master.xdc:53]
CRITICAL WARNING: [Common 17-55] 'set_property' expects at least one object. [/mnt/isaac_sbay0/lbo-ws/Projects/DVR-008-002/Base_Design_Project/Reference_design_project_2020.2/src/constraints/Cora-Z7-10-Master.xdc:53]
Resolution: If [get_<value>] was used to populate the object, check to make sure this command returns at least one valid object.
WARNING: [Vivado 12-584] No ports matched 'Vaux9_0_v_p'. [/mnt/isaac_sbay0/lbo-ws/Projects/DVR-008-002/Base_Design_Project/Reference_design_project_2020.2/src/constraints/Cora-Z7-10-Master.xdc:54]
CRITICAL WARNING: [Common 17-55] 'set_property' expects at least one object. [/mnt/isaac_sbay0/lbo-ws/Projects/DVR-008-002/Base_Design_Project/Reference_design_project_2020.2/src/constraints/Cora-Z7-10-Master.xdc:54]
Resolution: If [get_<value>] was used to populate the object, check to make sure this command returns at least one valid object.
WARNING: [Vivado 12-584] No ports matched 'Vaux9_0_v_n'. [/mnt/isaac_sbay0/lbo-ws/Projects/DVR-008-002/Base_Design_Project/Reference_design_project_2020.2/src/constraints/Cora-Z7-10-Master.xdc:55]
CRITICAL WARNING: [Common 17-55] 'set_property' expects at least one object. [/mnt/isaac_sbay0/lbo-ws/Projects/DVR-008-002/Base_Design_Project/Reference_design_project_2020.2/src/constraints/Cora-Z7-10-Master.xdc:55]
Resolution: If [get_<value>] was used to populate the object, check to make sure this command returns at least one valid object.
WARNING: [Vivado 12-584] No ports matched 'Vaux6_0_v_p'. [/mnt/isaac_sbay0/lbo-ws/Projects/DVR-008-002/Base_Design_Project/Reference_design_project_2020.2/src/constraints/Cora-Z7-10-Master.xdc:56]
CRITICAL WARNING: [Common 17-55] 'set_property' expects at least one object. [/mnt/isaac_sbay0/lbo-ws/Projects/DVR-008-002/Base_Design_Project/Reference_design_project_2020.2/src/constraints/Cora-Z7-10-Master.xdc:56]
Resolution: If [get_<value>] was used to populate the object, check to make sure this command returns at least one valid object.
WARNING: [Vivado 12-584] No ports matched 'Vaux6_0_v_n'. [/mnt/isaac_sbay0/lbo-ws/Projects/DVR-008-002/Base_Design_Project/Reference_design_project_2020.2/src/constraints/Cora-Z7-10-Master.xdc:57]
CRITICAL WARNING: [Common 17-55] 'set_property' expects at least one object. [/mnt/isaac_sbay0/lbo-ws/Projects/DVR-008-002/Base_Design_Project/Reference_design_project_2020.2/src/constraints/Cora-Z7-10-Master.xdc:57]
Resolution: If [get_<value>] was used to populate the object, check to make sure this command returns at least one valid object.
WARNING: [Vivado 12-584] No ports matched 'Vaux15_0_v_p'. [/mnt/isaac_sbay0/lbo-ws/Projects/DVR-008-002/Base_Design_Project/Reference_design_project_2020.2/src/constraints/Cora-Z7-10-Master.xdc:58]
CRITICAL WARNING: [Common 17-55] 'set_property' expects at least one object. [/mnt/isaac_sbay0/lbo-ws/Projects/DVR-008-002/Base_Design_Project/Reference_design_project_2020.2/src/constraints/Cora-Z7-10-Master.xdc:58]
Resolution: If [get_<value>] was used to populate the object, check to make sure this command returns at least one valid object.
WARNING: [Vivado 12-584] No ports matched 'Vaux15_0_v_n'. [/mnt/isaac_sbay0/lbo-ws/Projects/DVR-008-002/Base_Design_Project/Reference_design_project_2020.2/src/constraints/Cora-Z7-10-Master.xdc:59]
CRITICAL WARNING: [Common 17-55] 'set_property' expects at least one object. [/mnt/isaac_sbay0/lbo-ws/Projects/DVR-008-002/Base_Design_Project/Reference_design_project_2020.2/src/constraints/Cora-Z7-10-Master.xdc:59]
Resolution: If [get_<value>] was used to populate the object, check to make sure this command returns at least one valid object.
WARNING: [Vivado 12-584] No ports matched 'Vaux5_0_v_p'. [/mnt/isaac_sbay0/lbo-ws/Projects/DVR-008-002/Base_Design_Project/Reference_design_project_2020.2/src/constraints/Cora-Z7-10-Master.xdc:60]
CRITICAL WARNING: [Common 17-55] 'set_property' expects at least one object. [/mnt/isaac_sbay0/lbo-ws/Projects/DVR-008-002/Base_Design_Project/Reference_design_project_2020.2/src/constraints/Cora-Z7-10-Master.xdc:60]
Resolution: If [get_<value>] was used to populate the object, check to make sure this command returns at least one valid object.
WARNING: [Vivado 12-584] No ports matched 'Vaux5_0_v_n'. [/mnt/isaac_sbay0/lbo-ws/Projects/DVR-008-002/Base_Design_Project/Reference_design_project_2020.2/src/constraints/Cora-Z7-10-Master.xdc:61]
CRITICAL WARNING: [Common 17-55] 'set_property' expects at least one object. [/mnt/isaac_sbay0/lbo-ws/Projects/DVR-008-002/Base_Design_Project/Reference_design_project_2020.2/src/constraints/Cora-Z7-10-Master.xdc:61]
Resolution: If [get_<value>] was used to populate the object, check to make sure this command returns at least one valid object.
WARNING: [Vivado 12-584] No ports matched 'Vaux13_0_v_p'. [/mnt/isaac_sbay0/lbo-ws/Projects/DVR-008-002/Base_Design_Project/Reference_design_project_2020.2/src/constraints/Cora-Z7-10-Master.xdc:62]
CRITICAL WARNING: [Common 17-55] 'set_property' expects at least one object. [/mnt/isaac_sbay0/lbo-ws/Projects/DVR-008-002/Base_Design_Project/Reference_design_project_2020.2/src/constraints/Cora-Z7-10-Master.xdc:62]
Resolution: If [get_<value>] was used to populate the object, check to make sure this command returns at least one valid object.
WARNING: [Vivado 12-584] No ports matched 'Vaux13_0_v_n'. [/mnt/isaac_sbay0/lbo-ws/Projects/DVR-008-002/Base_Design_Project/Reference_design_project_2020.2/src/constraints/Cora-Z7-10-Master.xdc:63]
CRITICAL WARNING: [Common 17-55] 'set_property' expects at least one object. [/mnt/isaac_sbay0/lbo-ws/Projects/DVR-008-002/Base_Design_Project/Reference_design_project_2020.2/src/constraints/Cora-Z7-10-Master.xdc:63]
Resolution: If [get_<value>] was used to populate the object, check to make sure this command returns at least one valid object.
WARNING: [Vivado 12-584] No ports matched 'Vaux0_0_v_p'. [/mnt/isaac_sbay0/lbo-ws/Projects/DVR-008-002/Base_Design_Project/Reference_design_project_2020.2/src/constraints/Cora-Z7-10-Master.xdc:76]
CRITICAL WARNING: [Common 17-55] 'set_property' expects at least one object. [/mnt/isaac_sbay0/lbo-ws/Projects/DVR-008-002/Base_Design_Project/Reference_design_project_2020.2/src/constraints/Cora-Z7-10-Master.xdc:76]
Resolution: If [get_<value>] was used to populate the object, check to make sure this command returns at least one valid object.
WARNING: [Vivado 12-584] No ports matched 'Vaux0_0_v_n'. [/mnt/isaac_sbay0/lbo-ws/Projects/DVR-008-002/Base_Design_Project/Reference_design_project_2020.2/src/constraints/Cora-Z7-10-Master.xdc:77]
CRITICAL WARNING: [Common 17-55] 'set_property' expects at least one object. [/mnt/isaac_sbay0/lbo-ws/Projects/DVR-008-002/Base_Design_Project/Reference_design_project_2020.2/src/constraints/Cora-Z7-10-Master.xdc:77]
Resolution: If [get_<value>] was used to populate the object, check to make sure this command returns at least one valid object.
WARNING: [Vivado 12-584] No ports matched 'Vaux12_0_v_p'. [/mnt/isaac_sbay0/lbo-ws/Projects/DVR-008-002/Base_Design_Project/Reference_design_project_2020.2/src/constraints/Cora-Z7-10-Master.xdc:78]
CRITICAL WARNING: [Common 17-55] 'set_property' expects at least one object. [/mnt/isaac_sbay0/lbo-ws/Projects/DVR-008-002/Base_Design_Project/Reference_design_project_2020.2/src/constraints/Cora-Z7-10-Master.xdc:78]
Resolution: If [get_<value>] was used to populate the object, check to make sure this command returns at least one valid object.
WARNING: [Vivado 12-584] No ports matched 'Vaux12_0_v_n'. [/mnt/isaac_sbay0/lbo-ws/Projects/DVR-008-002/Base_Design_Project/Reference_design_project_2020.2/src/constraints/Cora-Z7-10-Master.xdc:79]
CRITICAL WARNING: [Common 17-55] 'set_property' expects at least one object. [/mnt/isaac_sbay0/lbo-ws/Projects/DVR-008-002/Base_Design_Project/Reference_design_project_2020.2/src/constraints/Cora-Z7-10-Master.xdc:79]
Resolution: If [get_<value>] was used to populate the object, check to make sure this command returns at least one valid object.
WARNING: [Vivado 12-584] No ports matched 'Vaux8_0_v_p'. [/mnt/isaac_sbay0/lbo-ws/Projects/DVR-008-002/Base_Design_Project/Reference_design_project_2020.2/src/constraints/Cora-Z7-10-Master.xdc:80]
CRITICAL WARNING: [Common 17-55] 'set_property' expects at least one object. [/mnt/isaac_sbay0/lbo-ws/Projects/DVR-008-002/Base_Design_Project/Reference_design_project_2020.2/src/constraints/Cora-Z7-10-Master.xdc:80]
Resolution: If [get_<value>] was used to populate the object, check to make sure this command returns at least one valid object.
WARNING: [Vivado 12-584] No ports matched 'Vaux8_0_v_n'. [/mnt/isaac_sbay0/lbo-ws/Projects/DVR-008-002/Base_Design_Project/Reference_design_project_2020.2/src/constraints/Cora-Z7-10-Master.xdc:81]
CRITICAL WARNING: [Common 17-55] 'set_property' expects at least one object. [/mnt/isaac_sbay0/lbo-ws/Projects/DVR-008-002/Base_Design_Project/Reference_design_project_2020.2/src/constraints/Cora-Z7-10-Master.xdc:81]
Resolution: If [get_<value>] was used to populate the object, check to make sure this command returns at least one valid object.
Finished Parsing XDC File [/mnt/isaac_sbay0/lbo-ws/Projects/DVR-008-002/Base_Design_Project/Reference_design_project_2020.2/src/constraints/Cora-Z7-10-Master.xdc]
INFO: [Opt 31-138] Pushed 0 inverter(s) to 0 load pin(s).
Netlist sorting complete. Time (s): cpu = 00:00:00 ; elapsed = 00:00:00 . Memory (MB): peak = 2634.543 ; gain = 0.000 ; free physical = 12724 ; free virtual = 49698
INFO: [Project 1-111] Unisim Transformation Summary:
No Unisim elements were transformed.

16 Infos, 20 Warnings, 20 Critical Warnings and 0 Errors encountered.
link_design completed successfully
Command: opt_design
Attempting to get a license for feature 'Implementation' and/or device 'xc7z010'
INFO: [Common 17-349] Got license for feature 'Implementation' and/or device 'xc7z010'
Running DRC as a precondition to command opt_design

Starting DRC Task
INFO: [DRC 23-27] Running DRC with 8 threads
INFO: [Project 1-461] DRC finished with 0 Errors
INFO: [Project 1-462] Please refer to the DRC report (report_drc) for more information.

Time (s): cpu = 00:00:00.75 ; elapsed = 00:00:00.40 . Memory (MB): peak = 2634.543 ; gain = 0.000 ; free physical = 12720 ; free virtual = 49694

Starting Cache Timing Information Task
INFO: [Timing 38-35] Done setting XDC timing constraints.
Ending Cache Timing Information Task | Checksum: 150df2388

Time (s): cpu = 00:00:02 ; elapsed = 00:00:02 . Memory (MB): peak = 2808.465 ; gain = 173.922 ; free physical = 12341 ; free virtual = 49328

Starting Logic Optimization Task

Phase 1 Retarget
INFO: [Opt 31-138] Pushed 0 inverter(s) to 0 load pin(s).
INFO: [Opt 31-49] Retargeted 0 cell(s).
Phase 1 Retarget | Checksum: 18e091077

Time (s): cpu = 00:00:00.06 ; elapsed = 00:00:00.03 . Memory (MB): peak = 2979.402 ; gain = 0.000 ; free physical = 12170 ; free virtual = 49158
INFO: [Opt 31-389] Phase Retarget created 6 cells and removed 38 cells

Phase 2 Constant propagation
INFO: [Opt 31-138] Pushed 0 inverter(s) to 0 load pin(s).
Phase 2 Constant propagation | Checksum: 18e091077

Time (s): cpu = 00:00:00.11 ; elapsed = 00:00:00.04 . Memory (MB): peak = 2979.402 ; gain = 0.000 ; free physical = 12175 ; free virtual = 49163
INFO: [Opt 31-389] Phase Constant propagation created 0 cells and removed 0 cells

Phase 3 Sweep
Phase 3 Sweep | Checksum: 197ee1bcc

Time (s): cpu = 00:00:00.16 ; elapsed = 00:00:00.09 . Memory (MB): peak = 2979.402 ; gain = 0.000 ; free physical = 12173 ; free virtual = 49161
INFO: [Opt 31-389] Phase Sweep created 0 cells and removed 103 cells

Phase 4 BUFG optimization
Phase 4 BUFG optimization | Checksum: 197ee1bcc

Time (s): cpu = 00:00:00.17 ; elapsed = 00:00:00.09 . Memory (MB): peak = 2979.402 ; gain = 0.000 ; free physical = 12170 ; free virtual = 49158
INFO: [Opt 31-662] Phase BUFG optimization created 0 cells of which 0 are BUFGs and removed 0 cells.

Phase 5 Shift Register Optimization
INFO: [Opt 31-1064] SRL Remap converted 0 SRLs to 0 registers and converted 0 registers of register chains to 0 SRLs
Phase 5 Shift Register Optimization | Checksum: 197ee1bcc

Time (s): cpu = 00:00:00.17 ; elapsed = 00:00:00.10 . Memory (MB): peak = 2979.402 ; gain = 0.000 ; free physical = 12170 ; free virtual = 49158
INFO: [Opt 31-389] Phase Shift Register Optimization created 0 cells and removed 0 cells

Phase 6 Post Processing Netlist
Phase 6 Post Processing Netlist | Checksum: 197ee1bcc

Time (s): cpu = 00:00:00.17 ; elapsed = 00:00:00.10 . Memory (MB): peak = 2979.402 ; gain = 0.000 ; free physical = 12168 ; free virtual = 49156
INFO: [Opt 31-389] Phase Post Processing Netlist created 0 cells and removed 0 cells
Opt_design Change Summary
=========================


-------------------------------------------------------------------------------------------------------------------------
|  Phase                        |  #Cells created  |  #Cells Removed  |  #Constrained objects preventing optimizations  |
-------------------------------------------------------------------------------------------------------------------------
|  Retarget                     |               6  |              38  |                                              0  |
|  Constant propagation         |               0  |               0  |                                              0  |
|  Sweep                        |               0  |             103  |                                              0  |
|  BUFG optimization            |               0  |               0  |                                              0  |
|  Shift Register Optimization  |               0  |               0  |                                              0  |
|  Post Processing Netlist      |               0  |               0  |                                              0  |
-------------------------------------------------------------------------------------------------------------------------



Starting Connectivity Check Task

Time (s): cpu = 00:00:00.02 ; elapsed = 00:00:00 . Memory (MB): peak = 2979.402 ; gain = 0.000 ; free physical = 12166 ; free virtual = 49154
Ending Logic Optimization Task | Checksum: 17ca60b7a

Time (s): cpu = 00:00:00.21 ; elapsed = 00:00:00.12 . Memory (MB): peak = 2979.402 ; gain = 0.000 ; free physical = 12166 ; free virtual = 49154

Starting Power Optimization Task
INFO: [Pwropt 34-132] Skipping clock gating for clocks with a period < 2.00 ns.
Ending Power Optimization Task | Checksum: 17ca60b7a

Time (s): cpu = 00:00:00.03 ; elapsed = 00:00:00.01 . Memory (MB): peak = 2979.402 ; gain = 0.000 ; free physical = 12166 ; free virtual = 49154

Starting Final Cleanup Task
Ending Final Cleanup Task | Checksum: 17ca60b7a

Time (s): cpu = 00:00:00 ; elapsed = 00:00:00 . Memory (MB): peak = 2979.402 ; gain = 0.000 ; free physical = 12166 ; free virtual = 49154

Starting Netlist Obfuscation Task
Netlist sorting complete. Time (s): cpu = 00:00:00.01 ; elapsed = 00:00:00 . Memory (MB): peak = 2979.402 ; gain = 0.000 ; free physical = 12166 ; free virtual = 49154
Ending Netlist Obfuscation Task | Checksum: 17ca60b7a

Time (s): cpu = 00:00:00.01 ; elapsed = 00:00:00 . Memory (MB): peak = 2979.402 ; gain = 0.000 ; free physical = 12166 ; free virtual = 49154
INFO: [Common 17-83] Releasing license: Implementation
33 Infos, 20 Warnings, 20 Critical Warnings and 0 Errors encountered.
opt_design completed successfully
INFO: [Timing 38-480] Writing timing data to binary archive.
Writing placer database...
Writing XDEF routing.
Writing XDEF routing logical nets.
Writing XDEF routing special nets.
Write XDEF Complete: Time (s): cpu = 00:00:00.06 ; elapsed = 00:00:00.01 . Memory (MB): peak = 3019.422 ; gain = 0.000 ; free physical = 12155 ; free virtual = 49145
INFO: [Common 17-1381] The checkpoint '/mnt/isaac_sbay0/lbo-ws/Projects/DVR-008-002/Base_Design_Project/Reference_design_project_2020.2/SoCora/SoCora.runs/impl_1/design_1_wrapper_opt.dcp' has been generated.
INFO: [runtcl-4] Executing : report_drc -file design_1_wrapper_drc_opted.rpt -pb design_1_wrapper_drc_opted.pb -rpx design_1_wrapper_drc_opted.rpx
Command: report_drc -file design_1_wrapper_drc_opted.rpt -pb design_1_wrapper_drc_opted.pb -rpx design_1_wrapper_drc_opted.rpx
INFO: [IP_Flow 19-1839] IP Catalog is up to date.
INFO: [Timing 38-35] Done setting XDC timing constraints.
INFO: [DRC 23-27] Running DRC with 8 threads
INFO: [Coretcl 2-168] The results of DRC are in file /mnt/isaac_sbay0/lbo-ws/Projects/DVR-008-002/Base_Design_Project/Reference_design_project_2020.2/SoCora/SoCora.runs/impl_1/design_1_wrapper_drc_opted.rpt.
report_drc completed successfully
Command: place_design
Attempting to get a license for feature 'Implementation' and/or device 'xc7z010'
INFO: [Common 17-349] Got license for feature 'Implementation' and/or device 'xc7z010'
INFO: [DRC 23-27] Running DRC with 8 threads
INFO: [Vivado_Tcl 4-198] DRC finished with 0 Errors
INFO: [Vivado_Tcl 4-199] Please refer to the DRC report (report_drc) for more information.
Running DRC as a precondition to command place_design
INFO: [DRC 23-27] Running DRC with 8 threads
INFO: [Vivado_Tcl 4-198] DRC finished with 0 Errors
INFO: [Vivado_Tcl 4-199] Please refer to the DRC report (report_drc) for more information.

Starting Placer Task
INFO: [Place 30-611] Multithreading enabled for place_design using a maximum of 8 CPUs

Phase 1 Placer Initialization

Phase 1.1 Placer Initialization Netlist Sorting
Netlist sorting complete. Time (s): cpu = 00:00:00 ; elapsed = 00:00:00 . Memory (MB): peak = 3203.445 ; gain = 0.000 ; free physical = 14536 ; free virtual = 51534
Phase 1.1 Placer Initialization Netlist Sorting | Checksum: 11dba79cc

Time (s): cpu = 00:00:00.01 ; elapsed = 00:00:00.03 . Memory (MB): peak = 3203.445 ; gain = 0.000 ; free physical = 14536 ; free virtual = 51534
Netlist sorting complete. Time (s): cpu = 00:00:00 ; elapsed = 00:00:00 . Memory (MB): peak = 3203.445 ; gain = 0.000 ; free physical = 14535 ; free virtual = 51533

Phase 1.2 IO Placement/ Clock Placement/ Build Placer Device
Phase 1.2 IO Placement/ Clock Placement/ Build Placer Device | Checksum: 5a000560

Time (s): cpu = 00:00:00.35 ; elapsed = 00:00:00.22 . Memory (MB): peak = 3203.445 ; gain = 0.000 ; free physical = 14535 ; free virtual = 51533

Phase 1.3 Build Placer Netlist Model
Phase 1.3 Build Placer Netlist Model | Checksum: ce745616

Time (s): cpu = 00:00:00.66 ; elapsed = 00:00:00.30 . Memory (MB): peak = 3203.445 ; gain = 0.000 ; free physical = 14523 ; free virtual = 51522

Phase 1.4 Constrain Clocks/Macros
Phase 1.4 Constrain Clocks/Macros | Checksum: ce745616

Time (s): cpu = 00:00:00.66 ; elapsed = 00:00:00.30 . Memory (MB): peak = 3203.445 ; gain = 0.000 ; free physical = 14523 ; free virtual = 51521
Phase 1 Placer Initialization | Checksum: ce745616

Time (s): cpu = 00:00:00.67 ; elapsed = 00:00:00.31 . Memory (MB): peak = 3203.445 ; gain = 0.000 ; free physical = 14523 ; free virtual = 51521

Phase 2 Global Placement

Phase 2.1 Floorplanning
Phase 2.1 Floorplanning | Checksum: b191ef9c

Time (s): cpu = 00:00:00.85 ; elapsed = 00:00:00.34 . Memory (MB): peak = 3203.445 ; gain = 0.000 ; free physical = 14507 ; free virtual = 51505

Phase 2.2 Update Timing before SLR Path Opt
Phase 2.2 Update Timing before SLR Path Opt | Checksum: 10dcc7564

Time (s): cpu = 00:00:00.95 ; elapsed = 00:00:00.37 . Memory (MB): peak = 3203.445 ; gain = 0.000 ; free physical = 14509 ; free virtual = 51508

Phase 2.3 Global Placement Core

Phase 2.3.1 Physical Synthesis In Placer
INFO: [Physopt 32-1035] Found 0 LUTNM shape to break, 30 LUT instances to create LUTNM shape
INFO: [Physopt 32-1044] Break lutnm for timing: one critical 0, two critical 0, total 0, new lutff created 0
INFO: [Physopt 32-775] End 1 Pass. Optimized 12 nets or cells. Created 0 new cell, deleted 12 existing cells and moved 0 existing cell
INFO: [Physopt 32-65] No nets found for high-fanout optimization.
INFO: [Physopt 32-232] Optimized 0 net. Created 0 new instance.
INFO: [Physopt 32-775] End 1 Pass. Optimized 0 net or cell. Created 0 new cell, deleted 0 existing cell and moved 0 existing cell
INFO: [Physopt 32-670] No setup violation found.  DSP Register Optimization was not performed.
INFO: [Physopt 32-670] No setup violation found.  Shift Register to Pipeline Optimization was not performed.
INFO: [Physopt 32-670] No setup violation found.  Shift Register Optimization was not performed.
INFO: [Physopt 32-670] No setup violation found.  BRAM Register Optimization was not performed.
INFO: [Physopt 32-670] No setup violation found.  URAM Register Optimization was not performed.
INFO: [Physopt 32-949] No candidate nets found for dynamic/static region interface net replication
INFO: [Physopt 32-775] End 1 Pass. Optimized 0 net or cell. Created 0 new cell, deleted 0 existing cell and moved 0 existing cell
Netlist sorting complete. Time (s): cpu = 00:00:00 ; elapsed = 00:00:00 . Memory (MB): peak = 3203.445 ; gain = 0.000 ; free physical = 14467 ; free virtual = 51466

Summary of Physical Synthesis Optimizations
============================================


-----------------------------------------------------------------------------------------------------------------------------------------------------------
|  Optimization                                     |  Added Cells  |  Removed Cells  |  Optimized Cells/Nets  |  Dont Touch  |  Iterations  |  Elapsed   |
-----------------------------------------------------------------------------------------------------------------------------------------------------------
|  LUT Combining                                    |            0  |             12  |                    12  |           0  |           1  |  00:00:00  |
|  Very High Fanout                                 |            0  |              0  |                     0  |           0  |           1  |  00:00:00  |
|  DSP Register                                     |            0  |              0  |                     0  |           0  |           0  |  00:00:00  |
|  Shift Register to Pipeline                       |            0  |              0  |                     0  |           0  |           0  |  00:00:00  |
|  Shift Register                                   |            0  |              0  |                     0  |           0  |           0  |  00:00:00  |
|  BRAM Register                                    |            0  |              0  |                     0  |           0  |           0  |  00:00:00  |
|  URAM Register                                    |            0  |              0  |                     0  |           0  |           0  |  00:00:00  |
|  Dynamic/Static Region Interface Net Replication  |            0  |              0  |                     0  |           0  |           1  |  00:00:00  |
|  Total                                            |            0  |             12  |                    12  |           0  |           3  |  00:00:00  |
-----------------------------------------------------------------------------------------------------------------------------------------------------------


Phase 2.3.1 Physical Synthesis In Placer | Checksum: 19733d71a

Time (s): cpu = 00:00:03 ; elapsed = 00:00:00.93 . Memory (MB): peak = 3203.445 ; gain = 0.000 ; free physical = 14464 ; free virtual = 51463
Phase 2.3 Global Placement Core | Checksum: d268feab

Time (s): cpu = 00:00:03 ; elapsed = 00:00:00.94 . Memory (MB): peak = 3203.445 ; gain = 0.000 ; free physical = 14464 ; free virtual = 51463
Phase 2 Global Placement | Checksum: d268feab

Time (s): cpu = 00:00:04 ; elapsed = 00:00:00.94 . Memory (MB): peak = 3203.445 ; gain = 0.000 ; free physical = 14464 ; free virtual = 51463

Phase 3 Detail Placement

Phase 3.1 Commit Multi Column Macros
Phase 3.1 Commit Multi Column Macros | Checksum: 1547d9702

Time (s): cpu = 00:00:04 ; elapsed = 00:00:00.98 . Memory (MB): peak = 3203.445 ; gain = 0.000 ; free physical = 14461 ; free virtual = 51460

Phase 3.2 Commit Most Macros & LUTRAMs
Phase 3.2 Commit Most Macros & LUTRAMs | Checksum: 1d1fadc09

Time (s): cpu = 00:00:04 ; elapsed = 00:00:01 . Memory (MB): peak = 3203.445 ; gain = 0.000 ; free physical = 14455 ; free virtual = 51454

Phase 3.3 Area Swap Optimization
Phase 3.3 Area Swap Optimization | Checksum: 1d97a9474

Time (s): cpu = 00:00:04 ; elapsed = 00:00:01 . Memory (MB): peak = 3203.445 ; gain = 0.000 ; free physical = 14455 ; free virtual = 51454

Phase 3.4 Pipeline Register Optimization
Phase 3.4 Pipeline Register Optimization | Checksum: 13ed35943

Time (s): cpu = 00:00:04 ; elapsed = 00:00:01 . Memory (MB): peak = 3203.445 ; gain = 0.000 ; free physical = 14455 ; free virtual = 51454

Phase 3.5 Small Shape Detail Placement
Phase 3.5 Small Shape Detail Placement | Checksum: 1c599a8b0

Time (s): cpu = 00:00:04 ; elapsed = 00:00:01 . Memory (MB): peak = 3203.445 ; gain = 0.000 ; free physical = 14450 ; free virtual = 51449

Phase 3.6 Re-assign LUT pins
Phase 3.6 Re-assign LUT pins | Checksum: f20d88db

Time (s): cpu = 00:00:04 ; elapsed = 00:00:01 . Memory (MB): peak = 3203.445 ; gain = 0.000 ; free physical = 14447 ; free virtual = 51446

Phase 3.7 Pipeline Register Optimization
Phase 3.7 Pipeline Register Optimization | Checksum: 19728c528

Time (s): cpu = 00:00:04 ; elapsed = 00:00:01 . Memory (MB): peak = 3203.445 ; gain = 0.000 ; free physical = 14446 ; free virtual = 51445
Phase 3 Detail Placement | Checksum: 19728c528

Time (s): cpu = 00:00:04 ; elapsed = 00:00:01 . Memory (MB): peak = 3203.445 ; gain = 0.000 ; free physical = 14446 ; free virtual = 51444

Phase 4 Post Placement Optimization and Clean-Up

Phase 4.1 Post Commit Optimization
INFO: [Timing 38-35] Done setting XDC timing constraints.

Phase 4.1.1 Post Placement Optimization
Post Placement Optimization Initialization | Checksum: fb235ca4

Phase 4.1.1.1 BUFG Insertion

Starting Physical Synthesis Task

Phase 1 Physical Synthesis Initialization
INFO: [Physopt 32-721] Multithreading enabled for phys_opt_design using a maximum of 8 CPUs
INFO: [Physopt 32-619] Estimated Timing Summary | WNS=11.991 | TNS=0.000 |
Phase 1 Physical Synthesis Initialization | Checksum: 15847e20d

Time (s): cpu = 00:00:00.08 ; elapsed = 00:00:00.01 . Memory (MB): peak = 3203.445 ; gain = 0.000 ; free physical = 14417 ; free virtual = 51416
INFO: [Place 46-56] BUFG insertion identified 0 candidate nets. Inserted BUFG: 0, Replicated BUFG Driver: 0, Skipped due to Placement/Routing Conflicts: 0, Skipped due to Timing Degradation: 0, Skipped due to Illegal Netlist: 0.
Ending Physical Synthesis Task | Checksum: 669a1fab

Time (s): cpu = 00:00:00.08 ; elapsed = 00:00:00.01 . Memory (MB): peak = 3203.445 ; gain = 0.000 ; free physical = 14416 ; free virtual = 51415
Phase 4.1.1.1 BUFG Insertion | Checksum: fb235ca4

Time (s): cpu = 00:00:05 ; elapsed = 00:00:01 . Memory (MB): peak = 3203.445 ; gain = 0.000 ; free physical = 14416 ; free virtual = 51414
INFO: [Place 30-746] Post Placement Timing Summary WNS=11.991. For the most accurate timing information please run report_timing.

Time (s): cpu = 00:00:05 ; elapsed = 00:00:01 . Memory (MB): peak = 3203.445 ; gain = 0.000 ; free physical = 14415 ; free virtual = 51414
Phase 4.1 Post Commit Optimization | Checksum: 4fdee485

Time (s): cpu = 00:00:05 ; elapsed = 00:00:01 . Memory (MB): peak = 3203.445 ; gain = 0.000 ; free physical = 14414 ; free virtual = 51413

Phase 4.2 Post Placement Cleanup
Phase 4.2 Post Placement Cleanup | Checksum: 4fdee485

Time (s): cpu = 00:00:05 ; elapsed = 00:00:01 . Memory (MB): peak = 3203.445 ; gain = 0.000 ; free physical = 14413 ; free virtual = 51412

Phase 4.3 Placer Reporting

Phase 4.3.1 Print Estimated Congestion
INFO: [Place 30-612] Post-Placement Estimated Congestion 
 ____________________________________________________
|           | Global Congestion | Short Congestion  |
| Direction | Region Size       | Region Size       |
|___________|___________________|___________________|
|      North|                1x1|                1x1|
|___________|___________________|___________________|
|      South|                1x1|                1x1|
|___________|___________________|___________________|
|       East|                1x1|                1x1|
|___________|___________________|___________________|
|       West|                1x1|                1x1|
|___________|___________________|___________________|

Phase 4.3.1 Print Estimated Congestion | Checksum: 4fdee485

Time (s): cpu = 00:00:05 ; elapsed = 00:00:01 . Memory (MB): peak = 3203.445 ; gain = 0.000 ; free physical = 14412 ; free virtual = 51411
Phase 4.3 Placer Reporting | Checksum: 4fdee485

Time (s): cpu = 00:00:05 ; elapsed = 00:00:01 . Memory (MB): peak = 3203.445 ; gain = 0.000 ; free physical = 14411 ; free virtual = 51410

Phase 4.4 Final Placement Cleanup
Netlist sorting complete. Time (s): cpu = 00:00:00 ; elapsed = 00:00:00 . Memory (MB): peak = 3203.445 ; gain = 0.000 ; free physical = 14411 ; free virtual = 51410

Time (s): cpu = 00:00:05 ; elapsed = 00:00:01 . Memory (MB): peak = 3203.445 ; gain = 0.000 ; free physical = 14411 ; free virtual = 51410
Phase 4 Post Placement Optimization and Clean-Up | Checksum: cf26c015

Time (s): cpu = 00:00:05 ; elapsed = 00:00:01 . Memory (MB): peak = 3203.445 ; gain = 0.000 ; free physical = 14410 ; free virtual = 51409
Ending Placer Task | Checksum: 86f6698d

Time (s): cpu = 00:00:05 ; elapsed = 00:00:01 . Memory (MB): peak = 3203.445 ; gain = 0.000 ; free physical = 14410 ; free virtual = 51409
INFO: [Common 17-83] Releasing license: Implementation
68 Infos, 20 Warnings, 20 Critical Warnings and 0 Errors encountered.
place_design completed successfully
INFO: [Timing 38-480] Writing timing data to binary archive.
Writing placer database...
Writing XDEF routing.
Writing XDEF routing logical nets.
Writing XDEF routing special nets.
Write XDEF Complete: Time (s): cpu = 00:00:00.23 ; elapsed = 00:00:00.07 . Memory (MB): peak = 3203.445 ; gain = 0.000 ; free physical = 14388 ; free virtual = 51391
INFO: [Common 17-1381] The checkpoint '/mnt/isaac_sbay0/lbo-ws/Projects/DVR-008-002/Base_Design_Project/Reference_design_project_2020.2/SoCora/SoCora.runs/impl_1/design_1_wrapper_placed.dcp' has been generated.
INFO: [runtcl-4] Executing : report_io -file design_1_wrapper_io_placed.rpt
report_io: Time (s): cpu = 00:00:00.06 ; elapsed = 00:00:00.10 . Memory (MB): peak = 3203.445 ; gain = 0.000 ; free physical = 14350 ; free virtual = 51351
INFO: [runtcl-4] Executing : report_utilization -file design_1_wrapper_utilization_placed.rpt -pb design_1_wrapper_utilization_placed.pb
INFO: [runtcl-4] Executing : report_control_sets -verbose -file design_1_wrapper_control_sets_placed.rpt
report_control_sets: Time (s): cpu = 00:00:00.04 ; elapsed = 00:00:00.07 . Memory (MB): peak = 3203.445 ; gain = 0.000 ; free physical = 14344 ; free virtual = 51360
Command: phys_opt_design
Attempting to get a license for feature 'Implementation' and/or device 'xc7z010'
INFO: [Common 17-349] Got license for feature 'Implementation' and/or device 'xc7z010'
INFO: [Vivado_Tcl 4-383] Design worst setup slack (WNS) is greater than or equal to 0.000 ns. Skipping all physical synthesis optimizations.
INFO: [Vivado_Tcl 4-232] No setup violation found. The netlist was not modified.
INFO: [Common 17-83] Releasing license: Implementation
77 Infos, 20 Warnings, 20 Critical Warnings and 0 Errors encountered.
phys_opt_design completed successfully
INFO: [Timing 38-480] Writing timing data to binary archive.
Writing placer database...
Writing XDEF routing.
Writing XDEF routing logical nets.
Writing XDEF routing special nets.
Write XDEF Complete: Time (s): cpu = 00:00:00.22 ; elapsed = 00:00:00.06 . Memory (MB): peak = 3203.445 ; gain = 0.000 ; free physical = 14959 ; free virtual = 51980
INFO: [Common 17-1381] The checkpoint '/mnt/isaac_sbay0/lbo-ws/Projects/DVR-008-002/Base_Design_Project/Reference_design_project_2020.2/SoCora/SoCora.runs/impl_1/design_1_wrapper_physopt.dcp' has been generated.
Command: route_design
Attempting to get a license for feature 'Implementation' and/or device 'xc7z010'
INFO: [Common 17-349] Got license for feature 'Implementation' and/or device 'xc7z010'
Running DRC as a precondition to command route_design
INFO: [DRC 23-27] Running DRC with 8 threads
INFO: [Vivado_Tcl 4-198] DRC finished with 0 Errors
INFO: [Vivado_Tcl 4-199] Please refer to the DRC report (report_drc) for more information.


Starting Routing Task
INFO: [Route 35-254] Multithreading enabled for route_design using a maximum of 8 CPUs
Checksum: PlaceDB: 1c70c45 ConstDB: 0 ShapeSum: 852f5d48 RouteDB: 0

Phase 1 Build RT Design
Phase 1 Build RT Design | Checksum: 14b29dcad

Time (s): cpu = 00:00:03 ; elapsed = 00:00:02 . Memory (MB): peak = 3203.445 ; gain = 0.000 ; free physical = 14878 ; free virtual = 51876
Post Restoration Checksum: NetGraph: dad66801 NumContArr: 705374ac Constraints: 0 Timing: 0

Phase 2 Router Initialization

Phase 2.1 Create Timer
Phase 2.1 Create Timer | Checksum: 14b29dcad

Time (s): cpu = 00:00:03 ; elapsed = 00:00:02 . Memory (MB): peak = 3203.445 ; gain = 0.000 ; free physical = 14880 ; free virtual = 51878

Phase 2.2 Fix Topology Constraints
Phase 2.2 Fix Topology Constraints | Checksum: 14b29dcad

Time (s): cpu = 00:00:03 ; elapsed = 00:00:02 . Memory (MB): peak = 3203.445 ; gain = 0.000 ; free physical = 14847 ; free virtual = 51845

Phase 2.3 Pre Route Cleanup
Phase 2.3 Pre Route Cleanup | Checksum: 14b29dcad

Time (s): cpu = 00:00:03 ; elapsed = 00:00:03 . Memory (MB): peak = 3203.445 ; gain = 0.000 ; free physical = 14847 ; free virtual = 51845
 Number of Nodes with overlaps = 0

Phase 2.4 Update Timing
Phase 2.4 Update Timing | Checksum: 1a3196b67

Time (s): cpu = 00:00:04 ; elapsed = 00:00:03 . Memory (MB): peak = 3203.445 ; gain = 0.000 ; free physical = 14838 ; free virtual = 51836
INFO: [Route 35-416] Intermediate Timing Summary | WNS=12.062 | TNS=0.000  | WHS=-0.173 | THS=-19.104|

Phase 2 Router Initialization | Checksum: 1df30e105

Time (s): cpu = 00:00:04 ; elapsed = 00:00:03 . Memory (MB): peak = 3203.445 ; gain = 0.000 ; free physical = 14838 ; free virtual = 51837

Router Utilization Summary
  Global Vertical Routing Utilization    = 0 %
  Global Horizontal Routing Utilization  = 0 %
  Routable Net Status*
  *Does not include unroutable nets such as driverless and loadless.
  Run report_route_status for detailed report.
  Number of Failed Nets               = 1391
    (Failed Nets is the sum of unrouted and partially routed nets)
  Number of Unrouted Nets             = 1391
  Number of Partially Routed Nets     = 0
  Number of Node Overlaps             = 0


Phase 3 Initial Routing

Phase 3.1 Global Routing
Phase 3.1 Global Routing | Checksum: 1df30e105

Time (s): cpu = 00:00:04 ; elapsed = 00:00:03 . Memory (MB): peak = 3203.445 ; gain = 0.000 ; free physical = 14836 ; free virtual = 51834
Phase 3 Initial Routing | Checksum: 114cc7b84

Time (s): cpu = 00:00:04 ; elapsed = 00:00:03 . Memory (MB): peak = 3203.445 ; gain = 0.000 ; free physical = 14837 ; free virtual = 51835

Phase 4 Rip-up And Reroute

Phase 4.1 Global Iteration 0
 Number of Nodes with overlaps = 75
 Number of Nodes with overlaps = 0
INFO: [Route 35-416] Intermediate Timing Summary | WNS=11.886 | TNS=0.000  | WHS=N/A    | THS=N/A    |

Phase 4.1 Global Iteration 0 | Checksum: 1819a82c7

Time (s): cpu = 00:00:04 ; elapsed = 00:00:03 . Memory (MB): peak = 3203.445 ; gain = 0.000 ; free physical = 14838 ; free virtual = 51836

Phase 4.2 Global Iteration 1
 Number of Nodes with overlaps = 2
 Number of Nodes with overlaps = 0
INFO: [Route 35-416] Intermediate Timing Summary | WNS=11.886 | TNS=0.000  | WHS=N/A    | THS=N/A    |

Phase 4.2 Global Iteration 1 | Checksum: 1b6b75325

Time (s): cpu = 00:00:04 ; elapsed = 00:00:03 . Memory (MB): peak = 3203.445 ; gain = 0.000 ; free physical = 14838 ; free virtual = 51836
Phase 4 Rip-up And Reroute | Checksum: 1b6b75325

Time (s): cpu = 00:00:04 ; elapsed = 00:00:03 . Memory (MB): peak = 3203.445 ; gain = 0.000 ; free physical = 14838 ; free virtual = 51836

Phase 5 Delay and Skew Optimization

Phase 5.1 Delay CleanUp
Phase 5.1 Delay CleanUp | Checksum: 1b6b75325

Time (s): cpu = 00:00:04 ; elapsed = 00:00:03 . Memory (MB): peak = 3203.445 ; gain = 0.000 ; free physical = 14838 ; free virtual = 51836

Phase 5.2 Clock Skew Optimization
Phase 5.2 Clock Skew Optimization | Checksum: 1b6b75325

Time (s): cpu = 00:00:04 ; elapsed = 00:00:03 . Memory (MB): peak = 3203.445 ; gain = 0.000 ; free physical = 14838 ; free virtual = 51836
Phase 5 Delay and Skew Optimization | Checksum: 1b6b75325

Time (s): cpu = 00:00:04 ; elapsed = 00:00:03 . Memory (MB): peak = 3203.445 ; gain = 0.000 ; free physical = 14838 ; free virtual = 51836

Phase 6 Post Hold Fix

Phase 6.1 Hold Fix Iter

Phase 6.1.1 Update Timing
Phase 6.1.1 Update Timing | Checksum: 1f59adee8

Time (s): cpu = 00:00:04 ; elapsed = 00:00:03 . Memory (MB): peak = 3203.445 ; gain = 0.000 ; free physical = 14838 ; free virtual = 51835
INFO: [Route 35-416] Intermediate Timing Summary | WNS=12.001 | TNS=0.000  | WHS=0.025  | THS=0.000  |

Phase 6.1 Hold Fix Iter | Checksum: 1800c6bd3

Time (s): cpu = 00:00:04 ; elapsed = 00:00:03 . Memory (MB): peak = 3203.445 ; gain = 0.000 ; free physical = 14838 ; free virtual = 51835
Phase 6 Post Hold Fix | Checksum: 1800c6bd3

Time (s): cpu = 00:00:04 ; elapsed = 00:00:03 . Memory (MB): peak = 3203.445 ; gain = 0.000 ; free physical = 14838 ; free virtual = 51835

Phase 7 Route finalize

Router Utilization Summary
  Global Vertical Routing Utilization    = 0.401323 %
  Global Horizontal Routing Utilization  = 0.618336 %
  Routable Net Status*
  *Does not include unroutable nets such as driverless and loadless.
  Run report_route_status for detailed report.
  Number of Failed Nets               = 0
    (Failed Nets is the sum of unrouted and partially routed nets)
  Number of Unrouted Nets             = 0
  Number of Partially Routed Nets     = 0
  Number of Node Overlaps             = 0

Phase 7 Route finalize | Checksum: 1e0a676bc

Time (s): cpu = 00:00:04 ; elapsed = 00:00:03 . Memory (MB): peak = 3203.445 ; gain = 0.000 ; free physical = 14838 ; free virtual = 51836

Phase 8 Verifying routed nets

 Verification completed successfully
Phase 8 Verifying routed nets | Checksum: 1e0a676bc

Time (s): cpu = 00:00:04 ; elapsed = 00:00:03 . Memory (MB): peak = 3203.445 ; gain = 0.000 ; free physical = 14836 ; free virtual = 51834

Phase 9 Depositing Routes
Phase 9 Depositing Routes | Checksum: 1f77291f2

Time (s): cpu = 00:00:05 ; elapsed = 00:00:03 . Memory (MB): peak = 3203.445 ; gain = 0.000 ; free physical = 14836 ; free virtual = 51834

Phase 10 Post Router Timing
INFO: [Route 35-57] Estimated Timing Summary | WNS=12.001 | TNS=0.000  | WHS=0.025  | THS=0.000  |

INFO: [Route 35-327] The final timing numbers are based on the router estimated timing analysis. For a complete and accurate timing signoff, please run report_timing_summary.
Phase 10 Post Router Timing | Checksum: 1f77291f2

Time (s): cpu = 00:00:05 ; elapsed = 00:00:03 . Memory (MB): peak = 3203.445 ; gain = 0.000 ; free physical = 14837 ; free virtual = 51834
INFO: [Route 35-16] Router Completed Successfully

Time (s): cpu = 00:00:05 ; elapsed = 00:00:03 . Memory (MB): peak = 3203.445 ; gain = 0.000 ; free physical = 14870 ; free virtual = 51867

Routing Is Done.
INFO: [Common 17-83] Releasing license: Implementation
92 Infos, 20 Warnings, 20 Critical Warnings and 0 Errors encountered.
route_design completed successfully
INFO: [Timing 38-480] Writing timing data to binary archive.
Writing placer database...
Writing XDEF routing.
Writing XDEF routing logical nets.
Writing XDEF routing special nets.
Write XDEF Complete: Time (s): cpu = 00:00:00.25 ; elapsed = 00:00:00.07 . Memory (MB): peak = 3203.445 ; gain = 0.000 ; free physical = 14859 ; free virtual = 51860
INFO: [Common 17-1381] The checkpoint '/mnt/isaac_sbay0/lbo-ws/Projects/DVR-008-002/Base_Design_Project/Reference_design_project_2020.2/SoCora/SoCora.runs/impl_1/design_1_wrapper_routed.dcp' has been generated.
INFO: [runtcl-4] Executing : report_drc -file design_1_wrapper_drc_routed.rpt -pb design_1_wrapper_drc_routed.pb -rpx design_1_wrapper_drc_routed.rpx
Command: report_drc -file design_1_wrapper_drc_routed.rpt -pb design_1_wrapper_drc_routed.pb -rpx design_1_wrapper_drc_routed.rpx
INFO: [IP_Flow 19-1839] IP Catalog is up to date.
INFO: [DRC 23-27] Running DRC with 8 threads
INFO: [Coretcl 2-168] The results of DRC are in file /mnt/isaac_sbay0/lbo-ws/Projects/DVR-008-002/Base_Design_Project/Reference_design_project_2020.2/SoCora/SoCora.runs/impl_1/design_1_wrapper_drc_routed.rpt.
report_drc completed successfully
INFO: [runtcl-4] Executing : report_methodology -file design_1_wrapper_methodology_drc_routed.rpt -pb design_1_wrapper_methodology_drc_routed.pb -rpx design_1_wrapper_methodology_drc_routed.rpx
Command: report_methodology -file design_1_wrapper_methodology_drc_routed.rpt -pb design_1_wrapper_methodology_drc_routed.pb -rpx design_1_wrapper_methodology_drc_routed.rpx
INFO: [Timing 38-35] Done setting XDC timing constraints.
INFO: [DRC 23-133] Running Methodology with 8 threads
INFO: [Coretcl 2-1520] The results of Report Methodology are in file /mnt/isaac_sbay0/lbo-ws/Projects/DVR-008-002/Base_Design_Project/Reference_design_project_2020.2/SoCora/SoCora.runs/impl_1/design_1_wrapper_methodology_drc_routed.rpt.
report_methodology completed successfully
INFO: [runtcl-4] Executing : report_power -file design_1_wrapper_power_routed.rpt -pb design_1_wrapper_power_summary_routed.pb -rpx design_1_wrapper_power_routed.rpx
Command: report_power -file design_1_wrapper_power_routed.rpt -pb design_1_wrapper_power_summary_routed.pb -rpx design_1_wrapper_power_routed.rpx
INFO: [Timing 38-35] Done setting XDC timing constraints.
Running Vector-less Activity Propagation...

Finished Running Vector-less Activity Propagation
104 Infos, 20 Warnings, 20 Critical Warnings and 0 Errors encountered.
report_power completed successfully
INFO: [runtcl-4] Executing : report_route_status -file design_1_wrapper_route_status.rpt -pb design_1_wrapper_route_status.pb
INFO: [runtcl-4] Executing : report_timing_summary -max_paths 10 -file design_1_wrapper_timing_summary_routed.rpt -pb design_1_wrapper_timing_summary_routed.pb -rpx design_1_wrapper_timing_summary_routed.rpx -warn_on_violation 
INFO: [Timing 38-91] UpdateTimingParams: Speed grade: -1, Delay Type: min_max.
INFO: [Timing 38-191] Multithreading enabled for timing update using a maximum of 8 CPUs
INFO: [runtcl-4] Executing : report_incremental_reuse -file design_1_wrapper_incremental_reuse_routed.rpt
INFO: [Vivado_Tcl 4-1062] Incremental flow is disabled. No incremental reuse Info to report.
INFO: [runtcl-4] Executing : report_clock_utilization -file design_1_wrapper_clock_utilization_routed.rpt
INFO: [runtcl-4] Executing : report_bus_skew -warn_on_violation -file design_1_wrapper_bus_skew_routed.rpt -pb design_1_wrapper_bus_skew_routed.pb -rpx design_1_wrapper_bus_skew_routed.rpx
INFO: [Timing 38-91] UpdateTimingParams: Speed grade: -1, Delay Type: min_max.
INFO: [Timing 38-191] Multithreading enabled for timing update using a maximum of 8 CPUs
Command: write_bitstream -force design_1_wrapper.bit
Attempting to get a license for feature 'Implementation' and/or device 'xc7z010'
INFO: [Common 17-349] Got license for feature 'Implementation' and/or device 'xc7z010'
Running DRC as a precondition to command write_bitstream
INFO: [IP_Flow 19-1839] IP Catalog is up to date.
INFO: [DRC 23-27] Running DRC with 8 threads
INFO: [Vivado 12-3199] DRC finished with 0 Errors
INFO: [Vivado 12-3200] Please refer to the DRC report (report_drc) for more information.
INFO: [Designutils 20-2272] Running write_bitstream with 8 threads.
Loading data files...
Loading site data...
Loading route data...
Processing options...
Creating bitmap...
Creating bitstream...
Writing bitstream ./design_1_wrapper.bit...
INFO: [Vivado 12-1842] Bitgen Completed Successfully.
INFO: [Project 1-120] WebTalk data collection is mandatory when using a WebPACK part without a full Vivado license. To see the specific WebTalk data collected for your design, open the usage_statistics_webtalk.html or usage_statistics_webtalk.xml file in the implementation directory.
INFO: [Common 17-83] Releasing license: Implementation
12 Infos, 0 Warnings, 0 Critical Warnings and 0 Errors encountered.
write_bitstream completed successfully
write_bitstream: Time (s): cpu = 00:00:04 ; elapsed = 00:00:07 . Memory (MB): peak = 3522.984 ; gain = 215.316 ; free physical = 14823 ; free virtual = 51831
INFO: [Common 17-206] Exiting Vivado at Tue Sep  1 14:29:12 2026...
