Copyright 1986-2020 Xilinx, Inc. All Rights Reserved.
------------------------------------------------------------------------------------
| Tool Version : Vivado v.2020.2 (lin64) Build 3064766 Wed Nov 18 09:12:47 MST 2020
| Date         : Thu Sep  3 14:31:14 2026
| Host         : glen-HP-ZBook-15u-G3 running 64-bit Ubuntu 24.04.4 LTS
| Command      : upgrade_ip
| Device       : xc7z007sclg400-1
------------------------------------------------------------------------------------

Upgrade Log for IP 'design_1_TPG_0_0'

1. Summary
----------

SUCCESS in the upgrade of design_1_TPG_0_0 (user.org:user:TPG:1.0) from (Rev. 5) to (Rev. 2)






Copyright 1986-2020 Xilinx, Inc. All Rights Reserved.
------------------------------------------------------------------------------------
| Tool Version : Vivado v.2020.2 (lin64) Build 3064766 Wed Nov 18 09:12:47 MST 2020
| Date         : Thu Sep  3 14:31:13 2026
| Host         : glen-HP-ZBook-15u-G3 running 64-bit Ubuntu 24.04.4 LTS
| Command      : upgrade_ip
| Device       : xc7z007sclg400-1
------------------------------------------------------------------------------------

Upgrade Log for IP 'design_1_ControleurVGA_0_0'

1. Summary
----------

SUCCESS in the upgrade of design_1_ControleurVGA_0_0 (user.org:user:ControleurVGA:1.0) from (Rev. 5) to (Rev. 2)






Copyright 1986-2020 Xilinx, Inc. All Rights Reserved.
------------------------------------------------------------------------------------
| Tool Version : Vivado v.2020.2 (lin64) Build 3064766 Wed Nov 18 09:12:47 MST 2020
| Date         : Thu Sep  3 14:06:58 2026
| Host         : glen-HP-ZBook-15u-G3 running 64-bit Ubuntu 24.04.4 LTS
| Command      : upgrade_ip
| Device       : xc7z007sclg400-1
------------------------------------------------------------------------------------

Upgrade Log for IP 'design_1_TPG_0_0'

1. Summary
----------

SUCCESS in the upgrade of design_1_TPG_0_0 (user.org:user:TPG:1.0) from (Rev. 4) to (Rev. 5)






Copyright 1986-2020 Xilinx, Inc. All Rights Reserved.
------------------------------------------------------------------------------------
| Tool Version : Vivado v.2020.2 (lin64) Build 3064766 Wed Nov 18 09:12:47 MST 2020
| Date         : Thu Sep  3 14:06:58 2026
| Host         : glen-HP-ZBook-15u-G3 running 64-bit Ubuntu 24.04.4 LTS
| Command      : upgrade_ip
| Device       : xc7z007sclg400-1
------------------------------------------------------------------------------------

Upgrade Log for IP 'design_1_ControleurVGA_0_0'

1. Summary
----------

SUCCESS in the upgrade of design_1_ControleurVGA_0_0 (user.org:user:ControleurVGA:1.0) from (Rev. 4) to (Rev. 5)






Copyright 1986-2020 Xilinx, Inc. All Rights Reserved.
------------------------------------------------------------------------------------
| Tool Version : Vivado v.2020.2 (lin64) Build 3064766 Wed Nov 18 09:12:47 MST 2020
| Date         : Thu Sep  3 12:40:39 2026
| Host         : glen-HP-ZBook-15u-G3 running 64-bit Ubuntu 24.04.4 LTS
| Command      : upgrade_ip
| Device       : xc7z007sclg400-1
------------------------------------------------------------------------------------

Upgrade Log for IP 'design_1_TPG_0_0'

1. Summary
----------

SUCCESS in the upgrade of design_1_TPG_0_0 (user.org:user:TPG:1.0) from (Rev. 3) to (Rev. 4)

